2023-02-02 12:33:57.283 Db SwiperFlatListExample[39825:274a36] [com.apple.defaults:User Defaults] looked up value 1 for key RCTI18nUtil_makeRTLFlipLeftAndRightStyles in CFPrefsPlistSource<0x600000eb4780> (Domain: org.reactjs.native.example.SwiperFlatListExample, User: kCFPreferencesCurrentUser, ByHost: No, Container: (null), Contents Need Refresh: No) via CFPrefsSearchListSource<0x600000eac080> (Domain: org.reactjs.native.example.SwiperFlatListExample, Container: (null))
2023-02-02 12:33:57.283 Db SwiperFlatListExample[39825:274a36] [com.apple.defaults:User Defaults] looked up value 1 for key RCTI18nUtil_makeRTLFlipLeftAndRightStyles in CFPrefsPlistSource<0x600000eb4780> (Domain: org.reactjs.native.example.SwiperFlatListExample, User: kCFPreferencesCurrentUser, ByHost: No, Container: (null), Contents Need Refresh: No) via CFPrefsSearchListSource<0x600000eac080> (Domain: org.reactjs.native.example.SwiperFlatListExample, Container: (null))
2023-02-02 12:33:57.283 Db SwiperFlatListExample[39825:274f72] [com.apple.network:activity] Domain cfnetwork rate configured in registry as 1 / 20000
2023-02-02 12:33:57.283 Db SwiperFlatListExample[39825:274a36] [com.apple.defaults:User Defaults] looked up value 1 for key RCTI18nUtil_makeRTLFlipLeftAndRightStyles in CFPrefsPlistSource<0x600000eb4780> (Domain: org.reactjs.native.example.SwiperFlatListExample, User: kCFPreferencesCurrentUser, ByHost: No, Container: (null), Contents Need Refresh: No) via CFPrefsSearchListSource<0x600000eac080> (Domain: org.reactjs.native.example.SwiperFlatListExample, Container: (null))
2023-02-02 12:33:57.283 Db SwiperFlatListExample[39825:274f72] [com.apple.network:activity] Domain cfnetwork rate configured after remote default override as 1 / 20000
2023-02-02 12:33:57.283 Db SwiperFlatListExample[39825:274f72] [com.apple.network:activity] After reading settings plist, domain cfnetwork rate configured as 1 / 2000000
2023-02-02 12:33:57.283 Db SwiperFlatListExample[39825:275162] [com.apple.CFNetwork:ATS] Uploading ATS exception ATSAllowsLocalNetworking
2023-02-02 12:33:57.283 Db SwiperFlatListExample[39825:274f72] [com.apple.network:activity] After settings override, domain cfnetwork rate configured as 1 / 2000000
2023-02-02 12:33:57.283 Db SwiperFlatListExample[39825:274a36] [com.apple.defaults:User Defaults] looked up value 1 for key RCTI18nUtil_makeRTLFlipLeftAndRightStyles in CFPrefsPlistSource<0x600000eb4780> (Domain: org.reactjs.native.example.SwiperFlatListExample, User: kCFPreferencesCurrentUser, ByHost: No, Container: (null), Contents Need Refresh: No) via CFPrefsSearchListSource<0x600000eac080> (Domain: org.reactjs.native.example.SwiperFlatListExample, Container: (null))
2023-02-02 12:33:57.283 A  SwiperFlatListExample[39825:275160] (Security) SecTrustReportNetworkingAnalytics
2023-02-02 12:33:57.283 Db SwiperFlatListExample[39825:274f72] [com.apple.network:activity] Final domain cfnetwork rate configured as 1 / 2000000
2023-02-02 12:33:57.283 Db SwiperFlatListExample[39825:274a36] [com.apple.defaults:User Defaults] looked up value 1 for key RCTI18nUtil_makeRTLFlipLeftAndRightStyles in CFPrefsPlistSource<0x600000eb4780> (Domain: org.reactjs.native.example.SwiperFlatListExample, User: kCFPreferencesCurrentUser, ByHost: No, Container: (null), Contents Need Refresh: No) via CFPrefsSearchListSource<0x600000eac080> (Domain: org.reactjs.native.example.SwiperFlatListExample, Container: (null))
2023-02-02 12:33:57.283 Df SwiperFlatListExample[39825:275162] (CFNetwork) Task <AA88EBAB-99B7-4BF8-BEED-900D28A0F8D4>.<2> now using Connection 51
2023-02-02 12:33:57.283 Db SwiperFlatListExample[39825:274a36] [com.apple.defaults:User Defaults] looked up value 1 for key RCTI18nUtil_makeRTLFlipLeftAndRightStyles in CFPrefsPlistSource<0x600000eb4780> (Domain: org.reactjs.native.example.SwiperFlatListExample, User: kCFPreferencesCurrentUser, ByHost: No, Container: (null), Contents Need Refresh: No) via CFPrefsSearchListSource<0x600000eac080> (Domain: org.reactjs.native.example.SwiperFlatListExample, Container: (null))
2023-02-02 12:33:57.283 Db SwiperFlatListExample[39825:274f72] [com.apple.network:activity] <nw_activity 12:2[No UUID] (reporting strategy default)> sampled at 1 / 2000000
2023-02-02 12:33:57.283 Db SwiperFlatListExample[39825:274a36] [com.apple.defaults:User Defaults] looked up value 1 for key RCTI18nUtil_makeRTLFlipLeftAndRightStyles in CFPrefsPlistSource<0x600000eb4780> (Domain: org.reactjs.native.example.SwiperFlatListExample, User: kCFPreferencesCurrentUser, ByHost: No, Container: (null), Contents Need Refresh: No) via CFPrefsSearchListSource<0x600000eac080> (Domain: org.reactjs.native.example.SwiperFlatListExample, Container: (null))
2023-02-02 12:33:57.283 Db SwiperFlatListExample[39825:274a36] [com.apple.defaults:User Defaults] looked up value 1 for key RCTI18nUtil_makeRTLFlipLeftAndRightStyles in CFPrefsPlistSource<0x600000eb4780> (Domain: org.reactjs.native.example.SwiperFlatListExample, User: kCFPreferencesCurrentUser, ByHost: No, Container: (null), Contents Need Refresh: No) via CFPrefsSearchListSource<0x600000eac080> (Domain: org.reactjs.native.example.SwiperFlatListExample, Container: (null))
2023-02-02 12:33:57.283 Db SwiperFlatListExample[39825:275162] [com.apple.network:activity] Returning should log: 0 for activity cfnetwork:foreground_task
2023-02-02 12:33:57.283 Db SwiperFlatListExample[39825:274a36] [com.apple.defaults:User Defaults] looked up value 1 for key RCTI18nUtil_makeRTLFlipLeftAndRightStyles in CFPrefsPlistSource<0x600000eb4780> (Domain: org.reactjs.native.example.SwiperFlatListExample, User: kCFPreferencesCurrentUser, ByHost: No, Container: (null), Contents Need Refresh: No) via CFPrefsSearchListSource<0x600000eac080> (Domain: org.reactjs.native.example.SwiperFlatListExample, Container: (null))
2023-02-02 12:33:57.283 Db SwiperFlatListExample[39825:274a36] [com.apple.defaults:User Defaults] looked up value 1 for key RCTI18nUtil_makeRTLFlipLeftAndRightStyles in CFPrefsPlistSource<0x600000eb4780> (Domain: org.reactjs.native.example.SwiperFlatListExample, User: kCFPreferencesCurrentUser, ByHost: No, Container: (null), Contents Need Refresh: No) via CFPrefsSearchListSource<0x600000eac080> (Domain: org.reactjs.native.example.SwiperFlatListExample, Container: (null))
2023-02-02 12:33:57.283 Db SwiperFlatListExample[39825:274f72] [com.apple.network:activity] Returning should log: 0 for activity cfnetwork:foreground_task
2023-02-02 12:33:57.283 Db SwiperFlatListExample[39825:274a36] [com.apple.defaults:User Defaults] looked up value 1 for key RCTI18nUtil_makeRTLFlipLeftAndRightStyles in CFPrefsPlistSource<0x600000eb4780> (Domain: org.reactjs.native.example.SwiperFlatListExample, User: kCFPreferencesCurrentUser, ByHost: No, Container: (null), Contents Need Refresh: No) via CFPrefsSearchListSource<0x600000eac080> (Domain: org.reactjs.native.example.SwiperFlatListExample, Container: (null))
2023-02-02 12:33:57.283 Db SwiperFlatListExample[39825:275162] (CFNetwork) Connection 51: set is idle false
2023-02-02 12:33:57.283 Db SwiperFlatListExample[39825:274a36] [com.apple.defaults:User Defaults] looked up value 1 for key RCTI18nUtil_makeRTLFlipLeftAndRightStyles in CFPrefsPlistSource<0x600000eb4780> (Domain: org.reactjs.native.example.SwiperFlatListExample, User: kCFPreferencesCurrentUser, ByHost: No, Container: (null), Contents Need Refresh: No) via CFPrefsSearchListSource<0x600000eac080> (Domain: org.reactjs.native.example.SwiperFlatListExample, Container: (null))
2023-02-02 12:33:57.283 Df SwiperFlatListExample[39825:274f72] (CFNetwork) [Telemetry]: Activity <nw_activity 12:2[560DC063-CD72-4145-9BA8-AB189234B56D] (reporting strategy default)> on Task <5A9DFDD6-B86E-498B-A01F-C997F42C63D6>.<3> was not selected for reporting
2023-02-02 12:33:57.283 Df SwiperFlatListExample[39825:275162] [com.apple.network:connection] [C51] event: client:connection_reused @0.080s
2023-02-02 12:33:57.283 I  SwiperFlatListExample[39825:275162] [com.apple.network:connection] nw_endpoint_handler_report_connection_idle [C51 ::1.8081 ready parent-flow (satisfied (Path is satisfied), viable, interface: en0[802.11])] Reporting connection not idle to protocols
2023-02-02 12:33:57.283 I  SwiperFlatListExample[39825:275162] [com.apple.network:connection] nw_flow_passthrough_notify [C51.1.1 ::1.8081 ready socket-flow (satisfied (Path is satisfied), interface: lo0)] received notification connection_idle
2023-02-02 12:33:57.283 Df SwiperFlatListExample[39825:275160] [com.apple.securityd:SecError] SecTrustReportNetworkingAnalytics failed with error: -4
2023-02-02 12:33:57.283 Db SwiperFlatListExample[39825:274a36] [com.apple.defaults:User Defaults] looked up value 1 for key RCTI18nUtil_makeRTLFlipLeftAndRightStyles in CFPrefsPlistSource<0x600000eb4780> (Domain: org.reactjs.native.example.SwiperFlatListExample, User: kCFPreferencesCurrentUser, ByHost: No, Container: (null), Contents Need Refresh: No) via CFPrefsSearchListSource<0x600000eac080> (Domain: org.reactjs.native.example.SwiperFlatListExample, Container: (null))
2023-02-02 12:33:57.283 Db SwiperFlatListExample[39825:274a36] [com.apple.defaults:User Defaults] looked up value 1 for key RCTI18nUtil_makeRTLFlipLeftAndRightStyles in CFPrefsPlistSource<0x600000eb4780> (Domain: org.reactjs.native.example.SwiperFlatListExample, User: kCFPreferencesCurrentUser, ByHost: No, Container: (null), Contents Need Refresh: No) via CFPrefsSearchListSource<0x600000eac080> (Domain: org.reactjs.native.example.SwiperFlatListExample, Container: (null))
2023-02-02 12:33:57.283 Db SwiperFlatListExample[39825:274a36] [com.apple.defaults:User Defaults] looked up value 1 for key RCTI18nUtil_makeRTLFlipLeftAndRightStyles in CFPrefsPlistSource<0x600000eb4780> (Domain: org.reactjs.native.example.SwiperFlatListExample, User: kCFPreferencesCurrentUser, ByHost: No, Container: (null), Contents Need Refresh: No) via CFPrefsSearchListSource<0x600000eac080> (Domain: org.reactjs.native.example.SwiperFlatListExample, Container: (null))
2023-02-02 12:33:57.284 Db SwiperFlatListExample[39825:274a36] [com.apple.defaults:User Defaults] looked up value 1 for key RCTI18nUtil_makeRTLFlipLeftAndRightStyles in CFPrefsPlistSource<0x600000eb4780> (Domain: org.reactjs.native.example.SwiperFlatListExample, User: kCFPreferencesCurrentUser, ByHost: No, Container: (null), Contents Need Refresh: No) via CFPrefsSearchListSource<0x600000eac080> (Domain: org.reactjs.native.example.SwiperFlatListExample, Container: (null))
2023-02-02 12:33:57.284 Db SwiperFlatListExample[39825:274a36] [com.apple.defaults:User Defaults] looked up value 1 for key RCTI18nUtil_makeRTLFlipLeftAndRightStyles in CFPrefsPlistSource<0x600000eb4780> (Domain: org.reactjs.native.example.SwiperFlatListExample, User: kCFPreferencesCurrentUser, ByHost: No, Container: (null), Contents Need Refresh: No) via CFPrefsSearchListSource<0x600000eac080> (Domain: org.reactjs.native.example.SwiperFlatListExample, Container: (null))
2023-02-02 12:33:57.284 Db SwiperFlatListExample[39825:274a36] [com.apple.defaults:User Defaults] looked up value 1 for key RCTI18nUtil_makeRTLFlipLeftAndRightStyles in CFPrefsPlistSource<0x600000eb4780> (Domain: org.reactjs.native.example.SwiperFlatListExample, User: kCFPreferencesCurrentUser, ByHost: No, Container: (null), Contents Need Refresh: No) via CFPrefsSearchListSource<0x600000eac080> (Domain: org.reactjs.native.example.SwiperFlatListExample, Container: (null))
2023-02-02 12:33:57.284 Db SwiperFlatListExample[39825:274a36] [com.apple.defaults:User Defaults] looked up value 1 for key RCTI18nUtil_makeRTLFlipLeftAndRightStyles in CFPrefsPlistSource<0x600000eb4780> (Domain: org.reactjs.native.example.SwiperFlatListExample, User: kCFPreferencesCurrentUser, ByHost: No, Container: (null), Contents Need Refresh: No) via CFPrefsSearchListSource<0x600000eac080> (Domain: org.reactjs.native.example.SwiperFlatListExample, Container: (null))
2023-02-02 12:33:57.283 Df SwiperFlatListExample[39825:274f72] (CFNetwork) Task <CE74FBE9-5DCA-4DEF-B4D8-1A9E93BCE979>.<4> resuming, timeouts(60.0, 604800.0) QOS(0x19) Voucher (null)
2023-02-02 12:33:57.284 Db SwiperFlatListExample[39825:274a36] [com.apple.defaults:User Defaults] looked up value 1 for key RCTI18nUtil_makeRTLFlipLeftAndRightStyles in CFPrefsPlistSource<0x600000eb4780> (Domain: org.reactjs.native.example.SwiperFlatListExample, User: kCFPreferencesCurrentUser, ByHost: No, Container: (null), Contents Need Refresh: No) via CFPrefsSearchListSource<0x600000eac080> (Domain: org.reactjs.native.example.SwiperFlatListExample, Container: (null))
2023-02-02 12:33:57.283 Db SwiperFlatListExample[39825:275162] [com.apple.network:connection] nw_endpoint_handler_add_write_request [C51 ::1.8081 ready parent-flow (satisfied (Path is satisfied), viable, interface: en0[802.11])] connected_child_handles_requests 0
2023-02-02 12:33:57.284 Db SwiperFlatListExample[39825:274a36] [com.apple.defaults:User Defaults] looked up value 1 for key RCTI18nUtil_makeRTLFlipLeftAndRightStyles in CFPrefsPlistSource<0x600000eb4780> (Domain: org.reactjs.native.example.SwiperFlatListExample, User: kCFPreferencesCurrentUser, ByHost: No, Container: (null), Contents Need Refresh: No) via CFPrefsSearchListSource<0x600000eac080> (Domain: org.reactjs.native.example.SwiperFlatListExample, Container: (null))
2023-02-02 12:33:57.284 Db SwiperFlatListExample[39825:274f72] [com.apple.network:activity] Returning should log: 0 for activity cfnetwork:foreground_task
2023-02-02 12:33:57.284 Db SwiperFlatListExample[39825:274f72] [com.apple.network:activity] Domain cfnetwork rate configured in registry as 1 / 20000
2023-02-02 12:33:57.284 Db SwiperFlatListExample[39825:275162] [com.apple.CFNetwork:ATS] Uploading ATS exception ATSAllowsLocalNetworking
2023-02-02 12:33:57.284 Db SwiperFlatListExample[39825:274f72] [com.apple.network:activity] Domain cfnetwork rate configured after remote default override as 1 / 20000
2023-02-02 12:33:57.284 A  SwiperFlatListExample[39825:275160] (Security) SecTrustReportNetworkingAnalytics
2023-02-02 12:33:57.284 Db SwiperFlatListExample[39825:274f72] [com.apple.network:activity] After reading settings plist, domain cfnetwork rate configured as 1 / 2000000
2023-02-02 12:33:57.284 Db SwiperFlatListExample[39825:274a36] [com.apple.defaults:User Defaults] looked up value 1 for key RCTI18nUtil_makeRTLFlipLeftAndRightStyles in CFPrefsPlistSource<0x600000eb4780> (Domain: org.reactjs.native.example.SwiperFlatListExample, User: kCFPreferencesCurrentUser, ByHost: No, Container: (null), Contents Need Refresh: No) via CFPrefsSearchListSource<0x600000eac080> (Domain: org.reactjs.native.example.SwiperFlatListExample, Container: (null))
2023-02-02 12:33:57.284 Db SwiperFlatListExample[39825:274a36] [com.apple.defaults:User Defaults] looked up value 1 for key RCTI18nUtil_makeRTLFlipLeftAndRightStyles in CFPrefsPlistSource<0x600000eb4780> (Domain: org.reactjs.native.example.SwiperFlatListExample, User: kCFPreferencesCurrentUser, ByHost: No, Container: (null), Contents Need Refresh: No) via CFPrefsSearchListSource<0x600000eac080> (Domain: org.reactjs.native.example.SwiperFlatListExample, Container: (null))
2023-02-02 12:33:57.284 Db SwiperFlatListExample[39825:274a36] [com.apple.defaults:User Defaults] looked up value 1 for key RCTI18nUtil_makeRTLFlipLeftAndRightStyles in CFPrefsPlistSource<0x600000eb4780> (Domain: org.reactjs.native.example.SwiperFlatListExample, User: kCFPreferencesCurrentUser, ByHost: No, Container: (null), Contents Need Refresh: No) via CFPrefsSearchListSource<0x600000eac080> (Domain: org.reactjs.native.example.SwiperFlatListExample, Container: (null))
2023-02-02 12:33:57.284 Db SwiperFlatListExample[39825:274a36] [com.apple.defaults:User Defaults] looked up value 1 for key RCTI18nUtil_makeRTLFlipLeftAndRightStyles in CFPrefsPlistSource<0x600000eb4780> (Domain: org.reactjs.native.example.SwiperFlatListExample, User: kCFPreferencesCurrentUser, ByHost: No, Container: (null), Contents Need Refresh: No) via CFPrefsSearchListSource<0x600000eac080> (Domain: org.reactjs.native.example.SwiperFlatListExample, Container: (null))
2023-02-02 12:33:57.284 Db SwiperFlatListExample[39825:274a36] [com.apple.defaults:User Defaults] looked up value 1 for key RCTI18nUtil_makeRTLFlipLeftAndRightStyles in CFPrefsPlistSource<0x600000eb4780> (Domain: org.reactjs.native.example.SwiperFlatListExample, User: kCFPreferencesCurrentUser, ByHost: No, Container: (null), Contents Need Refresh: No) via CFPrefsSearchListSource<0x600000eac080> (Domain: org.reactjs.native.example.SwiperFlatListExample, Container: (null))
2023-02-02 12:33:57.284 Db SwiperFlatListExample[39825:274a36] [com.apple.defaults:User Defaults] looked up value 1 for key RCTI18nUtil_makeRTLFlipLeftAndRightStyles in CFPrefsPlistSource<0x600000eb4780> (Domain: org.reactjs.native.example.SwiperFlatListExample, User: kCFPreferencesCurrentUser, ByHost: No, Container: (null), Contents Need Refresh: No) via CFPrefsSearchListSource<0x600000eac080> (Domain: org.reactjs.native.example.SwiperFlatListExample, Container: (null))
2023-02-02 12:33:57.284 Db SwiperFlatListExample[39825:274f72] [com.apple.network:activity] After settings override, domain cfnetwork rate configured as 1 / 2000000
2023-02-02 12:33:57.284 Db SwiperFlatListExample[39825:274a36] [com.apple.defaults:User Defaults] looked up value 1 for key RCTI18nUtil_makeRTLFlipLeftAndRightStyles in CFPrefsPlistSource<0x600000eb4780> (Domain: org.reactjs.native.example.SwiperFlatListExample, User: kCFPreferencesCurrentUser, ByHost: No, Container: (null), Contents Need Refresh: No) via CFPrefsSearchListSource<0x600000eac080> (Domain: org.reactjs.native.example.SwiperFlatListExample, Container: (null))
2023-02-02 12:33:57.284 Db SwiperFlatListExample[39825:274a36] [com.apple.defaults:User Defaults] looked up value 1 for key RCTI18nUtil_makeRTLFlipLeftAndRightStyles in CFPrefsPlistSource<0x600000eb4780> (Domain: org.reactjs.native.example.SwiperFlatListExample, User: kCFPreferencesCurrentUser, ByHost: No, Container: (null), Contents Need Refresh: No) via CFPrefsSearchListSource<0x600000eac080> (Domain: org.reactjs.native.example.SwiperFlatListExample, Container: (null))
2023-02-02 12:33:57.284 Db SwiperFlatListExample[39825:274f72] [com.apple.network:activity] Final domain cfnetwork rate configured as 1 / 2000000
2023-02-02 12:33:57.284 Db SwiperFlatListExample[39825:274a36] [com.apple.defaults:User Defaults] looked up value 1 for key RCTI18nUtil_makeRTLFlipLeftAndRightStyles in CFPrefsPlistSource<0x600000eb4780> (Domain: org.reactjs.native.example.SwiperFlatListExample, User: kCFPreferencesCurrentUser, ByHost: No, Container: (null), Contents Need Refresh: No) via CFPrefsSearchListSource<0x600000eac080> (Domain: org.reactjs.native.example.SwiperFlatListExample, Container: (null))
2023-02-02 12:33:57.284 Df SwiperFlatListExample[39825:275160] [com.apple.securityd:SecError] SecTrustReportNetworkingAnalytics failed with error: -4
2023-02-02 12:33:57.284 Db SwiperFlatListExample[39825:274f72] [com.apple.network:activity] <nw_activity 12:2[No UUID] (reporting strategy default)> sampled at 1 / 2000000
2023-02-02 12:33:57.284 Df SwiperFlatListExample[39825:275162] (CFNetwork) Task <AA88EBAB-99B7-4BF8-BEED-900D28A0F8D4>.<2> sent request, body N 0
2023-02-02 12:33:57.284 Db SwiperFlatListExample[39825:274a36] [com.apple.defaults:User Defaults] looked up value 1 for key RCTI18nUtil_makeRTLFlipLeftAndRightStyles in CFPrefsPlistSource<0x600000eb4780> (Domain: org.reactjs.native.example.SwiperFlatListExample, User: kCFPreferencesCurrentUser, ByHost: No, Container: (null), Contents Need Refresh: No) via CFPrefsSearchListSource<0x600000eac080> (Domain: org.reactjs.native.example.SwiperFlatListExample, Container: (null))
2023-02-02 12:33:57.284 Db SwiperFlatListExample[39825:274f72] [com.apple.network:activity] Returning should log: 0 for activity cfnetwork:foreground_task
2023-02-02 12:33:57.284 Db SwiperFlatListExample[39825:274a36] [com.apple.defaults:User Defaults] looked up value 1 for key RCTI18nUtil_makeRTLFlipLeftAndRightStyles in CFPrefsPlistSource<0x600000eb4780> (Domain: org.reactjs.native.example.SwiperFlatListExample, User: kCFPreferencesCurrentUser, ByHost: No, Container: (null), Contents Need Refresh: No) via CFPrefsSearchListSource<0x600000eac080> (Domain: org.reactjs.native.example.SwiperFlatListExample, Container: (null))
2023-02-02 12:33:57.284 I  SwiperFlatListExample[39825:275162] [com.apple.network:connection] nw_connection_create_with_id [C52] create connection to Hostname#99141057:8081
2023-02-02 12:33:57.284 Db SwiperFlatListExample[39825:274a36] [com.apple.defaults:User Defaults] looked up value 1 for key RCTI18nUtil_makeRTLFlipLeftAndRightStyles in CFPrefsPlistSource<0x600000eb4780> (Domain: org.reactjs.native.example.SwiperFlatListExample, User: kCFPreferencesCurrentUser, ByHost: No, Container: (null), Contents Need Refresh: No) via CFPrefsSearchListSource<0x600000eac080> (Domain: org.reactjs.native.example.SwiperFlatListExample, Container: (null))
2023-02-02 12:33:57.284 Df SwiperFlatListExample[39825:275162] (CFNetwork) Connection 52: starting, TC(0x0)
2023-02-02 12:33:57.284 Df SwiperFlatListExample[39825:274f72] (CFNetwork) [Telemetry]: Activity <nw_activity 12:2[CBDC7BF8-E4E0-4369-BCDE-4F386B3E497A] (reporting strategy default)> on Task <CE74FBE9-5DCA-4DEF-B4D8-1A9E93BCE979>.<4> was not selected for reporting
2023-02-02 12:33:57.285 Df SwiperFlatListExample[39825:275162] [com.apple.network:connection] [C52 713CF085-7722-43E3-9946-FA783D086B68 localhost:8081 tcp, url hash: 6717c0bd, definite, attribution: developer, context: com.apple.CFNetwork.NSURLSession.{BDA6013D-5581-4159-B3F8-C902CD9C7F5B}{(null)}{Y}{2} (private), proc: 4B2D3039-C28E-3D3C-81E9-082DF9778677] start
2023-02-02 12:33:57.285 Df SwiperFlatListExample[39825:274f72] (CFNetwork) Task <79FD15CC-274B-4071-8BC1-2F756F4C681B>.<5> resuming, timeouts(60.0, 604800.0) QOS(0x19) Voucher (null)
2023-02-02 12:33:57.285 Db SwiperFlatListExample[39825:274f72] [com.apple.network:activity] Returning should log: 0 for activity cfnetwork:foreground_task
2023-02-02 12:33:57.285 Db SwiperFlatListExample[39825:274f72] [com.apple.network:activity] Domain cfnetwork rate configured in registry as 1 / 20000
2023-02-02 12:33:57.285 I  SwiperFlatListExample[39825:275162] [com.apple.network:connection] nw_endpoint_handler_start [C52 localhost:8081 initial parent-flow ((null))]
2023-02-02 12:33:57.285 Db SwiperFlatListExample[39825:274f72] [com.apple.network:activity] Domain cfnetwork rate configured after remote default override as 1 / 20000
2023-02-02 12:33:57.285 Df SwiperFlatListExample[39825:275162] [com.apple.network:connection] [C52 localhost:8081 initial parent-flow ((null))] event: path:start @0.000s
2023-02-02 12:33:57.285 Db SwiperFlatListExample[39825:274f72] [com.apple.network:activity] After reading settings plist, domain cfnetwork rate configured as 1 / 2000000
2023-02-02 12:33:57.285 Db SwiperFlatListExample[39825:275162] [com.apple.network:connection] nw_endpoint_handler_path_change [C52 localhost:8081 waiting parent-flow (satisfied (Path is satisfied), viable, interface: en0[802.11])]
2023-02-02 12:33:57.285 Db SwiperFlatListExample[39825:274f72] [com.apple.network:activity] After settings override, domain cfnetwork rate configured as 1 / 2000000
2023-02-02 12:33:57.285 Df SwiperFlatListExample[39825:275162] [com.apple.network:connection] [C52 localhost:8081 waiting parent-flow (satisfied (Path is satisfied), viable, interface: en0[802.11])] event: path:satisfied @0.000s, uuid: 2A1C5C0E-97B7-413B-89F5-03CD537BF5AC
2023-02-02 12:33:57.285 Db SwiperFlatListExample[39825:274f72] [com.apple.network:activity] Final domain cfnetwork rate configured as 1 / 2000000
2023-02-02 12:33:57.285 I  SwiperFlatListExample[39825:275162] [com.apple.network:connection] nw_connection_endpoint_report_on_nw_queue_block_invoke [C52 localhost:8081 waiting parent-flow (satisfied (Path is satisfied), viable, interface: en0[802.11])] skipping state update
2023-02-02 12:33:57.285 Db SwiperFlatListExample[39825:275162] [com.apple.network:] nw_endpoint_proxy_handler_should_use_proxy Looking up proxy for hostname: localhost, ifindex: 0
2023-02-02 12:33:57.285 Db SwiperFlatListExample[39825:274f72] [com.apple.network:activity] <nw_activity 12:2[No UUID] (reporting strategy default)> sampled at 1 / 2000000
2023-02-02 12:33:57.285 Db SwiperFlatListExample[39825:274f72] [com.apple.network:activity] Returning should log: 0 for activity cfnetwork:foreground_task
2023-02-02 12:33:57.285 Df SwiperFlatListExample[39825:274f72] (CFNetwork) [Telemetry]: Activity <nw_activity 12:2[B8B691A8-F261-4CD9-A7B8-1511D0D1926D] (reporting strategy default)> on Task <79FD15CC-274B-4071-8BC1-2F756F4C681B>.<5> was not selected for reporting
2023-02-02 12:33:57.285 Db SwiperFlatListExample[39825:275162] [com.apple.SystemConfiguration:SCPreferences] create <SCPreferences 0x142fdbce0 [0x1ba9afc60]> {name = SCDynamicStoreCopyProxiesWithOptions, id = /Library/Managed Preferences/mobile/com.apple.SystemConfiguration.plist, path = /Library/Managed Preferences/mobile/com.apple.SystemConfiguration.plist}
2023-02-02 12:33:57.286 Db SwiperFlatListExample[39825:275162] [com.apple.SystemConfiguration:SCPreferences] SCPreferences() access: /Library/Managed Preferences/mobile/com.apple.SystemConfiguration.plist, size=0
2023-02-02 12:33:57.286 Db SwiperFlatListExample[39825:275162] [com.apple.SystemConfiguration:SCPreferences] release <SCPreferences 0x142fdbce0 [0x1ba9afc60]> {name = SCDynamicStoreCopyProxiesWithOptions, id = /Library/Managed Preferences/mobile/com.apple.SystemConfiguration.plist, path = /Library/Managed Preferences/mobile/com.apple.SystemConfiguration.plist, accessed}
2023-02-02 12:33:57.286 Db SwiperFlatListExample[39825:275162] [com.apple.network:connection] nw_endpoint_flow_attach_protocols [C52 localhost:8081 in_progress parent-flow (satisfied (Path is satisfied), viable, interface: en0[802.11])]
2023-02-02 12:33:57.286 Db SwiperFlatListExample[39825:275162] [com.apple.network:connection] nw_endpoint_flow_attach_protocols [C52 localhost:8081 in_progress parent-flow (satisfied (Path is satisfied), viable, interface: en0[802.11])] stopping after adding persistent application protocols
2023-02-02 12:33:57.286 Df SwiperFlatListExample[39825:275162] [com.apple.network:connection] [C52 localhost:8081 in_progress parent-flow (satisfied (Path is satisfied), viable, interface: en0[802.11])] event: flow:start_child @0.001s
2023-02-02 12:33:57.286 Df SwiperFlatListExample[39825:275162] [com.apple.network:connection] nw_connection_report_state_with_handler_on_nw_queue [C52] reporting state preparing
2023-02-02 12:33:57.286 I  SwiperFlatListExample[39825:275162] [com.apple.network:connection] nw_endpoint_handler_start [C52.1 localhost:8081 initial path ((null))]
2023-02-02 12:33:57.286 Db SwiperFlatListExample[39825:275162] [com.apple.network:connection] nw_endpoint_flow_receive_report [C52 localhost:8081 in_progress parent-flow (satisfied (Path is satisfied), viable, interface: en0[802.11])] received child report: [C52.1 localhost:8081 initial path ((null))]
2023-02-02 12:33:57.286 Df SwiperFlatListExample[39825:275162] [com.apple.network:connection] [C52.1 localhost:8081 initial path ((null))] event: path:start @0.001s
2023-02-02 12:33:57.286 Db SwiperFlatListExample[39825:275162] [com.apple.network:connection] nw_endpoint_handler_path_change [C52.1 localhost:8081 waiting path (satisfied (Path is satisfied), viable, interface: en0[802.11])]
2023-02-02 12:33:57.286 Db SwiperFlatListExample[39825:275162] [com.apple.network:connection] nw_endpoint_flow_receive_report [C52 localhost:8081 in_progress parent-flow (satisfied (Path is satisfied), viable, interface: en0[802.11])] received child report: [C52.1 localhost:8081 waiting path (satisfied (Path is satisfied), viable, interface: en0[802.11])]
2023-02-02 12:33:57.286 Df SwiperFlatListExample[39825:275162] [com.apple.network:connection] [C52.1 localhost:8081 waiting path (satisfied (Path is satisfied), viable, interface: en0[802.11])] event: path:satisfied @0.001s, uuid: 2A1C5C0E-97B7-413B-89F5-03CD537BF5AC
2023-02-02 12:33:57.286 Db SwiperFlatListExample[39825:275162] [com.apple.network:] nw_endpoint_proxy_handler_should_use_proxy Looking up proxy for hostname: localhost, ifindex: 0
2023-02-02 12:33:57.286 Db SwiperFlatListExample[39825:275162] [com.apple.SystemConfiguration:SCPreferences] create <SCPreferences 0x14b092af0 [0x1ba9afc60]> {name = SCDynamicStoreCopyProxiesWithOptions, id = /Library/Managed Preferences/mobile/com.apple.SystemConfiguration.plist, path = /Library/Managed Preferences/mobile/com.apple.SystemConfiguration.plist}
2023-02-02 12:33:57.286 Db SwiperFlatListExample[39825:275162] [com.apple.SystemConfiguration:SCPreferences] SCPreferences() access: /Library/Managed Preferences/mobile/com.apple.SystemConfiguration.plist, size=0
2023-02-02 12:33:57.286 Db SwiperFlatListExample[39825:275162] [com.apple.SystemConfiguration:SCPreferences] release <SCPreferences 0x14b092af0 [0x1ba9afc60]> {name = SCDynamicStoreCopyProxiesWithOptions, id = /Library/Managed Preferences/mobile/com.apple.SystemConfiguration.plist, path = /Library/Managed Preferences/mobile/com.apple.SystemConfiguration.plist, accessed}
2023-02-02 12:33:57.286 Db SwiperFlatListExample[39825:275162] [com.apple.network:connection] -[NWConcrete_nw_endpoint_resolver startWithHandler:] [C52.1 localhost:8081 waiting resolver (satisfied (Path is satisfied), viable, interface: en0[802.11])]
2023-02-02 12:33:57.286 Db SwiperFlatListExample[39825:275162] [com.apple.network:connection] nw_endpoint_flow_receive_report [C52 localhost:8081 in_progress parent-flow (satisfied (Path is satisfied), viable, interface: en0[802.11])] received child report: [C52.1 localhost:8081 in_progress resolver (satisfied (Path is satisfied), viable, interface: en0[802.11])]
2023-02-02 12:33:57.286 Df SwiperFlatListExample[39825:275162] [com.apple.network:connection] [C52.1 localhost:8081 in_progress resolver (satisfied (Path is satisfied), viable, interface: en0[802.11])] event: resolver:start_dns @0.001s
2023-02-02 12:33:57.287 I  SwiperFlatListExample[39825:275162] [com.apple.network:connection] nw_resolver_create_dns_service_locked [C52.1] Starting host resolution localhost:8081, flags 0xc000d000 proto 0
2023-02-02 12:33:57.287 Df SwiperFlatListExample[39825:275162] (CFNetwork) Task <5A9DFDD6-B86E-498B-A01F-C997F42C63D6>.<3> setting up Connection 52
2023-02-02 12:33:57.287 Db SwiperFlatListExample[39825:275162] [com.apple.network:activity] Returning should log: 0 for activity cfnetwork:foreground_task
2023-02-02 12:33:57.287 Db SwiperFlatListExample[39825:275162] [com.apple.CFNetwork:ATS] Uploading ATS exception ATSAllowsLocalNetworking
2023-02-02 12:33:57.287 A  SwiperFlatListExample[39825:275161] (Security) SecTrustReportNetworkingAnalytics
2023-02-02 12:33:57.287 Db SwiperFlatListExample[39825:275162] [com.apple.CFNetwork:ATS] Uploading ATS exception ATSAllowsLocalNetworking
2023-02-02 12:33:57.287 Df SwiperFlatListExample[39825:275162] (CFNetwork) Task <AA88EBAB-99B7-4BF8-BEED-900D28A0F8D4>.<2> received response, status 200 content C
2023-02-02 12:33:57.288 Df SwiperFlatListExample[39825:275162] (CFNetwork) Task <AA88EBAB-99B7-4BF8-BEED-900D28A0F8D4>.<2> response ended
2023-02-02 12:33:57.288 Df SwiperFlatListExample[39825:275162] (CFNetwork) Task <AA88EBAB-99B7-4BF8-BEED-900D28A0F8D4>.<2> done using Connection 51
2023-02-02 12:33:57.288 Db SwiperFlatListExample[39825:275162] [com.apple.network:activity] Returning should log: 0 for activity cfnetwork:foreground_task
2023-02-02 12:33:57.288 Db SwiperFlatListExample[39825:275162] (CFNetwork) Connection 51: set is idle true
2023-02-02 12:33:57.288 Df SwiperFlatListExample[39825:275162] [com.apple.network:connection] [C51] event: client:connection_idle @0.084s
2023-02-02 12:33:57.288 Df SwiperFlatListExample[39825:275161] [com.apple.securityd:SecError] SecTrustReportNetworkingAnalytics failed with error: -4
2023-02-02 12:33:57.288 I  SwiperFlatListExample[39825:275162] [com.apple.network:connection] nw_endpoint_handler_report_connection_idle [C51 ::1.8081 ready parent-flow (satisfied (Path is satisfied), viable, interface: en0[802.11])] Reporting connection idle to protocols
2023-02-02 12:33:57.288 A  SwiperFlatListExample[39825:275161] (Security) SecTrustReportNetworkingAnalytics
2023-02-02 12:33:57.288 Df SwiperFlatListExample[39825:275168] [com.apple.CFNetwork:Summary] Task <AA88EBAB-99B7-4BF8-BEED-900D28A0F8D4>.<2> summary for task success {transaction_duration_ms=4, response_status=200, connection=51, reused=1, request_start_ms=0, request_duration_ms=0, response_start_ms=4, response_duration_ms=0, request_bytes=295, response_bytes=100941, cache_hit=false}
2023-02-02 12:33:57.288 I  SwiperFlatListExample[39825:275162] [com.apple.network:connection] nw_flow_passthrough_notify [C51.1.1 ::1.8081 ready socket-flow (satisfied (Path is satisfied), interface: lo0)] received notification connection_idle
2023-02-02 12:33:57.288 Df SwiperFlatListExample[39825:275168] (CFNetwork) Task <AA88EBAB-99B7-4BF8-BEED-900D28A0F8D4>.<2> finished successfully
2023-02-02 12:33:57.288 Db SwiperFlatListExample[39825:275168] [com.apple.network:activity] Returning should log: 0 for activity cfnetwork:foreground_task
2023-02-02 12:33:57.288 Df SwiperFlatListExample[39825:275161] [com.apple.securityd:SecError] SecTrustReportNetworkingAnalytics failed with error: -4
2023-02-02 12:33:57.288 Db SwiperFlatListExample[39825:275168] [com.apple.network:activity] No threshold for cfnetwork:foreground_task, returning NW_ACTIVITY_DURATION_INVALID
2023-02-02 12:33:57.288 Db SwiperFlatListExample[39825:274f72] [com.apple.CoreAnalytics.event:send] com.apple.ImageIO.CGImageSourceCreateWithData {"bundleID":"org.reactjs.native.example.SwiperFlatListExample","eventName":"com.apple.ImageIO.CGImageSourceCreateWithData","fileFormat":"public.jpeg"}
2023-02-02 12:33:57.288 Db SwiperFlatListExample[39825:275168] [com.apple.network:activity] No threshold for activity <nw_activity 12:2[02CFE2A7-14D2-4E23-A67A-155CB5E15B14] (reporting strategy default) complete (reason success)>
2023-02-02 12:33:57.288 Db SwiperFlatListExample[39825:274f72] [com.apple.CoreAnalytics.event:send] com.apple.ImageIO.CGImageSourceCopyPropertiesAtIndex {"bundleID":"org.reactjs.native.example.SwiperFlatListExample","eventName":"com.apple.ImageIO.CGImageSourceCopyPropertiesAtIndex","fileFormat":"public.jpeg","index":0}
2023-02-02 12:33:57.288 Db SwiperFlatListExample[39825:274f72] (AppleJPEG) [0x145b71000] Created session
2023-02-02 12:33:57.288 I  SwiperFlatListExample[39825:275162] [com.apple.network:connection] nw_connection_create_with_id [C53] create connection to Hostname#99141057:8081
2023-02-02 12:33:57.288 Df SwiperFlatListExample[39825:275162] (CFNetwork) Connection 53: starting, TC(0x0)
2023-02-02 12:33:57.288 Db SwiperFlatListExample[39825:274f72] [com.apple.CoreAnalytics.event:send] com.apple.ImageIO.CGImageSourceCreateThumbnailAtIndex {"bundleID":"org.reactjs.native.example.SwiperFlatListExample","eventName":"com.apple.ImageIO.CGImageSourceCreateThumbnailAtIndex","fileFormat":"public.jpeg","index":0}
2023-02-02 12:33:57.288 Df SwiperFlatListExample[39825:275162] [com.apple.network:connection] [C53 84E26E5A-0CD0-4AF7-89BB-A2A1868BCBA3 localhost:8081 tcp, url hash: 4022712c, definite, attribution: developer, context: com.apple.CFNetwork.NSURLSession.{BDA6013D-5581-4159-B3F8-C902CD9C7F5B}{(null)}{Y}{2} (private), proc: 4B2D3039-C28E-3D3C-81E9-082DF9778677] start
2023-02-02 12:33:57.288 Db SwiperFlatListExample[39825:274f72] (AppleJPEG) [0x14302ac00] Created session
2023-02-02 12:33:57.288 I  SwiperFlatListExample[39825:275162] [com.apple.network:connection] nw_endpoint_handler_start [C53 localhost:8081 initial parent-flow ((null))]
2023-02-02 12:33:57.288 Df SwiperFlatListExample[39825:275162] [com.apple.network:connection] [C53 localhost:8081 initial parent-flow ((null))] event: path:start @0.000s
2023-02-02 12:33:57.289 Db SwiperFlatListExample[39825:275162] [com.apple.network:connection] nw_endpoint_handler_path_change [C53 localhost:8081 waiting parent-flow (satisfied (Path is satisfied), viable, interface: en0[802.11])]
2023-02-02 12:33:57.289 Df SwiperFlatListExample[39825:275162] [com.apple.network:connection] [C53 localhost:8081 waiting parent-flow (satisfied (Path is satisfied), viable, interface: en0[802.11])] event: path:satisfied @0.000s, uuid: 2A1C5C0E-97B7-413B-89F5-03CD537BF5AC
2023-02-02 12:33:57.289 I  SwiperFlatListExample[39825:275162] [com.apple.network:connection] nw_connection_endpoint_report_on_nw_queue_block_invoke [C53 localhost:8081 waiting parent-flow (satisfied (Path is satisfied), viable, interface: en0[802.11])] skipping state update
2023-02-02 12:33:57.289 Db SwiperFlatListExample[39825:274f72] [com.apple.CoreAnalytics.event:send] com.apple.ImageIO.CGCopyImageBlockSetWithOptions {"bundleID":"org.reactjs.native.example.SwiperFlatListExample","eventName":"com.apple.ImageIO.CGCopyImageBlockSetWithOptions","fileFormat":"public.jpeg"}
2023-02-02 12:33:57.289 Db SwiperFlatListExample[39825:275162] [com.apple.network:] nw_endpoint_proxy_handler_should_use_proxy Looking up proxy for hostname: localhost, ifindex: 0
2023-02-02 12:33:57.289 Db SwiperFlatListExample[39825:275162] [com.apple.SystemConfiguration:SCPreferences] create <SCPreferences 0x143b3c5f0 [0x1ba9afc60]> {name = SCDynamicStoreCopyProxiesWithOptions, id = /Library/Managed Preferences/mobile/com.apple.SystemConfiguration.plist, path = /Library/Managed Preferences/mobile/com.apple.SystemConfiguration.plist}
2023-02-02 12:33:57.289 Db SwiperFlatListExample[39825:274f72] (AppleJPEG) [0x144f7a600] Created session
2023-02-02 12:33:57.289 Db SwiperFlatListExample[39825:275162] [com.apple.SystemConfiguration:SCPreferences] SCPreferences() access: /Library/Managed Preferences/mobile/com.apple.SystemConfiguration.plist, size=0
2023-02-02 12:33:57.289 Db SwiperFlatListExample[39825:274f72] (AppleJPEG) [0x0] Releasing session
2023-02-02 12:33:57.289 Db SwiperFlatListExample[39825:275162] [com.apple.SystemConfiguration:SCPreferences] release <SCPreferences 0x143b3c5f0 [0x1ba9afc60]> {name = SCDynamicStoreCopyProxiesWithOptions, id = /Library/Managed Preferences/mobile/com.apple.SystemConfiguration.plist, path = /Library/Managed Preferences/mobile/com.apple.SystemConfiguration.plist, accessed}
2023-02-02 12:33:57.289 Db SwiperFlatListExample[39825:274f72] (AppleJPEG) [0x144f7a600] Decoding: C0 0x022D01A1 0x00003048 0x22111100 0x00000000 100635
2023-02-02 12:33:57.289 Db SwiperFlatListExample[39825:274f72] (AppleJPEG) [0x144f7a600] Options: 1x-1 [FFFFFFFF,FFFFFFFF] 00054060
2023-02-02 12:33:57.289 Db SwiperFlatListExample[39825:275162] [com.apple.network:connection] nw_endpoint_flow_attach_protocols [C53 localhost:8081 in_progress parent-flow (satisfied (Path is satisfied), viable, interface: en0[802.11])]
2023-02-02 12:33:57.289 Db SwiperFlatListExample[39825:275162] [com.apple.network:connection] nw_endpoint_flow_attach_protocols [C53 localhost:8081 in_progress parent-flow (satisfied (Path is satisfied), viable, interface: en0[802.11])] stopping after adding persistent application protocols
2023-02-02 12:33:57.289 Df SwiperFlatListExample[39825:275162] [com.apple.network:connection] [C53 localhost:8081 in_progress parent-flow (satisfied (Path is satisfied), viable, interface: en0[802.11])] event: flow:start_child @0.000s
2023-02-02 12:33:57.289 Df SwiperFlatListExample[39825:275162] [com.apple.network:connection] nw_connection_report_state_with_handler_on_nw_queue [C53] reporting state preparing
2023-02-02 12:33:57.289 I  SwiperFlatListExample[39825:275162] [com.apple.network:connection] nw_endpoint_handler_start [C53.1 localhost:8081 initial path ((null))]
2023-02-02 12:33:57.289 Db SwiperFlatListExample[39825:275162] [com.apple.network:connection] nw_endpoint_flow_receive_report [C53 localhost:8081 in_progress parent-flow (satisfied (Path is satisfied), viable, interface: en0[802.11])] received child report: [C53.1 localhost:8081 initial path ((null))]
2023-02-02 12:33:57.289 Df SwiperFlatListExample[39825:275162] [com.apple.network:connection] [C53.1 localhost:8081 initial path ((null))] event: path:start @0.000s
2023-02-02 12:33:57.289 Db SwiperFlatListExample[39825:275162] [com.apple.network:connection] nw_endpoint_handler_path_change [C53.1 localhost:8081 waiting path (satisfied (Path is satisfied), viable, interface: en0[802.11])]
2023-02-02 12:33:57.289 Db SwiperFlatListExample[39825:275162] [com.apple.network:connection] nw_endpoint_flow_receive_report [C53 localhost:8081 in_progress parent-flow (satisfied (Path is satisfied), viable, interface: en0[802.11])] received child report: [C53.1 localhost:8081 waiting path (satisfied (Path is satisfied), viable, interface: en0[802.11])]
2023-02-02 12:33:57.289 Df SwiperFlatListExample[39825:275162] [com.apple.network:connection] [C53.1 localhost:8081 waiting path (satisfied (Path is satisfied), viable, interface: en0[802.11])] event: path:satisfied @0.000s, uuid: 2A1C5C0E-97B7-413B-89F5-03CD537BF5AC
2023-02-02 12:33:57.289 Db SwiperFlatListExample[39825:275162] [com.apple.network:] nw_endpoint_proxy_handler_should_use_proxy Looking up proxy for hostname: localhost, ifindex: 0
2023-02-02 12:33:57.289 Db SwiperFlatListExample[39825:275162] [com.apple.SystemConfiguration:SCPreferences] create <SCPreferences 0x143b3c5f0 [0x1ba9afc60]> {name = SCDynamicStoreCopyProxiesWithOptions, id = /Library/Managed Preferences/mobile/com.apple.SystemConfiguration.plist, path = /Library/Managed Preferences/mobile/com.apple.SystemConfiguration.plist}
2023-02-02 12:33:57.289 Db SwiperFlatListExample[39825:275162] [com.apple.SystemConfiguration:SCPreferences] SCPreferences() access: /Library/Managed Preferences/mobile/com.apple.SystemConfiguration.plist, size=0
2023-02-02 12:33:57.289 Db SwiperFlatListExample[39825:275162] [com.apple.SystemConfiguration:SCPreferences] release <SCPreferences 0x143b3c5f0 [0x1ba9afc60]> {name = SCDynamicStoreCopyProxiesWithOptions, id = /Library/Managed Preferences/mobile/com.apple.SystemConfiguration.plist, path = /Library/Managed Preferences/mobile/com.apple.SystemConfiguration.plist, accessed}
2023-02-02 12:33:57.289 Db SwiperFlatListExample[39825:275162] [com.apple.network:connection] -[NWConcrete_nw_endpoint_resolver startWithHandler:] [C53.1 localhost:8081 waiting resolver (satisfied (Path is satisfied), viable, interface: en0[802.11])]
2023-02-02 12:33:57.289 Db SwiperFlatListExample[39825:275162] [com.apple.network:connection] nw_endpoint_flow_receive_report [C53 localhost:8081 in_progress parent-flow (satisfied (Path is satisfied), viable, interface: en0[802.11])] received child report: [C53.1 localhost:8081 in_progress resolver (satisfied (Path is satisfied), viable, interface: en0[802.11])]
2023-02-02 12:33:57.289 Df SwiperFlatListExample[39825:275162] [com.apple.network:connection] [C53.1 localhost:8081 in_progress resolver (satisfied (Path is satisfied), viable, interface: en0[802.11])] event: resolver:start_dns @0.001s
2023-02-02 12:33:57.290 Db SwiperFlatListExample[39825:274f72] (AppleJPEG) [0x144f7a600] Decoding completed without errors
2023-02-02 12:33:57.290 I  SwiperFlatListExample[39825:275162] [com.apple.network:connection] nw_resolver_create_dns_service_locked [C53.1] Starting host resolution localhost:8081, flags 0xc000d000 proto 0
2023-02-02 12:33:57.290 Df SwiperFlatListExample[39825:275162] (CFNetwork) Task <CE74FBE9-5DCA-4DEF-B4D8-1A9E93BCE979>.<4> setting up Connection 53
2023-02-02 12:33:57.290 Db SwiperFlatListExample[39825:275162] [com.apple.network:activity] Returning should log: 0 for activity cfnetwork:foreground_task
2023-02-02 12:33:57.290 Db SwiperFlatListExample[39825:274f72] (AppleJPEG) [0x144f7a600] Releasing session
2023-02-02 12:33:57.291 Db SwiperFlatListExample[39825:274f72] (AppleJPEG) [0x14302ac00] Decoding: C0 0x022D01A1 0x0000304A 0x22111100 0x00000000 100635
2023-02-02 12:33:57.291 I  SwiperFlatListExample[39825:275162] [com.apple.network:connection] nw_connection_create_with_id [C54] create connection to Hostname#99141057:8081
2023-02-02 12:33:57.291 Db SwiperFlatListExample[39825:274f72] (AppleJPEG) [0x14302ac00] Options: 557x417 [FFFFFFFF,FFFFFFFF] 0001D060
2023-02-02 12:33:57.291 Df SwiperFlatListExample[39825:275162] (CFNetwork) Connection 54: starting, TC(0x0)
2023-02-02 12:33:57.291 Df SwiperFlatListExample[39825:275162] [com.apple.network:connection] [C54 4846B811-F205-4BF7-9EB1-98829E9AAEA5 localhost:8081 tcp, url hash: 4c5cfb61, definite, attribution: developer, context: com.apple.CFNetwork.NSURLSession.{BDA6013D-5581-4159-B3F8-C902CD9C7F5B}{(null)}{Y}{2} (private), proc: 4B2D3039-C28E-3D3C-81E9-082DF9778677] start
2023-02-02 12:33:57.291 I  SwiperFlatListExample[39825:275162] [com.apple.network:connection] nw_endpoint_handler_start [C54 localhost:8081 initial parent-flow ((null))]
2023-02-02 12:33:57.291 Df SwiperFlatListExample[39825:275162] [com.apple.network:connection] [C54 localhost:8081 initial parent-flow ((null))] event: path:start @0.000s
2023-02-02 12:33:57.291 Db SwiperFlatListExample[39825:275162] [com.apple.network:connection] nw_endpoint_handler_path_change [C54 localhost:8081 waiting parent-flow (satisfied (Path is satisfied), viable, interface: en0[802.11])]
2023-02-02 12:33:57.291 Df SwiperFlatListExample[39825:275162] [com.apple.network:connection] [C54 localhost:8081 waiting parent-flow (satisfied (Path is satisfied), viable, interface: en0[802.11])] event: path:satisfied @0.000s, uuid: 2A1C5C0E-97B7-413B-89F5-03CD537BF5AC
2023-02-02 12:33:57.291 I  SwiperFlatListExample[39825:275162] [com.apple.network:connection] nw_connection_endpoint_report_on_nw_queue_block_invoke [C54 localhost:8081 waiting parent-flow (satisfied (Path is satisfied), viable, interface: en0[802.11])] skipping state update
2023-02-02 12:33:57.291 Db SwiperFlatListExample[39825:275162] [com.apple.network:] nw_endpoint_proxy_handler_should_use_proxy Looking up proxy for hostname: localhost, ifindex: 0
2023-02-02 12:33:57.291 Db SwiperFlatListExample[39825:275162] [com.apple.SystemConfiguration:SCPreferences] create <SCPreferences 0x142df1a10 [0x1ba9afc60]> {name = SCDynamicStoreCopyProxiesWithOptions, id = /Library/Managed Preferences/mobile/com.apple.SystemConfiguration.plist, path = /Library/Managed Preferences/mobile/com.apple.SystemConfiguration.plist}
2023-02-02 12:33:57.291 Db SwiperFlatListExample[39825:275162] [com.apple.SystemConfiguration:SCPreferences] SCPreferences() access: /Library/Managed Preferences/mobile/com.apple.SystemConfiguration.plist, size=0
2023-02-02 12:33:57.291 Db SwiperFlatListExample[39825:275162] [com.apple.SystemConfiguration:SCPreferences] release <SCPreferences 0x142df1a10 [0x1ba9afc60]> {name = SCDynamicStoreCopyProxiesWithOptions, id = /Library/Managed Preferences/mobile/com.apple.SystemConfiguration.plist, path = /Library/Managed Preferences/mobile/com.apple.SystemConfiguration.plist, accessed}
2023-02-02 12:33:57.291 Db SwiperFlatListExample[39825:275162] [com.apple.network:connection] nw_endpoint_flow_attach_protocols [C54 localhost:8081 in_progress parent-flow (satisfied (Path is satisfied), viable, interface: en0[802.11])]
2023-02-02 12:33:57.291 Db SwiperFlatListExample[39825:275162] [com.apple.network:connection] nw_endpoint_flow_attach_protocols [C54 localhost:8081 in_progress parent-flow (satisfied (Path is satisfied), viable, interface: en0[802.11])] stopping after adding persistent application protocols
2023-02-02 12:33:57.291 Df SwiperFlatListExample[39825:275162] [com.apple.network:connection] [C54 localhost:8081 in_progress parent-flow (satisfied (Path is satisfied), viable, interface: en0[802.11])] event: flow:start_child @0.000s
2023-02-02 12:33:57.291 Df SwiperFlatListExample[39825:275162] [com.apple.network:connection] nw_connection_report_state_with_handler_on_nw_queue [C54] reporting state preparing
2023-02-02 12:33:57.291 I  SwiperFlatListExample[39825:275162] [com.apple.network:connection] nw_endpoint_handler_start [C54.1 localhost:8081 initial path ((null))]
2023-02-02 12:33:57.291 Db SwiperFlatListExample[39825:275162] [com.apple.network:connection] nw_endpoint_flow_receive_report [C54 localhost:8081 in_progress parent-flow (satisfied (Path is satisfied), viable, interface: en0[802.11])] received child report: [C54.1 localhost:8081 initial path ((null))]
2023-02-02 12:33:57.291 Df SwiperFlatListExample[39825:275162] [com.apple.network:connection] [C54.1 localhost:8081 initial path ((null))] event: path:start @0.000s
2023-02-02 12:33:57.291 Db SwiperFlatListExample[39825:275162] [com.apple.network:connection] nw_endpoint_handler_path_change [C54.1 localhost:8081 waiting path (satisfied (Path is satisfied), viable, interface: en0[802.11])]
2023-02-02 12:33:57.291 Db SwiperFlatListExample[39825:275162] [com.apple.network:connection] nw_endpoint_flow_receive_report [C54 localhost:8081 in_progress parent-flow (satisfied (Path is satisfied), viable, interface: en0[802.11])] received child report: [C54.1 localhost:8081 waiting path (satisfied (Path is satisfied), viable, interface: en0[802.11])]
2023-02-02 12:33:57.291 Df SwiperFlatListExample[39825:275162] [com.apple.network:connection] [C54.1 localhost:8081 waiting path (satisfied (Path is satisfied), viable, interface: en0[802.11])] event: path:satisfied @0.000s, uuid: 2A1C5C0E-97B7-413B-89F5-03CD537BF5AC
2023-02-02 12:33:57.291 Db SwiperFlatListExample[39825:275162] [com.apple.network:] nw_endpoint_proxy_handler_should_use_proxy Looking up proxy for hostname: localhost, ifindex: 0
