2023-02-02 12:33:03.129 Db SwiperFlatListExample[39425:273df5] [com.apple.defaults:User Defaults] looked up value 1 for key RCTI18nUtil_makeRTLFlipLeftAndRightStyles in CFPrefsPlistSource<0x600002140100> (Domain: org.reactjs.native.example.SwiperFlatListExample, User: kCFPreferencesCurrentUser, ByHost: No, Container: (null), Contents Need Refresh: No) via CFPrefsSearchListSource<0x600002144600> (Domain: org.reactjs.native.example.SwiperFlatListExample, Container: (null))
2023-02-02 12:33:03.129 Df SwiperFlatListExample[39425:273e67] (CFNetwork) [Telemetry]: Activity <nw_activity 12:2[A8B39E08-7BD9-4E43-8E1C-74512CDF6926] (reporting strategy default)> on Task <4263AF52-9731-49E2-8838-3E3C6624E5F0>.<1> was not selected for reporting
2023-02-02 12:33:03.129 Db SwiperFlatListExample[39425:273df5] [com.apple.defaults:User Defaults] looked up value 1 for key RCTI18nUtil_makeRTLFlipLeftAndRightStyles in CFPrefsPlistSource<0x600002140100> (Domain: org.reactjs.native.example.SwiperFlatListExample, User: kCFPreferencesCurrentUser, ByHost: No, Container: (null), Contents Need Refresh: No) via CFPrefsSearchListSource<0x600002144600> (Domain: org.reactjs.native.example.SwiperFlatListExample, Container: (null))
2023-02-02 12:33:03.129 Db SwiperFlatListExample[39425:273df5] [com.apple.defaults:User Defaults] looked up value 1 for key RCTI18nUtil_makeRTLFlipLeftAndRightStyles in CFPrefsPlistSource<0x600002140100> (Domain: org.reactjs.native.example.SwiperFlatListExample, User: kCFPreferencesCurrentUser, ByHost: No, Container: (null), Contents Need Refresh: No) via CFPrefsSearchListSource<0x600002144600> (Domain: org.reactjs.native.example.SwiperFlatListExample, Container: (null))
2023-02-02 12:33:03.129 Db SwiperFlatListExample[39425:273df5] [com.apple.defaults:User Defaults] looked up value 1 for key RCTI18nUtil_makeRTLFlipLeftAndRightStyles in CFPrefsPlistSource<0x600002140100> (Domain: org.reactjs.native.example.SwiperFlatListExample, User: kCFPreferencesCurrentUser, ByHost: No, Container: (null), Contents Need Refresh: No) via CFPrefsSearchListSource<0x600002144600> (Domain: org.reactjs.native.example.SwiperFlatListExample, Container: (null))
2023-02-02 12:33:03.129 Db SwiperFlatListExample[39425:273df5] [com.apple.defaults:User Defaults] looked up value 1 for key RCTI18nUtil_makeRTLFlipLeftAndRightStyles in CFPrefsPlistSource<0x600002140100> (Domain: org.reactjs.native.example.SwiperFlatListExample, User: kCFPreferencesCurrentUser, ByHost: No, Container: (null), Contents Need Refresh: No) via CFPrefsSearchListSource<0x600002144600> (Domain: org.reactjs.native.example.SwiperFlatListExample, Container: (null))
2023-02-02 12:33:03.129 Db SwiperFlatListExample[39425:273df5] [com.apple.defaults:User Defaults] looked up value 1 for key RCTI18nUtil_makeRTLFlipLeftAndRightStyles in CFPrefsPlistSource<0x600002140100> (Domain: org.reactjs.native.example.SwiperFlatListExample, User: kCFPreferencesCurrentUser, ByHost: No, Container: (null), Contents Need Refresh: No) via CFPrefsSearchListSource<0x600002144600> (Domain: org.reactjs.native.example.SwiperFlatListExample, Container: (null))
2023-02-02 12:33:03.129 Db SwiperFlatListExample[39425:273df5] [com.apple.defaults:User Defaults] looked up value 1 for key RCTI18nUtil_makeRTLFlipLeftAndRightStyles in CFPrefsPlistSource<0x600002140100> (Domain: org.reactjs.native.example.SwiperFlatListExample, User: kCFPreferencesCurrentUser, ByHost: No, Container: (null), Contents Need Refresh: No) via CFPrefsSearchListSource<0x600002144600> (Domain: org.reactjs.native.example.SwiperFlatListExample, Container: (null))
2023-02-02 12:33:03.129 Db SwiperFlatListExample[39425:273df5] [com.apple.defaults:User Defaults] looked up value 1 for key RCTI18nUtil_makeRTLFlipLeftAndRightStyles in CFPrefsPlistSource<0x600002140100> (Domain: org.reactjs.native.example.SwiperFlatListExample, User: kCFPreferencesCurrentUser, ByHost: No, Container: (null), Contents Need Refresh: No) via CFPrefsSearchListSource<0x600002144600> (Domain: org.reactjs.native.example.SwiperFlatListExample, Container: (null))
2023-02-02 12:33:03.129 Db SwiperFlatListExample[39425:273df5] [com.apple.defaults:User Defaults] looked up value 1 for key RCTI18nUtil_makeRTLFlipLeftAndRightStyles in CFPrefsPlistSource<0x600002140100> (Domain: org.reactjs.native.example.SwiperFlatListExample, User: kCFPreferencesCurrentUser, ByHost: No, Container: (null), Contents Need Refresh: No) via CFPrefsSearchListSource<0x600002144600> (Domain: org.reactjs.native.example.SwiperFlatListExample, Container: (null))
2023-02-02 12:33:03.129 Db SwiperFlatListExample[39425:273df5] [com.apple.defaults:User Defaults] looked up value 1 for key RCTI18nUtil_makeRTLFlipLeftAndRightStyles in CFPrefsPlistSource<0x600002140100> (Domain: org.reactjs.native.example.SwiperFlatListExample, User: kCFPreferencesCurrentUser, ByHost: No, Container: (null), Contents Need Refresh: No) via CFPrefsSearchListSource<0x600002144600> (Domain: org.reactjs.native.example.SwiperFlatListExample, Container: (null))
2023-02-02 12:33:03.129 Db SwiperFlatListExample[39425:273df5] [com.apple.defaults:User Defaults] looked up value 1 for key RCTI18nUtil_makeRTLFlipLeftAndRightStyles in CFPrefsPlistSource<0x600002140100> (Domain: org.reactjs.native.example.SwiperFlatListExample, User: kCFPreferencesCurrentUser, ByHost: No, Container: (null), Contents Need Refresh: No) via CFPrefsSearchListSource<0x600002144600> (Domain: org.reactjs.native.example.SwiperFlatListExample, Container: (null))
2023-02-02 12:33:03.129 Db SwiperFlatListExample[39425:273df5] [com.apple.defaults:User Defaults] looked up value 1 for key RCTI18nUtil_makeRTLFlipLeftAndRightStyles in CFPrefsPlistSource<0x600002140100> (Domain: org.reactjs.native.example.SwiperFlatListExample, User: kCFPreferencesCurrentUser, ByHost: No, Container: (null), Contents Need Refresh: No) via CFPrefsSearchListSource<0x600002144600> (Domain: org.reactjs.native.example.SwiperFlatListExample, Container: (null))
2023-02-02 12:33:03.129 Db SwiperFlatListExample[39425:273df5] [com.apple.defaults:User Defaults] looked up value 1 for key RCTI18nUtil_makeRTLFlipLeftAndRightStyles in CFPrefsPlistSource<0x600002140100> (Domain: org.reactjs.native.example.SwiperFlatListExample, User: kCFPreferencesCurrentUser, ByHost: No, Container: (null), Contents Need Refresh: No) via CFPrefsSearchListSource<0x600002144600> (Domain: org.reactjs.native.example.SwiperFlatListExample, Container: (null))
2023-02-02 12:33:03.129 Db SwiperFlatListExample[39425:273df5] [com.apple.defaults:User Defaults] looked up value 1 for key RCTI18nUtil_makeRTLFlipLeftAndRightStyles in CFPrefsPlistSource<0x600002140100> (Domain: org.reactjs.native.example.SwiperFlatListExample, User: kCFPreferencesCurrentUser, ByHost: No, Container: (null), Contents Need Refresh: No) via CFPrefsSearchListSource<0x600002144600> (Domain: org.reactjs.native.example.SwiperFlatListExample, Container: (null))
2023-02-02 12:33:03.129 Db SwiperFlatListExample[39425:273df5] [com.apple.defaults:User Defaults] looked up value 1 for key RCTI18nUtil_makeRTLFlipLeftAndRightStyles in CFPrefsPlistSource<0x600002140100> (Domain: org.reactjs.native.example.SwiperFlatListExample, User: kCFPreferencesCurrentUser, ByHost: No, Container: (null), Contents Need Refresh: No) via CFPrefsSearchListSource<0x600002144600> (Domain: org.reactjs.native.example.SwiperFlatListExample, Container: (null))
2023-02-02 12:33:03.129 Db SwiperFlatListExample[39425:273e6a] [com.apple.CFNetwork:ATS] Uploading ATS exception ATSAllowsLocalNetworking
2023-02-02 12:33:03.129 Db SwiperFlatListExample[39425:273df5] [com.apple.defaults:User Defaults] looked up value 1 for key RCTI18nUtil_makeRTLFlipLeftAndRightStyles in CFPrefsPlistSource<0x600002140100> (Domain: org.reactjs.native.example.SwiperFlatListExample, User: kCFPreferencesCurrentUser, ByHost: No, Container: (null), Contents Need Refresh: No) via CFPrefsSearchListSource<0x600002144600> (Domain: org.reactjs.native.example.SwiperFlatListExample, Container: (null))
2023-02-02 12:33:03.129 A  SwiperFlatListExample[39425:273e67] (Security) SecTrustReportNetworkingAnalytics
2023-02-02 12:33:03.129 Db SwiperFlatListExample[39425:273df5] [com.apple.defaults:User Defaults] looked up value 1 for key RCTI18nUtil_makeRTLFlipLeftAndRightStyles in CFPrefsPlistSource<0x600002140100> (Domain: org.reactjs.native.example.SwiperFlatListExample, User: kCFPreferencesCurrentUser, ByHost: No, Container: (null), Contents Need Refresh: No) via CFPrefsSearchListSource<0x600002144600> (Domain: org.reactjs.native.example.SwiperFlatListExample, Container: (null))
2023-02-02 12:33:03.129 Db SwiperFlatListExample[39425:273df5] [com.apple.defaults:User Defaults] looked up value 1 for key RCTI18nUtil_makeRTLFlipLeftAndRightStyles in CFPrefsPlistSource<0x600002140100> (Domain: org.reactjs.native.example.SwiperFlatListExample, User: kCFPreferencesCurrentUser, ByHost: No, Container: (null), Contents Need Refresh: No) via CFPrefsSearchListSource<0x600002144600> (Domain: org.reactjs.native.example.SwiperFlatListExample, Container: (null))
2023-02-02 12:33:03.129 Db SwiperFlatListExample[39425:273df5] [com.apple.defaults:User Defaults] looked up value 1 for key RCTI18nUtil_makeRTLFlipLeftAndRightStyles in CFPrefsPlistSource<0x600002140100> (Domain: org.reactjs.native.example.SwiperFlatListExample, User: kCFPreferencesCurrentUser, ByHost: No, Container: (null), Contents Need Refresh: No) via CFPrefsSearchListSource<0x600002144600> (Domain: org.reactjs.native.example.SwiperFlatListExample, Container: (null))
2023-02-02 12:33:03.129 Db SwiperFlatListExample[39425:273df5] [com.apple.defaults:User Defaults] looked up value 1 for key RCTI18nUtil_makeRTLFlipLeftAndRightStyles in CFPrefsPlistSource<0x600002140100> (Domain: org.reactjs.native.example.SwiperFlatListExample, User: kCFPreferencesCurrentUser, ByHost: No, Container: (null), Contents Need Refresh: No) via CFPrefsSearchListSource<0x600002144600> (Domain: org.reactjs.native.example.SwiperFlatListExample, Container: (null))
2023-02-02 12:33:03.129 Db SwiperFlatListExample[39425:273df5] [com.apple.defaults:User Defaults] looked up value 1 for key RCTI18nUtil_makeRTLFlipLeftAndRightStyles in CFPrefsPlistSource<0x600002140100> (Domain: org.reactjs.native.example.SwiperFlatListExample, User: kCFPreferencesCurrentUser, ByHost: No, Container: (null), Contents Need Refresh: No) via CFPrefsSearchListSource<0x600002144600> (Domain: org.reactjs.native.example.SwiperFlatListExample, Container: (null))
2023-02-02 12:33:03.130 Db SwiperFlatListExample[39425:273df5] [com.apple.defaults:User Defaults] looked up value 1 for key RCTI18nUtil_makeRTLFlipLeftAndRightStyles in CFPrefsPlistSource<0x600002140100> (Domain: org.reactjs.native.example.SwiperFlatListExample, User: kCFPreferencesCurrentUser, ByHost: No, Container: (null), Contents Need Refresh: No) via CFPrefsSearchListSource<0x600002144600> (Domain: org.reactjs.native.example.SwiperFlatListExample, Container: (null))
2023-02-02 12:33:03.130 Db SwiperFlatListExample[39425:273df5] [com.apple.defaults:User Defaults] looked up value 1 for key RCTI18nUtil_makeRTLFlipLeftAndRightStyles in CFPrefsPlistSource<0x600002140100> (Domain: org.reactjs.native.example.SwiperFlatListExample, User: kCFPreferencesCurrentUser, ByHost: No, Container: (null), Contents Need Refresh: No) via CFPrefsSearchListSource<0x600002144600> (Domain: org.reactjs.native.example.SwiperFlatListExample, Container: (null))
2023-02-02 12:33:03.130 I  SwiperFlatListExample[39425:273e6a] [com.apple.network:connection] nw_connection_create_with_id [C9] create connection to Hostname#c2dd8b97:8081
2023-02-02 12:33:03.130 Db SwiperFlatListExample[39425:273df5] [com.apple.defaults:User Defaults] looked up value 1 for key RCTI18nUtil_makeRTLFlipLeftAndRightStyles in CFPrefsPlistSource<0x600002140100> (Domain: org.reactjs.native.example.SwiperFlatListExample, User: kCFPreferencesCurrentUser, ByHost: No, Container: (null), Contents Need Refresh: No) via CFPrefsSearchListSource<0x600002144600> (Domain: org.reactjs.native.example.SwiperFlatListExample, Container: (null))
2023-02-02 12:33:03.130 Db SwiperFlatListExample[39425:273df5] [com.apple.defaults:User Defaults] looked up value 1 for key RCTI18nUtil_makeRTLFlipLeftAndRightStyles in CFPrefsPlistSource<0x600002140100> (Domain: org.reactjs.native.example.SwiperFlatListExample, User: kCFPreferencesCurrentUser, ByHost: No, Container: (null), Contents Need Refresh: No) via CFPrefsSearchListSource<0x600002144600> (Domain: org.reactjs.native.example.SwiperFlatListExample, Container: (null))
2023-02-02 12:33:03.130 Db SwiperFlatListExample[39425:273df5] [com.apple.defaults:User Defaults] looked up value 1 for key RCTI18nUtil_makeRTLFlipLeftAndRightStyles in CFPrefsPlistSource<0x600002140100> (Domain: org.reactjs.native.example.SwiperFlatListExample, User: kCFPreferencesCurrentUser, ByHost: No, Container: (null), Contents Need Refresh: No) via CFPrefsSearchListSource<0x600002144600> (Domain: org.reactjs.native.example.SwiperFlatListExample, Container: (null))
2023-02-02 12:33:03.130 Db SwiperFlatListExample[39425:273df5] [com.apple.defaults:User Defaults] looked up value 1 for key RCTI18nUtil_makeRTLFlipLeftAndRightStyles in CFPrefsPlistSource<0x600002140100> (Domain: org.reactjs.native.example.SwiperFlatListExample, User: kCFPreferencesCurrentUser, ByHost: No, Container: (null), Contents Need Refresh: No) via CFPrefsSearchListSource<0x600002144600> (Domain: org.reactjs.native.example.SwiperFlatListExample, Container: (null))
2023-02-02 12:33:03.130 Df SwiperFlatListExample[39425:273e6a] (CFNetwork) Connection 9: starting, TC(0x0)
2023-02-02 12:33:03.130 Db SwiperFlatListExample[39425:273df5] [com.apple.defaults:User Defaults] looked up value 1 for key RCTI18nUtil_makeRTLFlipLeftAndRightStyles in CFPrefsPlistSource<0x600002140100> (Domain: org.reactjs.native.example.SwiperFlatListExample, User: kCFPreferencesCurrentUser, ByHost: No, Container: (null), Contents Need Refresh: No) via CFPrefsSearchListSource<0x600002144600> (Domain: org.reactjs.native.example.SwiperFlatListExample, Container: (null))
2023-02-02 12:33:03.130 Db SwiperFlatListExample[39425:273df5] [com.apple.defaults:User Defaults] looked up value 1 for key RCTI18nUtil_makeRTLFlipLeftAndRightStyles in CFPrefsPlistSource<0x600002140100> (Domain: org.reactjs.native.example.SwiperFlatListExample, User: kCFPreferencesCurrentUser, ByHost: No, Container: (null), Contents Need Refresh: No) via CFPrefsSearchListSource<0x600002144600> (Domain: org.reactjs.native.example.SwiperFlatListExample, Container: (null))
2023-02-02 12:33:03.130 Df SwiperFlatListExample[39425:273e6a] [com.apple.network:connection] [C9 2C5AE31E-ECD8-49B5-B34C-6C7FD3916B49 localhost:8081 tcp, url hash: 0ed6f2fa, definite, attribution: developer, context: com.apple.CFNetwork.NSURLSession.{F9EEBFE7-CC46-4E32-B14B-24051D4B5D3B}{(null)}{Y}{2} (private), proc: 4B2D3039-C28E-3D3C-81E9-082DF9778677] start
2023-02-02 12:33:03.130 Db SwiperFlatListExample[39425:273df5] [com.apple.defaults:User Defaults] looked up value 1 for key RCTI18nUtil_makeRTLFlipLeftAndRightStyles in CFPrefsPlistSource<0x600002140100> (Domain: org.reactjs.native.example.SwiperFlatListExample, User: kCFPreferencesCurrentUser, ByHost: No, Container: (null), Contents Need Refresh: No) via CFPrefsSearchListSource<0x600002144600> (Domain: org.reactjs.native.example.SwiperFlatListExample, Container: (null))
2023-02-02 12:33:03.130 Db SwiperFlatListExample[39425:273df5] [com.apple.defaults:User Defaults] looked up value 1 for key RCTI18nUtil_makeRTLFlipLeftAndRightStyles in CFPrefsPlistSource<0x600002140100> (Domain: org.reactjs.native.example.SwiperFlatListExample, User: kCFPreferencesCurrentUser, ByHost: No, Container: (null), Contents Need Refresh: No) via CFPrefsSearchListSource<0x600002144600> (Domain: org.reactjs.native.example.SwiperFlatListExample, Container: (null))
2023-02-02 12:33:03.130 Db SwiperFlatListExample[39425:273df5] [com.apple.defaults:User Defaults] looked up value 1 for key RCTI18nUtil_makeRTLFlipLeftAndRightStyles in CFPrefsPlistSource<0x600002140100> (Domain: org.reactjs.native.example.SwiperFlatListExample, User: kCFPreferencesCurrentUser, ByHost: No, Container: (null), Contents Need Refresh: No) via CFPrefsSearchListSource<0x600002144600> (Domain: org.reactjs.native.example.SwiperFlatListExample, Container: (null))
2023-02-02 12:33:03.130 Db SwiperFlatListExample[39425:273df5] [com.apple.defaults:User Defaults] looked up value 1 for key RCTI18nUtil_makeRTLFlipLeftAndRightStyles in CFPrefsPlistSource<0x600002140100> (Domain: org.reactjs.native.example.SwiperFlatListExample, User: kCFPreferencesCurrentUser, ByHost: No, Container: (null), Contents Need Refresh: No) via CFPrefsSearchListSource<0x600002144600> (Domain: org.reactjs.native.example.SwiperFlatListExample, Container: (null))
2023-02-02 12:33:03.130 Df SwiperFlatListExample[39425:273e67] [com.apple.securityd:SecError] SecTrustReportNetworkingAnalytics failed with error: -4
2023-02-02 12:33:03.130 Db SwiperFlatListExample[39425:273df5] [com.apple.defaults:User Defaults] looked up value 1 for key RCTI18nUtil_makeRTLFlipLeftAndRightStyles in CFPrefsPlistSource<0x600002140100> (Domain: org.reactjs.native.example.SwiperFlatListExample, User: kCFPreferencesCurrentUser, ByHost: No, Container: (null), Contents Need Refresh: No) via CFPrefsSearchListSource<0x600002144600> (Domain: org.reactjs.native.example.SwiperFlatListExample, Container: (null))
2023-02-02 12:33:03.130 Db SwiperFlatListExample[39425:273df5] [com.apple.defaults:User Defaults] looked up value 1 for key RCTI18nUtil_makeRTLFlipLeftAndRightStyles in CFPrefsPlistSource<0x600002140100> (Domain: org.reactjs.native.example.SwiperFlatListExample, User: kCFPreferencesCurrentUser, ByHost: No, Container: (null), Contents Need Refresh: No) via CFPrefsSearchListSource<0x600002144600> (Domain: org.reactjs.native.example.SwiperFlatListExample, Container: (null))
2023-02-02 12:33:03.130 I  SwiperFlatListExample[39425:273e6a] [com.apple.network:connection] nw_endpoint_handler_start [C9 localhost:8081 initial parent-flow ((null))]
2023-02-02 12:33:03.130 Db SwiperFlatListExample[39425:273df5] [com.apple.defaults:User Defaults] looked up value 1 for key RCTI18nUtil_makeRTLFlipLeftAndRightStyles in CFPrefsPlistSource<0x600002140100> (Domain: org.reactjs.native.example.SwiperFlatListExample, User: kCFPreferencesCurrentUser, ByHost: No, Container: (null), Contents Need Refresh: No) via CFPrefsSearchListSource<0x600002144600> (Domain: org.reactjs.native.example.SwiperFlatListExample, Container: (null))
2023-02-02 12:33:03.130 Df SwiperFlatListExample[39425:273e6a] [com.apple.network:connection] [C9 localhost:8081 initial parent-flow ((null))] event: path:start @0.000s
2023-02-02 12:33:03.130 Db SwiperFlatListExample[39425:273df5] [com.apple.defaults:User Defaults] looked up value 1 for key RCTI18nUtil_makeRTLFlipLeftAndRightStyles in CFPrefsPlistSource<0x600002140100> (Domain: org.reactjs.native.example.SwiperFlatListExample, User: kCFPreferencesCurrentUser, ByHost: No, Container: (null), Contents Need Refresh: No) via CFPrefsSearchListSource<0x600002144600> (Domain: org.reactjs.native.example.SwiperFlatListExample, Container: (null))
2023-02-02 12:33:03.130 Db SwiperFlatListExample[39425:273df5] [com.apple.defaults:User Defaults] found no value for key NSDebugBidi in CFPrefsSearchListSource<0x600002144600> (Domain: org.reactjs.native.example.SwiperFlatListExample, Container: (null))
2023-02-02 12:33:03.130 Db SwiperFlatListExample[39425:273df5] [com.apple.defaults:User Defaults] found no value for key NSCorrectionUnderlineBehavior in CFPrefsSearchListSource<0x600002144600> (Domain: org.reactjs.native.example.SwiperFlatListExample, Container: (null))
2023-02-02 12:33:03.130 Db SwiperFlatListExample[39425:273e6a] [com.apple.network:connection] nw_endpoint_handler_path_change [C9 localhost:8081 waiting parent-flow (satisfied (Path is satisfied), interface: en0[802.11])]
2023-02-02 12:33:03.130 Df SwiperFlatListExample[39425:273e6a] [com.apple.network:connection] [C9 localhost:8081 waiting parent-flow (satisfied (Path is satisfied), interface: en0[802.11])] event: path:satisfied @0.000s, uuid: BF035A41-7AC6-4EF6-81D1-CB62ED14F6B8
2023-02-02 12:33:03.130 I  SwiperFlatListExample[39425:273e6a] [com.apple.network:connection] nw_connection_endpoint_report_on_nw_queue_block_invoke [C9 localhost:8081 waiting parent-flow (satisfied (Path is satisfied), interface: en0[802.11])] skipping state update
2023-02-02 12:33:03.130 Db SwiperFlatListExample[39425:273e6a] [com.apple.network:] nw_endpoint_proxy_handler_should_use_proxy Looking up proxy for hostname: localhost, ifindex: 0
2023-02-02 12:33:03.130 Db SwiperFlatListExample[39425:273e6a] [com.apple.SystemConfiguration:SCPreferences] create <SCPreferences 0x142504a60 [0x1ba9afc60]> {name = SCDynamicStoreCopyProxiesWithOptions, id = /Library/Managed Preferences/mobile/com.apple.SystemConfiguration.plist, path = /Library/Managed Preferences/mobile/com.apple.SystemConfiguration.plist}
2023-02-02 12:33:03.130 Db SwiperFlatListExample[39425:273e6a] [com.apple.SystemConfiguration:SCPreferences] SCPreferences() access: /Library/Managed Preferences/mobile/com.apple.SystemConfiguration.plist, size=0
2023-02-02 12:33:03.130 Db SwiperFlatListExample[39425:273e6a] [com.apple.SystemConfiguration:SCPreferences] release <SCPreferences 0x142504a60 [0x1ba9afc60]> {name = SCDynamicStoreCopyProxiesWithOptions, id = /Library/Managed Preferences/mobile/com.apple.SystemConfiguration.plist, path = /Library/Managed Preferences/mobile/com.apple.SystemConfiguration.plist, accessed}
2023-02-02 12:33:03.131 Db SwiperFlatListExample[39425:273df5] [com.apple.defaults:User Defaults] looked up value 1 for key RCTI18nUtil_makeRTLFlipLeftAndRightStyles in CFPrefsPlistSource<0x600002140100> (Domain: org.reactjs.native.example.SwiperFlatListExample, User: kCFPreferencesCurrentUser, ByHost: No, Container: (null), Contents Need Refresh: No) via CFPrefsSearchListSource<0x600002144600> (Domain: org.reactjs.native.example.SwiperFlatListExample, Container: (null))
2023-02-02 12:33:03.131 Db SwiperFlatListExample[39425:273df5] [com.apple.defaults:User Defaults] looked up value 1 for key RCTI18nUtil_makeRTLFlipLeftAndRightStyles in CFPrefsPlistSource<0x600002140100> (Domain: org.reactjs.native.example.SwiperFlatListExample, User: kCFPreferencesCurrentUser, ByHost: No, Container: (null), Contents Need Refresh: No) via CFPrefsSearchListSource<0x600002144600> (Domain: org.reactjs.native.example.SwiperFlatListExample, Container: (null))
2023-02-02 12:33:03.131 Db SwiperFlatListExample[39425:273df5] [com.apple.defaults:User Defaults] looked up value 1 for key RCTI18nUtil_makeRTLFlipLeftAndRightStyles in CFPrefsPlistSource<0x600002140100> (Domain: org.reactjs.native.example.SwiperFlatListExample, User: kCFPreferencesCurrentUser, ByHost: No, Container: (null), Contents Need Refresh: No) via CFPrefsSearchListSource<0x600002144600> (Domain: org.reactjs.native.example.SwiperFlatListExample, Container: (null))
2023-02-02 12:33:03.131 Db SwiperFlatListExample[39425:273df5] [com.apple.defaults:User Defaults] looked up value 1 for key RCTI18nUtil_makeRTLFlipLeftAndRightStyles in CFPrefsPlistSource<0x600002140100> (Domain: org.reactjs.native.example.SwiperFlatListExample, User: kCFPreferencesCurrentUser, ByHost: No, Container: (null), Contents Need Refresh: No) via CFPrefsSearchListSource<0x600002144600> (Domain: org.reactjs.native.example.SwiperFlatListExample, Container: (null))
2023-02-02 12:33:03.131 Db SwiperFlatListExample[39425:273df5] [com.apple.defaults:User Defaults] looked up value 1 for key RCTI18nUtil_makeRTLFlipLeftAndRightStyles in CFPrefsPlistSource<0x600002140100> (Domain: org.reactjs.native.example.SwiperFlatListExample, User: kCFPreferencesCurrentUser, ByHost: No, Container: (null), Contents Need Refresh: No) via CFPrefsSearchListSource<0x600002144600> (Domain: org.reactjs.native.example.SwiperFlatListExample, Container: (null))
2023-02-02 12:33:03.131 Db SwiperFlatListExample[39425:273df5] [com.apple.defaults:User Defaults] looked up value 1 for key RCTI18nUtil_makeRTLFlipLeftAndRightStyles in CFPrefsPlistSource<0x600002140100> (Domain: org.reactjs.native.example.SwiperFlatListExample, User: kCFPreferencesCurrentUser, ByHost: No, Container: (null), Contents Need Refresh: No) via CFPrefsSearchListSource<0x600002144600> (Domain: org.reactjs.native.example.SwiperFlatListExample, Container: (null))
2023-02-02 12:33:03.131 Db SwiperFlatListExample[39425:273e6a] [com.apple.network:connection] nw_endpoint_flow_attach_protocols [C9 localhost:8081 in_progress parent-flow (satisfied (Path is satisfied), interface: en0[802.11])]
2023-02-02 12:33:03.131 Db SwiperFlatListExample[39425:273df5] [com.apple.defaults:User Defaults] looked up value 1 for key RCTI18nUtil_makeRTLFlipLeftAndRightStyles in CFPrefsPlistSource<0x600002140100> (Domain: org.reactjs.native.example.SwiperFlatListExample, User: kCFPreferencesCurrentUser, ByHost: No, Container: (null), Contents Need Refresh: No) via CFPrefsSearchListSource<0x600002144600> (Domain: org.reactjs.native.example.SwiperFlatListExample, Container: (null))
2023-02-02 12:33:03.131 Db SwiperFlatListExample[39425:273e6a] [com.apple.network:connection] nw_endpoint_flow_attach_protocols [C9 localhost:8081 in_progress parent-flow (satisfied (Path is satisfied), interface: en0[802.11])] stopping after adding persistent application protocols
2023-02-02 12:33:03.131 Db SwiperFlatListExample[39425:273df5] [com.apple.defaults:User Defaults] looked up value 1 for key RCTI18nUtil_makeRTLFlipLeftAndRightStyles in CFPrefsPlistSource<0x600002140100> (Domain: org.reactjs.native.example.SwiperFlatListExample, User: kCFPreferencesCurrentUser, ByHost: No, Container: (null), Contents Need Refresh: No) via CFPrefsSearchListSource<0x600002144600> (Domain: org.reactjs.native.example.SwiperFlatListExample, Container: (null))
2023-02-02 12:33:03.131 Db SwiperFlatListExample[39425:273df5] [com.apple.defaults:User Defaults] looked up value 1 for key RCTI18nUtil_makeRTLFlipLeftAndRightStyles in CFPrefsPlistSource<0x600002140100> (Domain: org.reactjs.native.example.SwiperFlatListExample, User: kCFPreferencesCurrentUser, ByHost: No, Container: (null), Contents Need Refresh: No) via CFPrefsSearchListSource<0x600002144600> (Domain: org.reactjs.native.example.SwiperFlatListExample, Container: (null))
2023-02-02 12:33:03.131 Df SwiperFlatListExample[39425:273e6a] [com.apple.network:connection] [C9 localhost:8081 in_progress parent-flow (satisfied (Path is satisfied), interface: en0[802.11])] event: flow:start_child @0.000s
2023-02-02 12:33:03.131 Db SwiperFlatListExample[39425:273df5] [com.apple.defaults:User Defaults] looked up value 1 for key RCTI18nUtil_makeRTLFlipLeftAndRightStyles in CFPrefsPlistSource<0x600002140100> (Domain: org.reactjs.native.example.SwiperFlatListExample, User: kCFPreferencesCurrentUser, ByHost: No, Container: (null), Contents Need Refresh: No) via CFPrefsSearchListSource<0x600002144600> (Domain: org.reactjs.native.example.SwiperFlatListExample, Container: (null))
2023-02-02 12:33:03.131 Df SwiperFlatListExample[39425:273e6a] [com.apple.network:connection] nw_connection_report_state_with_handler_on_nw_queue [C9] reporting state preparing
2023-02-02 12:33:03.131 Db SwiperFlatListExample[39425:273df5] [com.apple.defaults:User Defaults] looked up value 1 for key RCTI18nUtil_makeRTLFlipLeftAndRightStyles in CFPrefsPlistSource<0x600002140100> (Domain: org.reactjs.native.example.SwiperFlatListExample, User: kCFPreferencesCurrentUser, ByHost: No, Container: (null), Contents Need Refresh: No) via CFPrefsSearchListSource<0x600002144600> (Domain: org.reactjs.native.example.SwiperFlatListExample, Container: (null))
2023-02-02 12:33:03.131 Db SwiperFlatListExample[39425:273df5] [com.apple.defaults:User Defaults] looked up value 1 for key RCTI18nUtil_makeRTLFlipLeftAndRightStyles in CFPrefsPlistSource<0x600002140100> (Domain: org.reactjs.native.example.SwiperFlatListExample, User: kCFPreferencesCurrentUser, ByHost: No, Container: (null), Contents Need Refresh: No) via CFPrefsSearchListSource<0x600002144600> (Domain: org.reactjs.native.example.SwiperFlatListExample, Container: (null))
2023-02-02 12:33:03.131 I  SwiperFlatListExample[39425:273e6a] [com.apple.network:connection] nw_endpoint_handler_start [C9.1 localhost:8081 initial path ((null))]
2023-02-02 12:33:03.131 Db SwiperFlatListExample[39425:273df5] [com.apple.defaults:User Defaults] looked up value 1 for key RCTI18nUtil_makeRTLFlipLeftAndRightStyles in CFPrefsPlistSource<0x600002140100> (Domain: org.reactjs.native.example.SwiperFlatListExample, User: kCFPreferencesCurrentUser, ByHost: No, Container: (null), Contents Need Refresh: No) via CFPrefsSearchListSource<0x600002144600> (Domain: org.reactjs.native.example.SwiperFlatListExample, Container: (null))
2023-02-02 12:33:03.131 Db SwiperFlatListExample[39425:273df5] [com.apple.defaults:User Defaults] looked up value 1 for key RCTI18nUtil_makeRTLFlipLeftAndRightStyles in CFPrefsPlistSource<0x600002140100> (Domain: org.reactjs.native.example.SwiperFlatListExample, User: kCFPreferencesCurrentUser, ByHost: No, Container: (null), Contents Need Refresh: No) via CFPrefsSearchListSource<0x600002144600> (Domain: org.reactjs.native.example.SwiperFlatListExample, Container: (null))
2023-02-02 12:33:03.131 Db SwiperFlatListExample[39425:273e6a] [com.apple.network:connection] nw_endpoint_flow_receive_report [C9 localhost:8081 in_progress parent-flow (satisfied (Path is satisfied), interface: en0[802.11])] received child report: [C9.1 localhost:8081 initial path ((null))]
2023-02-02 12:33:03.131 Db SwiperFlatListExample[39425:273df5] [com.apple.defaults:User Defaults] looked up value 1 for key RCTI18nUtil_makeRTLFlipLeftAndRightStyles in CFPrefsPlistSource<0x600002140100> (Domain: org.reactjs.native.example.SwiperFlatListExample, User: kCFPreferencesCurrentUser, ByHost: No, Container: (null), Contents Need Refresh: No) via CFPrefsSearchListSource<0x600002144600> (Domain: org.reactjs.native.example.SwiperFlatListExample, Container: (null))
2023-02-02 12:33:03.131 Df SwiperFlatListExample[39425:273e6a] [com.apple.network:connection] [C9.1 localhost:8081 initial path ((null))] event: path:start @0.001s
2023-02-02 12:33:03.131 Db SwiperFlatListExample[39425:273df5] [com.apple.defaults:User Defaults] looked up value 1 for key RCTI18nUtil_makeRTLFlipLeftAndRightStyles in CFPrefsPlistSource<0x600002140100> (Domain: org.reactjs.native.example.SwiperFlatListExample, User: kCFPreferencesCurrentUser, ByHost: No, Container: (null), Contents Need Refresh: No) via CFPrefsSearchListSource<0x600002144600> (Domain: org.reactjs.native.example.SwiperFlatListExample, Container: (null))
2023-02-02 12:33:03.131 Db SwiperFlatListExample[39425:273df5] [com.apple.defaults:User Defaults] looked up value 1 for key RCTI18nUtil_makeRTLFlipLeftAndRightStyles in CFPrefsPlistSource<0x600002140100> (Domain: org.reactjs.native.example.SwiperFlatListExample, User: kCFPreferencesCurrentUser, ByHost: No, Container: (null), Contents Need Refresh: No) via CFPrefsSearchListSource<0x600002144600> (Domain: org.reactjs.native.example.SwiperFlatListExample, Container: (null))
2023-02-02 12:33:03.131 Db SwiperFlatListExample[39425:273df5] [com.apple.defaults:User Defaults] looked up value 1 for key RCTI18nUtil_makeRTLFlipLeftAndRightStyles in CFPrefsPlistSource<0x600002140100> (Domain: org.reactjs.native.example.SwiperFlatListExample, User: kCFPreferencesCurrentUser, ByHost: No, Container: (null), Contents Need Refresh: No) via CFPrefsSearchListSource<0x600002144600> (Domain: org.reactjs.native.example.SwiperFlatListExample, Container: (null))
2023-02-02 12:33:03.131 Db SwiperFlatListExample[39425:273e6a] [com.apple.network:connection] nw_endpoint_handler_path_change [C9.1 localhost:8081 waiting path (satisfied (Path is satisfied), interface: en0[802.11])]
2023-02-02 12:33:03.131 Db SwiperFlatListExample[39425:273df5] [com.apple.defaults:User Defaults] looked up value 1 for key RCTI18nUtil_makeRTLFlipLeftAndRightStyles in CFPrefsPlistSource<0x600002140100> (Domain: org.reactjs.native.example.SwiperFlatListExample, User: kCFPreferencesCurrentUser, ByHost: No, Container: (null), Contents Need Refresh: No) via CFPrefsSearchListSource<0x600002144600> (Domain: org.reactjs.native.example.SwiperFlatListExample, Container: (null))
2023-02-02 12:33:03.131 Db SwiperFlatListExample[39425:273e6a] [com.apple.network:connection] nw_endpoint_flow_receive_report [C9 localhost:8081 in_progress parent-flow (satisfied (Path is satisfied), interface: en0[802.11])] received child report: [C9.1 localhost:8081 waiting path (satisfied (Path is satisfied), interface: en0[802.11])]
2023-02-02 12:33:03.131 Db SwiperFlatListExample[39425:273df5] [com.apple.defaults:User Defaults] looked up value 1 for key RCTI18nUtil_makeRTLFlipLeftAndRightStyles in CFPrefsPlistSource<0x600002140100> (Domain: org.reactjs.native.example.SwiperFlatListExample, User: kCFPreferencesCurrentUser, ByHost: No, Container: (null), Contents Need Refresh: No) via CFPrefsSearchListSource<0x600002144600> (Domain: org.reactjs.native.example.SwiperFlatListExample, Container: (null))
2023-02-02 12:33:03.131 Db SwiperFlatListExample[39425:273df5] [com.apple.defaults:User Defaults] looked up value 1 for key RCTI18nUtil_makeRTLFlipLeftAndRightStyles in CFPrefsPlistSource<0x600002140100> (Domain: org.reactjs.native.example.SwiperFlatListExample, User: kCFPreferencesCurrentUser, ByHost: No, Container: (null), Contents Need Refresh: No) via CFPrefsSearchListSource<0x600002144600> (Domain: org.reactjs.native.example.SwiperFlatListExample, Container: (null))
2023-02-02 12:33:03.131 Df SwiperFlatListExample[39425:273e6a] [com.apple.network:connection] [C9.1 localhost:8081 waiting path (satisfied (Path is satisfied), interface: en0[802.11])] event: path:satisfied @0.001s, uuid: BF035A41-7AC6-4EF6-81D1-CB62ED14F6B8
2023-02-02 12:33:03.131 Db SwiperFlatListExample[39425:273df5] [com.apple.defaults:User Defaults] looked up value 1 for key RCTI18nUtil_makeRTLFlipLeftAndRightStyles in CFPrefsPlistSource<0x600002140100> (Domain: org.reactjs.native.example.SwiperFlatListExample, User: kCFPreferencesCurrentUser, ByHost: No, Container: (null), Contents Need Refresh: No) via CFPrefsSearchListSource<0x600002144600> (Domain: org.reactjs.native.example.SwiperFlatListExample, Container: (null))
2023-02-02 12:33:03.131 Db SwiperFlatListExample[39425:273e6a] [com.apple.network:] nw_endpoint_proxy_handler_should_use_proxy Looking up proxy for hostname: localhost, ifindex: 0
2023-02-02 12:33:03.131 Db SwiperFlatListExample[39425:273df5] [com.apple.defaults:User Defaults] looked up value 1 for key RCTI18nUtil_makeRTLFlipLeftAndRightStyles in CFPrefsPlistSource<0x600002140100> (Domain: org.reactjs.native.example.SwiperFlatListExample, User: kCFPreferencesCurrentUser, ByHost: No, Container: (null), Contents Need Refresh: No) via CFPrefsSearchListSource<0x600002144600> (Domain: org.reactjs.native.example.SwiperFlatListExample, Container: (null))
2023-02-02 12:33:03.131 Db SwiperFlatListExample[39425:273e6a] [com.apple.SystemConfiguration:SCPreferences] create <SCPreferences 0x142394b00 [0x1ba9afc60]> {name = SCDynamicStoreCopyProxiesWithOptions, id = /Library/Managed Preferences/mobile/com.apple.SystemConfiguration.plist, path = /Library/Managed Preferences/mobile/com.apple.SystemConfiguration.plist}
2023-02-02 12:33:03.131 Db SwiperFlatListExample[39425:273df5] [com.apple.defaults:User Defaults] looked up value 1 for key RCTI18nUtil_makeRTLFlipLeftAndRightStyles in CFPrefsPlistSource<0x600002140100> (Domain: org.reactjs.native.example.SwiperFlatListExample, User: kCFPreferencesCurrentUser, ByHost: No, Container: (null), Contents Need Refresh: No) via CFPrefsSearchListSource<0x600002144600> (Domain: org.reactjs.native.example.SwiperFlatListExample, Container: (null))
2023-02-02 12:33:03.131 Db SwiperFlatListExample[39425:273e6a] [com.apple.SystemConfiguration:SCPreferences] SCPreferences() access: /Library/Managed Preferences/mobile/com.apple.SystemConfiguration.plist, size=0
2023-02-02 12:33:03.131 Db SwiperFlatListExample[39425:273df5] [com.apple.defaults:User Defaults] looked up value 1 for key RCTI18nUtil_makeRTLFlipLeftAndRightStyles in CFPrefsPlistSource<0x600002140100> (Domain: org.reactjs.native.example.SwiperFlatListExample, User: kCFPreferencesCurrentUser, ByHost: No, Container: (null), Contents Need Refresh: No) via CFPrefsSearchListSource<0x600002144600> (Domain: org.reactjs.native.example.SwiperFlatListExample, Container: (null))
2023-02-02 12:33:03.131 Db SwiperFlatListExample[39425:273e6a] [com.apple.SystemConfiguration:SCPreferences] release <SCPreferences 0x142394b00 [0x1ba9afc60]> {name = SCDynamicStoreCopyProxiesWithOptions, id = /Library/Managed Preferences/mobile/com.apple.SystemConfiguration.plist, path = /Library/Managed Preferences/mobile/com.apple.SystemConfiguration.plist, accessed}
2023-02-02 12:33:03.131 Db SwiperFlatListExample[39425:273df5] [com.apple.defaults:User Defaults] looked up value 1 for key RCTI18nUtil_makeRTLFlipLeftAndRightStyles in CFPrefsPlistSource<0x600002140100> (Domain: org.reactjs.native.example.SwiperFlatListExample, User: kCFPreferencesCurrentUser, ByHost: No, Container: (null), Contents Need Refresh: No) via CFPrefsSearchListSource<0x600002144600> (Domain: org.reactjs.native.example.SwiperFlatListExample, Container: (null))
2023-02-02 12:33:03.131 Db SwiperFlatListExample[39425:273df5] [com.apple.defaults:User Defaults] looked up value 1 for key RCTI18nUtil_makeRTLFlipLeftAndRightStyles in CFPrefsPlistSource<0x600002140100> (Domain: org.reactjs.native.example.SwiperFlatListExample, User: kCFPreferencesCurrentUser, ByHost: No, Container: (null), Contents Need Refresh: No) via CFPrefsSearchListSource<0x600002144600> (Domain: org.reactjs.native.example.SwiperFlatListExample, Container: (null))
2023-02-02 12:33:03.131 Db SwiperFlatListExample[39425:273df5] [com.apple.defaults:User Defaults] looked up value 1 for key RCTI18nUtil_makeRTLFlipLeftAndRightStyles in CFPrefsPlistSource<0x600002140100> (Domain: org.reactjs.native.example.SwiperFlatListExample, User: kCFPreferencesCurrentUser, ByHost: No, Container: (null), Contents Need Refresh: No) via CFPrefsSearchListSource<0x600002144600> (Domain: org.reactjs.native.example.SwiperFlatListExample, Container: (null))
2023-02-02 12:33:03.131 Db SwiperFlatListExample[39425:273df5] [com.apple.defaults:User Defaults] looked up value 1 for key RCTI18nUtil_makeRTLFlipLeftAndRightStyles in CFPrefsPlistSource<0x600002140100> (Domain: org.reactjs.native.example.SwiperFlatListExample, User: kCFPreferencesCurrentUser, ByHost: No, Container: (null), Contents Need Refresh: No) via CFPrefsSearchListSource<0x600002144600> (Domain: org.reactjs.native.example.SwiperFlatListExample, Container: (null))
2023-02-02 12:33:03.131 Db SwiperFlatListExample[39425:273df5] [com.apple.defaults:User Defaults] looked up value 1 for key RCTI18nUtil_makeRTLFlipLeftAndRightStyles in CFPrefsPlistSource<0x600002140100> (Domain: org.reactjs.native.example.SwiperFlatListExample, User: kCFPreferencesCurrentUser, ByHost: No, Container: (null), Contents Need Refresh: No) via CFPrefsSearchListSource<0x600002144600> (Domain: org.reactjs.native.example.SwiperFlatListExample, Container: (null))
2023-02-02 12:33:03.131 Db SwiperFlatListExample[39425:273e6a] [com.apple.network:connection] -[NWConcrete_nw_endpoint_resolver startWithHandler:] [C9.1 localhost:8081 waiting resolver (satisfied (Path is satisfied), interface: en0[802.11])]
2023-02-02 12:33:03.131 Db SwiperFlatListExample[39425:273df5] [com.apple.defaults:User Defaults] looked up value 1 for key RCTI18nUtil_makeRTLFlipLeftAndRightStyles in CFPrefsPlistSource<0x600002140100> (Domain: org.reactjs.native.example.SwiperFlatListExample, User: kCFPreferencesCurrentUser, ByHost: No, Container: (null), Contents Need Refresh: No) via CFPrefsSearchListSource<0x600002144600> (Domain: org.reactjs.native.example.SwiperFlatListExample, Container: (null))
2023-02-02 12:33:03.131 Db SwiperFlatListExample[39425:273e6a] [com.apple.network:connection] nw_endpoint_flow_receive_report [C9 localhost:8081 in_progress parent-flow (satisfied (Path is satisfied), interface: en0[802.11])] received child report: [C9.1 localhost:8081 in_progress resolver (satisfied (Path is satisfied), interface: en0[802.11])]
2023-02-02 12:33:03.132 Db SwiperFlatListExample[39425:273df5] [com.apple.defaults:User Defaults] looked up value 1 for key RCTI18nUtil_makeRTLFlipLeftAndRightStyles in CFPrefsPlistSource<0x600002140100> (Domain: org.reactjs.native.example.SwiperFlatListExample, User: kCFPreferencesCurrentUser, ByHost: No, Container: (null), Contents Need Refresh: No) via CFPrefsSearchListSource<0x600002144600> (Domain: org.reactjs.native.example.SwiperFlatListExample, Container: (null))
2023-02-02 12:33:03.132 Db SwiperFlatListExample[39425:273df5] [com.apple.defaults:User Defaults] looked up value 1 for key RCTI18nUtil_makeRTLFlipLeftAndRightStyles in CFPrefsPlistSource<0x600002140100> (Domain: org.reactjs.native.example.SwiperFlatListExample, User: kCFPreferencesCurrentUser, ByHost: No, Container: (null), Contents Need Refresh: No) via CFPrefsSearchListSource<0x600002144600> (Domain: org.reactjs.native.example.SwiperFlatListExample, Container: (null))
2023-02-02 12:33:03.132 Db SwiperFlatListExample[39425:273df5] [com.apple.defaults:User Defaults] looked up value 1 for key RCTI18nUtil_makeRTLFlipLeftAndRightStyles in CFPrefsPlistSource<0x600002140100> (Domain: org.reactjs.native.example.SwiperFlatListExample, User: kCFPreferencesCurrentUser, ByHost: No, Container: (null), Contents Need Refresh: No) via CFPrefsSearchListSource<0x600002144600> (Domain: org.reactjs.native.example.SwiperFlatListExample, Container: (null))
2023-02-02 12:33:03.132 Df SwiperFlatListExample[39425:273e6a] [com.apple.network:connection] [C9.1 localhost:8081 in_progress resolver (satisfied (Path is satisfied), interface: en0[802.11])] event: resolver:start_dns @0.001s
2023-02-02 12:33:03.132 Db SwiperFlatListExample[39425:273df5] [com.apple.defaults:User Defaults] looked up value 1 for key RCTI18nUtil_makeRTLFlipLeftAndRightStyles in CFPrefsPlistSource<0x600002140100> (Domain: org.reactjs.native.example.SwiperFlatListExample, User: kCFPreferencesCurrentUser, ByHost: No, Container: (null), Contents Need Refresh: No) via CFPrefsSearchListSource<0x600002144600> (Domain: org.reactjs.native.example.SwiperFlatListExample, Container: (null))
2023-02-02 12:33:03.132 Db SwiperFlatListExample[39425:273df5] [com.apple.defaults:User Defaults] looked up value 1 for key RCTI18nUtil_makeRTLFlipLeftAndRightStyles in CFPrefsPlistSource<0x600002140100> (Domain: org.reactjs.native.example.SwiperFlatListExample, User: kCFPreferencesCurrentUser, ByHost: No, Container: (null), Contents Need Refresh: No) via CFPrefsSearchListSource<0x600002144600> (Domain: org.reactjs.native.example.SwiperFlatListExample, Container: (null))
2023-02-02 12:33:03.132 I  SwiperFlatListExample[39425:273e6a] [com.apple.network:connection] nw_resolver_create_dns_service_locked [C9.1] Starting host resolution localhost:8081, flags 0xc000d000 proto 0
2023-02-02 12:33:03.132 Db SwiperFlatListExample[39425:273df5] [com.apple.defaults:User Defaults] looked up value 1 for key RCTI18nUtil_makeRTLFlipLeftAndRightStyles in CFPrefsPlistSource<0x600002140100> (Domain: org.reactjs.native.example.SwiperFlatListExample, User: kCFPreferencesCurrentUser, ByHost: No, Container: (null), Contents Need Refresh: No) via CFPrefsSearchListSource<0x600002144600> (Domain: org.reactjs.native.example.SwiperFlatListExample, Container: (null))
2023-02-02 12:33:03.132 Df SwiperFlatListExample[39425:273e6a] (CFNetwork) Task <4263AF52-9731-49E2-8838-3E3C6624E5F0>.<1> setting up Connection 9
2023-02-02 12:33:03.132 Db SwiperFlatListExample[39425:273df5] [com.apple.defaults:User Defaults] looked up value 1 for key RCTI18nUtil_makeRTLFlipLeftAndRightStyles in CFPrefsPlistSource<0x600002140100> (Domain: org.reactjs.native.example.SwiperFlatListExample, User: kCFPreferencesCurrentUser, ByHost: No, Container: (null), Contents Need Refresh: No) via CFPrefsSearchListSource<0x600002144600> (Domain: org.reactjs.native.example.SwiperFlatListExample, Container: (null))
2023-02-02 12:33:03.132 Db SwiperFlatListExample[39425:273e6a] [com.apple.network:activity] Returning should log: 0 for activity cfnetwork:foreground_task
2023-02-02 12:33:03.132 Db SwiperFlatListExample[39425:273df5] [com.apple.defaults:User Defaults] looked up value 1 for key RCTI18nUtil_makeRTLFlipLeftAndRightStyles in CFPrefsPlistSource<0x600002140100> (Domain: org.reactjs.native.example.SwiperFlatListExample, User: kCFPreferencesCurrentUser, ByHost: No, Container: (null), Contents Need Refresh: No) via CFPrefsSearchListSource<0x600002144600> (Domain: org.reactjs.native.example.SwiperFlatListExample, Container: (null))
2023-02-02 12:33:03.132 I  SwiperFlatListExample[39425:273e6a] [com.apple.network:connection] nw_resolver_host_resolve_callback [C9.1] flags=0x40000003 ifindex=4294967295 error=NoError(0) hostname=localhost. addr=::1 ttl=1
2023-02-02 12:33:03.132 I  SwiperFlatListExample[39425:273e6a] [com.apple.network:connection] nw_resolver_host_resolve_callback [C9.1] flags=0x40000002 ifindex=4294967295 error=NoError(0) hostname=localhost. addr=127.0.0.1 ttl=1
2023-02-02 12:33:03.132 Db SwiperFlatListExample[39425:273e6a] [com.apple.network:] sa_dst_compare_rfc6724 Rule 6, prefer d2, d2 precedence 50 > d1 precedence 35
2023-02-02 12:33:03.132 Db SwiperFlatListExample[39425:273e6a] [com.apple.network:] sa_dst_compare_internal <private>@0 < <private>@0
2023-02-02 12:33:03.132 Db SwiperFlatListExample[39425:273e6a] [com.apple.network:connection] nw_endpoint_resolver_update [C9.1 localhost:8081 in_progress resolver (satisfied (Path is satisfied), interface: en0[802.11])] resolver is complete
2023-02-02 12:33:03.132 Df SwiperFlatListExample[39425:273e6a] [com.apple.network:connection] nw_endpoint_resolver_update [C9.1 localhost:8081 in_progress resolver (satisfied (Path is satisfied), interface: en0[802.11])] Adding endpoint handler for ::1.8081
2023-02-02 12:33:03.132 Df SwiperFlatListExample[39425:273e6a] [com.apple.network:connection] nw_endpoint_resolver_update [C9.1 localhost:8081 in_progress resolver (satisfied (Path is satisfied), interface: en0[802.11])] Adding endpoint handler for 127.0.0.1:8081
2023-02-02 12:33:03.132 Db SwiperFlatListExample[39425:273e6a] [com.apple.network:connection] nw_endpoint_resolver_update [C9.1 localhost:8081 in_progress resolver (satisfied (Path is satisfied), interface: en0[802.11])] Updated endpoint list is (::1.8081,127.0.0.1:8081)
2023-02-02 12:33:03.132 Db SwiperFlatListExample[39425:273e6a] [com.apple.network:connection] nw_endpoint_flow_receive_report [C9 localhost:8081 in_progress parent-flow (satisfied (Path is satisfied), interface: en0[802.11])] received child report: [C9.1 localhost:8081 in_progress resolver (satisfied (Path is satisfied), interface: en0[802.11])]
2023-02-02 12:33:03.132 Df SwiperFlatListExample[39425:273e6a] [com.apple.network:connection] [C9.1 localhost:8081 in_progress resolver (satisfied (Path is satisfied), interface: en0[802.11])] event: resolver:receive_dns @0.002s
2023-02-02 12:33:03.132 I  SwiperFlatListExample[39425:273e6a] [com.apple.network:connection] nw_endpoint_resolver_start_next_child [C9.1 localhost:8081 in_progress resolver (satisfied (Path is satisfied), interface: en0[802.11])] starting child endpoint ::1.8081
2023-02-02 12:33:03.132 I  SwiperFlatListExample[39425:273e6a] [com.apple.network:connection] nw_endpoint_handler_start [C9.1.1 ::1.8081 initial path ((null))]
2023-02-02 12:33:03.133 Db SwiperFlatListExample[39425:273e6a] [com.apple.network:connection] nw_endpoint_resolver_receive_report [C9.1 localhost:8081 in_progress resolver (satisfied (Path is satisfied), interface: en0[802.11])] received child report: [C9.1.1 ::1.8081 initial path ((null))]
2023-02-02 12:33:03.133 Db SwiperFlatListExample[39425:273e6a] [com.apple.network:connection] nw_endpoint_flow_receive_report [C9 localhost:8081 in_progress parent-flow (satisfied (Path is satisfied), interface: en0[802.11])] received child report: [C9.1.1 ::1.8081 initial path ((null))]
2023-02-02 12:33:03.133 Df SwiperFlatListExample[39425:273e6a] [com.apple.network:connection] [C9.1.1 ::1.8081 initial path ((null))] event: path:start @0.002s
2023-02-02 12:33:03.133 Db SwiperFlatListExample[39425:273e6a] [com.apple.network:connection] nw_endpoint_handler_path_change [C9.1.1 ::1.8081 waiting path (satisfied (Path is satisfied), interface: lo0)]
2023-02-02 12:33:03.133 Db SwiperFlatListExample[39425:273e6a] [com.apple.network:connection] nw_endpoint_resolver_receive_report [C9.1 localhost:8081 in_progress resolver (satisfied (Path is satisfied), interface: en0[802.11])] received child report: [C9.1.1 ::1.8081 waiting path (satisfied (Path is satisfied), interface: lo0)]
2023-02-02 12:33:03.133 Db SwiperFlatListExample[39425:273e6a] [com.apple.network:connection] nw_endpoint_flow_receive_report [C9 localhost:8081 in_progress parent-flow (satisfied (Path is satisfied), interface: en0[802.11])] received child report: [C9.1.1 ::1.8081 waiting path (satisfied (Path is satisfied), interface: lo0)]
2023-02-02 12:33:03.133 Df SwiperFlatListExample[39425:273df5] [com.apple.BackBoard:Display] [FBSDisplaySource 1-1] silently connecting raw configuration: (null)
2023-02-02 12:33:03.133 Df SwiperFlatListExample[39425:273e6a] [com.apple.network:connection] [C9.1.1 ::1.8081 waiting path (satisfied (Path is satisfied), interface: lo0)] event: path:satisfied @0.002s, uuid: 8CEA6D58-251D-4399-AC00-E1A173163A89
