2023-02-02 12:33:47.246 Db SwiperFlatListExample[39825:274ac7] [com.apple.network:activity] No threshold for activity <nw_activity 12:2[7ED023A0-A3C0-415F-9C4C-791B8CE03805] (reporting strategy default) complete (reason success)>
2023-02-02 12:33:47.246 Db SwiperFlatListExample[39825:274ac7] [com.apple.CoreAnalytics.event:send] com.apple.ImageIO.CGImageSourceCreateWithData {"bundleID":"org.reactjs.native.example.SwiperFlatListExample","eventName":"com.apple.ImageIO.CGImageSourceCreateWithData","fileFormat":"public.jpeg"}
2023-02-02 12:33:47.246 Db SwiperFlatListExample[39825:274ac7] [com.apple.CoreAnalytics.event:send] com.apple.ImageIO.CGImageSourceCopyPropertiesAtIndex {"bundleID":"org.reactjs.native.example.SwiperFlatListExample","eventName":"com.apple.ImageIO.CGImageSourceCopyPropertiesAtIndex","fileFormat":"public.jpeg","index":0}
2023-02-02 12:33:47.246 Db SwiperFlatListExample[39825:274ac7] (AppleJPEG) [0x144449400] Created session
2023-02-02 12:33:47.246 Db SwiperFlatListExample[39825:274ac7] [com.apple.CoreAnalytics.event:send] com.apple.ImageIO.CGImageSourceCreateThumbnailAtIndex {"bundleID":"org.reactjs.native.example.SwiperFlatListExample","eventName":"com.apple.ImageIO.CGImageSourceCreateThumbnailAtIndex","fileFormat":"public.jpeg","index":0}
2023-02-02 12:33:47.246 Db SwiperFlatListExample[39825:274ac7] (AppleJPEG) [0x144464200] Created session
2023-02-02 12:33:47.246 Db SwiperFlatListExample[39825:274ac7] [com.apple.CoreAnalytics.event:send] com.apple.ImageIO.CGCopyImageBlockSetWithOptions {"bundleID":"org.reactjs.native.example.SwiperFlatListExample","eventName":"com.apple.ImageIO.CGCopyImageBlockSetWithOptions","fileFormat":"public.jpeg"}
2023-02-02 12:33:47.247 Db SwiperFlatListExample[39825:274ac7] (AppleJPEG) [0x14446ce00] Created session
2023-02-02 12:33:47.247 Db SwiperFlatListExample[39825:274ac7] (AppleJPEG) [0x0] Releasing session
2023-02-02 12:33:47.247 Db SwiperFlatListExample[39825:274ac7] (AppleJPEG) [0x14446ce00] Decoding: C0 0x02940190 0x00003048 0x22111100 0x00000000 69880
2023-02-02 12:33:47.247 Db SwiperFlatListExample[39825:274ac7] (AppleJPEG) [0x14446ce00] Options: 1x-1 [FFFFFFFF,FFFFFFFF] 00054060
2023-02-02 12:33:47.248 Db SwiperFlatListExample[39825:274ac7] (AppleJPEG) [0x14446ce00] Decoding completed without errors
2023-02-02 12:33:47.248 Db SwiperFlatListExample[39825:274ac7] (AppleJPEG) [0x14446ce00] Releasing session
2023-02-02 12:33:47.248 Db SwiperFlatListExample[39825:274ac7] (AppleJPEG) [0x144464200] Decoding: C0 0x02940190 0x0000304A 0x22111100 0x00000000 69880
2023-02-02 12:33:47.248 Db SwiperFlatListExample[39825:274ac7] (AppleJPEG) [0x144464200] Options: 660x400 [FFFFFFFF,FFFFFFFF] 0001D060
2023-02-02 12:33:47.249 Db SwiperFlatListExample[39825:274ac7] (AppleJPEG) [0x144464200] Decoding completed without errors
2023-02-02 12:33:47.250 Db SwiperFlatListExample[39825:274ac7] (AppleJPEG) [0x144464200] Releasing session
2023-02-02 12:33:47.250 Db SwiperFlatListExample[39825:274ac7] (AppleJPEG) [0x144449400] Releasing session
2023-02-02 12:33:47.300 Db SwiperFlatListExample[39825:274ac7] [com.apple.defaults:User Defaults] looked up value 1 for key RCTI18nUtil_makeRTLFlipLeftAndRightStyles in CFPrefsPlistSource<0x600000eb4780> (Domain: org.reactjs.native.example.SwiperFlatListExample, User: kCFPreferencesCurrentUser, ByHost: No, Container: (null), Contents Need Refresh: No) via CFPrefsSearchListSource<0x600000eac080> (Domain: org.reactjs.native.example.SwiperFlatListExample, Container: (null))
2023-02-02 12:33:47.300 Db SwiperFlatListExample[39825:274ac7] [com.apple.defaults:User Defaults] looked up value 1 for key RCTI18nUtil_makeRTLFlipLeftAndRightStyles in CFPrefsPlistSource<0x600000eb4780> (Domain: org.reactjs.native.example.SwiperFlatListExample, User: kCFPreferencesCurrentUser, ByHost: No, Container: (null), Contents Need Refresh: No) via CFPrefsSearchListSource<0x600000eac080> (Domain: org.reactjs.native.example.SwiperFlatListExample, Container: (null))
2023-02-02 12:33:47.306 Db SwiperFlatListExample[39825:274ac7] [com.apple.defaults:User Defaults] looked up value 1 for key RCTI18nUtil_makeRTLFlipLeftAndRightStyles in CFPrefsPlistSource<0x600000eb4780> (Domain: org.reactjs.native.example.SwiperFlatListExample, User: kCFPreferencesCurrentUser, ByHost: No, Container: (null), Contents Need Refresh: No) via CFPrefsSearchListSource<0x600000eac080> (Domain: org.reactjs.native.example.SwiperFlatListExample, Container: (null))
2023-02-02 12:33:47.306 Db SwiperFlatListExample[39825:274ac7] [com.apple.defaults:User Defaults] looked up value 1 for key RCTI18nUtil_makeRTLFlipLeftAndRightStyles in CFPrefsPlistSource<0x600000eb4780> (Domain: org.reactjs.native.example.SwiperFlatListExample, User: kCFPreferencesCurrentUser, ByHost: No, Container: (null), Contents Need Refresh: No) via CFPrefsSearchListSource<0x600000eac080> (Domain: org.reactjs.native.example.SwiperFlatListExample, Container: (null))
2023-02-02 12:33:47.306 Db SwiperFlatListExample[39825:274ac7] [com.apple.defaults:User Defaults] looked up value 1 for key RCTI18nUtil_makeRTLFlipLeftAndRightStyles in CFPrefsPlistSource<0x600000eb4780> (Domain: org.reactjs.native.example.SwiperFlatListExample, User: kCFPreferencesCurrentUser, ByHost: No, Container: (null), Contents Need Refresh: No) via CFPrefsSearchListSource<0x600000eac080> (Domain: org.reactjs.native.example.SwiperFlatListExample, Container: (null))
2023-02-02 12:33:47.306 Db SwiperFlatListExample[39825:274ac7] [com.apple.defaults:User Defaults] looked up value 1 for key RCTI18nUtil_makeRTLFlipLeftAndRightStyles in CFPrefsPlistSource<0x600000eb4780> (Domain: org.reactjs.native.example.SwiperFlatListExample, User: kCFPreferencesCurrentUser, ByHost: No, Container: (null), Contents Need Refresh: No) via CFPrefsSearchListSource<0x600000eac080> (Domain: org.reactjs.native.example.SwiperFlatListExample, Container: (null))
2023-02-02 12:33:47.306 Db SwiperFlatListExample[39825:274ac7] [com.apple.defaults:User Defaults] looked up value 1 for key RCTI18nUtil_makeRTLFlipLeftAndRightStyles in CFPrefsPlistSource<0x600000eb4780> (Domain: org.reactjs.native.example.SwiperFlatListExample, User: kCFPreferencesCurrentUser, ByHost: No, Container: (null), Contents Need Refresh: No) via CFPrefsSearchListSource<0x600000eac080> (Domain: org.reactjs.native.example.SwiperFlatListExample, Container: (null))
2023-02-02 12:33:47.306 Db SwiperFlatListExample[39825:274ac7] [com.apple.defaults:User Defaults] looked up value 1 for key RCTI18nUtil_makeRTLFlipLeftAndRightStyles in CFPrefsPlistSource<0x600000eb4780> (Domain: org.reactjs.native.example.SwiperFlatListExample, User: kCFPreferencesCurrentUser, ByHost: No, Container: (null), Contents Need Refresh: No) via CFPrefsSearchListSource<0x600000eac080> (Domain: org.reactjs.native.example.SwiperFlatListExample, Container: (null))
2023-02-02 12:33:47.311 Df SwiperFlatListExample[39825:274ac7] (CFNetwork) Task <726F09EF-730B-4895-9817-3783C48772DC>.<2> resuming, timeouts(60.0, 604800.0) QOS(0x19) Voucher (null)
2023-02-02 12:33:47.311 Db SwiperFlatListExample[39825:274ac7] [com.apple.network:activity] Returning should log: 0 for activity cfnetwork:foreground_task
2023-02-02 12:33:47.311 Db SwiperFlatListExample[39825:274ac7] [com.apple.network:activity] Domain cfnetwork rate configured in registry as 1 / 20000
2023-02-02 12:33:47.311 Db SwiperFlatListExample[39825:274ac7] [com.apple.network:activity] Domain cfnetwork rate configured after remote default override as 1 / 20000
2023-02-02 12:33:47.311 Db SwiperFlatListExample[39825:274ac7] [com.apple.network:activity] After reading settings plist, domain cfnetwork rate configured as 1 / 2000000
2023-02-02 12:33:47.311 Db SwiperFlatListExample[39825:274ac7] [com.apple.network:activity] After settings override, domain cfnetwork rate configured as 1 / 2000000
2023-02-02 12:33:47.311 Db SwiperFlatListExample[39825:274ac7] [com.apple.network:activity] Final domain cfnetwork rate configured as 1 / 2000000
2023-02-02 12:33:47.311 Db SwiperFlatListExample[39825:274ac7] [com.apple.network:activity] <nw_activity 12:2[No UUID] (reporting strategy default)> sampled at 1 / 2000000
2023-02-02 12:33:47.311 Db SwiperFlatListExample[39825:274ac7] [com.apple.network:activity] Returning should log: 0 for activity cfnetwork:foreground_task
2023-02-02 12:33:47.311 Df SwiperFlatListExample[39825:274ac7] (CFNetwork) [Telemetry]: Activity <nw_activity 12:2[3F677439-428C-43FF-A51A-882B2A2D551C] (reporting strategy default)> on Task <726F09EF-730B-4895-9817-3783C48772DC>.<2> was not selected for reporting
2023-02-02 12:33:47.311 Df SwiperFlatListExample[39825:274ac7] (CFNetwork) Task <4C48CB75-D725-4E9C-9EA4-31221D8B62A6>.<3> resuming, timeouts(60.0, 604800.0) QOS(0x19) Voucher (null)
2023-02-02 12:33:47.311 Db SwiperFlatListExample[39825:274ac7] [com.apple.network:activity] Returning should log: 0 for activity cfnetwork:foreground_task
2023-02-02 12:33:47.311 Db SwiperFlatListExample[39825:274a36] [com.apple.defaults:User Defaults] looked up value 1 for key RCTI18nUtil_makeRTLFlipLeftAndRightStyles in CFPrefsPlistSource<0x600000eb4780> (Domain: org.reactjs.native.example.SwiperFlatListExample, User: kCFPreferencesCurrentUser, ByHost: No, Container: (null), Contents Need Refresh: No) via CFPrefsSearchListSource<0x600000eac080> (Domain: org.reactjs.native.example.SwiperFlatListExample, Container: (null))
2023-02-02 12:33:47.311 Db SwiperFlatListExample[39825:274ac7] [com.apple.network:activity] Domain cfnetwork rate configured in registry as 1 / 20000
2023-02-02 12:33:47.311 Db SwiperFlatListExample[39825:274a36] [com.apple.defaults:User Defaults] looked up value 1 for key RCTI18nUtil_makeRTLFlipLeftAndRightStyles in CFPrefsPlistSource<0x600000eb4780> (Domain: org.reactjs.native.example.SwiperFlatListExample, User: kCFPreferencesCurrentUser, ByHost: No, Container: (null), Contents Need Refresh: No) via CFPrefsSearchListSource<0x600000eac080> (Domain: org.reactjs.native.example.SwiperFlatListExample, Container: (null))
2023-02-02 12:33:47.312 Db SwiperFlatListExample[39825:274ac7] [com.apple.network:activity] Domain cfnetwork rate configured after remote default override as 1 / 20000
2023-02-02 12:33:47.312 Db SwiperFlatListExample[39825:274a36] [com.apple.defaults:User Defaults] looked up value 1 for key RCTI18nUtil_makeRTLFlipLeftAndRightStyles in CFPrefsPlistSource<0x600000eb4780> (Domain: org.reactjs.native.example.SwiperFlatListExample, User: kCFPreferencesCurrentUser, ByHost: No, Container: (null), Contents Need Refresh: No) via CFPrefsSearchListSource<0x600000eac080> (Domain: org.reactjs.native.example.SwiperFlatListExample, Container: (null))
2023-02-02 12:33:47.312 Db SwiperFlatListExample[39825:274a36] [com.apple.defaults:User Defaults] looked up value 1 for key RCTI18nUtil_makeRTLFlipLeftAndRightStyles in CFPrefsPlistSource<0x600000eb4780> (Domain: org.reactjs.native.example.SwiperFlatListExample, User: kCFPreferencesCurrentUser, ByHost: No, Container: (null), Contents Need Refresh: No) via CFPrefsSearchListSource<0x600000eac080> (Domain: org.reactjs.native.example.SwiperFlatListExample, Container: (null))
2023-02-02 12:33:47.312 Db SwiperFlatListExample[39825:274a36] [com.apple.defaults:User Defaults] looked up value 1 for key RCTI18nUtil_makeRTLFlipLeftAndRightStyles in CFPrefsPlistSource<0x600000eb4780> (Domain: org.reactjs.native.example.SwiperFlatListExample, User: kCFPreferencesCurrentUser, ByHost: No, Container: (null), Contents Need Refresh: No) via CFPrefsSearchListSource<0x600000eac080> (Domain: org.reactjs.native.example.SwiperFlatListExample, Container: (null))
2023-02-02 12:33:47.312 Db SwiperFlatListExample[39825:274a36] [com.apple.defaults:User Defaults] looked up value 1 for key RCTI18nUtil_makeRTLFlipLeftAndRightStyles in CFPrefsPlistSource<0x600000eb4780> (Domain: org.reactjs.native.example.SwiperFlatListExample, User: kCFPreferencesCurrentUser, ByHost: No, Container: (null), Contents Need Refresh: No) via CFPrefsSearchListSource<0x600000eac080> (Domain: org.reactjs.native.example.SwiperFlatListExample, Container: (null))
2023-02-02 12:33:47.312 Db SwiperFlatListExample[39825:274f74] [com.apple.CFNetwork:ATS] Uploading ATS exception ATSAllowsLocalNetworking
2023-02-02 12:33:47.312 Db SwiperFlatListExample[39825:274a36] [com.apple.defaults:User Defaults] looked up value 1 for key RCTI18nUtil_makeRTLFlipLeftAndRightStyles in CFPrefsPlistSource<0x600000eb4780> (Domain: org.reactjs.native.example.SwiperFlatListExample, User: kCFPreferencesCurrentUser, ByHost: No, Container: (null), Contents Need Refresh: No) via CFPrefsSearchListSource<0x600000eac080> (Domain: org.reactjs.native.example.SwiperFlatListExample, Container: (null))
2023-02-02 12:33:47.312 Db SwiperFlatListExample[39825:274a36] [com.apple.defaults:User Defaults] looked up value 1 for key RCTI18nUtil_makeRTLFlipLeftAndRightStyles in CFPrefsPlistSource<0x600000eb4780> (Domain: org.reactjs.native.example.SwiperFlatListExample, User: kCFPreferencesCurrentUser, ByHost: No, Container: (null), Contents Need Refresh: No) via CFPrefsSearchListSource<0x600000eac080> (Domain: org.reactjs.native.example.SwiperFlatListExample, Container: (null))
2023-02-02 12:33:47.312 Db SwiperFlatListExample[39825:274ac7] [com.apple.network:activity] After reading settings plist, domain cfnetwork rate configured as 1 / 2000000
2023-02-02 12:33:47.312 Db SwiperFlatListExample[39825:274a36] [com.apple.defaults:User Defaults] looked up value 1 for key RCTI18nUtil_makeRTLFlipLeftAndRightStyles in CFPrefsPlistSource<0x600000eb4780> (Domain: org.reactjs.native.example.SwiperFlatListExample, User: kCFPreferencesCurrentUser, ByHost: No, Container: (null), Contents Need Refresh: No) via CFPrefsSearchListSource<0x600000eac080> (Domain: org.reactjs.native.example.SwiperFlatListExample, Container: (null))
2023-02-02 12:33:47.312 Df SwiperFlatListExample[39825:274f74] (CFNetwork) Task <726F09EF-730B-4895-9817-3783C48772DC>.<2> now using Connection 34
2023-02-02 12:33:47.312 A  SwiperFlatListExample[39825:274aca] (Security) SecTrustReportNetworkingAnalytics
2023-02-02 12:33:47.312 Db SwiperFlatListExample[39825:274ac7] [com.apple.network:activity] After settings override, domain cfnetwork rate configured as 1 / 2000000
2023-02-02 12:33:47.312 Db SwiperFlatListExample[39825:274f74] [com.apple.network:activity] Returning should log: 0 for activity cfnetwork:foreground_task
2023-02-02 12:33:47.312 Db SwiperFlatListExample[39825:274ac7] [com.apple.network:activity] Final domain cfnetwork rate configured as 1 / 2000000
2023-02-02 12:33:47.312 Db SwiperFlatListExample[39825:274ac7] [com.apple.network:activity] <nw_activity 12:2[No UUID] (reporting strategy default)> sampled at 1 / 2000000
2023-02-02 12:33:47.312 Db SwiperFlatListExample[39825:274f74] (CFNetwork) Connection 34: set is idle false
2023-02-02 12:33:47.312 Db SwiperFlatListExample[39825:274ac7] [com.apple.network:activity] Returning should log: 0 for activity cfnetwork:foreground_task
2023-02-02 12:33:47.312 Db SwiperFlatListExample[39825:274a36] [com.apple.defaults:User Defaults] looked up value 1 for key RCTI18nUtil_makeRTLFlipLeftAndRightStyles in CFPrefsPlistSource<0x600000eb4780> (Domain: org.reactjs.native.example.SwiperFlatListExample, User: kCFPreferencesCurrentUser, ByHost: No, Container: (null), Contents Need Refresh: No) via CFPrefsSearchListSource<0x600000eac080> (Domain: org.reactjs.native.example.SwiperFlatListExample, Container: (null))
2023-02-02 12:33:47.312 Df SwiperFlatListExample[39825:274ac7] (CFNetwork) [Telemetry]: Activity <nw_activity 12:2[370F3909-1510-4015-AADA-463FB5EC4FDB] (reporting strategy default)> on Task <4C48CB75-D725-4E9C-9EA4-31221D8B62A6>.<3> was not selected for reporting
2023-02-02 12:33:47.312 Db SwiperFlatListExample[39825:274a36] [com.apple.defaults:User Defaults] looked up value 1 for key RCTI18nUtil_makeRTLFlipLeftAndRightStyles in CFPrefsPlistSource<0x600000eb4780> (Domain: org.reactjs.native.example.SwiperFlatListExample, User: kCFPreferencesCurrentUser, ByHost: No, Container: (null), Contents Need Refresh: No) via CFPrefsSearchListSource<0x600000eac080> (Domain: org.reactjs.native.example.SwiperFlatListExample, Container: (null))
2023-02-02 12:33:47.312 Df SwiperFlatListExample[39825:274f74] [com.apple.network:connection] [C34] event: client:connection_reused @0.087s
2023-02-02 12:33:47.312 Db SwiperFlatListExample[39825:274a36] [com.apple.defaults:User Defaults] looked up value 1 for key RCTI18nUtil_makeRTLFlipLeftAndRightStyles in CFPrefsPlistSource<0x600000eb4780> (Domain: org.reactjs.native.example.SwiperFlatListExample, User: kCFPreferencesCurrentUser, ByHost: No, Container: (null), Contents Need Refresh: No) via CFPrefsSearchListSource<0x600000eac080> (Domain: org.reactjs.native.example.SwiperFlatListExample, Container: (null))
2023-02-02 12:33:47.312 Db SwiperFlatListExample[39825:274a36] [com.apple.defaults:User Defaults] looked up value 1 for key RCTI18nUtil_makeRTLFlipLeftAndRightStyles in CFPrefsPlistSource<0x600000eb4780> (Domain: org.reactjs.native.example.SwiperFlatListExample, User: kCFPreferencesCurrentUser, ByHost: No, Container: (null), Contents Need Refresh: No) via CFPrefsSearchListSource<0x600000eac080> (Domain: org.reactjs.native.example.SwiperFlatListExample, Container: (null))
2023-02-02 12:33:47.312 I  SwiperFlatListExample[39825:274f74] [com.apple.network:connection] nw_endpoint_handler_report_connection_idle [C34 ::1.8081 ready parent-flow (satisfied (Path is satisfied), viable, interface: en0[802.11])] Reporting connection not idle to protocols
2023-02-02 12:33:47.312 Db SwiperFlatListExample[39825:274a36] [com.apple.defaults:User Defaults] looked up value 1 for key RCTI18nUtil_makeRTLFlipLeftAndRightStyles in CFPrefsPlistSource<0x600000eb4780> (Domain: org.reactjs.native.example.SwiperFlatListExample, User: kCFPreferencesCurrentUser, ByHost: No, Container: (null), Contents Need Refresh: No) via CFPrefsSearchListSource<0x600000eac080> (Domain: org.reactjs.native.example.SwiperFlatListExample, Container: (null))
2023-02-02 12:33:47.312 Db SwiperFlatListExample[39825:274a36] [com.apple.defaults:User Defaults] looked up value 1 for key RCTI18nUtil_makeRTLFlipLeftAndRightStyles in CFPrefsPlistSource<0x600000eb4780> (Domain: org.reactjs.native.example.SwiperFlatListExample, User: kCFPreferencesCurrentUser, ByHost: No, Container: (null), Contents Need Refresh: No) via CFPrefsSearchListSource<0x600000eac080> (Domain: org.reactjs.native.example.SwiperFlatListExample, Container: (null))
2023-02-02 12:33:47.312 I  SwiperFlatListExample[39825:274f74] [com.apple.network:connection] nw_flow_passthrough_notify [C34.1.1 ::1.8081 ready socket-flow (satisfied (Path is satisfied), interface: lo0)] received notification connection_idle
2023-02-02 12:33:47.312 Df SwiperFlatListExample[39825:274ac7] (CFNetwork) Task <F371FBEC-27AF-48E7-8D6E-D3F0D8031A30>.<4> resuming, timeouts(60.0, 604800.0) QOS(0x19) Voucher (null)
2023-02-02 12:33:47.312 Db SwiperFlatListExample[39825:274ac7] [com.apple.network:activity] Returning should log: 0 for activity cfnetwork:foreground_task
2023-02-02 12:33:47.312 Db SwiperFlatListExample[39825:274ac7] [com.apple.network:activity] Domain cfnetwork rate configured in registry as 1 / 20000
2023-02-02 12:33:47.312 Db SwiperFlatListExample[39825:274a36] [com.apple.defaults:User Defaults] looked up value 1 for key RCTI18nUtil_makeRTLFlipLeftAndRightStyles in CFPrefsPlistSource<0x600000eb4780> (Domain: org.reactjs.native.example.SwiperFlatListExample, User: kCFPreferencesCurrentUser, ByHost: No, Container: (null), Contents Need Refresh: No) via CFPrefsSearchListSource<0x600000eac080> (Domain: org.reactjs.native.example.SwiperFlatListExample, Container: (null))
2023-02-02 12:33:47.312 Db SwiperFlatListExample[39825:274f74] [com.apple.CFNetwork:ATS] Uploading ATS exception ATSAllowsLocalNetworking
2023-02-02 12:33:47.313 Db SwiperFlatListExample[39825:274a36] [com.apple.defaults:User Defaults] looked up value 1 for key RCTI18nUtil_makeRTLFlipLeftAndRightStyles in CFPrefsPlistSource<0x600000eb4780> (Domain: org.reactjs.native.example.SwiperFlatListExample, User: kCFPreferencesCurrentUser, ByHost: No, Container: (null), Contents Need Refresh: No) via CFPrefsSearchListSource<0x600000eac080> (Domain: org.reactjs.native.example.SwiperFlatListExample, Container: (null))
2023-02-02 12:33:47.313 Db SwiperFlatListExample[39825:274a36] [com.apple.defaults:User Defaults] looked up value 1 for key RCTI18nUtil_makeRTLFlipLeftAndRightStyles in CFPrefsPlistSource<0x600000eb4780> (Domain: org.reactjs.native.example.SwiperFlatListExample, User: kCFPreferencesCurrentUser, ByHost: No, Container: (null), Contents Need Refresh: No) via CFPrefsSearchListSource<0x600000eac080> (Domain: org.reactjs.native.example.SwiperFlatListExample, Container: (null))
2023-02-02 12:33:47.313 Db SwiperFlatListExample[39825:274a36] [com.apple.defaults:User Defaults] looked up value 1 for key RCTI18nUtil_makeRTLFlipLeftAndRightStyles in CFPrefsPlistSource<0x600000eb4780> (Domain: org.reactjs.native.example.SwiperFlatListExample, User: kCFPreferencesCurrentUser, ByHost: No, Container: (null), Contents Need Refresh: No) via CFPrefsSearchListSource<0x600000eac080> (Domain: org.reactjs.native.example.SwiperFlatListExample, Container: (null))
2023-02-02 12:33:47.313 Df SwiperFlatListExample[39825:274aca] [com.apple.securityd:SecError] SecTrustReportNetworkingAnalytics failed with error: -4
2023-02-02 12:33:47.313 Db SwiperFlatListExample[39825:274a36] [com.apple.defaults:User Defaults] looked up value 1 for key RCTI18nUtil_makeRTLFlipLeftAndRightStyles in CFPrefsPlistSource<0x600000eb4780> (Domain: org.reactjs.native.example.SwiperFlatListExample, User: kCFPreferencesCurrentUser, ByHost: No, Container: (null), Contents Need Refresh: No) via CFPrefsSearchListSource<0x600000eac080> (Domain: org.reactjs.native.example.SwiperFlatListExample, Container: (null))
2023-02-02 12:33:47.312 Db SwiperFlatListExample[39825:274ac7] [com.apple.network:activity] Domain cfnetwork rate configured after remote default override as 1 / 20000
2023-02-02 12:33:47.313 Db SwiperFlatListExample[39825:274a36] [com.apple.defaults:User Defaults] looked up value 1 for key RCTI18nUtil_makeRTLFlipLeftAndRightStyles in CFPrefsPlistSource<0x600000eb4780> (Domain: org.reactjs.native.example.SwiperFlatListExample, User: kCFPreferencesCurrentUser, ByHost: No, Container: (null), Contents Need Refresh: No) via CFPrefsSearchListSource<0x600000eac080> (Domain: org.reactjs.native.example.SwiperFlatListExample, Container: (null))
2023-02-02 12:33:47.313 A  SwiperFlatListExample[39825:274aca] (Security) SecTrustReportNetworkingAnalytics
2023-02-02 12:33:47.313 Db SwiperFlatListExample[39825:274ac7] [com.apple.network:activity] After reading settings plist, domain cfnetwork rate configured as 1 / 2000000
2023-02-02 12:33:47.313 Db SwiperFlatListExample[39825:274a36] [com.apple.defaults:User Defaults] looked up value 1 for key RCTI18nUtil_makeRTLFlipLeftAndRightStyles in CFPrefsPlistSource<0x600000eb4780> (Domain: org.reactjs.native.example.SwiperFlatListExample, User: kCFPreferencesCurrentUser, ByHost: No, Container: (null), Contents Need Refresh: No) via CFPrefsSearchListSource<0x600000eac080> (Domain: org.reactjs.native.example.SwiperFlatListExample, Container: (null))
2023-02-02 12:33:47.313 Db SwiperFlatListExample[39825:274a36] [com.apple.defaults:User Defaults] looked up value 1 for key RCTI18nUtil_makeRTLFlipLeftAndRightStyles in CFPrefsPlistSource<0x600000eb4780> (Domain: org.reactjs.native.example.SwiperFlatListExample, User: kCFPreferencesCurrentUser, ByHost: No, Container: (null), Contents Need Refresh: No) via CFPrefsSearchListSource<0x600000eac080> (Domain: org.reactjs.native.example.SwiperFlatListExample, Container: (null))
2023-02-02 12:33:47.313 Db SwiperFlatListExample[39825:274ac7] [com.apple.network:activity] After settings override, domain cfnetwork rate configured as 1 / 2000000
2023-02-02 12:33:47.313 Db SwiperFlatListExample[39825:274a36] [com.apple.defaults:User Defaults] looked up value 1 for key RCTI18nUtil_makeRTLFlipLeftAndRightStyles in CFPrefsPlistSource<0x600000eb4780> (Domain: org.reactjs.native.example.SwiperFlatListExample, User: kCFPreferencesCurrentUser, ByHost: No, Container: (null), Contents Need Refresh: No) via CFPrefsSearchListSource<0x600000eac080> (Domain: org.reactjs.native.example.SwiperFlatListExample, Container: (null))
2023-02-02 12:33:47.313 Db SwiperFlatListExample[39825:274a36] [com.apple.defaults:User Defaults] looked up value 1 for key RCTI18nUtil_makeRTLFlipLeftAndRightStyles in CFPrefsPlistSource<0x600000eb4780> (Domain: org.reactjs.native.example.SwiperFlatListExample, User: kCFPreferencesCurrentUser, ByHost: No, Container: (null), Contents Need Refresh: No) via CFPrefsSearchListSource<0x600000eac080> (Domain: org.reactjs.native.example.SwiperFlatListExample, Container: (null))
2023-02-02 12:33:47.313 Db SwiperFlatListExample[39825:274a36] [com.apple.defaults:User Defaults] looked up value 1 for key RCTI18nUtil_makeRTLFlipLeftAndRightStyles in CFPrefsPlistSource<0x600000eb4780> (Domain: org.reactjs.native.example.SwiperFlatListExample, User: kCFPreferencesCurrentUser, ByHost: No, Container: (null), Contents Need Refresh: No) via CFPrefsSearchListSource<0x600000eac080> (Domain: org.reactjs.native.example.SwiperFlatListExample, Container: (null))
2023-02-02 12:33:47.313 Db SwiperFlatListExample[39825:274a36] [com.apple.defaults:User Defaults] looked up value 1 for key RCTI18nUtil_makeRTLFlipLeftAndRightStyles in CFPrefsPlistSource<0x600000eb4780> (Domain: org.reactjs.native.example.SwiperFlatListExample, User: kCFPreferencesCurrentUser, ByHost: No, Container: (null), Contents Need Refresh: No) via CFPrefsSearchListSource<0x600000eac080> (Domain: org.reactjs.native.example.SwiperFlatListExample, Container: (null))
2023-02-02 12:33:47.313 Df SwiperFlatListExample[39825:274aca] [com.apple.securityd:SecError] SecTrustReportNetworkingAnalytics failed with error: -4
2023-02-02 12:33:47.313 Db SwiperFlatListExample[39825:274ac7] [com.apple.network:activity] Final domain cfnetwork rate configured as 1 / 2000000
2023-02-02 12:33:47.313 Db SwiperFlatListExample[39825:274ac7] [com.apple.network:activity] <nw_activity 12:2[No UUID] (reporting strategy default)> sampled at 1 / 2000000
2023-02-02 12:33:47.313 Db SwiperFlatListExample[39825:274ac7] [com.apple.network:activity] Returning should log: 0 for activity cfnetwork:foreground_task
2023-02-02 12:33:47.313 Db SwiperFlatListExample[39825:274a36] [com.apple.defaults:User Defaults] looked up value 1 for key RCTI18nUtil_makeRTLFlipLeftAndRightStyles in CFPrefsPlistSource<0x600000eb4780> (Domain: org.reactjs.native.example.SwiperFlatListExample, User: kCFPreferencesCurrentUser, ByHost: No, Container: (null), Contents Need Refresh: No) via CFPrefsSearchListSource<0x600000eac080> (Domain: org.reactjs.native.example.SwiperFlatListExample, Container: (null))
2023-02-02 12:33:47.313 Db SwiperFlatListExample[39825:274f74] [com.apple.network:connection] nw_endpoint_handler_add_write_request [C34 ::1.8081 ready parent-flow (satisfied (Path is satisfied), viable, interface: en0[802.11])] connected_child_handles_requests 0
2023-02-02 12:33:47.313 Db SwiperFlatListExample[39825:274a36] [com.apple.defaults:User Defaults] looked up value 1 for key RCTI18nUtil_makeRTLFlipLeftAndRightStyles in CFPrefsPlistSource<0x600000eb4780> (Domain: org.reactjs.native.example.SwiperFlatListExample, User: kCFPreferencesCurrentUser, ByHost: No, Container: (null), Contents Need Refresh: No) via CFPrefsSearchListSource<0x600000eac080> (Domain: org.reactjs.native.example.SwiperFlatListExample, Container: (null))
2023-02-02 12:33:47.313 Db SwiperFlatListExample[39825:274a36] [com.apple.defaults:User Defaults] looked up value 1 for key RCTI18nUtil_makeRTLFlipLeftAndRightStyles in CFPrefsPlistSource<0x600000eb4780> (Domain: org.reactjs.native.example.SwiperFlatListExample, User: kCFPreferencesCurrentUser, ByHost: No, Container: (null), Contents Need Refresh: No) via CFPrefsSearchListSource<0x600000eac080> (Domain: org.reactjs.native.example.SwiperFlatListExample, Container: (null))
2023-02-02 12:33:47.313 Db SwiperFlatListExample[39825:274a36] [com.apple.defaults:User Defaults] looked up value 1 for key RCTI18nUtil_makeRTLFlipLeftAndRightStyles in CFPrefsPlistSource<0x600000eb4780> (Domain: org.reactjs.native.example.SwiperFlatListExample, User: kCFPreferencesCurrentUser, ByHost: No, Container: (null), Contents Need Refresh: No) via CFPrefsSearchListSource<0x600000eac080> (Domain: org.reactjs.native.example.SwiperFlatListExample, Container: (null))
2023-02-02 12:33:47.314 Db SwiperFlatListExample[39825:274a36] [com.apple.defaults:User Defaults] looked up value 1 for key RCTI18nUtil_makeRTLFlipLeftAndRightStyles in CFPrefsPlistSource<0x600000eb4780> (Domain: org.reactjs.native.example.SwiperFlatListExample, User: kCFPreferencesCurrentUser, ByHost: No, Container: (null), Contents Need Refresh: No) via CFPrefsSearchListSource<0x600000eac080> (Domain: org.reactjs.native.example.SwiperFlatListExample, Container: (null))
2023-02-02 12:33:47.314 Db SwiperFlatListExample[39825:274a36] [com.apple.defaults:User Defaults] looked up value 1 for key RCTI18nUtil_makeRTLFlipLeftAndRightStyles in CFPrefsPlistSource<0x600000eb4780> (Domain: org.reactjs.native.example.SwiperFlatListExample, User: kCFPreferencesCurrentUser, ByHost: No, Container: (null), Contents Need Refresh: No) via CFPrefsSearchListSource<0x600000eac080> (Domain: org.reactjs.native.example.SwiperFlatListExample, Container: (null))
2023-02-02 12:33:47.314 Db SwiperFlatListExample[39825:274a36] [com.apple.defaults:User Defaults] looked up value 1 for key RCTI18nUtil_makeRTLFlipLeftAndRightStyles in CFPrefsPlistSource<0x600000eb4780> (Domain: org.reactjs.native.example.SwiperFlatListExample, User: kCFPreferencesCurrentUser, ByHost: No, Container: (null), Contents Need Refresh: No) via CFPrefsSearchListSource<0x600000eac080> (Domain: org.reactjs.native.example.SwiperFlatListExample, Container: (null))
2023-02-02 12:33:47.313 Df SwiperFlatListExample[39825:274ac7] (CFNetwork) [Telemetry]: Activity <nw_activity 12:2[08094744-CE07-46AE-8F02-28FE230AAB26] (reporting strategy default)> on Task <F371FBEC-27AF-48E7-8D6E-D3F0D8031A30>.<4> was not selected for reporting
2023-02-02 12:33:47.314 Db SwiperFlatListExample[39825:274a36] [com.apple.defaults:User Defaults] looked up value 1 for key RCTI18nUtil_makeRTLFlipLeftAndRightStyles in CFPrefsPlistSource<0x600000eb4780> (Domain: org.reactjs.native.example.SwiperFlatListExample, User: kCFPreferencesCurrentUser, ByHost: No, Container: (null), Contents Need Refresh: No) via CFPrefsSearchListSource<0x600000eac080> (Domain: org.reactjs.native.example.SwiperFlatListExample, Container: (null))
2023-02-02 12:33:47.314 Db SwiperFlatListExample[39825:274a36] [com.apple.defaults:User Defaults] looked up value 1 for key RCTI18nUtil_makeRTLFlipLeftAndRightStyles in CFPrefsPlistSource<0x600000eb4780> (Domain: org.reactjs.native.example.SwiperFlatListExample, User: kCFPreferencesCurrentUser, ByHost: No, Container: (null), Contents Need Refresh: No) via CFPrefsSearchListSource<0x600000eac080> (Domain: org.reactjs.native.example.SwiperFlatListExample, Container: (null))
2023-02-02 12:33:47.314 Df SwiperFlatListExample[39825:274ac7] (CFNetwork) Task <332F9E35-5D9A-4B93-9F6F-1403B9C92310>.<5> resuming, timeouts(60.0, 604800.0) QOS(0x19) Voucher (null)
2023-02-02 12:33:47.314 Db SwiperFlatListExample[39825:274ac7] [com.apple.network:activity] Returning should log: 0 for activity cfnetwork:foreground_task
2023-02-02 12:33:47.314 Db SwiperFlatListExample[39825:274ac7] [com.apple.network:activity] Domain cfnetwork rate configured in registry as 1 / 20000
2023-02-02 12:33:47.314 Db SwiperFlatListExample[39825:274ac7] [com.apple.network:activity] Domain cfnetwork rate configured after remote default override as 1 / 20000
2023-02-02 12:33:47.314 Db SwiperFlatListExample[39825:274ac7] [com.apple.network:activity] After reading settings plist, domain cfnetwork rate configured as 1 / 2000000
2023-02-02 12:33:47.314 Db SwiperFlatListExample[39825:274ac7] [com.apple.network:activity] After settings override, domain cfnetwork rate configured as 1 / 2000000
2023-02-02 12:33:47.314 Db SwiperFlatListExample[39825:274a36] [com.apple.defaults:User Defaults] looked up value 1 for key RCTI18nUtil_makeRTLFlipLeftAndRightStyles in CFPrefsPlistSource<0x600000eb4780> (Domain: org.reactjs.native.example.SwiperFlatListExample, User: kCFPreferencesCurrentUser, ByHost: No, Container: (null), Contents Need Refresh: No) via CFPrefsSearchListSource<0x600000eac080> (Domain: org.reactjs.native.example.SwiperFlatListExample, Container: (null))
2023-02-02 12:33:47.314 Db SwiperFlatListExample[39825:274a36] [com.apple.defaults:User Defaults] looked up value 1 for key RCTI18nUtil_makeRTLFlipLeftAndRightStyles in CFPrefsPlistSource<0x600000eb4780> (Domain: org.reactjs.native.example.SwiperFlatListExample, User: kCFPreferencesCurrentUser, ByHost: No, Container: (null), Contents Need Refresh: No) via CFPrefsSearchListSource<0x600000eac080> (Domain: org.reactjs.native.example.SwiperFlatListExample, Container: (null))
2023-02-02 12:33:47.314 Db SwiperFlatListExample[39825:274ac7] [com.apple.network:activity] Final domain cfnetwork rate configured as 1 / 2000000
2023-02-02 12:33:47.314 Db SwiperFlatListExample[39825:274a36] [com.apple.defaults:User Defaults] looked up value 1 for key RCTI18nUtil_makeRTLFlipLeftAndRightStyles in CFPrefsPlistSource<0x600000eb4780> (Domain: org.reactjs.native.example.SwiperFlatListExample, User: kCFPreferencesCurrentUser, ByHost: No, Container: (null), Contents Need Refresh: No) via CFPrefsSearchListSource<0x600000eac080> (Domain: org.reactjs.native.example.SwiperFlatListExample, Container: (null))
2023-02-02 12:33:47.314 Db SwiperFlatListExample[39825:274a36] [com.apple.defaults:User Defaults] looked up value 1 for key RCTI18nUtil_makeRTLFlipLeftAndRightStyles in CFPrefsPlistSource<0x600000eb4780> (Domain: org.reactjs.native.example.SwiperFlatListExample, User: kCFPreferencesCurrentUser, ByHost: No, Container: (null), Contents Need Refresh: No) via CFPrefsSearchListSource<0x600000eac080> (Domain: org.reactjs.native.example.SwiperFlatListExample, Container: (null))
2023-02-02 12:33:47.314 Db SwiperFlatListExample[39825:274a36] [com.apple.defaults:User Defaults] looked up value 1 for key RCTI18nUtil_makeRTLFlipLeftAndRightStyles in CFPrefsPlistSource<0x600000eb4780> (Domain: org.reactjs.native.example.SwiperFlatListExample, User: kCFPreferencesCurrentUser, ByHost: No, Container: (null), Contents Need Refresh: No) via CFPrefsSearchListSource<0x600000eac080> (Domain: org.reactjs.native.example.SwiperFlatListExample, Container: (null))
2023-02-02 12:33:47.314 Db SwiperFlatListExample[39825:274ac7] [com.apple.network:activity] <nw_activity 12:2[No UUID] (reporting strategy default)> sampled at 1 / 2000000
2023-02-02 12:33:47.314 Db SwiperFlatListExample[39825:274a36] [com.apple.defaults:User Defaults] looked up value 1 for key RCTI18nUtil_makeRTLFlipLeftAndRightStyles in CFPrefsPlistSource<0x600000eb4780> (Domain: org.reactjs.native.example.SwiperFlatListExample, User: kCFPreferencesCurrentUser, ByHost: No, Container: (null), Contents Need Refresh: No) via CFPrefsSearchListSource<0x600000eac080> (Domain: org.reactjs.native.example.SwiperFlatListExample, Container: (null))
2023-02-02 12:33:47.314 Df SwiperFlatListExample[39825:274f74] (CFNetwork) Task <726F09EF-730B-4895-9817-3783C48772DC>.<2> sent request, body N 0
2023-02-02 12:33:47.314 Db SwiperFlatListExample[39825:274a36] [com.apple.defaults:User Defaults] looked up value 1 for key RCTI18nUtil_makeRTLFlipLeftAndRightStyles in CFPrefsPlistSource<0x600000eb4780> (Domain: org.reactjs.native.example.SwiperFlatListExample, User: kCFPreferencesCurrentUser, ByHost: No, Container: (null), Contents Need Refresh: No) via CFPrefsSearchListSource<0x600000eac080> (Domain: org.reactjs.native.example.SwiperFlatListExample, Container: (null))
2023-02-02 12:33:47.314 Db SwiperFlatListExample[39825:274ac7] [com.apple.network:activity] Returning should log: 0 for activity cfnetwork:foreground_task
2023-02-02 12:33:47.314 Db SwiperFlatListExample[39825:274a36] [com.apple.defaults:User Defaults] looked up value 1 for key RCTI18nUtil_makeRTLFlipLeftAndRightStyles in CFPrefsPlistSource<0x600000eb4780> (Domain: org.reactjs.native.example.SwiperFlatListExample, User: kCFPreferencesCurrentUser, ByHost: No, Container: (null), Contents Need Refresh: No) via CFPrefsSearchListSource<0x600000eac080> (Domain: org.reactjs.native.example.SwiperFlatListExample, Container: (null))
2023-02-02 12:33:47.314 Db SwiperFlatListExample[39825:274f74] [com.apple.CFNetwork:ATS] Uploading ATS exception ATSAllowsLocalNetworking
2023-02-02 12:33:47.314 Db SwiperFlatListExample[39825:274a36] [com.apple.defaults:User Defaults] looked up value 1 for key RCTI18nUtil_makeRTLFlipLeftAndRightStyles in CFPrefsPlistSource<0x600000eb4780> (Domain: org.reactjs.native.example.SwiperFlatListExample, User: kCFPreferencesCurrentUser, ByHost: No, Container: (null), Contents Need Refresh: No) via CFPrefsSearchListSource<0x600000eac080> (Domain: org.reactjs.native.example.SwiperFlatListExample, Container: (null))
2023-02-02 12:33:47.314 Df SwiperFlatListExample[39825:274ac7] (CFNetwork) [Telemetry]: Activity <nw_activity 12:2[CEEC1581-6F27-4A41-8F94-E77776CE7729] (reporting strategy default)> on Task <332F9E35-5D9A-4B93-9F6F-1403B9C92310>.<5> was not selected for reporting
2023-02-02 12:33:47.314 A  SwiperFlatListExample[39825:274f73] (Security) SecTrustReportNetworkingAnalytics
2023-02-02 12:33:47.314 Db SwiperFlatListExample[39825:274a36] [com.apple.defaults:User Defaults] looked up value 1 for key RCTI18nUtil_makeRTLFlipLeftAndRightStyles in CFPrefsPlistSource<0x600000eb4780> (Domain: org.reactjs.native.example.SwiperFlatListExample, User: kCFPreferencesCurrentUser, ByHost: No, Container: (null), Contents Need Refresh: No) via CFPrefsSearchListSource<0x600000eac080> (Domain: org.reactjs.native.example.SwiperFlatListExample, Container: (null))
2023-02-02 12:33:47.314 Db SwiperFlatListExample[39825:274a36] [com.apple.defaults:User Defaults] looked up value 1 for key RCTI18nUtil_makeRTLFlipLeftAndRightStyles in CFPrefsPlistSource<0x600000eb4780> (Domain: org.reactjs.native.example.SwiperFlatListExample, User: kCFPreferencesCurrentUser, ByHost: No, Container: (null), Contents Need Refresh: No) via CFPrefsSearchListSource<0x600000eac080> (Domain: org.reactjs.native.example.SwiperFlatListExample, Container: (null))
2023-02-02 12:33:47.314 Db SwiperFlatListExample[39825:274a36] [com.apple.defaults:User Defaults] looked up value 1 for key RCTI18nUtil_makeRTLFlipLeftAndRightStyles in CFPrefsPlistSource<0x600000eb4780> (Domain: org.reactjs.native.example.SwiperFlatListExample, User: kCFPreferencesCurrentUser, ByHost: No, Container: (null), Contents Need Refresh: No) via CFPrefsSearchListSource<0x600000eac080> (Domain: org.reactjs.native.example.SwiperFlatListExample, Container: (null))
2023-02-02 12:33:47.314 Db SwiperFlatListExample[39825:274a36] [com.apple.defaults:User Defaults] looked up value 1 for key RCTI18nUtil_makeRTLFlipLeftAndRightStyles in CFPrefsPlistSource<0x600000eb4780> (Domain: org.reactjs.native.example.SwiperFlatListExample, User: kCFPreferencesCurrentUser, ByHost: No, Container: (null), Contents Need Refresh: No) via CFPrefsSearchListSource<0x600000eac080> (Domain: org.reactjs.native.example.SwiperFlatListExample, Container: (null))
2023-02-02 12:33:47.314 Db SwiperFlatListExample[39825:274a36] [com.apple.defaults:User Defaults] looked up value 1 for key RCTI18nUtil_makeRTLFlipLeftAndRightStyles in CFPrefsPlistSource<0x600000eb4780> (Domain: org.reactjs.native.example.SwiperFlatListExample, User: kCFPreferencesCurrentUser, ByHost: No, Container: (null), Contents Need Refresh: No) via CFPrefsSearchListSource<0x600000eac080> (Domain: org.reactjs.native.example.SwiperFlatListExample, Container: (null))
2023-02-02 12:33:47.314 Db SwiperFlatListExample[39825:274a36] [com.apple.defaults:User Defaults] looked up value 1 for key RCTI18nUtil_makeRTLFlipLeftAndRightStyles in CFPrefsPlistSource<0x600000eb4780> (Domain: org.reactjs.native.example.SwiperFlatListExample, User: kCFPreferencesCurrentUser, ByHost: No, Container: (null), Contents Need Refresh: No) via CFPrefsSearchListSource<0x600000eac080> (Domain: org.reactjs.native.example.SwiperFlatListExample, Container: (null))
2023-02-02 12:33:47.314 Db SwiperFlatListExample[39825:274a36] [com.apple.defaults:User Defaults] looked up value 1 for key RCTI18nUtil_makeRTLFlipLeftAndRightStyles in CFPrefsPlistSource<0x600000eb4780> (Domain: org.reactjs.native.example.SwiperFlatListExample, User: kCFPreferencesCurrentUser, ByHost: No, Container: (null), Contents Need Refresh: No) via CFPrefsSearchListSource<0x600000eac080> (Domain: org.reactjs.native.example.SwiperFlatListExample, Container: (null))
2023-02-02 12:33:47.314 I  SwiperFlatListExample[39825:274f74] [com.apple.network:connection] nw_connection_create_with_id [C35] create connection to Hostname#99141057:8081
2023-02-02 12:33:47.314 Db SwiperFlatListExample[39825:274a36] [com.apple.defaults:User Defaults] looked up value 1 for key RCTI18nUtil_makeRTLFlipLeftAndRightStyles in CFPrefsPlistSource<0x600000eb4780> (Domain: org.reactjs.native.example.SwiperFlatListExample, User: kCFPreferencesCurrentUser, ByHost: No, Container: (null), Contents Need Refresh: No) via CFPrefsSearchListSource<0x600000eac080> (Domain: org.reactjs.native.example.SwiperFlatListExample, Container: (null))
2023-02-02 12:33:47.314 Df SwiperFlatListExample[39825:274f73] [com.apple.securityd:SecError] SecTrustReportNetworkingAnalytics failed with error: -4
2023-02-02 12:33:47.314 Db SwiperFlatListExample[39825:274a36] [com.apple.defaults:User Defaults] looked up value 1 for key RCTI18nUtil_makeRTLFlipLeftAndRightStyles in CFPrefsPlistSource<0x600000eb4780> (Domain: org.reactjs.native.example.SwiperFlatListExample, User: kCFPreferencesCurrentUser, ByHost: No, Container: (null), Contents Need Refresh: No) via CFPrefsSearchListSource<0x600000eac080> (Domain: org.reactjs.native.example.SwiperFlatListExample, Container: (null))
2023-02-02 12:33:47.314 Df SwiperFlatListExample[39825:274f74] (CFNetwork) Connection 35: starting, TC(0x0)
2023-02-02 12:33:47.314 Df SwiperFlatListExample[39825:274f74] [com.apple.network:connection] [C35 A6EFBD63-D61B-4B50-9D92-36C231164379 localhost:8081 tcp, url hash: 4c5cfb61, definite, attribution: developer, context: com.apple.CFNetwork.NSURLSession.{4C3E1520-B8B8-4577-88E0-66D78F9A995C}{(null)}{Y}{2} (private), proc: 4B2D3039-C28E-3D3C-81E9-082DF9778677] start
2023-02-02 12:33:47.315 Db SwiperFlatListExample[39825:274a36] [com.apple.defaults:User Defaults] looked up value 1 for key RCTI18nUtil_makeRTLFlipLeftAndRightStyles in CFPrefsPlistSource<0x600000eb4780> (Domain: org.reactjs.native.example.SwiperFlatListExample, User: kCFPreferencesCurrentUser, ByHost: No, Container: (null), Contents Need Refresh: No) via CFPrefsSearchListSource<0x600000eac080> (Domain: org.reactjs.native.example.SwiperFlatListExample, Container: (null))
2023-02-02 12:33:47.315 Db SwiperFlatListExample[39825:274a36] [com.apple.defaults:User Defaults] looked up value 1 for key RCTI18nUtil_makeRTLFlipLeftAndRightStyles in CFPrefsPlistSource<0x600000eb4780> (Domain: org.reactjs.native.example.SwiperFlatListExample, User: kCFPreferencesCurrentUser, ByHost: No, Container: (null), Contents Need Refresh: No) via CFPrefsSearchListSource<0x600000eac080> (Domain: org.reactjs.native.example.SwiperFlatListExample, Container: (null))
2023-02-02 12:33:47.314 I  SwiperFlatListExample[39825:274f74] [com.apple.network:connection] nw_endpoint_handler_start [C35 localhost:8081 initial parent-flow ((null))]
2023-02-02 12:33:47.315 Db SwiperFlatListExample[39825:274a36] [com.apple.defaults:User Defaults] looked up value 1 for key RCTI18nUtil_makeRTLFlipLeftAndRightStyles in CFPrefsPlistSource<0x600000eb4780> (Domain: org.reactjs.native.example.SwiperFlatListExample, User: kCFPreferencesCurrentUser, ByHost: No, Container: (null), Contents Need Refresh: No) via CFPrefsSearchListSource<0x600000eac080> (Domain: org.reactjs.native.example.SwiperFlatListExample, Container: (null))
2023-02-02 12:33:47.315 Df SwiperFlatListExample[39825:274f74] [com.apple.network:connection] [C35 localhost:8081 initial parent-flow ((null))] event: path:start @0.000s
2023-02-02 12:33:47.315 Db SwiperFlatListExample[39825:274a36] [com.apple.defaults:User Defaults] looked up value 1 for key RCTI18nUtil_makeRTLFlipLeftAndRightStyles in CFPrefsPlistSource<0x600000eb4780> (Domain: org.reactjs.native.example.SwiperFlatListExample, User: kCFPreferencesCurrentUser, ByHost: No, Container: (null), Contents Need Refresh: No) via CFPrefsSearchListSource<0x600000eac080> (Domain: org.reactjs.native.example.SwiperFlatListExample, Container: (null))
2023-02-02 12:33:47.315 Db SwiperFlatListExample[39825:274a36] [com.apple.defaults:User Defaults] looked up value 1 for key RCTI18nUtil_makeRTLFlipLeftAndRightStyles in CFPrefsPlistSource<0x600000eb4780> (Domain: org.reactjs.native.example.SwiperFlatListExample, User: kCFPreferencesCurrentUser, ByHost: No, Container: (null), Contents Need Refresh: No) via CFPrefsSearchListSource<0x600000eac080> (Domain: org.reactjs.native.example.SwiperFlatListExample, Container: (null))
2023-02-02 12:33:47.315 Db SwiperFlatListExample[39825:274f74] [com.apple.network:connection] nw_endpoint_handler_path_change [C35 localhost:8081 waiting parent-flow (satisfied (Path is satisfied), viable, interface: en0[802.11])]
2023-02-02 12:33:47.315 Db SwiperFlatListExample[39825:274a36] [com.apple.defaults:User Defaults] looked up value 1 for key RCTI18nUtil_makeRTLFlipLeftAndRightStyles in CFPrefsPlistSource<0x600000eb4780> (Domain: org.reactjs.native.example.SwiperFlatListExample, User: kCFPreferencesCurrentUser, ByHost: No, Container: (null), Contents Need Refresh: No) via CFPrefsSearchListSource<0x600000eac080> (Domain: org.reactjs.native.example.SwiperFlatListExample, Container: (null))
2023-02-02 12:33:47.315 Db SwiperFlatListExample[39825:274a36] [com.apple.defaults:User Defaults] looked up value 1 for key RCTI18nUtil_makeRTLFlipLeftAndRightStyles in CFPrefsPlistSource<0x600000eb4780> (Domain: org.reactjs.native.example.SwiperFlatListExample, User: kCFPreferencesCurrentUser, ByHost: No, Container: (null), Contents Need Refresh: No) via CFPrefsSearchListSource<0x600000eac080> (Domain: org.reactjs.native.example.SwiperFlatListExample, Container: (null))
2023-02-02 12:33:47.315 Df SwiperFlatListExample[39825:274f74] [com.apple.network:connection] [C35 localhost:8081 waiting parent-flow (satisfied (Path is satisfied), viable, interface: en0[802.11])] event: path:satisfied @0.000s, uuid: A78D523E-6A1F-4779-A330-35A481A79B09
2023-02-02 12:33:47.315 Db SwiperFlatListExample[39825:274a36] [com.apple.defaults:User Defaults] looked up value 1 for key RCTI18nUtil_makeRTLFlipLeftAndRightStyles in CFPrefsPlistSource<0x600000eb4780> (Domain: org.reactjs.native.example.SwiperFlatListExample, User: kCFPreferencesCurrentUser, ByHost: No, Container: (null), Contents Need Refresh: No) via CFPrefsSearchListSource<0x600000eac080> (Domain: org.reactjs.native.example.SwiperFlatListExample, Container: (null))
2023-02-02 12:33:47.315 I  SwiperFlatListExample[39825:274f74] [com.apple.network:connection] nw_connection_endpoint_report_on_nw_queue_block_invoke [C35 localhost:8081 waiting parent-flow (satisfied (Path is satisfied), viable, interface: en0[802.11])] skipping state update
2023-02-02 12:33:47.315 Db SwiperFlatListExample[39825:274a36] [com.apple.defaults:User Defaults] looked up value 1 for key RCTI18nUtil_makeRTLFlipLeftAndRightStyles in CFPrefsPlistSource<0x600000eb4780> (Domain: org.reactjs.native.example.SwiperFlatListExample, User: kCFPreferencesCurrentUser, ByHost: No, Container: (null), Contents Need Refresh: No) via CFPrefsSearchListSource<0x600000eac080> (Domain: org.reactjs.native.example.SwiperFlatListExample, Container: (null))
2023-02-02 12:33:47.315 Db SwiperFlatListExample[39825:274f74] [com.apple.network:] nw_endpoint_proxy_handler_should_use_proxy Looking up proxy for hostname: localhost, ifindex: 0
2023-02-02 12:33:47.315 Db SwiperFlatListExample[39825:274f74] [com.apple.SystemConfiguration:SCPreferences] create <SCPreferences 0x143b3c8c0 [0x1ba9afc60]> {name = SCDynamicStoreCopyProxiesWithOptions, id = /Library/Managed Preferences/mobile/com.apple.SystemConfiguration.plist, path = /Library/Managed Preferences/mobile/com.apple.SystemConfiguration.plist}
2023-02-02 12:33:47.315 Db SwiperFlatListExample[39825:274f74] [com.apple.SystemConfiguration:SCPreferences] SCPreferences() access: /Library/Managed Preferences/mobile/com.apple.SystemConfiguration.plist, size=0
2023-02-02 12:33:47.315 Db SwiperFlatListExample[39825:274f74] [com.apple.SystemConfiguration:SCPreferences] release <SCPreferences 0x143b3c8c0 [0x1ba9afc60]> {name = SCDynamicStoreCopyProxiesWithOptions, id = /Library/Managed Preferences/mobile/com.apple.SystemConfiguration.plist, path = /Library/Managed Preferences/mobile/com.apple.SystemConfiguration.plist, accessed}
2023-02-02 12:33:47.315 Db SwiperFlatListExample[39825:274a36] [com.apple.defaults:User Defaults] looked up value 1 for key RCTI18nUtil_makeRTLFlipLeftAndRightStyles in CFPrefsPlistSource<0x600000eb4780> (Domain: org.reactjs.native.example.SwiperFlatListExample, User: kCFPreferencesCurrentUser, ByHost: No, Container: (null), Contents Need Refresh: No) via CFPrefsSearchListSource<0x600000eac080> (Domain: org.reactjs.native.example.SwiperFlatListExample, Container: (null))
