2023-02-02 12:33:47.315 Db SwiperFlatListExample[39825:274a36] [com.apple.defaults:User Defaults] looked up value 1 for key RCTI18nUtil_makeRTLFlipLeftAndRightStyles in CFPrefsPlistSource<0x600000eb4780> (Domain: org.reactjs.native.example.SwiperFlatListExample, User: kCFPreferencesCurrentUser, ByHost: No, Container: (null), Contents Need Refresh: No) via CFPrefsSearchListSource<0x600000eac080> (Domain: org.reactjs.native.example.SwiperFlatListExample, Container: (null))
2023-02-02 12:33:47.315 Db SwiperFlatListExample[39825:274a36] [com.apple.defaults:User Defaults] looked up value 1 for key RCTI18nUtil_makeRTLFlipLeftAndRightStyles in CFPrefsPlistSource<0x600000eb4780> (Domain: org.reactjs.native.example.SwiperFlatListExample, User: kCFPreferencesCurrentUser, ByHost: No, Container: (null), Contents Need Refresh: No) via CFPrefsSearchListSource<0x600000eac080> (Domain: org.reactjs.native.example.SwiperFlatListExample, Container: (null))
2023-02-02 12:33:47.315 Db SwiperFlatListExample[39825:274f74] [com.apple.network:connection] nw_endpoint_flow_attach_protocols [C35 localhost:8081 in_progress parent-flow (satisfied (Path is satisfied), viable, interface: en0[802.11])]
2023-02-02 12:33:47.315 Db SwiperFlatListExample[39825:274f74] [com.apple.network:connection] nw_endpoint_flow_attach_protocols [C35 localhost:8081 in_progress parent-flow (satisfied (Path is satisfied), viable, interface: en0[802.11])] stopping after adding persistent application protocols
2023-02-02 12:33:47.315 Df SwiperFlatListExample[39825:274f74] [com.apple.network:connection] [C35 localhost:8081 in_progress parent-flow (satisfied (Path is satisfied), viable, interface: en0[802.11])] event: flow:start_child @0.000s
2023-02-02 12:33:47.315 Df SwiperFlatListExample[39825:274f74] [com.apple.network:connection] nw_connection_report_state_with_handler_on_nw_queue [C35] reporting state preparing
2023-02-02 12:33:47.315 I  SwiperFlatListExample[39825:274f74] [com.apple.network:connection] nw_endpoint_handler_start [C35.1 localhost:8081 initial path ((null))]
2023-02-02 12:33:47.315 Db SwiperFlatListExample[39825:274f74] [com.apple.network:connection] nw_endpoint_flow_receive_report [C35 localhost:8081 in_progress parent-flow (satisfied (Path is satisfied), viable, interface: en0[802.11])] received child report: [C35.1 localhost:8081 initial path ((null))]
2023-02-02 12:33:47.315 Df SwiperFlatListExample[39825:274f74] [com.apple.network:connection] [C35.1 localhost:8081 initial path ((null))] event: path:start @0.000s
2023-02-02 12:33:47.315 Db SwiperFlatListExample[39825:274f74] [com.apple.network:connection] nw_endpoint_handler_path_change [C35.1 localhost:8081 waiting path (satisfied (Path is satisfied), viable, interface: en0[802.11])]
2023-02-02 12:33:47.315 Db SwiperFlatListExample[39825:274f74] [com.apple.network:connection] nw_endpoint_flow_receive_report [C35 localhost:8081 in_progress parent-flow (satisfied (Path is satisfied), viable, interface: en0[802.11])] received child report: [C35.1 localhost:8081 waiting path (satisfied (Path is satisfied), viable, interface: en0[802.11])]
2023-02-02 12:33:47.316 Df SwiperFlatListExample[39825:274f74] [com.apple.network:connection] [C35.1 localhost:8081 waiting path (satisfied (Path is satisfied), viable, interface: en0[802.11])] event: path:satisfied @0.001s, uuid: A78D523E-6A1F-4779-A330-35A481A79B09
2023-02-02 12:33:47.316 Db SwiperFlatListExample[39825:274f74] [com.apple.network:] nw_endpoint_proxy_handler_should_use_proxy Looking up proxy for hostname: localhost, ifindex: 0
2023-02-02 12:33:47.316 Db SwiperFlatListExample[39825:274f74] [com.apple.SystemConfiguration:SCPreferences] create <SCPreferences 0x142f7f1d0 [0x1ba9afc60]> {name = SCDynamicStoreCopyProxiesWithOptions, id = /Library/Managed Preferences/mobile/com.apple.SystemConfiguration.plist, path = /Library/Managed Preferences/mobile/com.apple.SystemConfiguration.plist}
2023-02-02 12:33:47.316 Db SwiperFlatListExample[39825:274f74] [com.apple.SystemConfiguration:SCPreferences] SCPreferences() access: /Library/Managed Preferences/mobile/com.apple.SystemConfiguration.plist, size=0
2023-02-02 12:33:47.316 Db SwiperFlatListExample[39825:274f74] [com.apple.SystemConfiguration:SCPreferences] release <SCPreferences 0x142f7f1d0 [0x1ba9afc60]> {name = SCDynamicStoreCopyProxiesWithOptions, id = /Library/Managed Preferences/mobile/com.apple.SystemConfiguration.plist, path = /Library/Managed Preferences/mobile/com.apple.SystemConfiguration.plist, accessed}
2023-02-02 12:33:47.316 Db SwiperFlatListExample[39825:274f74] [com.apple.network:connection] -[NWConcrete_nw_endpoint_resolver startWithHandler:] [C35.1 localhost:8081 waiting resolver (satisfied (Path is satisfied), viable, interface: en0[802.11])]
2023-02-02 12:33:47.316 Db SwiperFlatListExample[39825:274f74] [com.apple.network:connection] nw_endpoint_flow_receive_report [C35 localhost:8081 in_progress parent-flow (satisfied (Path is satisfied), viable, interface: en0[802.11])] received child report: [C35.1 localhost:8081 in_progress resolver (satisfied (Path is satisfied), viable, interface: en0[802.11])]
2023-02-02 12:33:47.316 Df SwiperFlatListExample[39825:274f74] [com.apple.network:connection] [C35.1 localhost:8081 in_progress resolver (satisfied (Path is satisfied), viable, interface: en0[802.11])] event: resolver:start_dns @0.001s
2023-02-02 12:33:47.326 I  SwiperFlatListExample[39825:274f74] [com.apple.network:connection] nw_resolver_create_dns_service_locked [C35.1] Starting host resolution localhost:8081, flags 0xc000d000 proto 0
2023-02-02 12:33:47.326 Df SwiperFlatListExample[39825:274f74] (CFNetwork) Task <4C48CB75-D725-4E9C-9EA4-31221D8B62A6>.<3> setting up Connection 35
2023-02-02 12:33:47.326 Db SwiperFlatListExample[39825:274f74] [com.apple.network:activity] Returning should log: 0 for activity cfnetwork:foreground_task
2023-02-02 12:33:47.326 Db SwiperFlatListExample[39825:274f74] [com.apple.CFNetwork:ATS] Uploading ATS exception ATSAllowsLocalNetworking
2023-02-02 12:33:47.326 A  SwiperFlatListExample[39825:274f73] (Security) SecTrustReportNetworkingAnalytics
2023-02-02 12:33:47.326 I  SwiperFlatListExample[39825:274f74] [com.apple.network:connection] nw_resolver_host_resolve_callback [C35.1] flags=0x40000003 ifindex=4294967295 error=NoError(0) hostname=localhost. addr=::1 ttl=1
2023-02-02 12:33:47.326 I  SwiperFlatListExample[39825:274f74] [com.apple.network:connection] nw_resolver_host_resolve_callback [C35.1] flags=0x40000002 ifindex=4294967295 error=NoError(0) hostname=localhost. addr=127.0.0.1 ttl=1
2023-02-02 12:33:47.326 Db SwiperFlatListExample[39825:274f74] [com.apple.network:] sa_dst_compare_rfc6724 Rule 6, prefer d2, d2 precedence 50 > d1 precedence 35
2023-02-02 12:33:47.326 Db SwiperFlatListExample[39825:274f74] [com.apple.network:] sa_dst_compare_internal <private>@0 < <private>@0
2023-02-02 12:33:47.326 I  SwiperFlatListExample[39825:274f74] [com.apple.network:connection] nw_resolver_create_prefer_connected_variant [C35.1] Prefer Connected: ::1.8081 is already the first endpoint
2023-02-02 12:33:47.326 Df SwiperFlatListExample[39825:274f74] (CFNetwork) Task <726F09EF-730B-4895-9817-3783C48772DC>.<2> received response, status 200 content C
2023-02-02 12:33:47.326 Df SwiperFlatListExample[39825:274f74] (CFNetwork) Task <726F09EF-730B-4895-9817-3783C48772DC>.<2> response ended
2023-02-02 12:33:47.326 Df SwiperFlatListExample[39825:274f73] [com.apple.securityd:SecError] SecTrustReportNetworkingAnalytics failed with error: -4
2023-02-02 12:33:47.326 Df SwiperFlatListExample[39825:274f74] (CFNetwork) Task <726F09EF-730B-4895-9817-3783C48772DC>.<2> done using Connection 34
2023-02-02 12:33:47.326 Db SwiperFlatListExample[39825:274f74] [com.apple.network:activity] Returning should log: 0 for activity cfnetwork:foreground_task
2023-02-02 12:33:47.327 Db SwiperFlatListExample[39825:274f74] (CFNetwork) Connection 34: set is idle true
2023-02-02 12:33:47.327 Df SwiperFlatListExample[39825:274aca] [com.apple.CFNetwork:Summary] Task <726F09EF-730B-4895-9817-3783C48772DC>.<2> summary for task success {transaction_duration_ms=15, response_status=200, connection=34, reused=1, request_start_ms=1, request_duration_ms=1, response_start_ms=15, response_duration_ms=0, request_bytes=288, response_bytes=27944, cache_hit=false}
2023-02-02 12:33:47.327 Df SwiperFlatListExample[39825:274f74] [com.apple.network:connection] [C34] event: client:connection_idle @0.102s
2023-02-02 12:33:47.327 Df SwiperFlatListExample[39825:274aca] (CFNetwork) Task <726F09EF-730B-4895-9817-3783C48772DC>.<2> finished successfully
2023-02-02 12:33:47.327 I  SwiperFlatListExample[39825:274f74] [com.apple.network:connection] nw_endpoint_handler_report_connection_idle [C34 ::1.8081 ready parent-flow (satisfied (Path is satisfied), viable, interface: en0[802.11])] Reporting connection idle to protocols
2023-02-02 12:33:47.327 Db SwiperFlatListExample[39825:274aca] [com.apple.network:activity] Returning should log: 0 for activity cfnetwork:foreground_task
2023-02-02 12:33:47.327 I  SwiperFlatListExample[39825:274f74] [com.apple.network:connection] nw_flow_passthrough_notify [C34.1.1 ::1.8081 ready socket-flow (satisfied (Path is satisfied), interface: lo0)] received notification connection_idle
2023-02-02 12:33:47.327 Db SwiperFlatListExample[39825:274aca] [com.apple.network:activity] No threshold for cfnetwork:foreground_task, returning NW_ACTIVITY_DURATION_INVALID
2023-02-02 12:33:47.327 Db SwiperFlatListExample[39825:274f73] [com.apple.CoreAnalytics.event:send] com.apple.ImageIO.CGImageSourceCreateWithData {"bundleID":"org.reactjs.native.example.SwiperFlatListExample","eventName":"com.apple.ImageIO.CGImageSourceCreateWithData","fileFormat":"public.jpeg"}
2023-02-02 12:33:47.327 Db SwiperFlatListExample[39825:274aca] [com.apple.network:activity] No threshold for activity <nw_activity 12:2[3F677439-428C-43FF-A51A-882B2A2D551C] (reporting strategy default) complete (reason success)>
2023-02-02 12:33:47.327 Db SwiperFlatListExample[39825:274f73] [com.apple.CoreAnalytics.event:send] com.apple.ImageIO.CGImageSourceCopyPropertiesAtIndex {"bundleID":"org.reactjs.native.example.SwiperFlatListExample","eventName":"com.apple.ImageIO.CGImageSourceCopyPropertiesAtIndex","fileFormat":"public.jpeg","index":0}
2023-02-02 12:33:47.327 Db SwiperFlatListExample[39825:274f73] (AppleJPEG) [0x144ad8200] Created session
2023-02-02 12:33:47.327 Db SwiperFlatListExample[39825:274f74] [com.apple.network:connection] nw_endpoint_resolver_update [C35.1 localhost:8081 in_progress resolver (satisfied (Path is satisfied), viable, interface: en0[802.11])] resolver is complete
2023-02-02 12:33:47.327 Df SwiperFlatListExample[39825:274f74] [com.apple.network:connection] nw_endpoint_resolver_update [C35.1 localhost:8081 in_progress resolver (satisfied (Path is satisfied), viable, interface: en0[802.11])] Adding endpoint handler for ::1.8081
2023-02-02 12:33:47.327 Df SwiperFlatListExample[39825:274f74] [com.apple.network:connection] nw_endpoint_resolver_update [C35.1 localhost:8081 in_progress resolver (satisfied (Path is satisfied), viable, interface: en0[802.11])] Adding endpoint handler for 127.0.0.1:8081
2023-02-02 12:33:47.327 Db SwiperFlatListExample[39825:274f74] [com.apple.network:connection] nw_endpoint_resolver_update [C35.1 localhost:8081 in_progress resolver (satisfied (Path is satisfied), viable, interface: en0[802.11])] Updated endpoint list is (::1.8081,127.0.0.1:8081)
2023-02-02 12:33:47.327 Db SwiperFlatListExample[39825:274f74] [com.apple.network:connection] nw_endpoint_flow_receive_report [C35 localhost:8081 in_progress parent-flow (satisfied (Path is satisfied), viable, interface: en0[802.11])] received child report: [C35.1 localhost:8081 in_progress resolver (satisfied (Path is satisfied), viable, interface: en0[802.11])]
2023-02-02 12:33:47.327 Df SwiperFlatListExample[39825:274f74] [com.apple.network:connection] [C35.1 localhost:8081 in_progress resolver (satisfied (Path is satisfied), viable, interface: en0[802.11])] event: resolver:receive_dns @0.012s
2023-02-02 12:33:47.327 I  SwiperFlatListExample[39825:274f74] [com.apple.network:connection] nw_connection_create_with_id [C36] create connection to Hostname#99141057:8081
2023-02-02 12:33:47.327 Df SwiperFlatListExample[39825:274f74] (CFNetwork) Connection 36: starting, TC(0x0)
2023-02-02 12:33:47.327 Df SwiperFlatListExample[39825:274f74] [com.apple.network:connection] [C36 95CD9972-5574-443D-8577-5B2EDA6D10D3 localhost:8081 tcp, url hash: 0dd62887, definite, attribution: developer, context: com.apple.CFNetwork.NSURLSession.{4C3E1520-B8B8-4577-88E0-66D78F9A995C}{(null)}{Y}{2} (private), proc: 4B2D3039-C28E-3D3C-81E9-082DF9778677] start
2023-02-02 12:33:47.327 I  SwiperFlatListExample[39825:274f74] [com.apple.network:connection] nw_endpoint_handler_start [C36 localhost:8081 initial parent-flow ((null))]
2023-02-02 12:33:47.327 Df SwiperFlatListExample[39825:274f74] [com.apple.network:connection] [C36 localhost:8081 initial parent-flow ((null))] event: path:start @0.000s
2023-02-02 12:33:47.328 Db SwiperFlatListExample[39825:274f74] [com.apple.network:connection] nw_endpoint_handler_path_change [C36 localhost:8081 waiting parent-flow (satisfied (Path is satisfied), viable, interface: en0[802.11])]
2023-02-02 12:33:47.328 Df SwiperFlatListExample[39825:274f74] [com.apple.network:connection] [C36 localhost:8081 waiting parent-flow (satisfied (Path is satisfied), viable, interface: en0[802.11])] event: path:satisfied @0.000s, uuid: A78D523E-6A1F-4779-A330-35A481A79B09
2023-02-02 12:33:47.328 I  SwiperFlatListExample[39825:274f74] [com.apple.network:connection] nw_connection_endpoint_report_on_nw_queue_block_invoke [C36 localhost:8081 waiting parent-flow (satisfied (Path is satisfied), viable, interface: en0[802.11])] skipping state update
2023-02-02 12:33:47.328 Db SwiperFlatListExample[39825:274f74] [com.apple.network:] nw_endpoint_proxy_handler_should_use_proxy Looking up proxy for hostname: localhost, ifindex: 0
2023-02-02 12:33:47.328 Db SwiperFlatListExample[39825:274f74] [com.apple.SystemConfiguration:SCPreferences] create <SCPreferences 0x14b0521e0 [0x1ba9afc60]> {name = SCDynamicStoreCopyProxiesWithOptions, id = /Library/Managed Preferences/mobile/com.apple.SystemConfiguration.plist, path = /Library/Managed Preferences/mobile/com.apple.SystemConfiguration.plist}
2023-02-02 12:33:47.328 Db SwiperFlatListExample[39825:274f74] [com.apple.SystemConfiguration:SCPreferences] SCPreferences() access: /Library/Managed Preferences/mobile/com.apple.SystemConfiguration.plist, size=0
2023-02-02 12:33:47.328 Db SwiperFlatListExample[39825:274f74] [com.apple.SystemConfiguration:SCPreferences] release <SCPreferences 0x14b0521e0 [0x1ba9afc60]> {name = SCDynamicStoreCopyProxiesWithOptions, id = /Library/Managed Preferences/mobile/com.apple.SystemConfiguration.plist, path = /Library/Managed Preferences/mobile/com.apple.SystemConfiguration.plist, accessed}
2023-02-02 12:33:47.328 Db SwiperFlatListExample[39825:274f74] [com.apple.network:connection] nw_endpoint_flow_attach_protocols [C36 localhost:8081 in_progress parent-flow (satisfied (Path is satisfied), viable, interface: en0[802.11])]
2023-02-02 12:33:47.328 Db SwiperFlatListExample[39825:274f73] [com.apple.CoreAnalytics.event:send] com.apple.ImageIO.CGImageSourceCreateThumbnailAtIndex {"bundleID":"org.reactjs.native.example.SwiperFlatListExample","eventName":"com.apple.ImageIO.CGImageSourceCreateThumbnailAtIndex","fileFormat":"public.jpeg","index":0}
2023-02-02 12:33:47.328 Db SwiperFlatListExample[39825:274f73] (AppleJPEG) [0x145b42e00] Created session
2023-02-02 12:33:47.328 Db SwiperFlatListExample[39825:274f74] [com.apple.network:connection] nw_endpoint_flow_attach_protocols [C36 localhost:8081 in_progress parent-flow (satisfied (Path is satisfied), viable, interface: en0[802.11])] stopping after adding persistent application protocols
2023-02-02 12:33:47.328 Df SwiperFlatListExample[39825:274f74] [com.apple.network:connection] [C36 localhost:8081 in_progress parent-flow (satisfied (Path is satisfied), viable, interface: en0[802.11])] event: flow:start_child @0.000s
2023-02-02 12:33:47.328 Df SwiperFlatListExample[39825:274f74] [com.apple.network:connection] nw_connection_report_state_with_handler_on_nw_queue [C36] reporting state preparing
2023-02-02 12:33:47.328 I  SwiperFlatListExample[39825:274f74] [com.apple.network:connection] nw_endpoint_handler_start [C36.1 localhost:8081 initial path ((null))]
2023-02-02 12:33:47.328 Db SwiperFlatListExample[39825:274f74] [com.apple.network:connection] nw_endpoint_flow_receive_report [C36 localhost:8081 in_progress parent-flow (satisfied (Path is satisfied), viable, interface: en0[802.11])] received child report: [C36.1 localhost:8081 initial path ((null))]
2023-02-02 12:33:47.328 Df SwiperFlatListExample[39825:274f74] [com.apple.network:connection] [C36.1 localhost:8081 initial path ((null))] event: path:start @0.000s
2023-02-02 12:33:47.328 Db SwiperFlatListExample[39825:274f74] [com.apple.network:connection] nw_endpoint_handler_path_change [C36.1 localhost:8081 waiting path (satisfied (Path is satisfied), viable, interface: en0[802.11])]
2023-02-02 12:33:47.328 Db SwiperFlatListExample[39825:274f74] [com.apple.network:connection] nw_endpoint_flow_receive_report [C36 localhost:8081 in_progress parent-flow (satisfied (Path is satisfied), viable, interface: en0[802.11])] received child report: [C36.1 localhost:8081 waiting path (satisfied (Path is satisfied), viable, interface: en0[802.11])]
2023-02-02 12:33:47.328 Df SwiperFlatListExample[39825:274f74] [com.apple.network:connection] [C36.1 localhost:8081 waiting path (satisfied (Path is satisfied), viable, interface: en0[802.11])] event: path:satisfied @0.000s, uuid: A78D523E-6A1F-4779-A330-35A481A79B09
2023-02-02 12:33:47.328 Db SwiperFlatListExample[39825:274f74] [com.apple.network:] nw_endpoint_proxy_handler_should_use_proxy Looking up proxy for hostname: localhost, ifindex: 0
2023-02-02 12:33:47.328 Db SwiperFlatListExample[39825:274f73] [com.apple.CoreAnalytics.event:send] com.apple.ImageIO.CGCopyImageBlockSetWithOptions {"bundleID":"org.reactjs.native.example.SwiperFlatListExample","eventName":"com.apple.ImageIO.CGCopyImageBlockSetWithOptions","fileFormat":"public.jpeg"}
2023-02-02 12:33:47.328 Db SwiperFlatListExample[39825:274f74] [com.apple.SystemConfiguration:SCPreferences] create <SCPreferences 0x142dddd90 [0x1ba9afc60]> {name = SCDynamicStoreCopyProxiesWithOptions, id = /Library/Managed Preferences/mobile/com.apple.SystemConfiguration.plist, path = /Library/Managed Preferences/mobile/com.apple.SystemConfiguration.plist}
2023-02-02 12:33:47.329 Db SwiperFlatListExample[39825:274f73] (AppleJPEG) [0x14528b000] Created session
2023-02-02 12:33:47.329 Db SwiperFlatListExample[39825:274f74] [com.apple.SystemConfiguration:SCPreferences] SCPreferences() access: /Library/Managed Preferences/mobile/com.apple.SystemConfiguration.plist, size=0
2023-02-02 12:33:47.329 Db SwiperFlatListExample[39825:274f73] (AppleJPEG) [0x0] Releasing session
2023-02-02 12:33:47.329 Db SwiperFlatListExample[39825:274f73] (AppleJPEG) [0x14528b000] Decoding: C0 0x01C20152 0x00003048 0x22111100 0x00000000 27639
2023-02-02 12:33:47.329 Db SwiperFlatListExample[39825:274f74] [com.apple.SystemConfiguration:SCPreferences] release <SCPreferences 0x142dddd90 [0x1ba9afc60]> {name = SCDynamicStoreCopyProxiesWithOptions, id = /Library/Managed Preferences/mobile/com.apple.SystemConfiguration.plist, path = /Library/Managed Preferences/mobile/com.apple.SystemConfiguration.plist, accessed}
2023-02-02 12:33:47.329 Db SwiperFlatListExample[39825:274f73] (AppleJPEG) [0x14528b000] Options: 1x-1 [FFFFFFFF,FFFFFFFF] 00054060
2023-02-02 12:33:47.329 Db SwiperFlatListExample[39825:274f74] [com.apple.network:connection] -[NWConcrete_nw_endpoint_resolver startWithHandler:] [C36.1 localhost:8081 waiting resolver (satisfied (Path is satisfied), viable, interface: en0[802.11])]
2023-02-02 12:33:47.329 Db SwiperFlatListExample[39825:274f74] [com.apple.network:connection] nw_endpoint_flow_receive_report [C36 localhost:8081 in_progress parent-flow (satisfied (Path is satisfied), viable, interface: en0[802.11])] received child report: [C36.1 localhost:8081 in_progress resolver (satisfied (Path is satisfied), viable, interface: en0[802.11])]
2023-02-02 12:33:47.329 Df SwiperFlatListExample[39825:274f74] [com.apple.network:connection] [C36.1 localhost:8081 in_progress resolver (satisfied (Path is satisfied), viable, interface: en0[802.11])] event: resolver:start_dns @0.001s
2023-02-02 12:33:47.329 Db SwiperFlatListExample[39825:274f73] (AppleJPEG) [0x14528b000] Decoding completed without errors
2023-02-02 12:33:47.329 Db SwiperFlatListExample[39825:274f73] (AppleJPEG) [0x14528b000] Releasing session
2023-02-02 12:33:47.329 Db SwiperFlatListExample[39825:274f73] (AppleJPEG) [0x145b42e00] Decoding: C0 0x01C20152 0x0000304A 0x22111100 0x00000000 27639
2023-02-02 12:33:47.329 Db SwiperFlatListExample[39825:274f73] (AppleJPEG) [0x145b42e00] Options: 450x338 [FFFFFFFF,FFFFFFFF] 0001D060
2023-02-02 12:33:47.330 I  SwiperFlatListExample[39825:274f74] [com.apple.network:connection] nw_resolver_create_dns_service_locked [C36.1] Starting host resolution localhost:8081, flags 0xc000d000 proto 0
2023-02-02 12:33:47.330 Df SwiperFlatListExample[39825:274f74] (CFNetwork) Task <F371FBEC-27AF-48E7-8D6E-D3F0D8031A30>.<4> setting up Connection 36
2023-02-02 12:33:47.330 Db SwiperFlatListExample[39825:274f74] [com.apple.network:activity] Returning should log: 0 for activity cfnetwork:foreground_task
2023-02-02 12:33:47.330 I  SwiperFlatListExample[39825:274f74] [com.apple.network:connection] nw_connection_create_with_id [C37] create connection to Hostname#99141057:8081
2023-02-02 12:33:47.330 Df SwiperFlatListExample[39825:274f74] (CFNetwork) Connection 37: starting, TC(0x0)
2023-02-02 12:33:47.330 Df SwiperFlatListExample[39825:274f74] [com.apple.network:connection] [C37 305E27D9-7122-4D6C-8CCA-DB990E3F0E7A localhost:8081 tcp, url hash: 6717c0bd, definite, attribution: developer, context: com.apple.CFNetwork.NSURLSession.{4C3E1520-B8B8-4577-88E0-66D78F9A995C}{(null)}{Y}{2} (private), proc: 4B2D3039-C28E-3D3C-81E9-082DF9778677] start
2023-02-02 12:33:47.330 I  SwiperFlatListExample[39825:274f74] [com.apple.network:connection] nw_endpoint_handler_start [C37 localhost:8081 initial parent-flow ((null))]
2023-02-02 12:33:47.330 Df SwiperFlatListExample[39825:274f74] [com.apple.network:connection] [C37 localhost:8081 initial parent-flow ((null))] event: path:start @0.000s
2023-02-02 12:33:47.330 Db SwiperFlatListExample[39825:274f74] [com.apple.network:connection] nw_endpoint_handler_path_change [C37 localhost:8081 waiting parent-flow (satisfied (Path is satisfied), viable, interface: en0[802.11])]
2023-02-02 12:33:47.330 Df SwiperFlatListExample[39825:274f74] [com.apple.network:connection] [C37 localhost:8081 waiting parent-flow (satisfied (Path is satisfied), viable, interface: en0[802.11])] event: path:satisfied @0.000s, uuid: A78D523E-6A1F-4779-A330-35A481A79B09
2023-02-02 12:33:47.330 I  SwiperFlatListExample[39825:274f74] [com.apple.network:connection] nw_connection_endpoint_report_on_nw_queue_block_invoke [C37 localhost:8081 waiting parent-flow (satisfied (Path is satisfied), viable, interface: en0[802.11])] skipping state update
2023-02-02 12:33:47.330 Db SwiperFlatListExample[39825:274f74] [com.apple.network:] nw_endpoint_proxy_handler_should_use_proxy Looking up proxy for hostname: localhost, ifindex: 0
2023-02-02 12:33:47.330 Db SwiperFlatListExample[39825:274f74] [com.apple.SystemConfiguration:SCPreferences] create <SCPreferences 0x143d041b0 [0x1ba9afc60]> {name = SCDynamicStoreCopyProxiesWithOptions, id = /Library/Managed Preferences/mobile/com.apple.SystemConfiguration.plist, path = /Library/Managed Preferences/mobile/com.apple.SystemConfiguration.plist}
2023-02-02 12:33:47.330 Db SwiperFlatListExample[39825:274f74] [com.apple.SystemConfiguration:SCPreferences] SCPreferences() access: /Library/Managed Preferences/mobile/com.apple.SystemConfiguration.plist, size=0
2023-02-02 12:33:47.330 Db SwiperFlatListExample[39825:274f74] [com.apple.SystemConfiguration:SCPreferences] release <SCPreferences 0x143d041b0 [0x1ba9afc60]> {name = SCDynamicStoreCopyProxiesWithOptions, id = /Library/Managed Preferences/mobile/com.apple.SystemConfiguration.plist, path = /Library/Managed Preferences/mobile/com.apple.SystemConfiguration.plist, accessed}
2023-02-02 12:33:47.330 Db SwiperFlatListExample[39825:274f73] (AppleJPEG) [0x145b42e00] Decoding completed without errors
2023-02-02 12:33:47.330 Db SwiperFlatListExample[39825:274f74] [com.apple.network:connection] nw_endpoint_flow_attach_protocols [C37 localhost:8081 in_progress parent-flow (satisfied (Path is satisfied), viable, interface: en0[802.11])]
2023-02-02 12:33:47.330 Db SwiperFlatListExample[39825:274f74] [com.apple.network:connection] nw_endpoint_flow_attach_protocols [C37 localhost:8081 in_progress parent-flow (satisfied (Path is satisfied), viable, interface: en0[802.11])] stopping after adding persistent application protocols
2023-02-02 12:33:47.330 Df SwiperFlatListExample[39825:274f74] [com.apple.network:connection] [C37 localhost:8081 in_progress parent-flow (satisfied (Path is satisfied), viable, interface: en0[802.11])] event: flow:start_child @0.000s
2023-02-02 12:33:47.330 Df SwiperFlatListExample[39825:274f74] [com.apple.network:connection] nw_connection_report_state_with_handler_on_nw_queue [C37] reporting state preparing
2023-02-02 12:33:47.330 I  SwiperFlatListExample[39825:274f74] [com.apple.network:connection] nw_endpoint_handler_start [C37.1 localhost:8081 initial path ((null))]
2023-02-02 12:33:47.330 Db SwiperFlatListExample[39825:274f74] [com.apple.network:connection] nw_endpoint_flow_receive_report [C37 localhost:8081 in_progress parent-flow (satisfied (Path is satisfied), viable, interface: en0[802.11])] received child report: [C37.1 localhost:8081 initial path ((null))]
2023-02-02 12:33:47.330 Df SwiperFlatListExample[39825:274f74] [com.apple.network:connection] [C37.1 localhost:8081 initial path ((null))] event: path:start @0.000s
2023-02-02 12:33:47.330 Db SwiperFlatListExample[39825:274f74] [com.apple.network:connection] nw_endpoint_handler_path_change [C37.1 localhost:8081 waiting path (satisfied (Path is satisfied), viable, interface: en0[802.11])]
2023-02-02 12:33:47.330 Db SwiperFlatListExample[39825:274f74] [com.apple.network:connection] nw_endpoint_flow_receive_report [C37 localhost:8081 in_progress parent-flow (satisfied (Path is satisfied), viable, interface: en0[802.11])] received child report: [C37.1 localhost:8081 waiting path (satisfied (Path is satisfied), viable, interface: en0[802.11])]
2023-02-02 12:33:47.330 Df SwiperFlatListExample[39825:274f74] [com.apple.network:connection] [C37.1 localhost:8081 waiting path (satisfied (Path is satisfied), viable, interface: en0[802.11])] event: path:satisfied @0.000s, uuid: A78D523E-6A1F-4779-A330-35A481A79B09
2023-02-02 12:33:47.330 Db SwiperFlatListExample[39825:274f74] [com.apple.network:] nw_endpoint_proxy_handler_should_use_proxy Looking up proxy for hostname: localhost, ifindex: 0
2023-02-02 12:33:47.330 Db SwiperFlatListExample[39825:274f73] (AppleJPEG) [0x145b42e00] Releasing session
2023-02-02 12:33:47.331 Db SwiperFlatListExample[39825:274f73] (AppleJPEG) [0x144ad8200] Releasing session
2023-02-02 12:33:47.331 Db SwiperFlatListExample[39825:274f74] [com.apple.SystemConfiguration:SCPreferences] create <SCPreferences 0x147505490 [0x1ba9afc60]> {name = SCDynamicStoreCopyProxiesWithOptions, id = /Library/Managed Preferences/mobile/com.apple.SystemConfiguration.plist, path = /Library/Managed Preferences/mobile/com.apple.SystemConfiguration.plist}
2023-02-02 12:33:47.331 Db SwiperFlatListExample[39825:274f74] [com.apple.SystemConfiguration:SCPreferences] SCPreferences() access: /Library/Managed Preferences/mobile/com.apple.SystemConfiguration.plist, size=0
2023-02-02 12:33:47.331 Db SwiperFlatListExample[39825:274f74] [com.apple.SystemConfiguration:SCPreferences] release <SCPreferences 0x147505490 [0x1ba9afc60]> {name = SCDynamicStoreCopyProxiesWithOptions, id = /Library/Managed Preferences/mobile/com.apple.SystemConfiguration.plist, path = /Library/Managed Preferences/mobile/com.apple.SystemConfiguration.plist, accessed}
2023-02-02 12:33:47.331 Db SwiperFlatListExample[39825:274f74] [com.apple.network:connection] -[NWConcrete_nw_endpoint_resolver startWithHandler:] [C37.1 localhost:8081 waiting resolver (satisfied (Path is satisfied), viable, interface: en0[802.11])]
2023-02-02 12:33:47.331 Db SwiperFlatListExample[39825:274f74] [com.apple.network:connection] nw_endpoint_flow_receive_report [C37 localhost:8081 in_progress parent-flow (satisfied (Path is satisfied), viable, interface: en0[802.11])] received child report: [C37.1 localhost:8081 in_progress resolver (satisfied (Path is satisfied), viable, interface: en0[802.11])]
2023-02-02 12:33:47.331 Df SwiperFlatListExample[39825:274f74] [com.apple.network:connection] [C37.1 localhost:8081 in_progress resolver (satisfied (Path is satisfied), viable, interface: en0[802.11])] event: resolver:start_dns @0.001s
2023-02-02 12:33:47.331 I  SwiperFlatListExample[39825:274f74] [com.apple.network:connection] nw_resolver_create_dns_service_locked [C37.1] Starting host resolution localhost:8081, flags 0xc000d000 proto 0
2023-02-02 12:33:47.331 Df SwiperFlatListExample[39825:274f74] (CFNetwork) Task <332F9E35-5D9A-4B93-9F6F-1403B9C92310>.<5> setting up Connection 37
2023-02-02 12:33:47.331 Db SwiperFlatListExample[39825:274f74] [com.apple.network:activity] Returning should log: 0 for activity cfnetwork:foreground_task
2023-02-02 12:33:47.331 I  SwiperFlatListExample[39825:274f74] [com.apple.network:connection] nw_endpoint_resolver_start_next_child [C35.1 localhost:8081 in_progress resolver (satisfied (Path is satisfied), viable, interface: en0[802.11])] starting child endpoint ::1.8081
2023-02-02 12:33:47.331 I  SwiperFlatListExample[39825:274f74] [com.apple.network:connection] nw_endpoint_handler_start [C35.1.1 ::1.8081 initial path ((null))]
2023-02-02 12:33:47.331 Db SwiperFlatListExample[39825:274f74] [com.apple.network:connection] nw_endpoint_resolver_receive_report [C35.1 localhost:8081 in_progress resolver (satisfied (Path is satisfied), viable, interface: en0[802.11])] received child report: [C35.1.1 ::1.8081 initial path ((null))]
2023-02-02 12:33:47.331 Db SwiperFlatListExample[39825:274f74] [com.apple.network:connection] nw_endpoint_flow_receive_report [C35 localhost:8081 in_progress parent-flow (satisfied (Path is satisfied), viable, interface: en0[802.11])] received child report: [C35.1.1 ::1.8081 initial path ((null))]
2023-02-02 12:33:47.331 Df SwiperFlatListExample[39825:274f74] [com.apple.network:connection] [C35.1.1 ::1.8081 initial path ((null))] event: path:start @0.016s
2023-02-02 12:33:47.332 Db SwiperFlatListExample[39825:274f74] [com.apple.network:connection] nw_endpoint_handler_path_change [C35.1.1 ::1.8081 waiting path (satisfied (Path is satisfied), interface: lo0)]
2023-02-02 12:33:47.332 Db SwiperFlatListExample[39825:274f74] [com.apple.network:connection] nw_endpoint_resolver_receive_report [C35.1 localhost:8081 in_progress resolver (satisfied (Path is satisfied), viable, interface: en0[802.11])] received child report: [C35.1.1 ::1.8081 waiting path (satisfied (Path is satisfied), interface: lo0)]
2023-02-02 12:33:47.332 Db SwiperFlatListExample[39825:274f74] [com.apple.network:connection] nw_endpoint_flow_receive_report [C35 localhost:8081 in_progress parent-flow (satisfied (Path is satisfied), viable, interface: en0[802.11])] received child report: [C35.1.1 ::1.8081 waiting path (satisfied (Path is satisfied), interface: lo0)]
2023-02-02 12:33:47.332 Df SwiperFlatListExample[39825:274f74] [com.apple.network:connection] [C35.1.1 ::1.8081 waiting path (satisfied (Path is satisfied), interface: lo0)] event: path:satisfied @0.017s, uuid: 89549200-5062-446A-BD49-14C18F996F3B
2023-02-02 12:33:47.332 Db SwiperFlatListExample[39825:274f74] [com.apple.network:] nw_endpoint_proxy_handler_should_use_proxy Looking up proxy for hostname: <nil>, ifindex: 0
2023-02-02 12:33:47.332 Db SwiperFlatListExample[39825:274f74] [com.apple.SystemConfiguration:SCPreferences] create <SCPreferences 0x142f7f1d0 [0x1ba9afc60]> {name = SCDynamicStoreCopyProxiesWithOptions, id = /Library/Managed Preferences/mobile/com.apple.SystemConfiguration.plist, path = /Library/Managed Preferences/mobile/com.apple.SystemConfiguration.plist}
2023-02-02 12:33:47.332 Db SwiperFlatListExample[39825:274f74] [com.apple.SystemConfiguration:SCPreferences] SCPreferences() access: /Library/Managed Preferences/mobile/com.apple.SystemConfiguration.plist, size=0
2023-02-02 12:33:47.332 Db SwiperFlatListExample[39825:274f74] [com.apple.SystemConfiguration:SCPreferences] release <SCPreferences 0x142f7f1d0 [0x1ba9afc60]> {name = SCDynamicStoreCopyProxiesWithOptions, id = /Library/Managed Preferences/mobile/com.apple.SystemConfiguration.plist, path = /Library/Managed Preferences/mobile/com.apple.SystemConfiguration.plist, accessed}
2023-02-02 12:33:47.332 I  SwiperFlatListExample[39825:274f74] [com.apple.network:connection] nw_endpoint_flow_setup_protocols [C35.1.1 ::1.8081 in_progress socket-flow (satisfied (Path is satisfied), interface: lo0)] setup flow id FB70BC51-4AE5-416C-908F-09E8C329B2F9
2023-02-02 12:33:47.332 Db SwiperFlatListExample[39825:274f74] [com.apple.network:connection] nw_endpoint_flow_attach_protocols [C35.1.1 ::1.8081 in_progress socket-flow (satisfied (Path is satisfied), interface: lo0)]
2023-02-02 12:33:47.332 Db SwiperFlatListExample[39825:274f74] [com.apple.network:connection] nw_endpoint_flow_attach_protocols_block_invoke [C35.1.1 ::1.8081 in_progress socket-flow (satisfied (Path is satisfied), interface: lo0)] Attached application protocol: CFNetworkConnection-3911579353
2023-02-02 12:33:47.332 Db SwiperFlatListExample[39825:274f74] [com.apple.network:] nw_fd_wrapper_create Created <fd_wrapper 30, guarded: false>
2023-02-02 12:33:47.332 Db SwiperFlatListExample[39825:274f74] [com.apple.network:connection] nw_endpoint_flow_attach_protocols [C35.1.1 ::1.8081 in_progress socket-flow (satisfied (Path is satisfied), interface: lo0)] Attached socket protocol
2023-02-02 12:33:47.332 Db SwiperFlatListExample[39825:274f74] [com.apple.network:connection] nw_endpoint_flow_setup_protocols [C35.1.1 ::1.8081 in_progress socket-flow (satisfied (Path is satisfied), interface: lo0)] leaf flow starting
2023-02-02 12:33:47.332 Db SwiperFlatListExample[39825:274f74] [com.apple.network:connection] nw_endpoint_resolver_receive_report [C35.1 localhost:8081 in_progress resolver (satisfied (Path is satisfied), viable, interface: en0[802.11])] received child report: [C35.1.1 ::1.8081 in_progress socket-flow (satisfied (Path is satisfied), interface: lo0)]
2023-02-02 12:33:47.332 Db SwiperFlatListExample[39825:274f74] [com.apple.network:connection] nw_endpoint_flow_receive_report [C35 localhost:8081 in_progress parent-flow (satisfied (Path is satisfied), viable, interface: en0[802.11])] received child report: [C35.1.1 ::1.8081 in_progress socket-flow (satisfied (Path is satisfied), interface: lo0)]
2023-02-02 12:33:47.332 Df SwiperFlatListExample[39825:274f74] [com.apple.network:connection] [C35.1.1 ::1.8081 in_progress socket-flow (satisfied (Path is satisfied), interface: lo0)] event: flow:start_connect @0.017s
2023-02-02 12:33:47.332 I  SwiperFlatListExample[39825:274f74] [com.apple.network:connection] nw_endpoint_resolver_start_next_child [C35.1 localhost:8081 in_progress resolver (satisfied (Path is satisfied), viable, interface: en0[802.11])] starting next child endpoint in 2000ms
2023-02-02 12:33:47.332 I  SwiperFlatListExample[39825:274f74] [com.apple.network:connection] nw_resolver_host_resolve_callback [C36.1] flags=0x40000003 ifindex=4294967295 error=NoError(0) hostname=localhost. addr=::1 ttl=1
2023-02-02 12:33:47.332 I  SwiperFlatListExample[39825:274f74] [com.apple.network:connection] nw_resolver_host_resolve_callback [C36.1] flags=0x40000002 ifindex=4294967295 error=NoError(0) hostname=localhost. addr=127.0.0.1 ttl=1
2023-02-02 12:33:47.332 Db SwiperFlatListExample[39825:274f74] [com.apple.network:] sa_dst_compare_rfc6724 Rule 6, prefer d2, d2 precedence 50 > d1 precedence 35
2023-02-02 12:33:47.332 Db SwiperFlatListExample[39825:274f74] [com.apple.network:] sa_dst_compare_internal <private>@0 < <private>@0
2023-02-02 12:33:47.332 I  SwiperFlatListExample[39825:274f74] [com.apple.network:connection] nw_resolver_create_prefer_connected_variant [C36.1] Prefer Connected: ::1.8081 is already the first endpoint
2023-02-02 12:33:47.332 I  SwiperFlatListExample[39825:274f74] [com.apple.network:connection] nw_resolver_host_resolve_callback [C37.1] flags=0x40000003 ifindex=4294967295 error=NoError(0) hostname=localhost. addr=::1 ttl=1
2023-02-02 12:33:47.333 I  SwiperFlatListExample[39825:274f74] [com.apple.network:connection] nw_resolver_host_resolve_callback [C37.1] flags=0x40000002 ifindex=4294967295 error=NoError(0) hostname=localhost. addr=127.0.0.1 ttl=1
2023-02-02 12:33:47.333 Db SwiperFlatListExample[39825:274f74] [com.apple.network:] sa_dst_compare_rfc6724 Rule 6, prefer d2, d2 precedence 50 > d1 precedence 35
2023-02-02 12:33:47.333 Db SwiperFlatListExample[39825:274f74] [com.apple.network:] sa_dst_compare_internal <private>@0 < <private>@0
2023-02-02 12:33:47.333 I  SwiperFlatListExample[39825:274f74] [com.apple.network:connection] nw_resolver_create_prefer_connected_variant [C37.1] Prefer Connected: ::1.8081 is already the first endpoint
2023-02-02 12:33:47.333 Db SwiperFlatListExample[39825:274f74] [com.apple.network:connection] nw_endpoint_resolver_update [C36.1 localhost:8081 in_progress resolver (satisfied (Path is satisfied), viable, interface: en0[802.11])] resolver is complete
2023-02-02 12:33:47.333 Df SwiperFlatListExample[39825:274f74] [com.apple.network:connection] nw_endpoint_resolver_update [C36.1 localhost:8081 in_progress resolver (satisfied (Path is satisfied), viable, interface: en0[802.11])] Adding endpoint handler for ::1.8081
2023-02-02 12:33:47.333 Df SwiperFlatListExample[39825:274f74] [com.apple.network:connection] nw_endpoint_resolver_update [C36.1 localhost:8081 in_progress resolver (satisfied (Path is satisfied), viable, interface: en0[802.11])] Adding endpoint handler for 127.0.0.1:8081
2023-02-02 12:33:47.333 Db SwiperFlatListExample[39825:274f74] [com.apple.network:connection] nw_endpoint_resolver_update [C36.1 localhost:8081 in_progress resolver (satisfied (Path is satisfied), viable, interface: en0[802.11])] Updated endpoint list is (::1.8081,127.0.0.1:8081)
2023-02-02 12:33:47.333 Db SwiperFlatListExample[39825:274f74] [com.apple.network:connection] nw_endpoint_flow_receive_report [C36 localhost:8081 in_progress parent-flow (satisfied (Path is satisfied), viable, interface: en0[802.11])] received child report: [C36.1 localhost:8081 in_progress resolver (satisfied (Path is satisfied), viable, interface: en0[802.11])]
2023-02-02 12:33:47.333 Df SwiperFlatListExample[39825:274f74] [com.apple.network:connection] [C36.1 localhost:8081 in_progress resolver (satisfied (Path is satisfied), viable, interface: en0[802.11])] event: resolver:receive_dns @0.005s
2023-02-02 12:33:47.333 Db SwiperFlatListExample[39825:274f74] [com.apple.network:connection] nw_endpoint_resolver_update [C37.1 localhost:8081 in_progress resolver (satisfied (Path is satisfied), viable, interface: en0[802.11])] resolver is complete
2023-02-02 12:33:47.333 Df SwiperFlatListExample[39825:274f74] [com.apple.network:connection] nw_endpoint_resolver_update [C37.1 localhost:8081 in_progress resolver (satisfied (Path is satisfied), viable, interface: en0[802.11])] Adding endpoint handler for ::1.8081
2023-02-02 12:33:47.333 Df SwiperFlatListExample[39825:274f74] [com.apple.network:connection] nw_endpoint_resolver_update [C37.1 localhost:8081 in_progress resolver (satisfied (Path is satisfied), viable, interface: en0[802.11])] Adding endpoint handler for 127.0.0.1:8081
2023-02-02 12:33:47.333 Db SwiperFlatListExample[39825:274f74] [com.apple.network:connection] nw_endpoint_resolver_update [C37.1 localhost:8081 in_progress resolver (satisfied (Path is satisfied), viable, interface: en0[802.11])] Updated endpoint list is (::1.8081,127.0.0.1:8081)
2023-02-02 12:33:47.333 Db SwiperFlatListExample[39825:274f74] [com.apple.network:connection] nw_endpoint_flow_receive_report [C37 localhost:8081 in_progress parent-flow (satisfied (Path is satisfied), viable, interface: en0[802.11])] received child report: [C37.1 localhost:8081 in_progress resolver (satisfied (Path is satisfied), viable, interface: en0[802.11])]
2023-02-02 12:33:47.333 Df SwiperFlatListExample[39825:274f74] [com.apple.network:connection] [C37.1 localhost:8081 in_progress resolver (satisfied (Path is satisfied), viable, interface: en0[802.11])] event: resolver:receive_dns @0.003s
2023-02-02 12:33:47.334 I  SwiperFlatListExample[39825:274f74] [com.apple.network:connection] nw_endpoint_resolver_start_next_child [C36.1 localhost:8081 in_progress resolver (satisfied (Path is satisfied), viable, interface: en0[802.11])] starting child endpoint ::1.8081
2023-02-02 12:33:47.334 I  SwiperFlatListExample[39825:274f74] [com.apple.network:connection] nw_endpoint_handler_start [C36.1.1 ::1.8081 initial path ((null))]
2023-02-02 12:33:47.334 Db SwiperFlatListExample[39825:274f74] [com.apple.network:connection] nw_endpoint_resolver_receive_report [C36.1 localhost:8081 in_progress resolver (satisfied (Path is satisfied), viable, interface: en0[802.11])] received child report: [C36.1.1 ::1.8081 initial path ((null))]
2023-02-02 12:33:47.334 Db SwiperFlatListExample[39825:274f74] [com.apple.network:connection] nw_endpoint_flow_receive_report [C36 localhost:8081 in_progress parent-flow (satisfied (Path is satisfied), viable, interface: en0[802.11])] received child report: [C36.1.1 ::1.8081 initial path ((null))]
2023-02-02 12:33:47.334 Df SwiperFlatListExample[39825:274f74] [com.apple.network:connection] [C36.1.1 ::1.8081 initial path ((null))] event: path:start @0.006s
2023-02-02 12:33:47.334 Db SwiperFlatListExample[39825:274f74] [com.apple.network:connection] nw_endpoint_handler_path_change [C36.1.1 ::1.8081 waiting path (satisfied (Path is satisfied), interface: lo0)]
2023-02-02 12:33:47.334 Db SwiperFlatListExample[39825:274f74] [com.apple.network:connection] nw_endpoint_resolver_receive_report [C36.1 localhost:8081 in_progress resolver (satisfied (Path is satisfied), viable, interface: en0[802.11])] received child report: [C36.1.1 ::1.8081 waiting path (satisfied (Path is satisfied), interface: lo0)]
2023-02-02 12:33:47.334 Db SwiperFlatListExample[39825:274f74] [com.apple.network:connection] nw_endpoint_flow_receive_report [C36 localhost:8081 in_progress parent-flow (satisfied (Path is satisfied), viable, interface: en0[802.11])] received child report: [C36.1.1 ::1.8081 waiting path (satisfied (Path is satisfied), interface: lo0)]
2023-02-02 12:33:47.334 Df SwiperFlatListExample[39825:274f74] [com.apple.network:connection] [C36.1.1 ::1.8081 waiting path (satisfied (Path is satisfied), interface: lo0)] event: path:satisfied @0.006s, uuid: 89549200-5062-446A-BD49-14C18F996F3B
2023-02-02 12:33:47.334 Db SwiperFlatListExample[39825:274f74] [com.apple.network:] nw_endpoint_proxy_handler_should_use_proxy Looking up proxy for hostname: <nil>, ifindex: 0
2023-02-02 12:33:47.334 Db SwiperFlatListExample[39825:274f74] [com.apple.SystemConfiguration:SCPreferences] create <SCPreferences 0x143a15580 [0x1ba9afc60]> {name = SCDynamicStoreCopyProxiesWithOptions, id = /Library/Managed Preferences/mobile/com.apple.SystemConfiguration.plist, path = /Library/Managed Preferences/mobile/com.apple.SystemConfiguration.plist}
2023-02-02 12:33:47.334 Db SwiperFlatListExample[39825:274f74] [com.apple.SystemConfiguration:SCPreferences] SCPreferences() access: /Library/Managed Preferences/mobile/com.apple.SystemConfiguration.plist, size=0
2023-02-02 12:33:47.334 Db SwiperFlatListExample[39825:274f74] [com.apple.SystemConfiguration:SCPreferences] release <SCPreferences 0x143a15580 [0x1ba9afc60]> {name = SCDynamicStoreCopyProxiesWithOptions, id = /Library/Managed Preferences/mobile/com.apple.SystemConfiguration.plist, path = /Library/Managed Preferences/mobile/com.apple.SystemConfiguration.plist, accessed}
2023-02-02 12:33:47.334 I  SwiperFlatListExample[39825:274f74] [com.apple.network:connection] nw_endpoint_flow_setup_protocols [C36.1.1 ::1.8081 in_progress socket-flow (satisfied (Path is satisfied), interface: lo0)] setup flow id F1E1A12E-DEFA-4C6D-8A79-6B340643293D
2023-02-02 12:33:47.334 Db SwiperFlatListExample[39825:274f74] [com.apple.network:connection] nw_endpoint_flow_attach_protocols [C36.1.1 ::1.8081 in_progress socket-flow (satisfied (Path is satisfied), interface: lo0)]
2023-02-02 12:33:47.334 Db SwiperFlatListExample[39825:274f74] [com.apple.network:connection] nw_endpoint_flow_attach_protocols_block_invoke [C36.1.1 ::1.8081 in_progress socket-flow (satisfied (Path is satisfied), interface: lo0)] Attached application protocol: CFNetworkConnection-3911579353
2023-02-02 12:33:47.334 Db SwiperFlatListExample[39825:274f74] [com.apple.network:] nw_fd_wrapper_create Created <fd_wrapper 31, guarded: false>
2023-02-02 12:33:47.334 Db SwiperFlatListExample[39825:274f74] [com.apple.network:connection] nw_endpoint_flow_attach_protocols [C36.1.1 ::1.8081 in_progress socket-flow (satisfied (Path is satisfied), interface: lo0)] Attached socket protocol
2023-02-02 12:33:47.334 Db SwiperFlatListExample[39825:274f74] [com.apple.network:connection] nw_endpoint_flow_setup_protocols [C36.1.1 ::1.8081 in_progress socket-flow (satisfied (Path is satisfied), interface: lo0)] leaf flow starting
2023-02-02 12:33:47.334 Db SwiperFlatListExample[39825:274f74] [com.apple.network:connection] nw_endpoint_resolver_receive_report [C36.1 localhost:8081 in_progress resolver (satisfied (Path is satisfied), viable, interface: en0[802.11])] received child report: [C36.1.1 ::1.8081 in_progress socket-flow (satisfied (Path is satisfied), interface: lo0)]
2023-02-02 12:33:47.334 Db SwiperFlatListExample[39825:274f74] [com.apple.network:connection] nw_endpoint_flow_receive_report [C36 localhost:8081 in_progress parent-flow (satisfied (Path is satisfied), viable, interface: en0[802.11])] received child report: [C36.1.1 ::1.8081 in_progress socket-flow (satisfied (Path is satisfied), interface: lo0)]
2023-02-02 12:33:47.334 Df SwiperFlatListExample[39825:274f74] [com.apple.network:connection] [C36.1.1 ::1.8081 in_progress socket-flow (satisfied (Path is satisfied), interface: lo0)] event: flow:start_connect @0.006s
2023-02-02 12:33:47.334 I  SwiperFlatListExample[39825:274f74] [com.apple.network:connection] nw_endpoint_resolver_start_next_child [C36.1 localhost:8081 in_progress resolver (satisfied (Path is satisfied), viable, interface: en0[802.11])] starting next child endpoint in 2000ms
2023-02-02 12:33:47.334 I  SwiperFlatListExample[39825:274f74] [com.apple.network:connection] nw_endpoint_resolver_start_next_child [C37.1 localhost:8081 in_progress resolver (satisfied (Path is satisfied), viable, interface: en0[802.11])] starting child endpoint ::1.8081
2023-02-02 12:33:47.334 I  SwiperFlatListExample[39825:274f74] [com.apple.network:connection] nw_endpoint_handler_start [C37.1.1 ::1.8081 initial path ((null))]
2023-02-02 12:33:47.334 Db SwiperFlatListExample[39825:274f74] [com.apple.network:connection] nw_endpoint_resolver_receive_report [C37.1 localhost:8081 in_progress resolver (satisfied (Path is satisfied), viable, interface: en0[802.11])] received child report: [C37.1.1 ::1.8081 initial path ((null))]
2023-02-02 12:33:47.334 Db SwiperFlatListExample[39825:274f74] [com.apple.network:connection] nw_endpoint_flow_receive_report [C37 localhost:8081 in_progress parent-flow (satisfied (Path is satisfied), viable, interface: en0[802.11])] received child report: [C37.1.1 ::1.8081 initial path ((null))]
2023-02-02 12:33:47.334 Df SwiperFlatListExample[39825:274f74] [com.apple.network:connection] [C37.1.1 ::1.8081 initial path ((null))] event: path:start @0.004s
2023-02-02 12:33:47.334 Db SwiperFlatListExample[39825:274f74] [com.apple.network:connection] nw_endpoint_handler_path_change [C37.1.1 ::1.8081 waiting path (satisfied (Path is satisfied), interface: lo0)]
2023-02-02 12:33:47.334 Db SwiperFlatListExample[39825:274f74] [com.apple.network:connection] nw_endpoint_resolver_receive_report [C37.1 localhost:8081 in_progress resolver (satisfied (Path is satisfied), viable, interface: en0[802.11])] received child report: [C37.1.1 ::1.8081 waiting path (satisfied (Path is satisfied), interface: lo0)]
2023-02-02 12:33:47.334 Db SwiperFlatListExample[39825:274f74] [com.apple.network:connection] nw_endpoint_flow_receive_report [C37 localhost:8081 in_progress parent-flow (satisfied (Path is satisfied), viable, interface: en0[802.11])] received child report: [C37.1.1 ::1.8081 waiting path (satisfied (Path is satisfied), interface: lo0)]
2023-02-02 12:33:47.334 Df SwiperFlatListExample[39825:274f74] [com.apple.network:connection] [C37.1.1 ::1.8081 waiting path (satisfied (Path is satisfied), interface: lo0)] event: path:satisfied @0.004s, uuid: 89549200-5062-446A-BD49-14C18F996F3B
2023-02-02 12:33:47.335 Db SwiperFlatListExample[39825:274f74] [com.apple.network:] nw_endpoint_proxy_handler_should_use_proxy Looking up proxy for hostname: <nil>, ifindex: 0
