// Jest Snapshot v1, https://goo.gl/fbAQLP

exports[`renders correctly 1`] = `
<View
  style={
    Object {
      "flex": 1,
    }
  }
>
  <FlatList
    data={
      Array [
        Object {
          "id": 1,
          "picture": Object {
            "uri": "https://...",
          },
        },
        Object {
          "id": 2,
          "picture": Object {
            "uri": "https://...",
          },
        },
      ]
    }
    disableVirtualization={false}
    horizontal={true}
    initialNumToRender={10}
    keyExtractor={[Function]}
    maxToRenderPerBatch={10}
    numColumns={1}
    onEndReachedThreshold={2}
    onMomentumScrollEnd={[Function]}
    pagingEnabled={true}
    scrollEventThrottle={50}
    showsHorizontalScrollIndicator={false}
    updateCellsBatchingPeriod={50}
    windowSize={21}
  />
  <View
    style={
      Object {
        "bottom": 0,
        "flexDirection": "row",
        "justifyContent": "center",
        "left": 187.5,
        "marginVertical": 16.675,
        "position": "absolute",
        "right": 187.5,
      }
    }
  >
    <TouchableOpacity
      activeOpacity={0.2}
      key="0"
      onPress={[Function]}
      style={
        Array [
          Object {
            "backgroundColor": "gray",
            "borderRadius": 25,
            "height": 28.125,
            "marginHorizontal": 18.75,
            "width": 28.125,
          },
          Object {
            "backgroundColor": "rgb(15, 45, 90)",
          },
        ]
      }
    />
    <TouchableOpacity
      activeOpacity={0.2}
      key="1"
      onPress={[Function]}
      style={
        Array [
          Object {
            "backgroundColor": "gray",
            "borderRadius": 25,
            "height": 28.125,
            "marginHorizontal": 18.75,
            "width": 28.125,
          },
          false,
        ]
      }
    />
  </View>
</View>
`;
