2023-02-02 12:27:30.847 Df maild[34583:26d9e0] [com.apple.xpc.activity:Client] xpc_activity_set_criteria: com.apple.emaildaemon.protecteddatabasepersistence.cleanup (0x6000009f6bc0), setting state now to 1
2023-02-02 12:27:30.847 Df maild[34583:26d9e0] [com.apple.xpc.activity:Client] _xpc_activity_set_state: com.apple.emaildaemon.protecteddatabasepersistence.cleanup (0x6000009f6bc0), 1
2023-02-02 12:27:30.848 Db maild[34583:26d9e0] [com.apple.kvs:Connection] Finished registering for change notifications
2023-02-02 12:27:30.848 Df maild[34583:26d9e0] [com.apple.xpc.activity:Client] xpc_activity_set_criteria, lower half: com.apple.email.EDRemoteContentManager.requestScheduler (0x6000009cc460), dict
2023-02-02 12:27:30.848 Df maild[34583:26d9e0] [com.apple.xpc.activity:Client] _xpc_activity_set_criteria: com.apple.email.EDRemoteContentManager.requestScheduler (0x6000009cc460), dict
2023-02-02 12:27:30.848 Df maild[34583:26d9e0] [com.apple.xpc.activity:Client] _xpc_activity_set_criteria: xpc_set_event com.apple.email.EDRemoteContentManager.requestScheduler, 1
2023-02-02 12:27:30.848 Db syncdefaultsd[34544:26d3c8] [com.apple.kvs:TCC] Enabling TCC if necessary
2023-02-02 12:27:30.849 Df UserEventAgent[34487:26daf9] [com.apple.xpc.activity:Internal] Creating XPC Activity on XPC add event: com.apple.email.EDRemoteContentManager.requestScheduler
2023-02-02 12:27:30.849 Df UserEventAgent[34487:26daf9] [com.apple.xpc.activity:Internal] Created XPC Activity: com.apple.email.EDRemoteContentManager.requestScheduler (0x135e05370)
2023-02-02 12:27:30.849 Df UserEventAgent[34487:26daf9] [com.apple.xpc.activity:Activities] Registered XPC Activity: com.apple.email.EDRemoteContentManager.requestScheduler (0x135e05370)
2023-02-02 12:27:30.849 I  UserEventAgent[34487:26daf9] [com.apple.xpc.activity:Internal] com.apple.email.EDRemoteContentManager.requestScheduler: <dictionary: 0x600002b4dc80> { count = 8, transaction: 0, voucher = 0x0, contents =
	"_SequenceNumber" => <uint64: 0xa03501b8c3b8873f>: 1
	"Repeating" => <bool: 0x1b313ce10>: false
	"Interval" => <int64: 0xa0b501b8c3b80d2f>: 4419
	"GracePeriod" => <int64: 0xa0b501b8c3b8c227>: 2210
	"RequireInexpensiveNetworkConnectivity" => <bool: 0x1b313cdf0>: true
	"Delay" => <int64: 0xa0b501b8c3b8c227>: 2210
	"AllowBattery" => <bool: 0x1b313ce10>: false
	"Priority" => <string: 0x600000145a10> { length = 11, contents = "Maintenance" }
}
2023-02-02 12:27:30.850 Df maild[34583:26d9e0] [com.apple.xpc.activity:Client] xpc_activity_set_criteria: com.apple.email.EDRemoteContentManager.requestScheduler (0x6000009cc460), setting state now to 1
2023-02-02 12:27:30.850 Df maild[34583:26d9e0] [com.apple.xpc.activity:Client] _xpc_activity_set_state: com.apple.email.EDRemoteContentManager.requestScheduler (0x6000009cc460), 1
2023-02-02 12:27:30.850 Df maild[34583:26d9e0] [com.apple.xpc.activity:Client] xpc_activity_set_criteria, lower half: com.apple.email.maild.suggestionsLostMessageProcessing (0x6000009f6c60), dict
2023-02-02 12:27:30.851 Df maild[34583:26d9e0] [com.apple.xpc.activity:Client] _xpc_activity_set_criteria: com.apple.email.maild.suggestionsLostMessageProcessing (0x6000009f6c60), dict
2023-02-02 12:27:30.851 Df maild[34583:26d9e0] [com.apple.xpc.activity:Client] _xpc_activity_set_criteria: xpc_set_event com.apple.email.maild.suggestionsLostMessageProcessing, 2
2023-02-02 12:27:30.852 Df UserEventAgent[34487:26daf9] [com.apple.xpc.activity:Internal] Creating XPC Activity on XPC add event: com.apple.email.maild.suggestionsLostMessageProcessing
2023-02-02 12:27:30.852 Df UserEventAgent[34487:26daf9] [com.apple.xpc.activity:Internal] Created XPC Activity: com.apple.email.maild.suggestionsLostMessageProcessing (0x137c05200)
2023-02-02 12:27:30.852 Df UserEventAgent[34487:26daf9] [com.apple.xpc.activity:Activities] Registered XPC Activity: com.apple.email.maild.suggestionsLostMessageProcessing (0x137c05200)
2023-02-02 12:27:30.852 I  UserEventAgent[34487:26daf9] [com.apple.xpc.activity:Internal] com.apple.email.maild.suggestionsLostMessageProcessing: <dictionary: 0x600002b5c180> { count = 4, transaction: 0, voucher = 0x0, contents =
	"_SequenceNumber" => <uint64: 0xa03501b8c3b88727>: 2
	"Interval" => <int64: 0xa0b501b8c3b20b37>: 86400
	"RequireScreenSleep" => <bool: 0x1b313cdf0>: true
	"Priority" => <string: 0x6000001486c0> { length = 11, contents = "Maintenance" }
}
2023-02-02 12:27:30.853 Db nanoprefsyncd[34508:26dad4] [com.apple.containermanager:xpc] connection <0x600003566ac0/1/0> created; cnt = 2
2023-02-02 12:27:30.853 Db syncdefaultsd[34544:26d3c8] [com.apple.launchservices:error] Constructing NSError NSOSStatusErrorDomain/-50 at +[LSBundleRecord _bundleRecordForAuditToken:checkNSBundleMainBundle:error:]:258
2023-02-02 12:27:30.853 Db syncdefaultsd[34544:26d3c8] [com.apple.kvs:TCC] No bundle, no TCC
2023-02-02 12:27:30.853 Df maild[34583:26d9e0] [com.apple.xpc.activity:Client] xpc_activity_set_criteria: com.apple.email.maild.suggestionsLostMessageProcessing (0x6000009f6c60), setting state now to 1
2023-02-02 12:27:30.854 Df maild[34583:26d9e0] [com.apple.xpc.activity:Client] _xpc_activity_set_state: com.apple.email.maild.suggestionsLostMessageProcessing (0x6000009f6c60), 1
2023-02-02 12:27:30.854 Df maild[34583:26d9e0] [com.apple.xpc.activity:Client] xpc_activity_set_criteria, lower half: com.apple.email.spotlightVerification (0x6000009f7ac0), check-in
2023-02-02 12:27:30.854 Df maild[34583:26d9e0] [com.apple.xpc.activity:Client] _xpc_activity_set_criteria: com.apple.email.spotlightVerification (0x6000009f7ac0), check-in
2023-02-02 12:27:30.854 Db nanoprefsyncd[34508:26dad4] [com.apple.containermanager:xpc] connection <0x600003566ac0/1/0> shared; cnt = 3
2023-02-02 12:27:30.861 Df maild[34583:26d9e0] [com.apple.xpc.activity:Client] xpc_activity_set_criteria: com.apple.email.spotlightVerification (0x6000009f7ac0), setting state now to 0
2023-02-02 12:27:30.861 Df maild[34583:26d9e0] [com.apple.xpc.activity:Client] _xpc_activity_set_state: com.apple.email.spotlightVerification (0x6000009f7ac0), 0
2023-02-02 12:27:30.861 Df maild[34583:26d9e0] [com.apple.xpc.activity:Client] __XPC_ACTIVITY_CALLING_HANDLER__: com.apple.email.spotlightVerification (0x6000009f7ac0), current state 0, pending state 0
2023-02-02 12:27:30.861 I  maild[34583:26d9e0] [com.apple.email:XPCActivity] Check in 'com.apple.email.spotlightVerification'
2023-02-02 12:27:30.861 Df maild[34583:26d9e0] [com.apple.xpc.activity:Client] xpc_activity_set_criteria: com.apple.email.spotlightVerification (0x6000009f7ac0), dict
2023-02-02 12:27:30.864 Df maild[34583:26d9e0] [com.apple.xpc.activity:Client] __XPC_ACTIVITY_CALLING_HANDLER__ returned from handler: com.apple.email.spotlightVerification (0x6000009f7ac0), current state 0, pending state 0
2023-02-02 12:27:30.864 Df maild[34583:26d9e0] [com.apple.xpc.activity:Client] _xpc_activity_set_state: com.apple.email.spotlightVerification (0x6000009f7ac0), 1
2023-02-02 12:27:30.864 Df maild[34583:26d9e0] [com.apple.xpc.activity:Client] xpc_activity_set_criteria, lower half: com.apple.email.spotlightVerification (0x6000009f7ac0), dict
2023-02-02 12:27:30.865 Df maild[34583:26d9e0] [com.apple.xpc.activity:Client] _xpc_activity_set_criteria: com.apple.email.spotlightVerification (0x6000009f7ac0), dict
2023-02-02 12:27:30.865 Df maild[34583:26d9e0] [com.apple.xpc.activity:Client] _xpc_activity_set_criteria: xpc_set_event com.apple.email.spotlightVerification, 2
2023-02-02 12:27:30.866 Df UserEventAgent[34487:26d2f1] [com.apple.xpc.activity:Internal] Creating XPC Activity on XPC add event: com.apple.email.spotlightVerification
2023-02-02 12:27:30.867 Df UserEventAgent[34487:26d2f1] [com.apple.xpc.activity:Internal] Created XPC Activity: com.apple.email.spotlightVerification (0x135f06a70)
2023-02-02 12:27:30.867 Df UserEventAgent[34487:26d2f1] [com.apple.xpc.activity:Activities] Registered XPC Activity: com.apple.email.spotlightVerification (0x135f06a70)
2023-02-02 12:27:30.867 I  UserEventAgent[34487:26d2f1] [com.apple.xpc.activity:Internal] com.apple.email.spotlightVerification: <dictionary: 0x600002b558c0> { count = 5, transaction: 0, voucher = 0x0, contents =
	"_SequenceNumber" => <uint64: 0xa03501b8c3b88727>: 2
	"Interval" => <int64: 0xa0b501b8c3b94537>: 14400
	"RequiresClassA" => <bool: 0x1b313cdf0>: true
	"AllowBattery" => <bool: 0x1b313cdf0>: true
	"Priority" => <string: 0x60000015f240> { length = 11, contents = "Maintenance" }
}
2023-02-02 12:27:30.908 Df maild[34583:26d9e0] [com.apple.xpc.activity:Client] xpc_activity_set_criteria: com.apple.email.spotlightVerification (0x6000009f7ac0), setting state now to 1
2023-02-02 12:27:30.908 Df maild[34583:26d9e0] [com.apple.xpc.activity:Client] _xpc_activity_set_state: com.apple.email.spotlightVerification (0x6000009f7ac0), 1
2023-02-02 12:27:30.938 Df apsd[34540:26d376] <APSNetworkMonitor: 0x600002bdc1b0> wifi is historically cheap? YES  awakePercentage = 0.000000,  wifiGrowAttemptDelta 0  wifiKeepAliveInterval 900.000000
2023-02-02 12:27:30.938 Df apsd[34540:26d376] [com.apple.CommonUtilities:Network] is WiFi associated? YES
2023-02-02 12:27:30.938 Df apsd[34540:26d376] <APSNetworkMonitor: 0x600002bdc1b0> we're allowed to piggyback - we will not associate to wifi ourselves.
2023-02-02 12:27:30.938 Df apsd[34540:26d376] <APSNetworkMonitor: 0x600002bdc1b0> _toggleWiFiAutoAssociateIfNecessary disabling wifi auto association highEnoughPushCost NO  wifiHistoricallyOK YES  serverLoadIsOK YES criticalReliability NO  serverSupportsDualMode YES  _dualMode 0 enableDualMode YES disableCostDrivenDualMode NO isPiggybacking YES isWoWEnabled NO
2023-02-02 12:27:30.938 Df apsd[34540:26d376] [com.apple.apsd:courier] <APSCourier 0x151d04480 development>: Received delegate call: shouldUseDualMode is set to YES
2023-02-02 12:27:30.938 Df apsd[34540:26d376] [com.apple.apsd:courier] <APSCourier 0x151d04480 development> resetting consecutive failures because we have at least one connection
2023-02-02 12:27:30.938 Df apsd[34540:26d376] <APSCourierConnection: 0x151e04900>: handleDualModeState isDualChannelAllowed YES
2023-02-02 12:27:30.938 Df apsd[34540:26d376] [com.apple.apsd:courier] APSCourier <APSCourier 0x151d04480 development> adjusting connection. Connected on 1 interfaces. Current link quality: wwan is unknown; wifi is good
2023-02-02 12:27:30.938 Df apsd[34540:26d376] [com.apple.apsd:courier] <APSCourier 0x151d04480 development> calling _connectStream with interface preference None
2023-02-02 12:27:30.938 Df apsd[34540:26d376] [com.apple.apsd:courier] <APSCourier 0x151d04480 development> _connectStream has None preference and dual channel is enabled.
2023-02-02 12:27:30.938 Df apsd[34540:26d376] [com.apple.apsd:courier] <APSCourier 0x151d04480 development> _connectStream - kicking WWAN for dual channel
2023-02-02 12:27:30.938 Df apsd[34540:26d376] [com.apple.apsd:courier] <APSCourier 0x151d04480 development> attempting to _connectStream. currently onInterface NonCellular consecutiveFailures 0 preference WWAN shouldUseDualChannel YES. Connected on 1 interfaces.
2023-02-02 12:27:30.938 A  apsd[34540:26d376] (Security) SecItemCopyMatching_ios
2023-02-02 12:27:30.939 Db securityd[34539:26d37c] [com.apple.securityd:serverxpc] XPC [apsd[34540]/1#31 LF=0] operation: copy_matching (1)
2023-02-02 12:27:30.940 Df apsd[34540:26d376] [com.apple.apsd:courier] No identity found in keychain. Copying activation identity.
2023-02-02 12:27:30.940 Df apsd[34540:26d376] [com.apple.apsd:courier] <APSCourier 0x151d04480 development> _connectStream - dual channel with 1 connected interfaces. isWWANUsable NO, isWiFiUsable YES. Not attempting to connect.
2023-02-02 12:27:30.977 Db maild[34583:26dba1] [com.apple.kvs:Connection] Got change token from daemon
2023-02-02 12:27:31.038 Db syncdefaultsd[34544:26d3af] [com.apple.kvs:Connection] Generating change dictionary for token {length = 492, bytes = 0x62706c69 73743030 d4010203 04050607 ... 00000000 0000017e } in store (<SYDStoreConfiguration: 0x6000004da2a0; storeID=<SYDStoreID: 0x6000004d9e60; identifier=com.apple.mail.remindMe type=NoEncryption>>) for <SYDDaemonToClientConnection: 0x6000020da340; registeredStoreIDs=[<SYDStoreID: 0x6000004deda0; identifier=com.apple.mail.remindMe type=NoEncryption>] clientPID=34583>
2023-02-02 12:27:31.040 Db syncdefaultsd[34544:26d3af] [com.apple.kvs:Connection] Getting sync manager for lookup key=PersonalPersona storeType=NoEncryption container=<CKContainerID: 0x600000ac8cf0; containerIdentifier=com.apple.KeyValueService, containerEnvironment="Production">
2023-02-02 12:27:31.040 Db syncdefaultsd[34544:26d3af] [com.apple.kvs:CoreData] Getting current token for (com.apple.mail.remindMe)
2023-02-02 12:27:31.046 Df apsd[34540:26d376] [com.apple.apsd:courier] <APSCourier 0x151d04480 development>: __processStoredIncomingMessageForConnection: <APSConnectionServer: 0x600002ecc160>
2023-02-02 12:27:31.067 Db syncdefaultsd[34544:26d3af] [com.apple.kvs:CoreData] Getting changed keys for store <(com.apple.mail.remindMe)> with token
2023-02-02 12:27:30.970 Db Spotlight[34601:26d6bb] [com.apple.defaults:User Defaults] found no value for key UseNewAXBundleLoader in CFPrefsSearchListSource<0x60000388cb80> (Domain: com.apple.Accessibility, Container: (null))
2023-02-02 12:27:31.099 Db Spotlight[34601:26d6bb] [com.apple.defaults:User Defaults] found no value for key UseNewAXBundleLoader in CFPrefsSearchListSource<0x60000388cb80> (Domain: com.apple.Accessibility, Container: (null))
2023-02-02 12:27:31.116 Db Spotlight[34601:26d5a0] [com.apple.defaults:User Defaults] found no value for key UseNewAXBundleLoader in CFPrefsSearchListSource<0x60000388cb80> (Domain: com.apple.Accessibility, Container: (null))
2023-02-02 12:27:31.116 Db Spotlight[34601:26d5a0] [com.apple.defaults:User Defaults] found no value for key UseNewAXBundleLoader in CFPrefsSearchListSource<0x60000388cb80> (Domain: com.apple.Accessibility, Container: (null))
2023-02-02 12:27:31.132 I  nsurlsessiond[34528:26da94] [com.apple.network:connection] nw_association_schedule_deactivation_block_invoke <nw_association configuration.apple.com:443> becoming dormant
2023-02-02 12:27:31.132 I  nsurlsessiond[34528:26da94] [com.apple.network:connection] nw_association_schedule_deactivation_block_invoke <nw_association 184.26.128.32:443> becoming dormant
2023-02-02 12:27:31.203 I  containermanagerd[34525:26d30f] [com.apple.containermanager:xpc] Generating new codesign info blob for [com.apple.nanoprefsyncd]
2023-02-02 12:27:31.204 Db containermanagerd[34525:26d30f] [com.apple.containermanager:cache] [clientCodeSignInfo] Evicting from cache: <MCMClientCodeSignInfo: 0x6000033ab540>
2023-02-02 12:27:31.204 I  containermanagerd[34525:26d30f] [com.apple.containermanager:xpc] Generating new client identity for [com.apple.nanoprefsyncd/<502/20/502/2/502>]
2023-02-02 12:27:31.205 Db containermanagerd[34525:26d30f] [com.apple.containermanager:cache] [perPersonaClients] Evicting from cache: <MCMClientIdentity: 0x600001385100; identifier = com.apple.calaccessd, userIdentity = <MCMUserIdentity: 0x600002880080; posixUser = (502|unknown|/Users/ggard/Library/Developer/CoreSimulator/Devices/773105ED-D5BC-4800-A2E6-239ECE9FE9FA/data), identifier = 502>, posixUser = (502|unknown|/Users/ggard/Library/Developer/CoreSimulator/Devices/773105ED-D5BC-4800-A2E6-239ECE9FE9FA/data), posixPID = 34570, isSandboxed = 0, platform = 7, isSigned = YES, isSignatureValid = YES, isPlatformBinary = YES, sandboxContainerURL = [(null)], cached>
2023-02-02 12:27:31.209 I  UserEventAgent[34487:26daf9] [com.apple.xpc.activity:Internal] activity timer fired
2023-02-02 12:27:31.211 Db syncdefaultsd[34544:26d3af] [com.apple.kvs:CoreData] Found 0 changed keys for store <(com.apple.mail.remindMe)>
2023-02-02 12:27:31.212 Db syncdefaultsd[34544:26d3af] [com.apple.kvs:Connection] Generated change dictionary for 0 changes
2023-02-02 12:27:31.238 Df apsd[34540:26d376] [com.apple.apsd:courier] <APSCourier 0x151d04480 development>: __processStoredIncomingMessageForConnection: <APSConnectionServer: 0x600002ed8210>
2023-02-02 12:27:31.243 Db maild[34583:26dba1] [com.apple.kvs:Connection] Received change dictionary from daemon for <SYDClientToDaemonConnection: 0x600001bc4f50; storeConfiguration=<SYDStoreConfiguration: 0x6000038a5d80; storeID=<SYDStoreID: 0x6000038a5d40; identifier=com.apple.mail.remindMe type=NoEncryption>>>
2023-02-02 12:27:31.246 A  maild[34583:26dba1] (SyncedDefaults) kvs/save-change-token
2023-02-02 12:27:31.248 Db maild[34583:26dba1] [com.apple.kvs:Connection] Saving change token to daemon for <SYDClientToDaemonConnection: 0x600001bc4f50; storeConfiguration=<SYDStoreConfiguration: 0x6000038a5d80; storeID=<SYDStoreID: 0x6000038a5d40; identifier=com.apple.mail.remindMe type=NoEncryption>>>
2023-02-02 12:27:31.306 Db maild[34583:26d9e0] [com.apple.IDS:Registration]  ...auto reconnecting
2023-02-02 12:27:31.308 I  UserEventAgent[34487:26daf9] [com.apple.xpc.activity:Internal] evaluating activities
2023-02-02 12:27:31.313 I  UserEventAgent[34487:26daf9] [com.apple.xpc.activity:Internal] Scheduling activity timer for [com.apple.securityd.daily (0x137b0bb10)] in 40620 seconds
2023-02-02 12:27:31.313 I  UserEventAgent[34487:26daf9] [com.apple.xpc.activity:Internal] Scheduling activity timer for [com.apple.chronod.nextScheduledTimelineRefresh (0x137c0af50)] in 84 seconds
2023-02-02 12:27:31.314 I  UserEventAgent[34487:26daf9] [com.apple.xpc.activity:Internal] Activity com.apple.webbookmarksd.passwordIconsRepeatingCleanupActivityIdentifier (0x137c087e0) is eligible to run.
2023-02-02 12:27:31.314 I  UserEventAgent[34487:26daf9] [com.apple.xpc.activity:Internal] Activity com.apple.proactiveeventtrackerd.mapreduce.heartbeat (0x137c085c0) is eligible to run.
2023-02-02 12:27:31.314 I  UserEventAgent[34487:26daf9] [com.apple.xpc.activity:Internal] Scheduling activity timer for [com.apple.FileProvider.maintenance.auto-trash (0x137b076d0)] in 33 seconds
2023-02-02 12:27:31.315 I  UserEventAgent[34487:26daf9] [com.apple.xpc.activity:Internal] Scheduling activity timer for [com.apple.ClipServices.clipserviced.xpc.cleanupActivity (0x137c08da0)] in 10 seconds
2023-02-02 12:27:31.315 I  UserEventAgent[34487:26daf9] [com.apple.xpc.activity:Internal] Activity com.apple.fontservicesd.subscription-support (0x137c07310) is eligible to run.
2023-02-02 12:27:31.315 I  UserEventAgent[34487:26daf9] [com.apple.xpc.activity:Internal] com.apple.fontservicesd.subscription-support state change 1 -> 2
2023-02-02 12:27:31.315 Df UserEventAgent[34487:26daf9] [com.apple.xpc.activity:Activities] Initiating XPC Activity: com.apple.fontservicesd.subscription-support (0x137c07310)
2023-02-02 12:27:31.318 I  UserEventAgent[34487:26daf9] [com.apple.xpc.activity:Internal] Activity com.apple.webbookmarksd.xpc.backupActivity (0x137c09350) is eligible to run.
2023-02-02 12:27:31.319 I  UserEventAgent[34487:26daf9] [com.apple.xpc.activity:Internal] Activity com.apple.nanotimekit.facesupport.dailyQuery (0x137b0b7e0) is eligible to run.
2023-02-02 12:27:31.319 I  UserEventAgent[34487:26daf9] [com.apple.xpc.activity:Internal] Activity com.apple.cloudphotod.backup (0x137c0aa00) is eligible to run.
2023-02-02 12:27:31.319 I  UserEventAgent[34487:26daf9] [com.apple.xpc.activity:Internal] Activity com.apple.healthappd.generation.prediction (0x137b04c10) is eligible to run.
2023-02-02 12:27:31.320 Df maild[34583:26d9e0] [com.apple.IDS:Registration] XPC has informed us that a fatal error has occured, we will not be attempting to reconnect any further
2023-02-02 12:27:31.321 Db syncdefaultsd[34544:26d3c8] [com.apple.kvs:Misc] Falling back to NSFileManager to get the Library directory
2023-02-02 12:27:31.321 Db syncdefaultsd[34544:26d3c8] [com.apple.kvs:Misc] Found KVS container directory: file:///Users/ggard/Library/Developer/CoreSimulator/Devices/773105ED-D5BC-4800-A2E6-239ECE9FE9FA/data/Library/SyncedPreferences/com.apple.kvs/
2023-02-02 12:27:31.321 Db syncdefaultsd[34544:26d3c8] [com.apple.kvs:Misc] Created change token URL for type=NoEncryption process=maild url=file:///Users/ggard/Library/Developer/CoreSimulator/Devices/773105ED-D5BC-4800-A2E6-239ECE9FE9FA/data/Library/SyncedPreferences/com.apple.kvs/ChangeTokens/NoEncryption/maild/com.apple.mail.remindMe
2023-02-02 12:27:31.322 Db syncdefaultsd[34544:26d3c8] [com.apple.kvs:Connection] Saving change token to disk for <SYDDaemonToClientConnection: 0x6000020da340; registeredStoreIDs=[<SYDStoreID: 0x6000004deda0; identifier=com.apple.mail.remindMe type=NoEncryption>] clientPID=34583>
2023-02-02 12:27:31.335 Df fontservicesd[34567:26d50c] [com.apple.xpc.activity:Client] _xpc_activity_dispatch: beginning dispatch, activity name com.apple.fontservicesd.subscription-support, seqno 0
2023-02-02 12:27:31.336 Df fontservicesd[34567:26d50c] [com.apple.xpc.activity:Client] _xpc_activity_dispatch: com.apple.fontservicesd.subscription-support (0x6000025d0140): found an activity with matching seqno 0
2023-02-02 12:27:31.336 Df fontservicesd[34567:26d50c] [com.apple.xpc.activity:Client] _xpc_activity_begin_running: com.apple.fontservicesd.subscription-support (0x6000025d0140) seqno: 0.
2023-02-02 12:27:31.336 Df fontservicesd[34567:26d50c] [com.apple.xpc.activity:Client] _xpc_activity_dispatch: lower half, activity name com.apple.fontservicesd.subscription-support (0x6000025d0140), seqno from top half was 0
2023-02-02 12:27:31.336 Df fontservicesd[34567:26d50c] [com.apple.xpc.activity:Client] _xpc_activity_dispatch: created connection 0x15fc044e0 for activity name com.apple.fontservicesd.subscription-support (0x6000025d0140), seqno 0
2023-02-02 12:27:31.337 Df fontservicesd[34567:26d50c] [com.apple.xpc.activity:Client] _xpc_activity_set_state: com.apple.fontservicesd.subscription-support (0x6000025d0140), 2
2023-02-02 12:27:31.338 Df fontservicesd[34567:26d50c] [com.apple.xpc.activity:Client] _xpc_activity_set_state: send new state to CTS: com.apple.fontservicesd.subscription-support (0x6000025d0140), 2
2023-02-02 12:27:31.340 Df UserEventAgent[34487:26daf9] [com.apple.xpc.activity:Activities] Running XPC Activity (PID 34567): com.apple.fontservicesd.subscription-support (0x137c07310)
2023-02-02 12:27:31.340 Db maild[34583:26dba1] [com.apple.kvs:Connection] Saved change token to daemon
2023-02-02 12:27:31.343 Db containermanagerd[34525:26d30f] [com.apple.containermanager:query] message userIdentity: (null)
2023-02-02 12:27:31.344 Db containermanagerd[34525:26d30f] [com.apple.containermanager:query] userIdentity: (null)
2023-02-02 12:27:31.344 I  containermanagerd[34525:26d30f] [com.apple.containermanager:unspecified] createOrLookup; identity: <systemgroup.com.apple.configurationprofiles(13);<502/20/502/2/502>;pf7>, createIfNecessary: 1, platform: 7, transient: 0, privileged: 0, clientBundleIdentifier: com.apple.nanoprefsyncd
2023-02-02 12:27:31.347 Df fontservicesd[34567:26d80f] [com.apple.xpc.activity:Client] _xpc_activity_set_state_from_cts: com.apple.fontservicesd.subscription-support (0x6000025d0140), set activity state to 2
2023-02-02 12:27:31.349 Df fontservicesd[34567:26d80f] [com.apple.xpc.activity:Client] __XPC_ACTIVITY_CALLING_HANDLER__: com.apple.fontservicesd.subscription-support (0x6000025d0140), current state 2, pending state 0
2023-02-02 12:27:31.351 Df fontservicesd[34567:26d80f] [com.apple.xpc.activity:Client] __XPC_ACTIVITY_CALLING_HANDLER__ returned from handler: com.apple.fontservicesd.subscription-support (0x6000025d0140), current state 2, pending state 0
2023-02-02 12:27:31.351 Df fontservicesd[34567:26d80f] [com.apple.xpc.activity:Client] _xpc_activity_set_state: com.apple.fontservicesd.subscription-support (0x6000025d0140), 5
2023-02-02 12:27:31.351 Df fontservicesd[34567:26d80f] [com.apple.xpc.activity:Client] _xpc_activity_set_state: send new state to CTS: com.apple.fontservicesd.subscription-support (0x6000025d0140), 5
2023-02-02 12:27:31.352 I  UserEventAgent[34487:26daf9] [com.apple.xpc.activity:Internal] com.apple.fontservicesd.subscription-support state change 2 -> 5
2023-02-02 12:27:31.352 Df UserEventAgent[34487:26daf9] [com.apple.xpc.activity:Activities] Completed XPC Activity: com.apple.fontservicesd.subscription-support (0x137c07310)
2023-02-02 12:27:31.356 A  maild[34583:26d55b] (SyncedDefaults) kvs/dictionary-representation
2023-02-02 12:27:31.356 Db maild[34583:26d55b] [com.apple.kvs:Connection] Getting dictionary representation for store <(com.apple.mail.remindMe)>
2023-02-02 12:27:31.357 Db UserEventAgent[34487:26daf9] [com.apple.defaults:User Defaults] setting {
    ActivityBaseDates =     {
        "CLClientManager.loc-consumption-pruning" = "2023-02-02 14:44:33 +0000";
        "CLPrivacyManager.B" = "2023-02-02 14:44:30 +0000";
        "CLPrivacyManager.C" = "2023-02-02 14:44:30 +0000";
        "CLPrivacyManager.D" = "2023-02-02 14:44:30 +0000";
        "PDAuxiliaryCapabilityManager.checkPassRegistrationState" = "1992-02-02 15:27:04 +0000";
        "PDCardFileManager.CacheMaintenance" = "2023-02-16 15:27:14 +0000";
        "PDCardFileManager.RevocationCheck" = "2023-02-03 15:27:15 +0000";
        "PDChangeRegistryScheduledClientIdentifier.PDChangeRegistryScheduledActivityIdentifier" = "2023-03-04 15:27:15 +0000";
        "PDCloudStoreNotificationCoordinatorScheduledActivityClientIdentifier.PDPassChangesActivityIdentifier" = "2023-02-02 16:12:15 +0000";
        "PDCloudStoreNotificationCoordinatorScheduledActivityClientIdentifier.PDPassSyncActivityIdentifier" = "2023-02-03 03:27:15 +0000";
        "PDMapsBrandAndMerchantUpdaterClientIdentifier.PDMapsBrand<…> in <decode: missing data>
2023-02-02 12:27:31.358 Db cfprefsd[34522:26d3b9] [com.apple.defaults:cfprefsd] Process 34487 (UserEventAgent) sent a request related to { com.apple.xpc.activity2, user: mobile, kCFPreferencesAnyHost, /Users/ggard/Library/Developer/CoreSimulator/Devices/773105ED-D5BC-4800-A2E6-239ECE9FE9FA/data/Library/Preferences/com.apple.xpc.activity2.plist, managed: 0 } (0x600000c10140)
2023-02-02 12:27:31.358 Db cfprefsd[34522:26d3b9] [com.apple.defaults:cfprefsd] Process 34487 (UserEventAgent) wrote the key(s) ActivityBaseDates in { com.apple.xpc.activity2, mobile, kCFPreferencesAnyHost, /Users/ggard/Library/Developer/CoreSimulator/Devices/773105ED-D5BC-4800-A2E6-239ECE9FE9FA/data/Library/Preferences/com.apple.xpc.activity2.plist, managed: 0 }
2023-02-02 12:27:31.358 Df UserEventAgent[34487:26daf9] [com.apple.xpc.activity:Activities] Rescheduling XPC Activity: com.apple.fontservicesd.subscription-support (0x137c07310)
2023-02-02 12:27:31.362 Df fontservicesd[34567:26d50c] [com.apple.xpc.activity:Client] _xpc_activity_set_state_from_cts: com.apple.fontservicesd.subscription-support (0x6000025d0140), set activity state to 1
2023-02-02 12:27:31.362 Df fontservicesd[34567:26d50c] [com.apple.xpc.activity:Client] _xpc_activity_end_running: com.apple.fontservicesd.subscription-support (0x6000025d0140) seqno: 0.

