2023-02-02 12:27:29.415 Db siriinferenced[34588:26d646] [com.apple.CFBundle:strings] Bundle: CFBundle 0x132704880 </Applications/Xcode.app/Contents/Developer/Platforms/iPhoneOS.platform/Library/Developer/CoreSimulator/Profiles/Runtimes/iOS.simruntime/Contents/Resources/RuntimeRoot/System/Library/Frameworks/Foundation.framework> (not loaded), key: Err513.dfv, value: (null), table: FoundationErrors, localizationName: (null), result: Err513.dfv
2023-02-02 12:27:29.415 Db siriinferenced[34588:26d646] [com.apple.CFBundle:strings] Bundle: CFBundle 0x132704880 </Applications/Xcode.app/Contents/Developer/Platforms/iPhoneOS.platform/Library/Developer/CoreSimulator/Profiles/Runtimes/iOS.simruntime/Contents/Resources/RuntimeRoot/System/Library/Frameworks/Foundation.framework> (not loaded), key: Err513.df, value: (null), table: FoundationErrors, localizationName: (null), result: You don’t have permission to save the file “%2$@” in the folder “%1$@”.
2023-02-02 12:27:29.416 Df wcd[34502:26d8af] [com.apple.apsd:connection] Initializing APSConnection <APSConnection: 0x600000be0620>: env=production port=com.apple.watchconnectivity.complication.push queue=<OS_dispatch_queue_main: com.apple.main-thread>
2023-02-02 12:27:29.418 Db siriinferenced[34588:26d646] [com.apple.CFBundle:strings] Bundle: CFBundle 0x132704880 </Applications/Xcode.app/Contents/Developer/Platforms/iPhoneOS.platform/Library/Developer/CoreSimulator/Profiles/Runtimes/iOS.simruntime/Contents/Resources/RuntimeRoot/System/Library/Frameworks/Foundation.framework> (not loaded), key: Err513.dfv, value: (null), table: FoundationErrors, localizationName: (null), result: Err513.dfv
2023-02-02 12:27:29.418 Db siriinferenced[34588:26d646] [com.apple.CFBundle:strings] Bundle: CFBundle 0x132704880 </Applications/Xcode.app/Contents/Developer/Platforms/iPhoneOS.platform/Library/Developer/CoreSimulator/Profiles/Runtimes/iOS.simruntime/Contents/Resources/RuntimeRoot/System/Library/Frameworks/Foundation.framework> (not loaded), key: Err513.df, value: (null), table: FoundationErrors, localizationName: (null), result: You don’t have permission to save the file “%2$@” in the folder “%1$@”.
2023-02-02 12:27:29.418 Df wcd[34502:26dd28] [com.apple.apsd:connection] <APSConnection: 0x600000be0620> creating an xpc connection {syncXPC: YES}
2023-02-02 12:27:29.421 Df wcd[34502:26d8af] [com.apple.apsd:connection] <APSConnection: 0x600000be0620> setting delegate <WCDPushKitManager: 0x600003ce2e20> {asyncSetDelegate: NO}
2023-02-02 12:27:29.422 Df apsd[34540:26d376] SetupConnection: env=development portName=com.apple.watchconnectivity.complication.push
2023-02-02 12:27:29.422 Db siriinferenced[34588:26d8ae] [com.apple.LocationSupport:Connection] Creating connection
2023-02-02 12:27:29.422 Df apsd[34540:26d376] [com.apple.apsd:daemon] Found existing connection (null) for port name: com.apple.watchconnectivity.complication.push
2023-02-02 12:27:29.422 Df apsd[34540:26d376] [com.apple.apsd:connectionServer] <APSConnectionServer: 0x600002ec8580>: Initializing connection server with environmentName 'development' and connectionPortName 'com.apple.watchconnectivity.complication.push' mode 2
2023-02-02 12:27:29.422 Df apsd[34540:26d376] [com.apple.apsd:connectionServer] Looking up mach port for <APSConnectionServer: 0x600002ec8580> port name: com.apple.watchconnectivity.complication.push
2023-02-02 12:27:29.422 Db apsd[34540:26d376] [com.apple.defaults:User Defaults] found no value for key APSUsesAppLaunchStats in CFPrefsSearchListSource<0x6000037cc500> (Domain: com.apple.apsd, Container: (null))
2023-02-02 12:27:29.422 Df apsd[34540:26d376] [com.apple.apsd:topicManager] <APSTopicManager: 0x600003ac0910> received topic update for UsesALS pretend NO but there is no change.
2023-02-02 12:27:29.422 Df apsd[34540:26d376] [com.apple.apsd:courier] <APSCourier 0x151d04480 development> flush any pending work that ALS told us to queue for its managed topics {(
)}, processMode systemToken
2023-02-02 12:27:29.422 Df apsd[34540:26d376] [com.apple.apsd:courier] <APSCourier 0x151d04480 development> flush any pending work that ALS told us to queue for its managed topics {(
)}, processMode userToken
2023-02-02 12:27:29.423 Df apsd[34540:26d376] [com.apple.apsd:topicManager-oversized] <APSTopicManager: 0x600003ac0910> setEnabledTopics:{(
    "com.apple.idmsauth",
    "com.apple.idmsauthagent",
    "com.apple.icloud-container.com.apple.TrustedPeersHelper",
    "com.apple.icloud-container.com.apple.appleaccount.custodian.private",
    "com.apple.maps.icloud",
    "com.apple.aps.nanotimekit.facesupport",
    "com.apple.icloud-container.com.apple.AdSheetPhone",
    "com.icloud.family",
    "com.apple.icloud-container.com.apple.suggestd",
    "com.apple.askpermissiond",
    "com.apple.aa.idms",
    "com.apple.icloud-container.com.apple.reminders",
    "com.apple.appstored",
    "com.apple.icloud-container.com.apple.amsengagementd",
    "com.apple.icloud-container.com.apple.appleaccount.beneficiary.private",
    "com.apple.coreidv.coreidvd",
    "com.apple.icloud-container.com.apple.protectedcloudstorage.protectedcloudkeysyncing",
    "com.apple.icloud-container.com.apple.appleaccount.custodian",
    "com.apple.icloud-container.com.apple.FamilyControlsAgent",
    "com.apple.icloud-container.com.ap ignoredTopics:<decode: missing data> opportunisticTopics:<decode: missing data> nonWakingTopics:<decode: missing data> forCategory <decode: missing data> pretend <decode: missing data> change <decode: missing data>
2023-02-02 12:27:29.423 Df apsd[34540:26d376] [com.apple.apsd:topicManager] <APSTopicManager: 0x600003ac0910> cancelling any pending filter updates
2023-02-02 12:27:29.423 Df apsd[34540:26d376] [com.apple.PersistentConnection:persistentTimer.APSTopicManager] Invalidating timer <PCPersistentTimer: 0x6000032d0540>
2023-02-02 12:27:29.423 Df apsd[34540:26d376] [com.apple.PersistentConnection:timer] Invalidating simple timer <PCSimpleTimer: 0x6000028dc1e0>
2023-02-02 12:27:29.423 A  siriinferenced[34588:26d8ae] (LocationSupport) CL: Sending cached messages to daemon
2023-02-02 12:27:29.423 Df siriinferenced[34588:26d8ae] [com.apple.LocationSupport:Connection] {"msg":"Sending cached messages to daemon", "event":activity}
2023-02-02 12:27:29.424 Db apsd[34540:26d376] [com.apple.PersistentConnection:timer] <PCDispatchTimer: 0x600000cdd500> is invalidated 
Callstack (
	0   PersistentConnection                0x000000018e613e54 -[PCDispatchTimer invalidate] + 176
	1   PersistentConnection                0x000000018e611c78 -[PCSimpleTimer _invalidateAllowAsync:] + 208
	2   PersistentConnection                0x000000018e601d64 -[PCPersistentTimer invalidate] + 188
	3   apsd                                0x00000001044262a8 apsd + 254632
	4   apsd                                0x0000000104426654 apsd + 255572
	5   apsd                                0x0000000104426010 apsd + 253968
	6   apsd                                0x00000001044258f0 apsd + 252144
	7   apsd                                0x000000010440b328 apsd + 144168
	8   apsd                                0x000000010440b694 apsd + 145044
	9   apsd                                0x0000000104404788 apsd + 116616
	10  apsd                                0x0000000104429b90 apsd + 269200
	11  apsd                                0x000000010444be80 apsd + 409216
	12  ap
2023-02-02 12:27:29.424 Db apsd[34540:26d376] [com.apple.PersistentConnection:timer] <PCDispatchTimer: 0x600000cdd500> dealloced
2023-02-02 12:27:29.424 Db apsd[34540:26d376] [com.apple.PersistentConnection:timer] <PCDispatchTimer: 0x600000cdd380> is invalidated 
Callstack (
	0   PersistentConnection                0x000000018e613e54 -[PCDispatchTimer invalidate] + 176
	1   PersistentConnection                0x000000018e611c8c -[PCSimpleTimer _invalidateAllowAsync:] + 228
	2   PersistentConnection                0x000000018e601d64 -[PCPersistentTimer invalidate] + 188
	3   apsd                                0x00000001044262a8 apsd + 254632
	4   apsd                                0x0000000104426654 apsd + 255572
	5   apsd                                0x0000000104426010 apsd + 253968
	6   apsd                                0x00000001044258f0 apsd + 252144
	7   apsd                                0x000000010440b328 apsd + 144168
	8   apsd                                0x000000010440b694 apsd + 145044
	9   apsd                                0x0000000104404788 apsd + 116616
	10  apsd                                0x0000000104429b90 apsd + 269200
	11  apsd                                0x000000010444be80 apsd + 409216
	12  ap
2023-02-02 12:27:29.424 Db apsd[34540:26d376] [com.apple.PersistentConnection:timer] <PCDispatchTimer: 0x600000cdd380> dealloced
2023-02-02 12:27:29.425 Df apsd[34540:26d376] [com.apple.PersistentConnection:timer] Canceling system wake for simpletimer [2023-02-02 12:32:11 -0300]
2023-02-02 12:27:29.426 Df apsd[34540:26d376] [com.apple.PersistentConnection:wakeManager] Request to schedule wake 0 date 2023-02-02 12:32:11 -0300 leeway 0 service identifier APSTopicManager unique identifier <PCSimpleTimer: 0x6000028dc1e0>
2023-02-02 12:27:29.426 Df apsd[34540:26d3a0] [com.apple.PersistentConnection:timer] Disabling power monitoring for <PCSimpleTimer: 0x6000028dc1e0> - 4 timers
2023-02-02 12:27:29.426 Df apsd[34540:26d376] [com.apple.apsd:topicManager-oversized] <APSTopicManager: 0x600003ac0910> setEnabledTopics:{(
    "com.apple.aa.setupservice",
    "com.apple.idmsauthagent",
    "com.apple.icloud-container.com.apple.TrustedPeersHelper",
    "com.apple.icloud-container.com.apple.appleaccount.custodian.private",
    "com.apple.maps.icloud",
    "com.icloud.family",
    "com.apple.icloud-container.com.apple.AdSheetPhone",
    "com.apple.aps.nanotimekit.facesupport",
    "com.apple.icloud-container.com.apple.suggestd",
    "com.apple.askpermissiond",
    "com.apple.aa.idms",
    "com.apple.icloud-container.com.apple.reminders",
    "com.apple.appstored",
    "com.apple.icloud-container.com.apple.amsengagementd",
    "com.apple.icloud-container.com.apple.appleaccount.beneficiary.private",
    "com.apple.coreidv.coreidvd",
    "com.apple.icloud-container.com.apple.protectedcloudstorage.protectedcloudkeysyncing",
    "com.apple.icloud-container.com.apple.appleaccount.custodian",
    "com.apple.icloud-container.com.apple.appleaccount.beneficiary",
    "com.apple.icloud-cont ignoredTopics:<decode: missing data> opportunisticTopics:<decode: missing data> nonWakingTopics:<decode: missing data> forCategory <decode: missing data> pretend <decode: missing data> change <decode: missing data>
2023-02-02 12:27:29.427 Df apsd[34540:26d376] [com.apple.apsd:topicManager] <APSTopicManager: 0x600003ac0910> asked to schedule an update withTimer? YES
2023-02-02 12:27:29.427 Df apsd[34540:26d376] [com.apple.PersistentConnection:persistentTimer.APSTopicManager] <PCPersistentTimer: 0x6000032dccb0> created <PCSimpleTimer: 0x6000028d8640>
2023-02-02 12:27:29.427 Df apsd[34540:26d376] [com.apple.PersistentConnection:timer] Started simple timer <PCSimpleTimer: 0x6000028d8640> with fire date [2023-02-02 12:32:29 -0300]
2023-02-02 12:27:29.427 Db apsd[34540:26d376] [com.apple.PersistentConnection:timer] <PCDispatchTimer: 0x600000cdd1c0> initialized with target <PCSimpleTimer: 0x6000028d8640> selector _preventSleepFired timerSource <OS_dispatch_source: 0x6000037d6b80>
2023-02-02 12:27:29.427 Db apsd[34540:26d376] [com.apple.PersistentConnection:timer] <PCDispatchTimer: 0x600000cdd500> initialized with target <PCSimpleTimer: 0x6000028d8640> selector _fireTimerFired timerSource <OS_dispatch_source: 0x6000037d6e80>
2023-02-02 12:27:29.427 Df apsd[34540:26d376] [com.apple.PersistentConnection:timer] <PCSimpleTimer: 0x6000028d8640> created preventSleepTimer <PCDispatchTimer: 0x600000cdd1c0> and fireTimer <PCDispatchTimer: 0x600000cdd500> on queue <OS_dispatch_queue_serial: PCSimpleTimer-timerQ>
2023-02-02 12:27:29.427 Db apsd[34540:26d376] [com.apple.PersistentConnection:timer] <PCDispatchTimer: 0x600000cdd500> start with target <CUTWeakReference: 0x6000019de6a0> selector _fireTimerFired firetime 18446744073709551615 timerSource <OS_dispatch_source: 0x6000037d6e80>
2023-02-02 12:27:29.427 Db apsd[34540:26d376] [com.apple.PersistentConnection:timer] <PCDispatchTimer: 0x600000cdd1c0> start with target <CUTWeakReference: 0x6000019df680> selector _preventSleepFired firetime 18446744073709551615 timerSource <OS_dispatch_source: 0x6000037d6b80>
2023-02-02 12:27:29.427 Df apsd[34540:26d3a0] [com.apple.PersistentConnection:timer] Enabling power monitoring for <PCSimpleTimer: 0x6000028d8640> - 5 timers
2023-02-02 12:27:29.427 Db apsd[34540:26d376] [com.apple.PersistentConnection:timer] <PCDispatchTimer: 0x600000cdd1c0> setFireDate Thu Feb  2 12:32:14 2023 and start with target <PCSimpleTimer: 0x6000028d8640> selector _preventSleepFired fireTime 3009209491959 deltaNanosec 2023-02-02 12:32:14 -0300 timerSource <OS_dispatch_source: 0x6000037d6b80>
2023-02-02 12:27:29.427 Db apsd[34540:26d376] [com.apple.PersistentConnection:timer] <PCDispatchTimer: 0x600000cdd500> setFireDate Thu Feb  2 12:32:29 2023 and start with target <PCSimpleTimer: 0x6000028d8640> selector _fireTimerFired fireTime 3009569491957 deltaNanosec 2023-02-02 12:32:29 -0300 timerSource <OS_dispatch_source: 0x6000037d6e80>
2023-02-02 12:27:29.427 Df apsd[34540:26d376] [com.apple.PersistentConnection:timer] <PCSimpleTimer: 0x6000028d8640> Existing wake at (null) re-scheduling to 2023-02-02 12:32:14 -0300 with leeway of 0
2023-02-02 12:27:29.427 Df apsd[34540:26d376] [com.apple.PersistentConnection:wakeManager] Request to schedule wake 1 date 2023-02-02 12:32:14 -0300 leeway 0 service identifier APSTopicManager unique identifier <PCSimpleTimer: 0x6000028d8640>
2023-02-02 12:27:29.427 Df apsd[34540:26d376] [com.apple.PersistentConnection:persistentTimer.APSTopicManager] <PCPersistentTimer: 0x6000032dccb0> calculating _earlyFireDate. powerStateDetectionSupported = NO = (detectionSupported(NO) && (wwanIsUp(NO) || ! internetReachable(YES)))
2023-02-02 12:27:29.427 Df apsd[34540:26d376] [com.apple.PersistentConnection:persistentTimer.APSTopicManager] <PCPersistentTimer: 0x6000032dccb0> Device is plugged in, overriding earlyFireProportion to be 1.0
2023-02-02 12:27:29.428 Df apsd[34540:26d376] [com.apple.PersistentConnection:persistentTimer.APSTopicManager] <PCPersistentTimer: 0x6000032dccb0> Calculated minimum fire date [2023-02-02 12:32:29 -0300] (100%) with fire date [2023-02-02 12:32:29 -0300], start date [2023-02-02 12:27:29 -0300], minimum early fire proportion 1, power state detection supported: no, in high power state: no, early fire constant interval 0.000000
2023-02-02 12:27:29.428 Df apsd[34540:26d376] [com.apple.apsd:topicManager] <APSTopicManager: 0x600003ac0910> scheduling a pending filter timer with interval 300.000000.
2023-02-02 12:27:29.428 Df apsd[34540:26d376] [com.apple.apsd:courier] <APSCourier 0x151d04480 development> adding connectionserver <APSConnectionServer: 0x600002ec8580>, setting publicToken:{length = 80, bytes = 0x806241c9 63664ed5 ab49b320 dc3a1879 ... 52c20dda b5d7e4fe }
2023-02-02 12:27:29.428 Df apsd[34540:26d376] [com.apple.apsd:daemon] Do we need to enable the courier? needToken NO  _hasEnabledCouriers NO
2023-02-02 12:27:29.428 Df apsd[34540:26d376] [com.apple.apsd:daemon] Setting connection <APSConnectionServer: 0x600002ec8580> on peer: <xpc object>
2023-02-02 12:27:29.428 Df apsd[34540:26d376] [com.apple.apsd:daemon] Client connected, bump filter time
2023-02-02 12:27:29.428 Df apsd[34540:26d376] [com.apple.apsd:daemon] Received client connection and we have not yet enabled couriers
2023-02-02 12:27:29.428 Df apsd[34540:26d376] [com.apple.apsd:daemon] <APSDaemon: 0x6000037dc100>: updateSafeToSendFilter force: NO
2023-02-02 12:27:29.428 Df apsd[34540:26d376] [com.apple.apsd:daemon] timeSinceLastConnection: 0.000021
2023-02-02 12:27:29.428 Df apsd[34540:26d376] [com.apple.apsd:daemon] UpdateCourierConnectTimerAndPowerAssertion: systemIsReady YES  hasEnabledCouriers NO  delay 9.999845
2023-02-02 12:27:29.428 Df apsd[34540:26d376] [com.apple.PersistentConnection:timer] Invalidating simple timer <PCSimpleTimer: 0x6000028cc280>
2023-02-02 12:27:29.428 Db apsd[34540:26d376] [com.apple.PersistentConnection:timer] <PCDispatchTimer: 0x600000cca540> is invalidated 
Callstack (
	0   PersistentConnection                0x000000018e613e54 -[PCDispatchTimer invalidate] + 176
	1   PersistentConnection                0x000000018e611c78 -[PCSimpleTimer _invalidateAllowAsync:] + 208
	2   apsd                                0x0000000104427fd0 apsd + 262096
	3   apsd                                0x0000000104427e08 apsd + 261640
	4   apsd                                0x0000000104427bd8 apsd + 261080
	5   apsd                                0x0000000104427ce8 apsd + 261352
	6   apsd                                0x000000010444bebc apsd + 409276
	7   apsd                                0x000000010442705c apsd + 258140
	8   apsd                                0x00000001044271f0 apsd + 258544
	9   libdispatch.dylib                   0x00000001801459d4 _dispatch_block_async_invoke2 + 104
	10  libdispatch.dylib                   0x0000000180135768 _dispatch_client_callout + 16
	11  libdispatch.dylib                   0x0000000180145018 _dispat
2023-02-02 12:27:29.428 Db apsd[34540:26d376] [com.apple.PersistentConnection:timer] <PCDispatchTimer: 0x600000cca540> dealloced
2023-02-02 12:27:29.428 Db apsd[34540:26d376] [com.apple.PersistentConnection:timer] <PCDispatchTimer: 0x600000cca640> is invalidated 
Callstack (
	0   PersistentConnection                0x000000018e613e54 -[PCDispatchTimer invalidate] + 176
	1   PersistentConnection                0x000000018e611c8c -[PCSimpleTimer _invalidateAllowAsync:] + 228
	2   apsd                                0x0000000104427fd0 apsd + 262096
	3   apsd                                0x0000000104427e08 apsd + 261640
	4   apsd                                0x0000000104427bd8 apsd + 261080
	5   apsd                                0x0000000104427ce8 apsd + 261352
	6   apsd                                0x000000010444bebc apsd + 409276
	7   apsd                                0x000000010442705c apsd + 258140
	8   apsd                                0x00000001044271f0 apsd + 258544
	9   libdispatch.dylib                   0x00000001801459d4 _dispatch_block_async_invoke2 + 104
	10  libdispatch.dylib                   0x0000000180135768 _dispatch_client_callout + 16
	11  libdispatch.dylib                   0x0000000180145018 _dispat
2023-02-02 12:27:29.428 Db apsd[34540:26d376] [com.apple.PersistentConnection:timer] <PCDispatchTimer: 0x600000cca640> dealloced
2023-02-02 12:27:29.429 Df apsd[34540:26d376] [com.apple.PersistentConnection:timer] Not canceling system wake for [2023-02-02 12:27:22 -0300], which is in the past
2023-02-02 12:27:29.429 Df apsd[34540:26d376] [com.apple.apsd:daemon] Delaying connect for 10.9998 secs
2023-02-02 12:27:29.429 Df apsd[34540:26d376] [com.apple.apsd:daemon] Delaying courier connection for 10.9998 seconds
2023-02-02 12:27:29.429 Df apsd[34540:26d3a0] [com.apple.PersistentConnection:timer] Disabling power monitoring for <PCSimpleTimer: 0x6000028cc280> - 4 timers
2023-02-02 12:27:29.429 Df apsd[34540:26d376] [com.apple.PersistentConnection:timer] Started simple timer <PCSimpleTimer: 0x6000028dc1e0> with fire date [2023-02-02 12:27:40 -0300]
2023-02-02 12:27:29.429 Db apsd[34540:26d376] [com.apple.PersistentConnection:timer] <PCDispatchTimer: 0x600000cd5340> initialized with target <PCSimpleTimer: 0x6000028dc1e0> selector _preventSleepFired timerSource <OS_dispatch_source: 0x6000037ddf00>
2023-02-02 12:27:29.429 Db apsd[34540:26d376] [com.apple.PersistentConnection:timer] <PCDispatchTimer: 0x600000cd4ac0> initialized with target <PCSimpleTimer: 0x6000028dc1e0> selector _fireTimerFired timerSource <OS_dispatch_source: 0x6000037de280>
2023-02-02 12:27:29.429 Df apsd[34540:26d376] [com.apple.PersistentConnection:timer] <PCSimpleTimer: 0x6000028dc1e0> created preventSleepTimer <PCDispatchTimer: 0x600000cd5340> and fireTimer <PCDispatchTimer: 0x600000cd4ac0> on queue <OS_dispatch_queue_serial: PCSimpleTimer-timerQ>
2023-02-02 12:27:29.429 Db apsd[34540:26d376] [com.apple.PersistentConnection:timer] <PCDispatchTimer: 0x600000cd4ac0> start with target <CUTWeakReference: 0x6000019fc220> selector _fireTimerFired firetime 18446744073709551615 timerSource <OS_dispatch_source: 0x6000037de280>
2023-02-02 12:27:29.429 Db apsd[34540:26d376] [com.apple.PersistentConnection:timer] <PCDispatchTimer: 0x600000cd5340> start with target <CUTWeakReference: 0x6000019fc1e0> selector _preventSleepFired firetime 18446744073709551615 timerSource <OS_dispatch_source: 0x6000037ddf00>
2023-02-02 12:27:29.429 Df apsd[34540:26d3a0] [com.apple.PersistentConnection:timer] Enabling power monitoring for <PCSimpleTimer: 0x6000028dc1e0> - 5 timers
2023-02-02 12:27:29.429 Db apsd[34540:26d3a0] [com.apple.PersistentConnection:timer] <PCDispatchTimer: 0x600000cd5340> in call back event handler
2023-02-02 12:27:29.429 Db apsd[34540:26d376] [com.apple.PersistentConnection:timer] <PCDispatchTimer: 0x600000cd5340> setFireDate Thu Feb  2 12:27:25 2023 and start with target <PCSimpleTimer: 0x6000028dc1e0> selector _preventSleepFired fireTime 3002369550516 deltaNanosec 2023-02-02 12:27:29 -0300 timerSource <OS_dispatch_source: 0x6000037ddf00>
2023-02-02 12:27:29.429 Db apsd[34540:26d376] [com.apple.PersistentConnection:timer] <PCDispatchTimer: 0x600000cd4ac0> setFireDate Thu Feb  2 12:27:40 2023 and start with target <PCSimpleTimer: 0x6000028dc1e0> selector _fireTimerFired fireTime 3002633538078 deltaNanosec 2023-02-02 12:27:40 -0300 timerSource <OS_dispatch_source: 0x6000037de280>
2023-02-02 12:27:29.429 Db apsd[34540:26d3a0] [com.apple.PersistentConnection:timer] <PCDispatchTimer: 0x600000cd5340> is invalidated 
Callstack (
	0   PersistentConnection                0x000000018e613e54 -[PCDispatchTimer invalidate] + 176
	1   PersistentConnection                0x000000018e613738 __58-[PCDispatchTimer initWithQueue:target:selector:fireTime:]_block_invoke + 72
	2   libdispatch.dylib                   0x0000000180135768 _dispatch_client_callout + 16
	3   libdispatch.dylib                   0x0000000180139078 _dispatch_continuation_pop + 644
	4   libdispatch.dylib                   0x000000018014e10c _dispatch_source_invoke + 1568
	5   libdispatch.dylib                   0x000000018013d648 _dispatch_lane_serial_drain + 348
	6   libdispatch.dylib                   0x000000018013e474 _dispatch_lane_invoke + 448
	7   libdispatch.dylib                   0x000000018014a624 _dispatch_workloop_worker_thread + 772
	8   libsystem_pthread.dylib             0x00000001b059a8fc _pthread_wqthread + 284
	9   libsystem_pthread.dylib             0x00000001b05996c0 start_wqthread + 8
)
2023-02-02 12:27:29.429 Db apsd[34540:26d3a0] [com.apple.PersistentConnection:timer] <PCDispatchTimer: 0x600000cd5340> performing call back
2023-02-02 12:27:29.429 Df apsd[34540:26d376] [com.apple.PersistentConnection:timer] <PCSimpleTimer: 0x6000028dc1e0> Existing wake at (null) re-scheduling to 2023-02-02 12:27:25 -0300 with leeway of 0
2023-02-02 12:27:29.430 Df apsd[34540:26d376] [com.apple.PersistentConnection:wakeManager] Request to schedule wake 1 date 2023-02-02 12:27:25 -0300 leeway 0 service identifier APSDaemon-courierconnecttimer unique identifier <PCSimpleTimer: 0x6000028dc1e0>
2023-02-02 12:27:29.430 Df apsd[34540:26d376] [com.apple.apsd:courier] <APSCourier 0x151d04480 development> <APSConnectionServer: 0x600002ec8580> has established new xpc connection <xpc object>
2023-02-02 12:27:29.430 Db apsd[34540:26d3a0] [com.apple.PersistentConnection:timer] <PCDispatchTimer: 0x600000cd5340> performed call back on target <PCSimpleTimer: 0x6000028dc1e0> selector _preventSleepFired
2023-02-02 12:27:29.430 Df apsd[34540:26d376] [com.apple.apsd:connectionServer] Dispatching high priority message on server: <APSConnectionServer: 0x600002ec8580>
2023-02-02 12:27:29.430 Df wcd[34502:26dd28] [com.apple.apsd:connection] <APSConnection: 0x600000be0620> setEnabledTopics (
) ignoredTopics (
) opportunisticTopics (
) nonWakingTopics (
) sendToDaemon: NO completion: (null)
2023-02-02 12:27:29.430 Df wcd[34502:26dd28] [com.apple.apsd:connection] <APSConnection: 0x600000be0620> got all nil topics, considering this as a change to flush any cached topics in apsd for named ports.
2023-02-02 12:27:29.430 Df wcd[34502:26dd28] [com.apple.apsd:connection] APS <APSConnection: 0x600000be0620> _connection is NULL in _sendEnabledTopics:ignoredTopics:opportunisticTopics:!
2023-02-02 12:27:29.430 Df wcd[34502:26dd28] [com.apple.apsd:connection] <APSConnection: 0x600000be0620> setEnableCriticalReliability NO sendToDaemon NO
2023-02-02 12:27:29.430 Df wcd[34502:26dd28] [com.apple.apsd:connection] <APSConnection: 0x600000be0620> _setUsesAppLaunchStats NO sendToDaemon NO
2023-02-02 12:27:29.430 Df wcd[34502:26dd28] [com.apple.apsd:connection] <APSConnection: 0x600000be0620> _setTrackActivityPresence NO sendToDaemon NO
2023-02-02 12:27:29.430 Df wcd[34502:26dd28] [com.apple.apsd:connection] <APSConnection: 0x600000be0620> _setEnableStatusNotifications NO sendToDaemon NO
2023-02-02 12:27:29.430 Df wcd[34502:26dd28] [com.apple.apsd:connection] <APSConnection: 0x600000be0620> setMessageSize: 5120
2023-02-02 12:27:29.430 Df wcd[34502:26dd28] [com.apple.apsd:connection] <APSConnection: 0x600000be0620> setLargeMessageSize: 51200
2023-02-02 12:27:29.430 Df wcd[34502:26dd28] [com.apple.apsd:connection] <APSConnection: 0x600000be0620> Delivering did reconnect apsd
2023-02-02 12:27:29.430 Df wcd[34502:26dd28] [com.apple.apsd:connection] <APSConnection: 0x600000be0620> queuing call to delegate to tolerate setDelegate race
2023-02-02 12:27:29.430 Df wcd[34502:26dd28] [com.apple.apsd:connection] <APSConnection: 0x600000be0620> Delivering publicToken from apsd: {length = 80, bytes = 0x806241c9 63664ed5 ab49b320 dc3a1879 ... 52c20dda b5d7e4fe }
2023-02-02 12:27:29.430 Df wcd[34502:26dd28] [com.apple.apsd:connection] <APSConnection: 0x600000be0620> queuing call to delegate to tolerate setDelegate race
2023-02-02 12:27:29.430 Df wcd[34502:26dd28] [com.apple.apsd:connection] <APSConnection: 0x600000be0620> Delivering connectionStatusChange from apsd: YES
2023-02-02 12:27:29.430 Df wcd[34502:26d8af] [com.apple.apsd:connection] <APSConnection: 0x600000be0620> Delivering queued delegate calls: 2
2023-02-02 12:27:29.430 Df wcd[34502:26d8af] [com.apple.apsd:connection] <APSConnection: 0x600000be0620> _setEnableStatusNotifications NO sendToDaemon YES
2023-02-02 12:27:29.430 Df wcd[34502:26d8af] [com.apple.apsd:connection] Initializing APSConnection <APSConnection: 0x600000be8000>: env=development port=com.apple.watchconnectivity.complication.push.development queue=<OS_dispatch_queue_main: com.apple.main-thread>
2023-02-02 12:27:29.431 Df wcd[34502:26d8af] [com.apple.apsd:connection] <APSConnection: 0x600000be8000> setting delegate <WCDPushKitManager: 0x600003ce2e20> {asyncSetDelegate: NO}
2023-02-02 12:27:29.431 Df wcd[34502:26dd2a] [com.apple.apsd:connection] <APSConnection: 0x600000be8000> creating an xpc connection {syncXPC: YES}
2023-02-02 12:27:29.431 Df apsd[34540:26d376] SetupConnection: env=development portName=com.apple.watchconnectivity.complication.push.development
2023-02-02 12:27:29.431 Df apsd[34540:26d376] [com.apple.apsd:daemon] Found existing connection (null) for port name: com.apple.watchconnectivity.complication.push.development
2023-02-02 12:27:29.431 Df apsd[34540:26d376] [com.apple.apsd:connectionServer] <APSConnectionServer: 0x600002edc840>: Initializing connection server with environmentName 'development' and connectionPortName 'com.apple.watchconnectivity.complication.push.development' mode 2
2023-02-02 12:27:29.431 Df apsd[34540:26d376] [com.apple.apsd:connectionServer] Looking up mach port for <APSConnectionServer: 0x600002edc840> port name: com.apple.watchconnectivity.complication.push.development
2023-02-02 12:27:29.431 Db apsd[34540:26d376] [com.apple.defaults:User Defaults] found no value for key APSUsesAppLaunchStats in CFPrefsSearchListSource<0x6000037cc500> (Domain: com.apple.apsd, Container: (null))
2023-02-02 12:27:29.431 Df apsd[34540:26d376] [com.apple.apsd:topicManager] <APSTopicManager: 0x600003ac0910> received topic update for UsesALS pretend NO but there is no change.
2023-02-02 12:27:29.431 Df apsd[34540:26d376] [com.apple.apsd:courier] <APSCourier 0x151d04480 development> flush any pending work that ALS told us to queue for its managed topics {(
)}, processMode systemToken
2023-02-02 12:27:29.431 Df apsd[34540:26d376] [com.apple.apsd:courier] <APSCourier 0x151d04480 development> flush any pending work that ALS told us to queue for its managed topics {(
)}, processMode userToken
2023-02-02 12:27:29.431 Df apsd[34540:26d376] [com.apple.apsd:topicManager-oversized] <APSTopicManager: 0x600003ac0910> setEnabledTopics:{(
    "com.apple.idmsauth",
    "com.apple.idmsauthagent",
    "com.apple.icloud-container.com.apple.TrustedPeersHelper",
    "com.apple.icloud-container.com.apple.appleaccount.custodian.private",
    "com.apple.maps.icloud",
    "com.apple.aps.nanotimekit.facesupport",
    "com.apple.icloud-container.com.apple.AdSheetPhone",
    "com.icloud.family",
    "com.apple.icloud-container.com.apple.suggestd",
    "com.apple.askpermissiond",
    "com.apple.aa.idms",
    "com.apple.icloud-container.com.apple.reminders",
    "com.apple.appstored",
    "com.apple.icloud-container.com.apple.amsengagementd",
    "com.apple.icloud-container.com.apple.appleaccount.beneficiary.private",
    "com.apple.coreidv.coreidvd",
    "com.apple.icloud-container.com.apple.protectedcloudstorage.protectedcloudkeysyncing",
    "com.apple.icloud-container.com.apple.appleaccount.custodian",
    "com.apple.icloud-container.com.apple.FamilyControlsAgent",
    "com.apple.icloud-container.com.ap ignoredTopics:<decode: missing data> opportunisticTopics:<decode: missing data> nonWakingTopics:<decode: missing data> forCategory <decode: missing data> pretend <decode: missing data> change <decode: missing data>
2023-02-02 12:27:29.431 Df apsd[34540:26d376] [com.apple.apsd:topicManager] <APSTopicManager: 0x600003ac0910> cancelling any pending filter updates
2023-02-02 12:27:29.431 Df apsd[34540:26d376] [com.apple.PersistentConnection:persistentTimer.APSTopicManager] Invalidating timer <PCPersistentTimer: 0x6000032dccb0>
2023-02-02 12:27:29.431 Df apsd[34540:26d376] [com.apple.PersistentConnection:timer] Invalidating simple timer <PCSimpleTimer: 0x6000028d8640>
2023-02-02 12:27:29.432 Db apsd[34540:26d376] [com.apple.PersistentConnection:timer] <PCDispatchTimer: 0x600000cdd1c0> is invalidated 
Callstack (
	0   PersistentConnection                0x000000018e613e54 -[PCDispatchTimer invalidate] + 176
	1   PersistentConnection                0x000000018e611c78 -[PCSimpleTimer _invalidateAllowAsync:] + 208
	2   PersistentConnection                0x000000018e601d64 -[PCPersistentTimer invalidate] + 188
	3   apsd                                0x00000001044262a8 apsd + 254632
	4   apsd                                0x0000000104426654 apsd + 255572
	5   apsd                                0x0000000104426010 apsd + 253968
	6   apsd                                0x00000001044258f0 apsd + 252144
	7   apsd                                0x000000010440b328 apsd + 144168
	8   apsd                                0x000000010440b694 apsd + 145044
	9   apsd                                0x0000000104404788 apsd + 116616
	10  apsd                                0x0000000104429b90 apsd + 269200
	11  apsd                                0x000000010444be80 apsd + 409216
	12  ap
2023-02-02 12:27:29.432 Db apsd[34540:26d376] [com.apple.PersistentConnection:timer] <PCDispatchTimer: 0x600000cdd1c0> dealloced
2023-02-02 12:27:29.432 Db apsd[34540:26d376] [com.apple.PersistentConnection:timer] <PCDispatchTimer: 0x600000cdd500> is invalidated 
Callstack (
	0   PersistentConnection                0x000000018e613e54 -[PCDispatchTimer invalidate] + 176
	1   PersistentConnection                0x000000018e611c8c -[PCSimpleTimer _invalidateAllowAsync:] + 228
	2   PersistentConnection                0x000000018e601d64 -[PCPersistentTimer invalidate] + 188
	3   apsd                                0x00000001044262a8 apsd + 254632
	4   apsd                                0x0000000104426654 apsd + 255572
	5   apsd                                0x0000000104426010 apsd + 253968
	6   apsd                                0x00000001044258f0 apsd + 252144
	7   apsd                                0x000000010440b328 apsd + 144168
	8   apsd                                0x000000010440b694 apsd + 145044
	9   apsd                                0x0000000104404788 apsd + 116616
	10  apsd                                0x0000000104429b90 apsd + 269200
	11  apsd                                0x000000010444be80 apsd + 409216
	12  ap
2023-02-02 12:27:29.432 Db apsd[34540:26d376] [com.apple.PersistentConnection:timer] <PCDispatchTimer: 0x600000cdd500> dealloced
2023-02-02 12:27:29.432 Df apsd[34540:26d376] [com.apple.PersistentConnection:timer] Canceling system wake for simpletimer [2023-02-02 12:32:14 -0300]
2023-02-02 12:27:29.432 Df apsd[34540:26d376] [com.apple.PersistentConnection:wakeManager] Request to schedule wake 0 date 2023-02-02 12:32:14 -0300 leeway 0 service identifier APSTopicManager unique identifier <PCSimpleTimer: 0x6000028d8640>
2023-02-02 12:27:29.432 Df apsd[34540:26d433] [com.apple.PersistentConnection:timer] Disabling power monitoring for <PCSimpleTimer: 0x6000028d8640> - 4 timers
2023-02-02 12:27:29.432 Df apsd[34540:26d376] [com.apple.apsd:topicManager-oversized] <APSTopicManager: 0x600003ac0910> setEnabledTopics:{(
    "com.apple.aa.setupservice",
    "com.apple.idmsauthagent",
    "com.apple.icloud-container.com.apple.TrustedPeersHelper",
    "com.apple.icloud-container.com.apple.appleaccount.custodian.private",
    "com.apple.maps.icloud",
    "com.icloud.family",
    "com.apple.icloud-container.com.apple.AdSheetPhone",
    "com.apple.aps.nanotimekit.facesupport",
    "com.apple.icloud-container.com.apple.suggestd",
    "com.apple.askpermissiond",
    "com.apple.aa.idms",
    "com.apple.icloud-container.com.apple.reminders",
    "com.apple.appstored",
    "com.apple.icloud-container.com.apple.amsengagementd",
    "com.apple.icloud-container.com.apple.appleaccount.beneficiary.private",
    "com.apple.coreidv.coreidvd",
    "com.apple.icloud-container.com.apple.protectedcloudstorage.protectedcloudkeysyncing",
    "com.apple.icloud-container.com.apple.appleaccount.custodian",
    "com.apple.icloud-container.com.apple.appleaccount.beneficiary",
    "com.apple.icloud-cont ignoredTopics:<decode: missing data> opportunisticTopics:<decode: missing data> nonWakingTopics:<decode: missing data> forCategory <decode: missing data> pretend <decode: missing data> change <decode: missing data>
2023-02-02 12:27:29.432 Df apsd[34540:26d376] [com.apple.apsd:topicManager] <APSTopicManager: 0x600003ac0910> asked to schedule an update withTimer? YES
2023-02-02 12:27:29.432 Df apsd[34540:26d376] [com.apple.PersistentConnection:persistentTimer.APSTopicManager] <PCPersistentTimer: 0x6000032dcc40> created <PCSimpleTimer: 0x6000028d8640>
2023-02-02 12:27:29.433 Df apsd[34540:26d376] [com.apple.PersistentConnection:timer] Started simple timer <PCSimpleTimer: 0x6000028d8640> with fire date [2023-02-02 12:32:29 -0300]
2023-02-02 12:27:29.433 Db apsd[34540:26d376] [com.apple.PersistentConnection:timer] <PCDispatchTimer: 0x600000cdd380> initialized with target <PCSimpleTimer: 0x6000028d8640> selector _preventSleepFired timerSource <OS_dispatch_source: 0x6000037d6c80>
2023-02-02 12:27:29.433 Db apsd[34540:26d376] [com.apple.PersistentConnection:timer] <PCDispatchTimer: 0x600000cdd1c0> initialized with target <PCSimpleTimer: 0x6000028d8640> selector _fireTimerFired timerSource <OS_dispatch_source: 0x6000037d6d00>
2023-02-02 12:27:29.433 Df apsd[34540:26d376] [com.apple.PersistentConnection:timer] <PCSimpleTimer: 0x6000028d8640> created preventSleepTimer <PCDispatchTimer: 0x600000cdd380> and fireTimer <PCDispatchTimer: 0x600000cdd1c0> on queue <OS_dispatch_queue_serial: PCSimpleTimer-timerQ>
2023-02-02 12:27:29.433 Db apsd[34540:26d376] [com.apple.PersistentConnection:timer] <PCDispatchTimer: 0x600000cdd1c0> start with target <CUTWeakReference: 0x6000019df5e0> selector _fireTimerFired firetime 18446744073709551615 timerSource <OS_dispatch_source: 0x6000037d6d00>
2023-02-02 12:27:29.433 Db apsd[34540:26d376] [com.apple.PersistentConnection:timer] <PCDispatchTimer: 0x600000cdd380> start with target <CUTWeakReference: 0x6000019de6a0> selector _preventSleepFired firetime 18446744073709551615 timerSource <OS_dispatch_source: 0x6000037d6c80>
2023-02-02 12:27:29.433 Df apsd[34540:26d389] [com.apple.PersistentConnection:timer] Enabling power monitoring for <PCSimpleTimer: 0x6000028d8640> - 5 timers
2023-02-02 12:27:29.433 Db apsd[34540:26d376] [com.apple.PersistentConnection:timer] <PCDispatchTimer: 0x600000cdd380> setFireDate Thu Feb  2 12:32:14 2023 and start with target <PCSimpleTimer: 0x6000028d8640> selector _preventSleepFired fireTime 3009209634900 deltaNanosec 2023-02-02 12:32:14 -0300 timerSource <OS_dispatch_source: 0x6000037d6c80>
2023-02-02 12:27:29.433 Db apsd[34540:26d376] [com.apple.PersistentConnection:timer] <PCDispatchTimer: 0x600000cdd1c0> setFireDate Thu Feb  2 12:32:29 2023 and start with target <PCSimpleTimer: 0x6000028d8640> selector _fireTimerFired fireTime 3009569634918 deltaNanosec 2023-02-02 12:32:29 -0300 timerSource <OS_dispatch_source: 0x6000037d6d00>
2023-02-02 12:27:29.433 Df apsd[34540:26d376] [com.apple.PersistentConnection:timer] <PCSimpleTimer: 0x6000028d8640> Existing wake at (null) re-scheduling to 2023-02-02 12:32:14 -0300 with leeway of 0
2023-02-02 12:27:29.433 Df apsd[34540:26d376] [com.apple.PersistentConnection:wakeManager] Request to schedule wake 1 date 2023-02-02 12:32:14 -0300 leeway 0 service identifier APSTopicManager unique identifier <PCSimpleTimer: 0x6000028d8640>
2023-02-02 12:27:29.433 Df apsd[34540:26d376] [com.apple.PersistentConnection:persistentTimer.APSTopicManager] <PCPersistentTimer: 0x6000032dcc40> calculating _earlyFireDate. powerStateDetectionSupported = NO = (detectionSupported(NO) && (wwanIsUp(NO) || ! internetReachable(YES)))
2023-02-02 12:27:29.433 Df apsd[34540:26d376] [com.apple.PersistentConnection:persistentTimer.APSTopicManager] <PCPersistentTimer: 0x6000032dcc40> Device is plugged in, overriding earlyFireProportion to be 1.0
2023-02-02 12:27:29.434 Df apsd[34540:26d376] [com.apple.PersistentConnection:persistentTimer.APSTopicManager] <PCPersistentTimer: 0x6000032dcc40> Calculated minimum fire date [2023-02-02 12:32:29 -0300] (100%) with fire date [2023-02-02 12:32:29 -0300], start date [2023-02-02 12:27:29 -0300], minimum early fire proportion 1, power state detection supported: no, in high power state: no, early fire constant interval 0.000000
2023-02-02 12:27:29.434 Df apsd[34540:26d376] [com.apple.apsd:topicManager] <APSTopicManager: 0x600003ac0910> scheduling a pending filter timer with interval 300.000000.
2023-02-02 12:27:29.434 Df apsd[34540:26d376] [com.apple.apsd:courier] <APSCourier 0x151d04480 development> adding connectionserver <APSConnectionServer: 0x600002edc840>, setting publicToken:{length = 80, bytes = 0x806241c9 63664ed5 ab49b320 dc3a1879 ... 52c20dda b5d7e4fe }
2023-02-02 12:27:29.434 Df apsd[34540:26d376] [com.apple.apsd:daemon] Do we need to enable the courier? needToken NO  _hasEnabledCouriers NO
2023-02-02 12:27:29.434 Df apsd[34540:26d376] [com.apple.apsd:daemon] Setting connection <APSConnectionServer: 0x600002edc840> on peer: <xpc object>
2023-02-02 12:27:29.434 Df apsd[34540:26d376] [com.apple.apsd:daemon] Client connected, bump filter time
2023-02-02 12:27:29.434 Df apsd[34540:26d376] [com.apple.apsd:daemon] Received client connection and we have not yet enabled couriers
2023-02-02 12:27:29.424 Db siriinferenced[34588:26d89b] [com.apple.LocationSupport:Connection] Setting handler for message kCLConnectionMessageMotionActivityUpdate
2023-02-02 12:27:29.434 Df apsd[34540:26d376] [com.apple.apsd:daemon] <APSDaemon: 0x6000037dc100>: updateSafeToSendFilter force: NO
2023-02-02 12:27:29.434 Df apsd[34540:26d376] [com.apple.apsd:daemon] timeSinceLastConnection: 0.000020
2023-02-02 12:27:29.434 Df apsd[34540:26d376] [com.apple.apsd:daemon] UpdateCourierConnectTimerAndPowerAssertion: systemIsReady YES  hasEnabledCouriers NO  delay 9.999940
2023-02-02 12:27:29.434 Db siriinferenced[34588:26d89b] [com.apple.LocationSupport:Connection] Setting handler for message MotionActivityLite/kCLConnectionMessageMotionActivityUpdate
2023-02-02 12:27:29.434 Df apsd[34540:26d376] [com.apple.PersistentConnection:timer] Invalidating simple timer <PCSimpleTimer: 0x6000028dc1e0>
2023-02-02 12:27:29.434 Db apsd[34540:26d376] [com.apple.PersistentConnection:timer] <PCDispatchTimer: 0x600000cd5340> is invalidated 
Callstack (
	0   PersistentConnection                0x000000018e613e54 -[PCDispatchTimer invalidate] + 176
	1   PersistentConnection                0x000000018e611c78 -[PCSimpleTimer _invalidateAllowAsync:] + 208
	2   apsd                                0x0000000104427fd0 apsd + 262096
	3   apsd                                0x0000000104427e08 apsd + 261640
	4   apsd                                0x0000000104427bd8 apsd + 261080
	5   apsd                                0x0000000104427ce8 apsd + 261352
	6   apsd                                0x000000010444bebc apsd + 409276
	7   apsd                                0x000000010442705c apsd + 258140
	8   apsd                                0x00000001044271f0 apsd + 258544
	9   libdispatch.dylib                   0x00000001801459d4 _dispatch_block_async_invoke2 + 104
	10  libdispatch.dylib                   0x0000000180135768 _dispatch_client_callout + 16
	11  libdispatch.dylib                   0x0000000180145018 _dispat
2023-02-02 12:27:29.434 Db apsd[34540:26d376] [com.apple.PersistentConnection:timer] <PCDispatchTimer: 0x600000cd5340> dealloced
2023-02-02 12:27:29.434 Db siriinferenced[34588:26d89b] [com.apple.LocationSupport:Connection] Setting handler for message kCLConnectionMessageMotionActivityPeriodicUpdate
2023-02-02 12:27:29.434 Db apsd[34540:26d376] [com.apple.PersistentConnection:timer] <PCDispatchTimer: 0x600000cd4ac0> is invalidated 
Callstack (
	0   PersistentConnection                0x000000018e613e54 -[PCDispatchTimer invalidate] + 176
	1   PersistentConnection                0x000000018e611c8c -[PCSimpleTimer _invalidateAllowAsync:] + 228
	2   apsd                                0x0000000104427fd0 apsd + 262096
	3   apsd                                0x0000000104427e08 apsd + 261640
	4   apsd                                0x0000000104427bd8 apsd + 261080
	5   apsd                                0x0000000104427ce8 apsd + 261352
	6   apsd                                0x000000010444bebc apsd + 409276
	7   apsd                                0x000000010442705c apsd + 258140
	8   apsd                                0x00000001044271f0 apsd + 258544
	9   libdispatch.dylib                   0x00000001801459d4 _dispatch_block_async_invoke2 + 104
	10  libdispatch.dylib                   0x0000000180135768 _dispatch_client_callout + 16
	11  libdispatch.dylib                   0x0000000180145018 _dispat
2023-02-02 12:27:29.434 Db apsd[34540:26d376] [com.apple.PersistentConnection:timer] <PCDispatchTimer: 0x600000cd4ac0> dealloced
2023-02-02 12:27:29.434 Df apsd[34540:26d376] [com.apple.PersistentConnection:timer] Not canceling system wake for [2023-02-02 12:27:25 -0300], which is in the past
2023-02-02 12:27:29.434 Df apsd[34540:26d376] [com.apple.apsd:daemon] Delaying connect for 10.9999 secs
2023-02-02 12:27:29.434 Df apsd[34540:26d376] [com.apple.apsd:daemon] Delaying courier connection for 10.9999 seconds
2023-02-02 12:27:29.435 Df apsd[34540:26d433] [com.apple.PersistentConnection:timer] Disabling power monitoring for <PCSimpleTimer: 0x6000028dc1e0> - 4 timers
2023-02-02 12:27:29.435 Df apsd[34540:26d376] [com.apple.PersistentConnection:timer] Started simple timer <PCSimpleTimer: 0x6000028dc0a0> with fire date [2023-02-02 12:27:40 -0300]
2023-02-02 12:27:29.435 Db apsd[34540:26d376] [com.apple.PersistentConnection:timer] <PCDispatchTimer: 0x600000cc1640> initialized with target <PCSimpleTimer: 0x6000028dc0a0> selector _preventSleepFired timerSource <OS_dispatch_source: 0x6000037c2a80>
2023-02-02 12:27:29.435 Db apsd[34540:26d376] [com.apple.PersistentConnection:timer] <PCDispatchTimer: 0x600000cc0c00> initialized with target <PCSimpleTimer: 0x6000028dc0a0> selector _fireTimerFired timerSource <OS_dispatch_source: 0x6000037c1500>
2023-02-02 12:27:29.435 Df apsd[34540:26d376] [com.apple.PersistentConnection:timer] <PCSimpleTimer: 0x6000028dc0a0> created preventSleepTimer <PCDispatchTimer: 0x600000cc1640> and fireTimer <PCDispatchTimer: 0x600000cc0c00> on queue <OS_dispatch_queue_serial: PCSimpleTimer-timerQ>
2023-02-02 12:27:29.435 I  siriinferenced[34588:26d89b] [com.apple.siri.sirisuggestions:SiriSuggestionsCore] Using root plugin location as: file:///Applications/Xcode.app/Contents/Developer/Platforms/iPhoneOS.platform/Library/Developer/CoreSimulator/Profiles/Runtimes/iOS.simruntime/Contents/Resources/RuntimeRoot/
2023-02-02 12:27:29.435 Db apsd[34540:26d376] [com.apple.PersistentConnection:timer] <PCDispatchTimer: 0x600000cc0c00> start with target <CUTWeakReference: 0x6000019c0140> selector _fireTimerFired firetime 18446744073709551615 timerSource <OS_dispatch_source: 0x6000037c1500>
2023-02-02 12:27:29.435 Db apsd[34540:26d376] [com.apple.PersistentConnection:timer] <PCDispatchTimer: 0x600000cc1640> start with target <CUTWeakReference: 0x6000019c16e0> selector _preventSleepFired firetime 18446744073709551615 timerSource <OS_dispatch_source: 0x6000037c2a80>
2023-02-02 12:27:29.435 Df apsd[34540:26d433] [com.apple.PersistentConnection:timer] Enabling power monitoring for <PCSimpleTimer: 0x6000028dc0a0> - 5 timers
2023-02-02 12:27:29.435 Db apsd[34540:26d433] [com.apple.PersistentConnection:timer] <PCDispatchTimer: 0x600000cc1640> in call back event handler
2023-02-02 12:27:29.435 Db apsd[34540:26d376] [com.apple.PersistentConnection:timer] <PCDispatchTimer: 0x600000cc1640> setFireDate Thu Feb  2 12:27:25 2023 and start with target <PCSimpleTimer: 0x6000028dc0a0> selector _preventSleepFired fireTime 3002369691635 deltaNanosec 2023-02-02 12:27:29 -0300 timerSource <OS_dispatch_source: 0x6000037c2a80>
2023-02-02 12:27:29.435 Db apsd[34540:26d433] [com.apple.PersistentConnection:timer] <PCDispatchTimer: 0x600000cc1640> is invalidated 
Callstack (
	0   PersistentConnection                0x000000018e613e54 -[PCDispatchTimer invalidate] + 176
	1   PersistentConnection                0x000000018e613738 __58-[PCDispatchTimer initWithQueue:target:selector:fireTime:]_block_invoke + 72
	2   libdispatch.dylib                   0x0000000180135768 _dispatch_client_callout + 16
	3   libdispatch.dylib                   0x0000000180139078 _dispatch_continuation_pop + 644
	4   libdispatch.dylib                   0x000000018014e10c _dispatch_source_invoke + 1568
	5   libdispatch.dylib                   0x000000018013d648 _dispatch_lane_serial_drain + 348
	6   libdispatch.dylib                   0x000000018013e474 _dispatch_lane_invoke + 448
	7   libdispatch.dylib                   0x000000018014a624 _dispatch_workloop_worker_thread + 772
	8   libsystem_pthread.dylib             0x00000001b059a8fc _pthread_wqthread + 284
	9   libsystem_pthread.dylib             0x00000001b05996c0 start_wqthread + 8
)
2023-02-02 12:27:29.435 Db apsd[34540:26d433] [com.apple.PersistentConnection:timer] <PCDispatchTimer: 0x600000cc1640> performing call back
2023-02-02 12:27:29.435 Db apsd[34540:26d376] [com.apple.PersistentConnection:timer] <PCDispatchTimer: 0x600000cc0c00> setFireDate Thu Feb  2 12:27:40 2023 and start with target <PCSimpleTimer: 0x6000028dc0a0> selector _fireTimerFired fireTime 3002633682424 deltaNanosec 2023-02-02 12:27:40 -0300 timerSource <OS_dispatch_source: 0x6000037c1500>
2023-02-02 12:27:29.435 Df apsd[34540:26d376] [com.apple.PersistentConnection:timer] <PCSimpleTimer: 0x6000028dc0a0> Existing wake at (null) re-scheduling to 2023-02-02 12:27:25 -0300 with leeway of 0
2023-02-02 12:27:29.436 Df apsd[34540:26d376] [com.apple.PersistentConnection:wakeManager] Request to schedule wake 1 date 2023-02-02 12:27:25 -0300 leeway 0 service identifier APSDaemon-courierconnecttimer unique identifier <PCSimpleTimer: 0x6000028dc0a0>
2023-02-02 12:27:29.436 Df apsd[34540:26d376] [com.apple.apsd:courier] <APSCourier 0x151d04480 development> <APSConnectionServer: 0x600002edc840> has established new xpc connection <xpc object>
2023-02-02 12:27:29.436 Db apsd[34540:26d433] [com.apple.PersistentConnection:timer] <PCDispatchTimer: 0x600000cc1640> performed call back on target <PCSimpleTimer: 0x6000028dc0a0> selector _preventSleepFired
2023-02-02 12:27:29.436 Df wcd[34502:26dd2a] [com.apple.apsd:connection] <APSConnection: 0x600000be8000> setEnabledTopics (
) ignoredTopics (
) opportunisticTopics (
) nonWakingTopics (
) sendToDaemon: NO completion: (null)
2023-02-02 12:27:29.436 Df wcd[34502:26dd2a] [com.apple.apsd:connection] <APSConnection: 0x600000be8000> got all nil topics, considering this as a change to flush any cached topics in apsd for named ports.
2023-02-02 12:27:29.436 Df apsd[34540:26d376] [com.apple.apsd:connectionServer] Dispatching high priority message on server: <APSConnectionServer: 0x600002edc840>
2023-02-02 12:27:29.436 Df wcd[34502:26dd2a] [com.apple.apsd:connection] APS <APSConnection: 0x600000be8000> _connection is NULL in _sendEnabledTopics:ignoredTopics:opportunisticTopics:!
