2023-02-02 12:27:29.436 Df wcd[34502:26dd2a] [com.apple.apsd:connection] <APSConnection: 0x600000be8000> setEnableCriticalReliability NO sendToDaemon NO
2023-02-02 12:27:29.436 Df wcd[34502:26dd2a] [com.apple.apsd:connection] <APSConnection: 0x600000be8000> _setUsesAppLaunchStats NO sendToDaemon NO
2023-02-02 12:27:29.436 Df wcd[34502:26dd2a] [com.apple.apsd:connection] <APSConnection: 0x600000be8000> _setTrackActivityPresence NO sendToDaemon NO
2023-02-02 12:27:29.436 Df wcd[34502:26dd2a] [com.apple.apsd:connection] <APSConnection: 0x600000be8000> _setEnableStatusNotifications NO sendToDaemon NO
2023-02-02 12:27:29.436 Df wcd[34502:26dd2a] [com.apple.apsd:connection] <APSConnection: 0x600000be8000> setMessageSize: 5120
2023-02-02 12:27:29.436 Df wcd[34502:26dd2a] [com.apple.apsd:connection] <APSConnection: 0x600000be8000> setLargeMessageSize: 51200
2023-02-02 12:27:29.436 Df wcd[34502:26dd2a] [com.apple.apsd:connection] <APSConnection: 0x600000be8000> Delivering did reconnect apsd
2023-02-02 12:27:29.436 Df wcd[34502:26dd2a] [com.apple.apsd:connection] <APSConnection: 0x600000be8000> queuing call to delegate to tolerate setDelegate race
2023-02-02 12:27:29.436 Df wcd[34502:26dd2a] [com.apple.apsd:connection] <APSConnection: 0x600000be8000> Delivering publicToken from apsd: {length = 80, bytes = 0x806241c9 63664ed5 ab49b320 dc3a1879 ... 52c20dda b5d7e4fe }
2023-02-02 12:27:29.436 Df wcd[34502:26dd2a] [com.apple.apsd:connection] <APSConnection: 0x600000be8000> queuing call to delegate to tolerate setDelegate race
2023-02-02 12:27:29.436 Df wcd[34502:26dd2a] [com.apple.apsd:connection] <APSConnection: 0x600000be8000> Delivering connectionStatusChange from apsd: YES
2023-02-02 12:27:29.436 Df wcd[34502:26d8af] [com.apple.apsd:connection] <APSConnection: 0x600000be8000> Delivering queued delegate calls: 2
2023-02-02 12:27:29.436 Df wcd[34502:26d8af] [com.apple.apsd:connection] <APSConnection: 0x600000be8000> _setEnableStatusNotifications NO sendToDaemon YES
2023-02-02 12:27:29.436 Df wcd[34502:26dd28] [com.apple.apsd:connection] <APSConnection: 0x600000be0620> setEnabledTopics (
) ignoredTopics (
) opportunisticTopics (
) nonWakingTopics (
) sendToDaemon: YES completion: (null)
2023-02-02 12:27:29.436 Df wcd[34502:26dd28] [com.apple.apsd:connection] <APSConnection: 0x600000be0620> got all nil topics, considering this as a change to flush any cached topics in apsd for named ports.
2023-02-02 12:27:29.436 Df apsd[34540:26d376] Looking up connection on peer: 54304ad0   found <APSConnectionServer: 0x600002ec8580>
2023-02-02 12:27:29.436 Df apsd[34540:26d376] [com.apple.apsd:connectionServer] <APSConnectionServer: 0x600002ec8580>: connection set enabled topics from (null) to {(
)}
2023-02-02 12:27:29.436 Df apsd[34540:26d376] [com.apple.apsd:connectionServer] <APSConnectionServer: 0x600002ec8580>: connection set ignored topics from (null) to {(
)}
2023-02-02 12:27:29.436 I  siriinferenced[34588:26d89b] [com.apple.siri.sirisuggestions:SiriSuggestionsGenerator] Creating generator bundle scanner from [file:///Applications/Xcode.app/Contents/Developer/Platforms/iPhoneOS.platform/Library/Developer/CoreSimulator/Profiles/Runtimes/iOS.simruntime/Contents/Resources/RuntimeRoot/System/Library/Siri/DM/SiriSuggestions/Generators/]
2023-02-02 12:27:29.436 Df apsd[34540:26d376] [com.apple.apsd:connectionServer] <APSConnectionServer: 0x600002ec8580>: connection set opportunistic topics from (null) to {(
)}
2023-02-02 12:27:29.437 Df wcd[34502:26dd2a] [com.apple.apsd:connection] <APSConnection: 0x600000be8000> setEnabledTopics (
) ignoredTopics (
) opportunisticTopics (
) nonWakingTopics (
) sendToDaemon: YES completion: (null)
2023-02-02 12:27:29.436 Df apsd[34540:26d376] [com.apple.apsd:connectionServer] <APSConnectionServer: 0x600002ec8580>: connection set non-waking topics from (null) to {(
)}
2023-02-02 12:27:29.437 Df wcd[34502:26dd2a] [com.apple.apsd:connection] <APSConnection: 0x600000be8000> got all nil topics, considering this as a change to flush any cached topics in apsd for named ports.
2023-02-02 12:27:29.437 Df apsd[34540:26d376] [com.apple.apsd:topicManager] <APSTopicManager: 0x600003ac0910> received topic update for UsesALS pretend NO but there is no change.
2023-02-02 12:27:29.437 Df wcd[34502:26d8af] [com.apple.wcd:PushKit] Notifying any clients listening to reconnect
2023-02-02 12:27:29.437 Df apsd[34540:26d376] [com.apple.apsd:courier] <APSCourier 0x151d04480 development> flush any pending work that ALS told us to queue for its managed topics {(
)}, processMode systemToken
2023-02-02 12:27:29.437 Df wcd[34502:26d8af] [com.apple.wcd:WC] -[WCDFirstUnlockManager sendStateIfNeccessary]
2023-02-02 12:27:29.437 Df apsd[34540:26d376] [com.apple.apsd:courier] <APSCourier 0x151d04480 development> flush any pending work that ALS told us to queue for its managed topics {(
)}, processMode userToken
2023-02-02 12:27:29.437 Db wcd[34502:26d8af] [com.apple.defaults:User Defaults] found no value for key WCDRemoteAcknowledgedState in CFPrefsSearchListSource<0x600001ce0f00> (Domain: com.apple.wcd, Container: (null))
2023-02-02 12:27:29.437 Df apsd[34540:26d376] [com.apple.apsd:topicManager-oversized] <APSTopicManager: 0x600003ac0910> setEnabledTopics:{(
    "com.apple.idmsauth",
    "com.apple.idmsauthagent",
    "com.apple.icloud-container.com.apple.TrustedPeersHelper",
    "com.apple.icloud-container.com.apple.appleaccount.custodian.private",
    "com.apple.maps.icloud",
    "com.apple.aps.nanotimekit.facesupport",
    "com.apple.icloud-container.com.apple.AdSheetPhone",
    "com.icloud.family",
    "com.apple.icloud-container.com.apple.suggestd",
    "com.apple.askpermissiond",
    "com.apple.aa.idms",
    "com.apple.icloud-container.com.apple.reminders",
    "com.apple.appstored",
    "com.apple.icloud-container.com.apple.amsengagementd",
    "com.apple.icloud-container.com.apple.appleaccount.beneficiary.private",
    "com.apple.coreidv.coreidvd",
    "com.apple.icloud-container.com.apple.protectedcloudstorage.protectedcloudkeysyncing",
    "com.apple.icloud-container.com.apple.appleaccount.custodian",
    "com.apple.icloud-container.com.apple.FamilyControlsAgent",
    "com.apple.icloud-container.com.ap ignoredTopics:<decode: missing data> opportunisticTopics:<decode: missing data> nonWakingTopics:<decode: missing data> forCategory <decode: missing data> pretend <decode: missing data> change <decode: missing data>
2023-02-02 12:27:29.437 Db wcd[34502:26d8af] [com.apple.defaults:User Defaults] CFPrefsPlistSource<0x600001ce1100> (Domain: com.apple.wcd, User: kCFPreferencesCurrentUser, ByHost: No, Container: (null), Contents Need Refresh: No) skipping setting already-present value for key WCDRemoteAcknowledgedState
2023-02-02 12:27:29.437 Df apsd[34540:26d376] [com.apple.apsd:topicManager] <APSTopicManager: 0x600003ac0910> cancelling any pending filter updates
2023-02-02 12:27:29.437 Df wcd[34502:26d8af] [com.apple.wcd:WC] YES
2023-02-02 12:27:29.437 Df apsd[34540:26d376] [com.apple.PersistentConnection:persistentTimer.APSTopicManager] Invalidating timer <PCPersistentTimer: 0x6000032dcc40>
2023-02-02 12:27:29.437 Df wcd[34502:26d8af] [com.apple.wcd:WC] isPaired: NO, pairingID: (null), pairedDevicesPairingIDs: (null), pairedDeviceInformation: '(null)'
2023-02-02 12:27:29.437 Df apsd[34540:26d376] [com.apple.PersistentConnection:timer] Invalidating simple timer <PCSimpleTimer: 0x6000028d8640>
2023-02-02 12:27:29.437 Df wcd[34502:26d8af] [com.apple.apsd:connection] <APSConnection: 0x600000be0620> calling <WCDPushKitManager: 0x600003ce2e20> didReceivePublicToken:
2023-02-02 12:27:29.438 Db apsd[34540:26d376] [com.apple.PersistentConnection:timer] <PCDispatchTimer: 0x600000cdd380> is invalidated 
Callstack (
	0   PersistentConnection                0x000000018e613e54 -[PCDispatchTimer invalidate] + 176
	1   PersistentConnection                0x000000018e611c78 -[PCSimpleTimer _invalidateAllowAsync:] + 208
	2   PersistentConnection                0x000000018e601d64 -[PCPersistentTimer invalidate] + 188
	3   apsd                                0x00000001044262a8 apsd + 254632
	4   apsd                                0x0000000104426654 apsd + 255572
	5   apsd                                0x0000000104426010 apsd + 253968
	6   apsd                                0x00000001044258f0 apsd + 252144
	7   apsd                                0x000000010440b328 apsd + 144168
	8   apsd                                0x000000010440b694 apsd + 145044
	9   apsd                                0x0000000104405680 apsd + 120448
	10  apsd                                0x000000010443386c apsd + 309356
	11  apsd                                0x00000001044337e0 apsd + 309216
	12  ap
2023-02-02 12:27:29.437 Df wcd[34502:26d8af] [com.apple.wcd:PushKit] connection: <APSConnection: 0x600000be0620>, publicToken: {length = 80, bytes = 0x806241c9 63664ed5 ab49b320 dc3a1879 ... 52c20dda b5d7e4fe }
2023-02-02 12:27:29.438 Db apsd[34540:26d376] [com.apple.PersistentConnection:timer] <PCDispatchTimer: 0x600000cdd380> dealloced
2023-02-02 12:27:29.437 Df wcd[34502:26d8af] [com.apple.apsd:connection] <APSConnection: 0x600000be0620> returned from <WCDPushKitManager: 0x600003ce2e20> didReceivePublicToken:
2023-02-02 12:27:29.438 Db apsd[34540:26d376] [com.apple.PersistentConnection:timer] <PCDispatchTimer: 0x600000cdd1c0> is invalidated 
Callstack (
	0   PersistentConnection                0x000000018e613e54 -[PCDispatchTimer invalidate] + 176
	1   PersistentConnection                0x000000018e611c8c -[PCSimpleTimer _invalidateAllowAsync:] + 228
	2   PersistentConnection                0x000000018e601d64 -[PCPersistentTimer invalidate] + 188
	3   apsd                                0x00000001044262a8 apsd + 254632
	4   apsd                                0x0000000104426654 apsd + 255572
	5   apsd                                0x0000000104426010 apsd + 253968
	6   apsd                                0x00000001044258f0 apsd + 252144
	7   apsd                                0x000000010440b328 apsd + 144168
	8   apsd                                0x000000010440b694 apsd + 145044
	9   apsd                                0x0000000104405680 apsd + 120448
	10  apsd                                0x000000010443386c apsd + 309356
	11  apsd                                0x00000001044337e0 apsd + 309216
	12  ap
2023-02-02 12:27:29.437 Df wcd[34502:26d8af] [com.apple.apsd:connection] <APSConnection: 0x600000be0620> Async Delivering publicToken from apsd: {length = 80, bytes = 0x806241c9 63664ed5 ab49b320 dc3a1879 ... 52c20dda b5d7e4fe }
2023-02-02 12:27:29.438 Db apsd[34540:26d376] [com.apple.PersistentConnection:timer] <PCDispatchTimer: 0x600000cdd1c0> dealloced
2023-02-02 12:27:29.438 Df wcd[34502:26d8af] [com.apple.apsd:connection] <APSConnection: 0x600000be8000> calling <WCDPushKitManager: 0x600003ce2e20> didReceivePublicToken:
2023-02-02 12:27:29.438 Df wcd[34502:26d8af] [com.apple.wcd:PushKit] connection: <APSConnection: 0x600000be8000>, publicToken: {length = 80, bytes = 0x806241c9 63664ed5 ab49b320 dc3a1879 ... 52c20dda b5d7e4fe }
2023-02-02 12:27:29.438 Df apsd[34540:26d376] [com.apple.PersistentConnection:timer] Canceling system wake for simpletimer [2023-02-02 12:32:14 -0300]
2023-02-02 12:27:29.438 Df wcd[34502:26d8af] [com.apple.apsd:connection] <APSConnection: 0x600000be8000> returned from <WCDPushKitManager: 0x600003ce2e20> didReceivePublicToken:
2023-02-02 12:27:29.438 Df wcd[34502:26dd2a] [com.apple.apsd:connection] <APSConnection: 0x600000be0620> Delivering publicToken from apsd: {length = 80, bytes = 0x806241c9 63664ed5 ab49b320 dc3a1879 ... 52c20dda b5d7e4fe }
2023-02-02 12:27:29.438 Df apsd[34540:26d376] [com.apple.PersistentConnection:wakeManager] Request to schedule wake 0 date 2023-02-02 12:32:14 -0300 leeway 0 service identifier APSTopicManager unique identifier <PCSimpleTimer: 0x6000028d8640>
2023-02-02 12:27:29.438 Df wcd[34502:26d8af] [com.apple.apsd:connection] <APSConnection: 0x600000be8000> Async Delivering publicToken from apsd: {length = 80, bytes = 0x806241c9 63664ed5 ab49b320 dc3a1879 ... 52c20dda b5d7e4fe }
2023-02-02 12:27:29.438 Df apsd[34540:26d433] [com.apple.PersistentConnection:timer] Disabling power monitoring for <PCSimpleTimer: 0x6000028d8640> - 4 timers
2023-02-02 12:27:29.438 Df wcd[34502:26dd2a] [com.apple.apsd:connection] <APSConnection: 0x600000be8000> Delivering publicToken from apsd: {length = 80, bytes = 0x806241c9 63664ed5 ab49b320 dc3a1879 ... 52c20dda b5d7e4fe }
2023-02-02 12:27:29.438 Df apsd[34540:26d376] [com.apple.apsd:topicManager-oversized] <APSTopicManager: 0x600003ac0910> setEnabledTopics:{(
    "com.apple.aa.setupservice",
    "com.apple.idmsauthagent",
    "com.apple.icloud-container.com.apple.TrustedPeersHelper",
    "com.apple.icloud-container.com.apple.appleaccount.custodian.private",
    "com.apple.maps.icloud",
    "com.icloud.family",
    "com.apple.icloud-container.com.apple.AdSheetPhone",
    "com.apple.aps.nanotimekit.facesupport",
    "com.apple.icloud-container.com.apple.suggestd",
    "com.apple.askpermissiond",
    "com.apple.aa.idms",
    "com.apple.icloud-container.com.apple.reminders",
    "com.apple.appstored",
    "com.apple.icloud-container.com.apple.amsengagementd",
    "com.apple.icloud-container.com.apple.appleaccount.beneficiary.private",
    "com.apple.coreidv.coreidvd",
    "com.apple.icloud-container.com.apple.protectedcloudstorage.protectedcloudkeysyncing",
    "com.apple.icloud-container.com.apple.appleaccount.custodian",
    "com.apple.icloud-container.com.apple.appleaccount.beneficiary",
    "com.apple.icloud-cont ignoredTopics:<decode: missing data> opportunisticTopics:<decode: missing data> nonWakingTopics:<decode: missing data> forCategory <decode: missing data> pretend <decode: missing data> change <decode: missing data>
2023-02-02 12:27:29.438 Df apsd[34540:26d376] [com.apple.apsd:topicManager] <APSTopicManager: 0x600003ac0910> asked to schedule an update withTimer? YES
2023-02-02 12:27:29.438 Df apsd[34540:26d376] [com.apple.PersistentConnection:persistentTimer.APSTopicManager] <PCPersistentTimer: 0x6000032d0c40> created <PCSimpleTimer: 0x6000028dc1e0>
2023-02-02 12:27:29.439 Df apsd[34540:26d376] [com.apple.PersistentConnection:timer] Started simple timer <PCSimpleTimer: 0x6000028dc1e0> with fire date [2023-02-02 12:32:29 -0300]
2023-02-02 12:27:29.439 Db apsd[34540:26d376] [com.apple.PersistentConnection:timer] <PCDispatchTimer: 0x600000cdd1c0> initialized with target <PCSimpleTimer: 0x6000028dc1e0> selector _preventSleepFired timerSource <OS_dispatch_source: 0x6000037d6b80>
2023-02-02 12:27:29.439 Db apsd[34540:26d376] [com.apple.PersistentConnection:timer] <PCDispatchTimer: 0x600000cdda40> initialized with target <PCSimpleTimer: 0x6000028dc1e0> selector _fireTimerFired timerSource <OS_dispatch_source: 0x6000037d6e80>
2023-02-02 12:27:29.439 Df apsd[34540:26d376] [com.apple.PersistentConnection:timer] <PCSimpleTimer: 0x6000028dc1e0> created preventSleepTimer <PCDispatchTimer: 0x600000cdd1c0> and fireTimer <PCDispatchTimer: 0x600000cdda40> on queue <OS_dispatch_queue_serial: PCSimpleTimer-timerQ>
2023-02-02 12:27:29.439 Db apsd[34540:26d376] [com.apple.PersistentConnection:timer] <PCDispatchTimer: 0x600000cdda40> start with target <CUTWeakReference: 0x6000019df2a0> selector _fireTimerFired firetime 18446744073709551615 timerSource <OS_dispatch_source: 0x6000037d6e80>
2023-02-02 12:27:29.439 Db apsd[34540:26d376] [com.apple.PersistentConnection:timer] <PCDispatchTimer: 0x600000cdd1c0> start with target <CUTWeakReference: 0x6000019def00> selector _preventSleepFired firetime 18446744073709551615 timerSource <OS_dispatch_source: 0x6000037d6b80>
2023-02-02 12:27:29.439 Df apsd[34540:26d389] [com.apple.PersistentConnection:timer] Enabling power monitoring for <PCSimpleTimer: 0x6000028dc1e0> - 5 timers
2023-02-02 12:27:29.439 Db apsd[34540:26d376] [com.apple.PersistentConnection:timer] <PCDispatchTimer: 0x600000cdd1c0> setFireDate Thu Feb  2 12:32:14 2023 and start with target <PCSimpleTimer: 0x6000028dc1e0> selector _preventSleepFired fireTime 3009209779033 deltaNanosec 2023-02-02 12:32:14 -0300 timerSource <OS_dispatch_source: 0x6000037d6b80>
2023-02-02 12:27:29.439 Db apsd[34540:26d376] [com.apple.PersistentConnection:timer] <PCDispatchTimer: 0x600000cdda40> setFireDate Thu Feb  2 12:32:29 2023 and start with target <PCSimpleTimer: 0x6000028dc1e0> selector _fireTimerFired fireTime 3009569779024 deltaNanosec 2023-02-02 12:32:29 -0300 timerSource <OS_dispatch_source: 0x6000037d6e80>
2023-02-02 12:27:29.439 Df apsd[34540:26d376] [com.apple.PersistentConnection:timer] <PCSimpleTimer: 0x6000028dc1e0> Existing wake at (null) re-scheduling to 2023-02-02 12:32:14 -0300 with leeway of 0
2023-02-02 12:27:29.439 Df apsd[34540:26d376] [com.apple.PersistentConnection:wakeManager] Request to schedule wake 1 date 2023-02-02 12:32:14 -0300 leeway 0 service identifier APSTopicManager unique identifier <PCSimpleTimer: 0x6000028dc1e0>
2023-02-02 12:27:29.439 Df apsd[34540:26d376] [com.apple.PersistentConnection:persistentTimer.APSTopicManager] <PCPersistentTimer: 0x6000032d0c40> calculating _earlyFireDate. powerStateDetectionSupported = NO = (detectionSupported(NO) && (wwanIsUp(NO) || ! internetReachable(YES)))
2023-02-02 12:27:29.439 Df apsd[34540:26d376] [com.apple.PersistentConnection:persistentTimer.APSTopicManager] <PCPersistentTimer: 0x6000032d0c40> Device is plugged in, overriding earlyFireProportion to be 1.0
2023-02-02 12:27:29.440 Df apsd[34540:26d376] [com.apple.PersistentConnection:persistentTimer.APSTopicManager] <PCPersistentTimer: 0x6000032d0c40> Calculated minimum fire date [2023-02-02 12:32:29 -0300] (100%) with fire date [2023-02-02 12:32:29 -0300], start date [2023-02-02 12:27:29 -0300], minimum early fire proportion 1, power state detection supported: no, in high power state: no, early fire constant interval 0.000000
2023-02-02 12:27:29.440 Df apsd[34540:26d376] [com.apple.apsd:topicManager] <APSTopicManager: 0x600003ac0910> scheduling a pending filter timer with interval 300.000000.
2023-02-02 12:27:29.440 Db apsd[34540:26d376] [com.apple.defaults:User Defaults] looked up value {
    "com.apple.AdSheetPhone.push" =     {
        enabled =         (
            "com.apple.icloud-container.com.apple.AdSheetPhone"
        );
        environment = development;
        processName = adprivacyd;
        tokenAcked = 1;
    };
    "com.apple.Maps.mapspushd.icloud" =     {
        enabled =         (
            "com.apple.maps.icloud"
        );
        environment = development;
        processName = mapspushd;
        tokenAcked = 1;
    };
    "com.apple.SafariBookmarksSyncAgent.Push" =     {
        environment = development;
        ignored =         (
            "com.apple.icloud-container.com.apple.SafariShared.WBSCloudBookmarksStore",
            "com.apple.icloud-container.com.apple.SafariShared.CloudTabs",
            "com.apple.icloud-container.com.apple.SafariShared.Settings"
        );
        processName = SafariBookmarksSyncAgent;
        tokenAcked = 1;
    };
    "com.apple.ak.aps.sim" =     {
        enableStatusUpdates = 1;
        enabled =         (
          for key <decode: missing data> in <decode: missing data> via <decode: missing data>
2023-02-02 12:27:29.440 Db apsd[34540:26d376] [com.apple.defaults:User Defaults] CFPrefsPlistSource<0x6000037cc800> (Domain: com.apple.apsd, User: kCFPreferencesCurrentUser, ByHost: No, Container: (null), Contents Need Refresh: No) skipping setting already-present value for key APSPersistentTopics
2023-02-02 12:27:29.440 Df apsd[34540:26d376] [com.apple.apsd:connectionServer] <APSConnectionServer: 0x600002ec8580>: Token acknowledged by com.apple.watchconnectivity.complication.push
2023-02-02 12:27:29.440 Db apsd[34540:26d376] [com.apple.defaults:User Defaults] looked up value {
    "com.apple.AdSheetPhone.push" =     {
        enabled =         (
            "com.apple.icloud-container.com.apple.AdSheetPhone"
        );
        environment = development;
        processName = adprivacyd;
        tokenAcked = 1;
    };
    "com.apple.Maps.mapspushd.icloud" =     {
        enabled =         (
            "com.apple.maps.icloud"
        );
        environment = development;
        processName = mapspushd;
        tokenAcked = 1;
    };
    "com.apple.SafariBookmarksSyncAgent.Push" =     {
        environment = development;
        ignored =         (
            "com.apple.icloud-container.com.apple.SafariShared.WBSCloudBookmarksStore",
            "com.apple.icloud-container.com.apple.SafariShared.CloudTabs",
            "com.apple.icloud-container.com.apple.SafariShared.Settings"
        );
        processName = SafariBookmarksSyncAgent;
        tokenAcked = 1;
    };
    "com.apple.ak.aps.sim" =     {
        enableStatusUpdates = 1;
        enabled =         (
          for key <decode: missing data> in <decode: missing data> via <decode: missing data>
2023-02-02 12:27:29.440 Db apsd[34540:26d376] [com.apple.defaults:User Defaults] CFPrefsPlistSource<0x6000037cc800> (Domain: com.apple.apsd, User: kCFPreferencesCurrentUser, ByHost: No, Container: (null), Contents Need Refresh: No) skipping setting already-present value for key APSPersistentTopics
2023-02-02 12:27:29.440 Df apsd[34540:26d376] [com.apple.apsd:connectionServer] <APSConnectionServer: 0x600002edc840>: Token acknowledged by com.apple.watchconnectivity.complication.push.development
2023-02-02 12:27:29.440 Db apsd[34540:26d376] [com.apple.defaults:User Defaults] looked up value {
    "com.apple.AdSheetPhone.push" =     {
        enabled =         (
            "com.apple.icloud-container.com.apple.AdSheetPhone"
        );
        environment = development;
        processName = adprivacyd;
        tokenAcked = 1;
    };
    "com.apple.Maps.mapspushd.icloud" =     {
        enabled =         (
            "com.apple.maps.icloud"
        );
        environment = development;
        processName = mapspushd;
        tokenAcked = 1;
    };
    "com.apple.SafariBookmarksSyncAgent.Push" =     {
        environment = development;
        ignored =         (
            "com.apple.icloud-container.com.apple.SafariShared.WBSCloudBookmarksStore",
            "com.apple.icloud-container.com.apple.SafariShared.CloudTabs",
            "com.apple.icloud-container.com.apple.SafariShared.Settings"
        );
        processName = SafariBookmarksSyncAgent;
        tokenAcked = 1;
    };
    "com.apple.ak.aps.sim" =     {
        enableStatusUpdates = 1;
        enabled =         (
          for key <decode: missing data> in <decode: missing data> via <decode: missing data>
2023-02-02 12:27:29.440 Db apsd[34540:26d376] [com.apple.defaults:User Defaults] CFPrefsPlistSource<0x6000037cc800> (Domain: com.apple.apsd, User: kCFPreferencesCurrentUser, ByHost: No, Container: (null), Contents Need Refresh: No) skipping setting already-present value for key APSPersistentTopics
2023-02-02 12:27:29.440 Df apsd[34540:26d376] Looking up connection on peer: 51e064f0   found <APSConnectionServer: 0x600002edc840>
2023-02-02 12:27:29.440 Df apsd[34540:26d376] [com.apple.apsd:connectionServer] <APSConnectionServer: 0x600002edc840>: connection set enabled topics from (null) to {(
)}
2023-02-02 12:27:29.440 Df apsd[34540:26d376] [com.apple.apsd:connectionServer] <APSConnectionServer: 0x600002edc840>: connection set ignored topics from (null) to {(
)}
2023-02-02 12:27:29.440 Df apsd[34540:26d376] [com.apple.apsd:connectionServer] <APSConnectionServer: 0x600002edc840>: connection set opportunistic topics from (null) to {(
)}
2023-02-02 12:27:29.440 Df apsd[34540:26d376] [com.apple.apsd:connectionServer] <APSConnectionServer: 0x600002edc840>: connection set non-waking topics from (null) to {(
)}
2023-02-02 12:27:29.440 Df apsd[34540:26d376] [com.apple.apsd:topicManager] <APSTopicManager: 0x600003ac0910> received topic update for UsesALS pretend NO but there is no change.
2023-02-02 12:27:29.440 Df apsd[34540:26d376] [com.apple.apsd:courier] <APSCourier 0x151d04480 development> flush any pending work that ALS told us to queue for its managed topics {(
)}, processMode systemToken
2023-02-02 12:27:29.440 Df apsd[34540:26d376] [com.apple.apsd:courier] <APSCourier 0x151d04480 development> flush any pending work that ALS told us to queue for its managed topics {(
)}, processMode userToken
2023-02-02 12:27:29.441 Df apsd[34540:26d376] [com.apple.apsd:topicManager-oversized] <APSTopicManager: 0x600003ac0910> setEnabledTopics:{(
    "com.apple.idmsauth",
    "com.apple.idmsauthagent",
    "com.apple.icloud-container.com.apple.TrustedPeersHelper",
    "com.apple.icloud-container.com.apple.appleaccount.custodian.private",
    "com.apple.maps.icloud",
    "com.apple.aps.nanotimekit.facesupport",
    "com.apple.icloud-container.com.apple.AdSheetPhone",
    "com.icloud.family",
    "com.apple.icloud-container.com.apple.suggestd",
    "com.apple.askpermissiond",
    "com.apple.aa.idms",
    "com.apple.icloud-container.com.apple.reminders",
    "com.apple.appstored",
    "com.apple.icloud-container.com.apple.amsengagementd",
    "com.apple.icloud-container.com.apple.appleaccount.beneficiary.private",
    "com.apple.coreidv.coreidvd",
    "com.apple.icloud-container.com.apple.protectedcloudstorage.protectedcloudkeysyncing",
    "com.apple.icloud-container.com.apple.appleaccount.custodian",
    "com.apple.icloud-container.com.apple.FamilyControlsAgent",
    "com.apple.icloud-container.com.ap ignoredTopics:<decode: missing data> opportunisticTopics:<decode: missing data> nonWakingTopics:<decode: missing data> forCategory <decode: missing data> pretend <decode: missing data> change <decode: missing data>
2023-02-02 12:27:29.441 Df apsd[34540:26d376] [com.apple.apsd:topicManager] <APSTopicManager: 0x600003ac0910> cancelling any pending filter updates
2023-02-02 12:27:29.441 Df apsd[34540:26d376] [com.apple.PersistentConnection:persistentTimer.APSTopicManager] Invalidating timer <PCPersistentTimer: 0x6000032d0c40>
2023-02-02 12:27:29.441 Df apsd[34540:26d376] [com.apple.PersistentConnection:timer] Invalidating simple timer <PCSimpleTimer: 0x6000028dc1e0>
2023-02-02 12:27:29.441 Db apsd[34540:26d376] [com.apple.PersistentConnection:timer] <PCDispatchTimer: 0x600000cdd1c0> is invalidated 
Callstack (
	0   PersistentConnection                0x000000018e613e54 -[PCDispatchTimer invalidate] + 176
	1   PersistentConnection                0x000000018e611c78 -[PCSimpleTimer _invalidateAllowAsync:] + 208
	2   PersistentConnection                0x000000018e601d64 -[PCPersistentTimer invalidate] + 188
	3   apsd                                0x00000001044262a8 apsd + 254632
	4   apsd                                0x0000000104426654 apsd + 255572
	5   apsd                                0x0000000104426010 apsd + 253968
	6   apsd                                0x00000001044258f0 apsd + 252144
	7   apsd                                0x000000010440b328 apsd + 144168
	8   apsd                                0x000000010440b694 apsd + 145044
	9   apsd                                0x0000000104405680 apsd + 120448
	10  apsd                                0x000000010443386c apsd + 309356
	11  apsd                                0x00000001044337e0 apsd + 309216
	12  ap
2023-02-02 12:27:29.441 Db apsd[34540:26d376] [com.apple.PersistentConnection:timer] <PCDispatchTimer: 0x600000cdd1c0> dealloced
2023-02-02 12:27:29.441 Db apsd[34540:26d376] [com.apple.PersistentConnection:timer] <PCDispatchTimer: 0x600000cdda40> is invalidated 
Callstack (
	0   PersistentConnection                0x000000018e613e54 -[PCDispatchTimer invalidate] + 176
	1   PersistentConnection                0x000000018e611c8c -[PCSimpleTimer _invalidateAllowAsync:] + 228
	2   PersistentConnection                0x000000018e601d64 -[PCPersistentTimer invalidate] + 188
	3   apsd                                0x00000001044262a8 apsd + 254632
	4   apsd                                0x0000000104426654 apsd + 255572
	5   apsd                                0x0000000104426010 apsd + 253968
	6   apsd                                0x00000001044258f0 apsd + 252144
	7   apsd                                0x000000010440b328 apsd + 144168
	8   apsd                                0x000000010440b694 apsd + 145044
	9   apsd                                0x0000000104405680 apsd + 120448
	10  apsd                                0x000000010443386c apsd + 309356
	11  apsd                                0x00000001044337e0 apsd + 309216
	12  ap
2023-02-02 12:27:29.441 Db apsd[34540:26d376] [com.apple.PersistentConnection:timer] <PCDispatchTimer: 0x600000cdda40> dealloced
2023-02-02 12:27:29.441 Df apsd[34540:26d376] [com.apple.PersistentConnection:timer] Canceling system wake for simpletimer [2023-02-02 12:32:14 -0300]
2023-02-02 12:27:29.441 Df apsd[34540:26d376] [com.apple.PersistentConnection:wakeManager] Request to schedule wake 0 date 2023-02-02 12:32:14 -0300 leeway 0 service identifier APSTopicManager unique identifier <PCSimpleTimer: 0x6000028dc1e0>
2023-02-02 12:27:29.441 Df apsd[34540:26d389] [com.apple.PersistentConnection:timer] Disabling power monitoring for <PCSimpleTimer: 0x6000028dc1e0> - 4 timers
2023-02-02 12:27:29.441 Df apsd[34540:26d376] [com.apple.apsd:topicManager-oversized] <APSTopicManager: 0x600003ac0910> setEnabledTopics:{(
    "com.apple.aa.setupservice",
    "com.apple.idmsauthagent",
    "com.apple.icloud-container.com.apple.TrustedPeersHelper",
    "com.apple.icloud-container.com.apple.appleaccount.custodian.private",
    "com.apple.maps.icloud",
    "com.icloud.family",
    "com.apple.icloud-container.com.apple.AdSheetPhone",
    "com.apple.aps.nanotimekit.facesupport",
    "com.apple.icloud-container.com.apple.suggestd",
    "com.apple.askpermissiond",
    "com.apple.aa.idms",
    "com.apple.icloud-container.com.apple.reminders",
    "com.apple.appstored",
    "com.apple.icloud-container.com.apple.amsengagementd",
    "com.apple.icloud-container.com.apple.appleaccount.beneficiary.private",
    "com.apple.coreidv.coreidvd",
    "com.apple.icloud-container.com.apple.protectedcloudstorage.protectedcloudkeysyncing",
    "com.apple.icloud-container.com.apple.appleaccount.custodian",
    "com.apple.icloud-container.com.apple.appleaccount.beneficiary",
    "com.apple.icloud-cont ignoredTopics:<decode: missing data> opportunisticTopics:<decode: missing data> nonWakingTopics:<decode: missing data> forCategory <decode: missing data> pretend <decode: missing data> change <decode: missing data>
2023-02-02 12:27:29.441 Df apsd[34540:26d376] [com.apple.apsd:topicManager] <APSTopicManager: 0x600003ac0910> asked to schedule an update withTimer? YES
2023-02-02 12:27:29.442 Df apsd[34540:26d376] [com.apple.PersistentConnection:persistentTimer.APSTopicManager] <PCPersistentTimer: 0x6000032dc770> created <PCSimpleTimer: 0x6000028d80a0>
2023-02-02 12:27:29.442 Df apsd[34540:26d376] [com.apple.PersistentConnection:timer] Started simple timer <PCSimpleTimer: 0x6000028d80a0> with fire date [2023-02-02 12:32:29 -0300]
2023-02-02 12:27:29.442 Db apsd[34540:26d376] [com.apple.PersistentConnection:timer] <PCDispatchTimer: 0x600000cd6540> initialized with target <PCSimpleTimer: 0x6000028d80a0> selector _preventSleepFired timerSource <OS_dispatch_source: 0x6000037dcb00>
2023-02-02 12:27:29.442 Db apsd[34540:26d376] [com.apple.PersistentConnection:timer] <PCDispatchTimer: 0x600000cd5cc0> initialized with target <PCSimpleTimer: 0x6000028d80a0> selector _fireTimerFired timerSource <OS_dispatch_source: 0x6000037dd680>
2023-02-02 12:27:29.442 Df apsd[34540:26d376] [com.apple.PersistentConnection:timer] <PCSimpleTimer: 0x6000028d80a0> created preventSleepTimer <PCDispatchTimer: 0x600000cd6540> and fireTimer <PCDispatchTimer: 0x600000cd5cc0> on queue <OS_dispatch_queue_serial: PCSimpleTimer-timerQ>
2023-02-02 12:27:29.442 Db apsd[34540:26d376] [com.apple.PersistentConnection:timer] <PCDispatchTimer: 0x600000cd5cc0> start with target <CUTWeakReference: 0x6000019fc660> selector _fireTimerFired firetime 18446744073709551615 timerSource <OS_dispatch_source: 0x6000037dd680>
2023-02-02 12:27:29.442 Db apsd[34540:26d376] [com.apple.PersistentConnection:timer] <PCDispatchTimer: 0x600000cd6540> start with target <CUTWeakReference: 0x6000019fc7e0> selector _preventSleepFired firetime 18446744073709551615 timerSource <OS_dispatch_source: 0x6000037dcb00>
2023-02-02 12:27:29.442 Df apsd[34540:26d389] [com.apple.PersistentConnection:timer] Enabling power monitoring for <PCSimpleTimer: 0x6000028d80a0> - 5 timers
2023-02-02 12:27:29.442 Db apsd[34540:26d376] [com.apple.PersistentConnection:timer] <PCDispatchTimer: 0x600000cd6540> setFireDate Thu Feb  2 12:32:14 2023 and start with target <PCSimpleTimer: 0x6000028d80a0> selector _preventSleepFired fireTime 3009209851530 deltaNanosec 2023-02-02 12:32:14 -0300 timerSource <OS_dispatch_source: 0x6000037dcb00>
2023-02-02 12:27:29.442 Db apsd[34540:26d376] [com.apple.PersistentConnection:timer] <PCDispatchTimer: 0x600000cd5cc0> setFireDate Thu Feb  2 12:32:29 2023 and start with target <PCSimpleTimer: 0x6000028d80a0> selector _fireTimerFired fireTime 3009569851526 deltaNanosec 2023-02-02 12:32:29 -0300 timerSource <OS_dispatch_source: 0x6000037dd680>
2023-02-02 12:27:29.442 Df apsd[34540:26d376] [com.apple.PersistentConnection:timer] <PCSimpleTimer: 0x6000028d80a0> Existing wake at (null) re-scheduling to 2023-02-02 12:32:14 -0300 with leeway of 0
2023-02-02 12:27:29.442 Df apsd[34540:26d376] [com.apple.PersistentConnection:wakeManager] Request to schedule wake 1 date 2023-02-02 12:32:14 -0300 leeway 0 service identifier APSTopicManager unique identifier <PCSimpleTimer: 0x6000028d80a0>
2023-02-02 12:27:29.442 Df apsd[34540:26d376] [com.apple.PersistentConnection:persistentTimer.APSTopicManager] <PCPersistentTimer: 0x6000032dc770> calculating _earlyFireDate. powerStateDetectionSupported = NO = (detectionSupported(NO) && (wwanIsUp(NO) || ! internetReachable(YES)))
2023-02-02 12:27:29.442 Df apsd[34540:26d376] [com.apple.PersistentConnection:persistentTimer.APSTopicManager] <PCPersistentTimer: 0x6000032dc770> Device is plugged in, overriding earlyFireProportion to be 1.0
2023-02-02 12:27:29.442 Df apsd[34540:26d376] [com.apple.PersistentConnection:persistentTimer.APSTopicManager] <PCPersistentTimer: 0x6000032dc770> Calculated minimum fire date [2023-02-02 12:32:29 -0300] (100%) with fire date [2023-02-02 12:32:29 -0300], start date [2023-02-02 12:27:29 -0300], minimum early fire proportion 1, power state detection supported: no, in high power state: no, early fire constant interval 0.000000
2023-02-02 12:27:29.442 Df apsd[34540:26d376] [com.apple.apsd:topicManager] <APSTopicManager: 0x600003ac0910> scheduling a pending filter timer with interval 300.000000.
2023-02-02 12:27:29.443 Db apsd[34540:26d376] [com.apple.defaults:User Defaults] looked up value {
    "com.apple.AdSheetPhone.push" =     {
        enabled =         (
            "com.apple.icloud-container.com.apple.AdSheetPhone"
        );
        environment = development;
        processName = adprivacyd;
        tokenAcked = 1;
    };
    "com.apple.Maps.mapspushd.icloud" =     {
        enabled =         (
            "com.apple.maps.icloud"
        );
        environment = development;
        processName = mapspushd;
        tokenAcked = 1;
    };
    "com.apple.SafariBookmarksSyncAgent.Push" =     {
        environment = development;
        ignored =         (
            "com.apple.icloud-container.com.apple.SafariShared.WBSCloudBookmarksStore",
            "com.apple.icloud-container.com.apple.SafariShared.CloudTabs",
            "com.apple.icloud-container.com.apple.SafariShared.Settings"
        );
        processName = SafariBookmarksSyncAgent;
        tokenAcked = 1;
    };
    "com.apple.ak.aps.sim" =     {
        enableStatusUpdates = 1;
        enabled =         (
          for key <decode: missing data> in <decode: missing data> via <decode: missing data>
2023-02-02 12:27:29.443 Db apsd[34540:26d376] [com.apple.defaults:User Defaults] CFPrefsPlistSource<0x6000037cc800> (Domain: com.apple.apsd, User: kCFPreferencesCurrentUser, ByHost: No, Container: (null), Contents Need Refresh: No) skipping setting already-present value for key APSPersistentTopics
2023-02-02 12:27:29.445 Df wcd[34502:26dd25] pairedListOperation: WCDRetrievePairedListOperation
2023-02-02 12:27:29.445 Df wcd[34502:26dd25] pairedListOperation2: WCDRetrievePairedListOperation
2023-02-02 12:27:29.445 Df wcd[34502:26dd25] activeComplicationsOperation: (null)
2023-02-02 12:27:29.445 Df wcd[34502:26dd25] installedAppsListOperation: (null)
2023-02-02 12:27:29.445 I  triald[34576:26d898] [com.apple.trial:_] TRIPruningFactorLevelCache: reloaded 499 factor levels (498 prefetched)
2023-02-02 12:27:29.446 Df triald[34576:26d898] [com.apple.trial:_] Released managed-directory lock: /Users/ggard/Library/Developer/CoreSimulator/Devices/773105ED-D5BC-4800-A2E6-239ECE9FE9FA/data/Library/Trial/NamespaceDescriptors/v2/factorPackSets/46b3ffca-bc33-4122-8770-30eb34637dd5/factorPacks/SIRI_UNDERSTANDING_ASR_ASSISTANT
2023-02-02 12:27:29.448 I  siriinferenced[34588:26d89b] [com.apple.siri.sirisuggestions:SiriSuggestionsCore] reading candidateBundleURLs: [file:///Applications/Xcode.app/Contents/Developer/Platforms/iPhoneOS.platform/Library/Developer/CoreSimulator/Profiles/Runtimes/iOS.simruntime/Contents/Resources/RuntimeRoot/System/Library/Siri/DM/SiriSuggestions/Owners/AppLaunchSuggestionsPlugin.bundle/, file:///Applications/Xcode.app/Contents/Developer/Platforms/iPhoneOS.platform/Library/Developer/CoreSimulator/Profiles/Runtimes/iOS.simruntime/Contents/Resources/RuntimeRoot/System/Library/Siri/DM/SiriSuggestions/Owners/SiriInformationSuggestionsPlugin.bundle/, file:///Applications/Xcode.app/Contents/Developer/Platforms/iPhoneOS.platform/Library/Developer/CoreSimulator/Profiles/Runtimes/iOS.simruntime/Contents/Resources/RuntimeRoot/System/Library/Siri/DM/SiriSuggestions/Owners/SiriLinkSuggestionsPlugin.bundle/, file:///Applications/Xcode.app/Contents/Developer/Platforms/iPhoneOS.platform/Library/Developer/CoreSimulator/Profiles/Runtimes/iOS.simruntime/Contents/Resources/RuntimeRoot/System/Library/Siri/DM/SiriSuggestions/Owners/VideoSuggestionsPlugin.bundle/, file:///Applications/Xcode.app/Contents/Developer/Platforms/iPhoneOS.platform/Library/Developer/CoreSimulator/Profiles/Runtimes/iOS.simruntime/Contents/Resources/RuntimeRoot/System/Library/Siri/DM/SiriSuggestions/Owners/SiriNotebookSuggestionsPlugin.bundle/, file:///Applications/Xcode.app/Contents/Developer/Platforms/iPhoneOS.platform/Library/Developer/CoreSimulator/Profiles/Runtimes/iOS.simruntime/Contents/Resources/RuntimeRoot/System/Library/Siri/DM/SiriSuggestions/Owners/SiriMessagesSuggestions.bundle/]
2023-02-02 12:27:29.448 I  siriinferenced[34588:26d89b] [com.apple.siri.sirisuggestions:SiriSuggestionsCore] checking candidateBundleURL: file:///Applications/Xcode.app/Contents/Developer/Platforms/iPhoneOS.platform/Library/Developer/CoreSimulator/Profiles/Runtimes/iOS.simruntime/Contents/Resources/RuntimeRoot/System/Library/Siri/DM/SiriSuggestions/Owners/AppLaunchSuggestionsPlugin.bundle/
2023-02-02 12:27:29.451 Df wcd[34502:26d8af] [com.apple.wcd:WC] complete
2023-02-02 12:27:29.453 I  triald[34576:26d898] [com.apple.triald:server] Notification key is SIRI_UNDERSTANDING_ASR_ASSISTANT.eacd6e070dea8515, asset index: {
}
2023-02-02 12:27:29.453 Df wcd[34502:26d8af] [com.apple.wcd:WC] <WatchConnectivityDaemon: 0x6000000e0240> of systemObserverInitialSetUpComplete
2023-02-02 12:27:29.454 Df wcd[34502:26d8af] [com.apple.wcd:WC] <WatchConnectivityDaemon: 0x6000000e0240> of systemObserverInstalledApplicationsChanged
2023-02-02 12:27:29.454 I  wcd[34502:26d8af] [com.apple.IDS:DaemonController] Request to block until connected
2023-02-02 12:27:29.454 I  wcd[34502:26d8af] [com.apple.IDS:DaemonController]  => Starting connect
2023-02-02 12:27:29.454 Df wcd[34502:26d8af] [com.apple.IDS:Registration] XPC has informed us that a fatal error has occured, we will not be attempting to reconnect any further
2023-02-02 12:27:29.454 I  wcd[34502:26d8af] [com.apple.IDS:DaemonController]  => No remote object, can't block
2023-02-02 12:27:29.454 E  wcd[34502:26d8af] [com.apple.Registration:Warning] Ignoring sub-services update, couldn't find active device
2023-02-02 12:27:29.454 Df wcd[34502:26d8af] [com.apple.wcd:WC] updated IDS with list of services: {(
)}
2023-02-02 12:27:29.455 Df wcd[34502:26d8af] [com.apple.wcd:WC] <WCDPushKitManager: 0x600003ce2e20> of systemObserverComplicationsInstalledChanged
2023-02-02 12:27:29.455 Df wcd[34502:26dd25] [com.apple.apsd:connection] <APSConnection: 0x600000be0620> setEnabledTopics (
) ignoredTopics (
) opportunisticTopics (
) nonWakingTopics (
) sendToDaemon: YES completion: (null)
2023-02-02 12:27:29.455 Df wcd[34502:26dd25] [com.apple.apsd:connection] <APSConnection: 0x600000be0620> got all nil topics, considering this as a change to flush any cached topics in apsd for named ports.
2023-02-02 12:27:29.455 Df wcd[34502:26dd25] [com.apple.apsd:connection] <APSConnection: 0x600000be8000> setEnabledTopics (
) ignoredTopics (
) opportunisticTopics (
) nonWakingTopics (
) sendToDaemon: YES completion: (null)
2023-02-02 12:27:29.455 Df apsd[34540:26d376] Looking up connection on peer: 54304ad0   found <APSConnectionServer: 0x600002ec8580>
2023-02-02 12:27:29.455 Df wcd[34502:26dd25] [com.apple.apsd:connection] <APSConnection: 0x600000be8000> got all nil topics, considering this as a change to flush any cached topics in apsd for named ports.
2023-02-02 12:27:29.455 Df apsd[34540:26d376] Looking up connection on peer: 51e064f0   found <APSConnectionServer: 0x600002edc840>
2023-02-02 12:27:29.455 Df wcd[34502:26d8af] [com.apple.wcd:WC] <WCDFirstUnlockManager: 0x6000032e2ec0> of systemObserverPairedListChanged
2023-02-02 12:27:29.465 Df triald[34576:26d898] [com.apple.triald:server] TRIXPCNamespaceManagementRequestHandler 0x60000344eb20: end statusOfDownloadForFactors:(
    "com.apple.siri.asr.assistant.it_IT"
) withNamespace:SIRI_UNDERSTANDING_ASR_ASSISTANT fstate:(null) qos:21 completion:
2023-02-02 12:27:29.465 Df triald[34576:26d898] [com.apple.triald:server] Running server context block with qos: 17
2023-02-02 12:27:29.467 E  siriinferenced[34588:26d646] [com.apple.siri.inference:SiriInference] InferenceError<errorId=otherError file=/Library/Caches/com.apple.xbs/Sources/SiriInference_Sim/SiriInference/SiriInference/OperationUtilities/LoggableOperation.swift function=logResult(_:payload:measurementKind:) line=44 msg=Error Domain=NSCocoaErrorDomain Code=513 "You don’t have permission to save the file “com.apple.siri.inference” in the folder “Library”." UserInfo={NSFilePath=/var/mobile/Library/com.apple.siri.inference, NSUnderlyingError=0x600002ea2e20 {Error Domain=NSPOSIXErrorDomain Code=13 "Permission denied"}}>
2023-02-02 12:27:29.467 E  siriinferenced[34588:26d646] [com.apple.siri.inference:SiriInference] 0   SiriInference                       0x000000010109ee7c block_destroy_helper.3 + 42084
2023-02-02 12:27:29.467 E  siriinferenced[34588:26d646] [com.apple.siri.inference:SiriInference] 1   SiriInference                       0x0000000100fa5b60 __swift_memcpy34_8 + 14448
2023-02-02 12:27:29.467 E  siriinferenced[34588:26d646] [com.apple.siri.inference:SiriInference] 2   SiriInference                       0x0000000100f0f044 keypath_get_selector_isFinished + 91968
2023-02-02 12:27:29.468 Df triald[34576:26d898] [com.apple.triald:server] Unsubscribe factor (
    "com.apple.siri.asr.geolm.zh_TW.002_TXG",
    "com.apple.siri.asr.geolm.es_US.260_CA",
    "com.apple.siri.asr.geolm.es_US.400_TN",
    "com.apple.siri.asr.geolm.en_GB.004_LEE",
    "com.apple.siri.asr.geolm.es_ES.007_MUR",
    "com.apple.siri.asr.assistant.zh_CN",
    "com.apple.siri.asr.geolm.es_US.524_PA",
    "com.apple.siri.asr.geolm.es_US.556_KS",
    "com.apple.siri.asr.geolm.fr_FR.003_LYN",
    "com.apple.siri.asr.geolm.ja_JP.016_KUM",
    "com.apple.siri.asr.geolm.es_MX.014_MER",
    "com.apple.siri.asr.geolm.es_US.314_TN",
    "com.apple.siri.asr.geolm.es_US.218_IA",
    "com.apple.siri.asr.geolm.en_IN.009_SUR",
    "com.apple.siri.asr.geolm.en_CA.001_TOR",
    "com.apple.siri.asr.geolm.es_US.525_CO",
    "com.apple.siri.asr.geolm.es_US.238_TX_NM",
    "com.apple.siri.asr.geolm.es_US.220_MI",
    "com.apple.siri.asr.geolm.es_US.GR224_PHX",
    "com.apple.siri.asr.assistant.tr_TR",
    "com.apple.siri.asr.assistant.pt_BR",
    "com.apple.siri.asr.geolm.es_US.372_TX",
    "com.apple.sir in namespace '<decode: missing data>'
2023-02-02 12:27:29.468 Df triald[34576:26d898] [com.apple.triald:server] Set subscription [com.apple.siri.asr.assistant.en_US] in namespace 'SIRI_UNDERSTANDING_ASR_ASSISTANT'
2023-02-02 12:27:29.468 Db triald[34576:26d898] [com.apple.defaults:User Defaults] found no value for key com.apple.triald.namespacedescriptor.path in CFPrefsSearchListSource<0x600001454500> (Domain: com.apple.triald, Container: (null))
2023-02-02 12:27:29.470 Db com.apple.siri.embeddedspeech[34611:26d644] [com.apple.defaults:User Defaults] found no value for key com.apple.triald.namespacedescriptor.path in CFPrefsSearchListSource<0x600002334c00> (Domain: com.apple.siri.embeddedspeech, Container: (null))
2023-02-02 12:27:29.473 Df triald[34576:26d696] [com.apple.triald:server] Connection to com.apple.triald.namespace-management from com.apple.siri.embeddedspeech (34611) was invalidated.
2023-02-02 12:27:29.479 I  com.apple.siri.embeddedspeech[34611:26d644] [com.apple.trial:_] Found 502 factors in treatment "(null)" for namespace "SIRI_UNDERSTANDING_ASR_ASSISTANT"; using pruning cache
2023-02-02 12:27:29.502 A  maild[34583:26d9e0] (CoreFoundation) Loading Preferences From User Session CFPrefsD
2023-02-02 12:27:29.515 Db cfprefsd[34522:26d3b9] [com.apple.defaults:cfprefsd] Process 34583 (maild) sent a request related to { com.apple.NanoMail, user: mobile, kCFPreferencesAnyHost, /Users/ggard/Library/Developer/CoreSimulator/Devices/773105ED-D5BC-4800-A2E6-239ECE9FE9FA/data/Library/Preferences/com.apple.NanoMail.plist, managed: 0 } (0x600000f14b40)
2023-02-02 12:27:29.516 Db cfprefsd[34522:26d3b9] [com.apple.defaults:cfprefsd] no cache for { com.apple.NanoMail, mobile, kCFPreferencesAnyHost, /Users/ggard/Library/Developer/CoreSimulator/Devices/773105ED-D5BC-4800-A2E6-239ECE9FE9FA/data/Library/Preferences/com.apple.NanoMail.plist, managed: 0 }, loading from /Users/ggard/Library/Developer/CoreSimulator/Devices/773105ED-D5BC-4800-A2E6-239ECE9FE9FA/data/Library/Preferences/com.apple.NanoMail.plist
2023-02-02 12:27:29.521 Db com.apple.siri.embeddedspeech[34611:26d644] [com.apple.defaults:User Defaults] found no value for key com.apple.triald.namespacedescriptor.path in CFPrefsSearchListSource<0x600002334c00> (Domain: com.apple.siri.embeddedspeech, Container: (null))
2023-02-02 12:27:29.522 Db com.apple.siri.embeddedspeech[34611:26d644] (ProactiveSupport) _PASLazyPlist: Successfully traversed object graph for lazy plist "/Users/ggard/Library/Developer/CoreSimulator/Devices/773105ED-D5BC-4800-A2E6-239ECE9FE9FA/data/Library/Trial/NamespaceDescriptors/v2/activeFactorProviders.plplist".  Object statistics:
2023-02-02 12:27:29.522 Db com.apple.siri.embeddedspeech[34611:26d644] (ProactiveSupport) _PASLazyPlist: Boolean:        0
2023-02-02 12:27:29.522 Db com.apple.siri.embeddedspeech[34611:26d644] (ProactiveSupport) _PASLazyPlist: Tagged integer: 0
2023-02-02 12:27:29.522 Db com.apple.siri.embeddedspeech[34611:26d644] (ProactiveSupport) _PASLazyPlist: Boxed integer:  13
2023-02-02 12:27:29.522 Db com.apple.siri.embeddedspeech[34611:26d644] (ProactiveSupport) _PASLazyPlist: Tagged real:    0
2023-02-02 12:27:29.522 Db com.apple.siri.embeddedspeech[34611:26d644] (ProactiveSupport) _PASLazyPlist: Boxed real:     0
2023-02-02 12:27:29.522 Db com.apple.siri.embeddedspeech[34611:26d644] (ProactiveSupport) _PASLazyPlist: Date:           0
2023-02-02 12:27:29.522 Db com.apple.siri.embeddedspeech[34611:26d644] (ProactiveSupport) _PASLazyPlist: String:         66 (32 unique dictionary keys)
2023-02-02 12:27:29.522 Db com.apple.siri.embeddedspeech[34611:26d644] (ProactiveSupport) _PASLazyPlist: Data:           0 (0 total bytes)
2023-02-02 12:27:29.522 Db com.apple.siri.embeddedspeech[34611:26d644] (ProactiveSupport) _PASLazyPlist: Dictionary:     3 (32 total key/value mappings)
2023-02-02 12:27:29.522 Db cfprefsd[34522:26d3b9] [com.apple.defaults:cfprefsd] Process 34583 (maild) read data for { com.apple.NanoMail, mobile, kCFPreferencesAnyHost, /Users/ggard/Library/Developer/CoreSimulator/Devices/773105ED-D5BC-4800-A2E6-239ECE9FE9FA/data/Library/Preferences/com.apple.NanoMail.plist, managed: 0 }, backed by /Users/ggard/Library/Developer/CoreSimulator/Devices/773105ED-D5BC-4800-A2E6-239ECE9FE9FA/data/Library/Preferences/com.apple.NanoMail.plist
2023-02-02 12:27:29.523 Db com.apple.siri.embeddedspeech[34611:26d644] (ProactiveSupport) _PASLazyPlist: Array:          34 (51 total elements)
2023-02-02 12:27:29.523 Db com.apple.siri.embeddedspeech[34611:26d644] (ProactiveSupport) _PASLazyPlist: Object graph maximum depth: 4
2023-02-02 12:27:29.523 I  com.apple.siri.embeddedspeech[34611:26d644] (ProactiveSupport) _PASLazyPlist: Loaded "/Users/ggard/Library/Developer/CoreSimulator/Devices/773105ED-D5BC-4800-A2E6-239ECE9FE9FA/data/Library/Trial/NamespaceDescriptors/v2/activeFactorProviders.plplist" (mapping 0x100980000, size 1452, string table [0x10, 0x323), root 0x5a8)
2023-02-02 12:27:29.533 Df com.apple.siri.embeddedspeech[34611:26d644] [com.apple.trial:_] Acquired managed-directory lock: /Users/ggard/Library/Developer/CoreSimulator/Devices/773105ED-D5BC-4800-A2E6-239ECE9FE9FA/data/Library/Trial/NamespaceDescriptors/v2/factorPackSets/46b3ffca-bc33-4122-8770-30eb34637dd5
