2023-02-02 12:34:22.309 Db SwiperFlatListExample[39825:274a36] [com.apple.defaults:User Defaults] looked up value 1 for key RCTI18nUtil_makeRTLFlipLeftAndRightStyles in CFPrefsPlistSource<0x600000eb4780> (Domain: org.reactjs.native.example.SwiperFlatListExample, User: kCFPreferencesCurrentUser, ByHost: No, Container: (null), Contents Need Refresh: No) via CFPrefsSearchListSource<0x600000eac080> (Domain: org.reactjs.native.example.SwiperFlatListExample, Container: (null))
2023-02-02 12:34:22.309 Db SwiperFlatListExample[39825:275573] [com.apple.network:activity] After settings override, domain cfnetwork rate configured as 1 / 2000000
2023-02-02 12:34:22.309 Db SwiperFlatListExample[39825:274a36] [com.apple.defaults:User Defaults] looked up value 1 for key RCTI18nUtil_makeRTLFlipLeftAndRightStyles in CFPrefsPlistSource<0x600000eb4780> (Domain: org.reactjs.native.example.SwiperFlatListExample, User: kCFPreferencesCurrentUser, ByHost: No, Container: (null), Contents Need Refresh: No) via CFPrefsSearchListSource<0x600000eac080> (Domain: org.reactjs.native.example.SwiperFlatListExample, Container: (null))
2023-02-02 12:34:22.309 A  SwiperFlatListExample[39825:275575] (Security) SecTrustReportNetworkingAnalytics
2023-02-02 12:34:22.309 Db SwiperFlatListExample[39825:274a36] [com.apple.defaults:User Defaults] looked up value 1 for key RCTI18nUtil_makeRTLFlipLeftAndRightStyles in CFPrefsPlistSource<0x600000eb4780> (Domain: org.reactjs.native.example.SwiperFlatListExample, User: kCFPreferencesCurrentUser, ByHost: No, Container: (null), Contents Need Refresh: No) via CFPrefsSearchListSource<0x600000eac080> (Domain: org.reactjs.native.example.SwiperFlatListExample, Container: (null))
2023-02-02 12:34:22.309 Db SwiperFlatListExample[39825:275573] [com.apple.network:activity] Final domain cfnetwork rate configured as 1 / 2000000
2023-02-02 12:34:22.309 Db SwiperFlatListExample[39825:274a36] [com.apple.defaults:User Defaults] looked up value 1 for key RCTI18nUtil_makeRTLFlipLeftAndRightStyles in CFPrefsPlistSource<0x600000eb4780> (Domain: org.reactjs.native.example.SwiperFlatListExample, User: kCFPreferencesCurrentUser, ByHost: No, Container: (null), Contents Need Refresh: No) via CFPrefsSearchListSource<0x600000eac080> (Domain: org.reactjs.native.example.SwiperFlatListExample, Container: (null))
2023-02-02 12:34:22.309 Db SwiperFlatListExample[39825:275573] [com.apple.network:activity] <nw_activity 12:2[No UUID] (reporting strategy default)> sampled at 1 / 2000000
2023-02-02 12:34:22.309 Db SwiperFlatListExample[39825:275573] [com.apple.network:activity] Returning should log: 0 for activity cfnetwork:foreground_task
2023-02-02 12:34:22.309 Df SwiperFlatListExample[39825:275573] (CFNetwork) [Telemetry]: Activity <nw_activity 12:2[03864A78-7585-41EE-85E8-1F3699075C59] (reporting strategy default)> on Task <0B6AE1F3-927D-49F6-99C5-9D0F4A821A74>.<4> was not selected for reporting
2023-02-02 12:34:22.309 Db SwiperFlatListExample[39825:274a36] [com.apple.defaults:User Defaults] looked up value 1 for key RCTI18nUtil_makeRTLFlipLeftAndRightStyles in CFPrefsPlistSource<0x600000eb4780> (Domain: org.reactjs.native.example.SwiperFlatListExample, User: kCFPreferencesCurrentUser, ByHost: No, Container: (null), Contents Need Refresh: No) via CFPrefsSearchListSource<0x600000eac080> (Domain: org.reactjs.native.example.SwiperFlatListExample, Container: (null))
2023-02-02 12:34:22.309 Df SwiperFlatListExample[39825:275573] (CFNetwork) Task <EF3D1CDA-4E80-4499-A358-0F02DD1A1D34>.<5> resuming, timeouts(60.0, 604800.0) QOS(0x19) Voucher (null)
2023-02-02 12:34:22.309 Db SwiperFlatListExample[39825:274a36] [com.apple.defaults:User Defaults] looked up value 1 for key RCTI18nUtil_makeRTLFlipLeftAndRightStyles in CFPrefsPlistSource<0x600000eb4780> (Domain: org.reactjs.native.example.SwiperFlatListExample, User: kCFPreferencesCurrentUser, ByHost: No, Container: (null), Contents Need Refresh: No) via CFPrefsSearchListSource<0x600000eac080> (Domain: org.reactjs.native.example.SwiperFlatListExample, Container: (null))
2023-02-02 12:34:22.309 Db SwiperFlatListExample[39825:275573] [com.apple.network:activity] Returning should log: 0 for activity cfnetwork:foreground_task
2023-02-02 12:34:22.309 Db SwiperFlatListExample[39825:274a36] [com.apple.defaults:User Defaults] looked up value 1 for key RCTI18nUtil_makeRTLFlipLeftAndRightStyles in CFPrefsPlistSource<0x600000eb4780> (Domain: org.reactjs.native.example.SwiperFlatListExample, User: kCFPreferencesCurrentUser, ByHost: No, Container: (null), Contents Need Refresh: No) via CFPrefsSearchListSource<0x600000eac080> (Domain: org.reactjs.native.example.SwiperFlatListExample, Container: (null))
2023-02-02 12:34:22.309 Db SwiperFlatListExample[39825:275573] [com.apple.network:activity] Domain cfnetwork rate configured in registry as 1 / 20000
2023-02-02 12:34:22.309 I  SwiperFlatListExample[39825:275574] [com.apple.network:connection] nw_connection_create_with_id [C79] create connection to Hostname#99141057:8081
2023-02-02 12:34:22.309 Db SwiperFlatListExample[39825:275573] [com.apple.network:activity] Domain cfnetwork rate configured after remote default override as 1 / 20000
2023-02-02 12:34:22.309 Df SwiperFlatListExample[39825:275575] [com.apple.securityd:SecError] SecTrustReportNetworkingAnalytics failed with error: -4
2023-02-02 12:34:22.309 Db SwiperFlatListExample[39825:275573] [com.apple.network:activity] After reading settings plist, domain cfnetwork rate configured as 1 / 2000000
2023-02-02 12:34:22.309 Df SwiperFlatListExample[39825:275574] (CFNetwork) Connection 79: starting, TC(0x0)
2023-02-02 12:34:22.309 Db SwiperFlatListExample[39825:275573] [com.apple.network:activity] After settings override, domain cfnetwork rate configured as 1 / 2000000
2023-02-02 12:34:22.309 Db SwiperFlatListExample[39825:275573] [com.apple.network:activity] Final domain cfnetwork rate configured as 1 / 2000000
2023-02-02 12:34:22.309 Df SwiperFlatListExample[39825:275574] [com.apple.network:connection] [C79 D9383645-8497-444F-916C-9A1A47B53AC4 localhost:8081 tcp, url hash: 6717c0bd, definite, attribution: developer, context: com.apple.CFNetwork.NSURLSession.{4D74E705-7E6C-4090-9217-897FEA033CD2}{(null)}{Y}{2} (private), proc: 4B2D3039-C28E-3D3C-81E9-082DF9778677] start
2023-02-02 12:34:22.309 Db SwiperFlatListExample[39825:275573] [com.apple.network:activity] <nw_activity 12:2[No UUID] (reporting strategy default)> sampled at 1 / 2000000
2023-02-02 12:34:22.310 I  SwiperFlatListExample[39825:275574] [com.apple.network:connection] nw_endpoint_handler_start [C79 localhost:8081 initial parent-flow ((null))]
2023-02-02 12:34:22.310 Db SwiperFlatListExample[39825:275573] [com.apple.network:activity] Returning should log: 0 for activity cfnetwork:foreground_task
2023-02-02 12:34:22.310 Df SwiperFlatListExample[39825:275574] [com.apple.network:connection] [C79 localhost:8081 initial parent-flow ((null))] event: path:start @0.000s
2023-02-02 12:34:22.310 Df SwiperFlatListExample[39825:275573] (CFNetwork) [Telemetry]: Activity <nw_activity 12:2[5D0AE0EA-9E54-494D-B1D8-285F88623999] (reporting strategy default)> on Task <EF3D1CDA-4E80-4499-A358-0F02DD1A1D34>.<5> was not selected for reporting
2023-02-02 12:34:22.310 Db SwiperFlatListExample[39825:275574] [com.apple.network:connection] nw_endpoint_handler_path_change [C79 localhost:8081 waiting parent-flow (satisfied (Path is satisfied), viable, interface: en0[802.11])]
2023-02-02 12:34:22.310 Df SwiperFlatListExample[39825:275574] [com.apple.network:connection] [C79 localhost:8081 waiting parent-flow (satisfied (Path is satisfied), viable, interface: en0[802.11])] event: path:satisfied @0.000s, uuid: 41F1E600-2404-4708-B61B-DCFD85B10F79
2023-02-02 12:34:22.310 I  SwiperFlatListExample[39825:275574] [com.apple.network:connection] nw_connection_endpoint_report_on_nw_queue_block_invoke [C79 localhost:8081 waiting parent-flow (satisfied (Path is satisfied), viable, interface: en0[802.11])] skipping state update
2023-02-02 12:34:22.310 Db SwiperFlatListExample[39825:275574] [com.apple.network:] nw_endpoint_proxy_handler_should_use_proxy Looking up proxy for hostname: localhost, ifindex: 0
2023-02-02 12:34:22.310 Db SwiperFlatListExample[39825:275574] [com.apple.SystemConfiguration:SCPreferences] create <SCPreferences 0x14399c8e0 [0x1ba9afc60]> {name = SCDynamicStoreCopyProxiesWithOptions, id = /Library/Managed Preferences/mobile/com.apple.SystemConfiguration.plist, path = /Library/Managed Preferences/mobile/com.apple.SystemConfiguration.plist}
2023-02-02 12:34:22.310 Db SwiperFlatListExample[39825:275574] [com.apple.SystemConfiguration:SCPreferences] SCPreferences() access: /Library/Managed Preferences/mobile/com.apple.SystemConfiguration.plist, size=0
2023-02-02 12:34:22.310 Db SwiperFlatListExample[39825:275574] [com.apple.SystemConfiguration:SCPreferences] release <SCPreferences 0x14399c8e0 [0x1ba9afc60]> {name = SCDynamicStoreCopyProxiesWithOptions, id = /Library/Managed Preferences/mobile/com.apple.SystemConfiguration.plist, path = /Library/Managed Preferences/mobile/com.apple.SystemConfiguration.plist, accessed}
2023-02-02 12:34:22.310 Db SwiperFlatListExample[39825:275574] [com.apple.network:connection] nw_endpoint_flow_attach_protocols [C79 localhost:8081 in_progress parent-flow (satisfied (Path is satisfied), viable, interface: en0[802.11])]
2023-02-02 12:34:22.310 Db SwiperFlatListExample[39825:275574] [com.apple.network:connection] nw_endpoint_flow_attach_protocols [C79 localhost:8081 in_progress parent-flow (satisfied (Path is satisfied), viable, interface: en0[802.11])] stopping after adding persistent application protocols
2023-02-02 12:34:22.310 Df SwiperFlatListExample[39825:275574] [com.apple.network:connection] [C79 localhost:8081 in_progress parent-flow (satisfied (Path is satisfied), viable, interface: en0[802.11])] event: flow:start_child @0.000s
2023-02-02 12:34:22.310 Df SwiperFlatListExample[39825:275574] [com.apple.network:connection] nw_connection_report_state_with_handler_on_nw_queue [C79] reporting state preparing
2023-02-02 12:34:22.310 I  SwiperFlatListExample[39825:275574] [com.apple.network:connection] nw_endpoint_handler_start [C79.1 localhost:8081 initial path ((null))]
2023-02-02 12:34:22.310 Db SwiperFlatListExample[39825:275574] [com.apple.network:connection] nw_endpoint_flow_receive_report [C79 localhost:8081 in_progress parent-flow (satisfied (Path is satisfied), viable, interface: en0[802.11])] received child report: [C79.1 localhost:8081 initial path ((null))]
2023-02-02 12:34:22.310 Df SwiperFlatListExample[39825:275574] [com.apple.network:connection] [C79.1 localhost:8081 initial path ((null))] event: path:start @0.000s
2023-02-02 12:34:22.310 Db SwiperFlatListExample[39825:275574] [com.apple.network:connection] nw_endpoint_handler_path_change [C79.1 localhost:8081 waiting path (satisfied (Path is satisfied), viable, interface: en0[802.11])]
2023-02-02 12:34:22.310 Db SwiperFlatListExample[39825:275574] [com.apple.network:connection] nw_endpoint_flow_receive_report [C79 localhost:8081 in_progress parent-flow (satisfied (Path is satisfied), viable, interface: en0[802.11])] received child report: [C79.1 localhost:8081 waiting path (satisfied (Path is satisfied), viable, interface: en0[802.11])]
2023-02-02 12:34:22.310 Df SwiperFlatListExample[39825:275574] [com.apple.network:connection] [C79.1 localhost:8081 waiting path (satisfied (Path is satisfied), viable, interface: en0[802.11])] event: path:satisfied @0.000s, uuid: 41F1E600-2404-4708-B61B-DCFD85B10F79
2023-02-02 12:34:22.310 Db SwiperFlatListExample[39825:275574] [com.apple.network:] nw_endpoint_proxy_handler_should_use_proxy Looking up proxy for hostname: localhost, ifindex: 0
2023-02-02 12:34:22.310 Db SwiperFlatListExample[39825:275574] [com.apple.SystemConfiguration:SCPreferences] create <SCPreferences 0x143b72c90 [0x1ba9afc60]> {name = SCDynamicStoreCopyProxiesWithOptions, id = /Library/Managed Preferences/mobile/com.apple.SystemConfiguration.plist, path = /Library/Managed Preferences/mobile/com.apple.SystemConfiguration.plist}
2023-02-02 12:34:22.311 Db SwiperFlatListExample[39825:275574] [com.apple.SystemConfiguration:SCPreferences] SCPreferences() access: /Library/Managed Preferences/mobile/com.apple.SystemConfiguration.plist, size=0
2023-02-02 12:34:22.311 Db SwiperFlatListExample[39825:275574] [com.apple.SystemConfiguration:SCPreferences] release <SCPreferences 0x143b72c90 [0x1ba9afc60]> {name = SCDynamicStoreCopyProxiesWithOptions, id = /Library/Managed Preferences/mobile/com.apple.SystemConfiguration.plist, path = /Library/Managed Preferences/mobile/com.apple.SystemConfiguration.plist, accessed}
2023-02-02 12:34:22.311 Db SwiperFlatListExample[39825:275574] [com.apple.network:connection] -[NWConcrete_nw_endpoint_resolver startWithHandler:] [C79.1 localhost:8081 waiting resolver (satisfied (Path is satisfied), viable, interface: en0[802.11])]
2023-02-02 12:34:22.311 Db SwiperFlatListExample[39825:275574] [com.apple.network:connection] nw_endpoint_flow_receive_report [C79 localhost:8081 in_progress parent-flow (satisfied (Path is satisfied), viable, interface: en0[802.11])] received child report: [C79.1 localhost:8081 in_progress resolver (satisfied (Path is satisfied), viable, interface: en0[802.11])]
2023-02-02 12:34:22.311 Df SwiperFlatListExample[39825:275574] [com.apple.network:connection] [C79.1 localhost:8081 in_progress resolver (satisfied (Path is satisfied), viable, interface: en0[802.11])] event: resolver:start_dns @0.001s
2023-02-02 12:34:22.311 I  SwiperFlatListExample[39825:275574] [com.apple.network:connection] nw_resolver_create_dns_service_locked [C79.1] Starting host resolution localhost:8081, flags 0xc000d000 proto 0
2023-02-02 12:34:22.311 Df SwiperFlatListExample[39825:275574] (CFNetwork) Task <C2D2AF87-7DE6-405A-B255-1ACA96881144>.<3> setting up Connection 79
2023-02-02 12:34:22.311 Db SwiperFlatListExample[39825:275574] [com.apple.network:activity] Returning should log: 0 for activity cfnetwork:foreground_task
2023-02-02 12:34:22.311 Db SwiperFlatListExample[39825:275574] [com.apple.CFNetwork:ATS] Uploading ATS exception ATSAllowsLocalNetworking
2023-02-02 12:34:22.311 A  SwiperFlatListExample[39825:275573] (Security) SecTrustReportNetworkingAnalytics
2023-02-02 12:34:22.312 Db SwiperFlatListExample[39825:275574] [com.apple.CFNetwork:ATS] Uploading ATS exception ATSAllowsLocalNetworking
2023-02-02 12:34:22.312 I  SwiperFlatListExample[39825:275574] [com.apple.network:connection] nw_resolver_host_resolve_callback [C79.1] flags=0x40000003 ifindex=4294967295 error=NoError(0) hostname=localhost. addr=::1 ttl=1
2023-02-02 12:34:22.312 I  SwiperFlatListExample[39825:275574] [com.apple.network:connection] nw_resolver_host_resolve_callback [C79.1] flags=0x40000002 ifindex=4294967295 error=NoError(0) hostname=localhost. addr=127.0.0.1 ttl=1
2023-02-02 12:34:22.312 Db SwiperFlatListExample[39825:275574] [com.apple.network:] sa_dst_compare_rfc6724 Rule 6, prefer d2, d2 precedence 50 > d1 precedence 35
2023-02-02 12:34:22.312 Db SwiperFlatListExample[39825:275574] [com.apple.network:] sa_dst_compare_internal <private>@0 < <private>@0
2023-02-02 12:34:22.312 I  SwiperFlatListExample[39825:275574] [com.apple.network:connection] nw_resolver_create_prefer_connected_variant [C79.1] Prefer Connected: ::1.8081 is already the first endpoint
2023-02-02 12:34:22.312 Df SwiperFlatListExample[39825:275573] [com.apple.securityd:SecError] SecTrustReportNetworkingAnalytics failed with error: -4
2023-02-02 12:34:22.312 A  SwiperFlatListExample[39825:275573] (Security) SecTrustReportNetworkingAnalytics
2023-02-02 12:34:22.312 Df SwiperFlatListExample[39825:275574] (CFNetwork) Task <4F7C0671-839E-4634-BD95-B7CD6236B0E4>.<2> received response, status 200 content C
2023-02-02 12:34:22.312 Db SwiperFlatListExample[39825:275574] [com.apple.network:connection] nw_endpoint_resolver_update [C79.1 localhost:8081 in_progress resolver (satisfied (Path is satisfied), viable, interface: en0[802.11])] resolver is complete
2023-02-02 12:34:22.312 Df SwiperFlatListExample[39825:275574] [com.apple.network:connection] nw_endpoint_resolver_update [C79.1 localhost:8081 in_progress resolver (satisfied (Path is satisfied), viable, interface: en0[802.11])] Adding endpoint handler for ::1.8081
2023-02-02 12:34:22.312 Df SwiperFlatListExample[39825:275574] [com.apple.network:connection] nw_endpoint_resolver_update [C79.1 localhost:8081 in_progress resolver (satisfied (Path is satisfied), viable, interface: en0[802.11])] Adding endpoint handler for 127.0.0.1:8081
2023-02-02 12:34:22.312 Db SwiperFlatListExample[39825:275574] [com.apple.network:connection] nw_endpoint_resolver_update [C79.1 localhost:8081 in_progress resolver (satisfied (Path is satisfied), viable, interface: en0[802.11])] Updated endpoint list is (::1.8081,127.0.0.1:8081)
2023-02-02 12:34:22.312 Db SwiperFlatListExample[39825:275574] [com.apple.network:connection] nw_endpoint_flow_receive_report [C79 localhost:8081 in_progress parent-flow (satisfied (Path is satisfied), viable, interface: en0[802.11])] received child report: [C79.1 localhost:8081 in_progress resolver (satisfied (Path is satisfied), viable, interface: en0[802.11])]
2023-02-02 12:34:22.312 Df SwiperFlatListExample[39825:275574] [com.apple.network:connection] [C79.1 localhost:8081 in_progress resolver (satisfied (Path is satisfied), viable, interface: en0[802.11])] event: resolver:receive_dns @0.002s
2023-02-02 12:34:22.312 Df SwiperFlatListExample[39825:275573] [com.apple.securityd:SecError] SecTrustReportNetworkingAnalytics failed with error: -4
2023-02-02 12:34:22.312 Df SwiperFlatListExample[39825:275574] (CFNetwork) Task <4F7C0671-839E-4634-BD95-B7CD6236B0E4>.<2> response ended
2023-02-02 12:34:22.312 Df SwiperFlatListExample[39825:275574] (CFNetwork) Task <4F7C0671-839E-4634-BD95-B7CD6236B0E4>.<2> done using Connection 78
2023-02-02 12:34:22.312 Db SwiperFlatListExample[39825:275574] [com.apple.network:activity] Returning should log: 0 for activity cfnetwork:foreground_task
2023-02-02 12:34:22.312 Df SwiperFlatListExample[39825:275573] [com.apple.CFNetwork:Summary] Task <4F7C0671-839E-4634-BD95-B7CD6236B0E4>.<2> summary for task success {transaction_duration_ms=5, response_status=200, connection=78, reused=1, request_start_ms=0, request_duration_ms=0, response_start_ms=4, response_duration_ms=0, request_bytes=289, response_bytes=69910, cache_hit=false}
2023-02-02 12:34:22.312 I  SwiperFlatListExample[39825:275574] [com.apple.network:connection] nw_connection_create_with_id [C80] create connection to Hostname#99141057:8081
2023-02-02 12:34:22.312 Df SwiperFlatListExample[39825:275574] (CFNetwork) Connection 80: starting, TC(0x0)
2023-02-02 12:34:22.312 Df SwiperFlatListExample[39825:275573] (CFNetwork) Task <4F7C0671-839E-4634-BD95-B7CD6236B0E4>.<2> finished successfully
2023-02-02 12:34:22.312 Df SwiperFlatListExample[39825:275574] [com.apple.network:connection] [C80 4487B8A6-919B-4512-BFBA-B0A0AA6AB63E localhost:8081 tcp, url hash: 4022712c, definite, attribution: developer, context: com.apple.CFNetwork.NSURLSession.{4D74E705-7E6C-4090-9217-897FEA033CD2}{(null)}{Y}{2} (private), proc: 4B2D3039-C28E-3D3C-81E9-082DF9778677] start
2023-02-02 12:34:22.313 Db SwiperFlatListExample[39825:275573] [com.apple.network:activity] Returning should log: 0 for activity cfnetwork:foreground_task
2023-02-02 12:34:22.313 I  SwiperFlatListExample[39825:275574] [com.apple.network:connection] nw_endpoint_handler_start [C80 localhost:8081 initial parent-flow ((null))]
2023-02-02 12:34:22.313 Db SwiperFlatListExample[39825:275573] [com.apple.network:activity] No threshold for cfnetwork:foreground_task, returning NW_ACTIVITY_DURATION_INVALID
2023-02-02 12:34:22.313 Db SwiperFlatListExample[39825:2756ae] [com.apple.CoreAnalytics.event:send] com.apple.ImageIO.CGImageSourceCreateWithData {"bundleID":"org.reactjs.native.example.SwiperFlatListExample","eventName":"com.apple.ImageIO.CGImageSourceCreateWithData","fileFormat":"public.jpeg"}
2023-02-02 12:34:22.313 Db SwiperFlatListExample[39825:275573] [com.apple.network:activity] No threshold for activity <nw_activity 12:2[A3C0696D-4DEB-4E91-B974-BF149A74112F] (reporting strategy default) complete (reason success)>
2023-02-02 12:34:22.313 Db SwiperFlatListExample[39825:2756ae] [com.apple.CoreAnalytics.event:send] com.apple.ImageIO.CGImageSourceCopyPropertiesAtIndex {"bundleID":"org.reactjs.native.example.SwiperFlatListExample","eventName":"com.apple.ImageIO.CGImageSourceCopyPropertiesAtIndex","fileFormat":"public.jpeg","index":0}
2023-02-02 12:34:22.313 Db SwiperFlatListExample[39825:2756ae] (AppleJPEG) [0x14333d600] Created session
2023-02-02 12:34:22.313 Df SwiperFlatListExample[39825:275574] [com.apple.network:connection] [C80 localhost:8081 initial parent-flow ((null))] event: path:start @0.000s
2023-02-02 12:34:22.313 Db SwiperFlatListExample[39825:2756ae] [com.apple.CoreAnalytics.event:send] com.apple.ImageIO.CGImageSourceCreateThumbnailAtIndex {"bundleID":"org.reactjs.native.example.SwiperFlatListExample","eventName":"com.apple.ImageIO.CGImageSourceCreateThumbnailAtIndex","fileFormat":"public.jpeg","index":0}
2023-02-02 12:34:22.313 Db SwiperFlatListExample[39825:275574] [com.apple.network:connection] nw_endpoint_handler_path_change [C80 localhost:8081 waiting parent-flow (satisfied (Path is satisfied), viable, interface: en0[802.11])]
2023-02-02 12:34:22.313 Db SwiperFlatListExample[39825:2756ae] (AppleJPEG) [0x1442c5200] Created session
2023-02-02 12:34:22.313 Df SwiperFlatListExample[39825:275574] [com.apple.network:connection] [C80 localhost:8081 waiting parent-flow (satisfied (Path is satisfied), viable, interface: en0[802.11])] event: path:satisfied @0.000s, uuid: 41F1E600-2404-4708-B61B-DCFD85B10F79
2023-02-02 12:34:22.313 I  SwiperFlatListExample[39825:275574] [com.apple.network:connection] nw_connection_endpoint_report_on_nw_queue_block_invoke [C80 localhost:8081 waiting parent-flow (satisfied (Path is satisfied), viable, interface: en0[802.11])] skipping state update
2023-02-02 12:34:22.313 Db SwiperFlatListExample[39825:275574] [com.apple.network:] nw_endpoint_proxy_handler_should_use_proxy Looking up proxy for hostname: localhost, ifindex: 0
2023-02-02 12:34:22.313 Db SwiperFlatListExample[39825:275574] [com.apple.SystemConfiguration:SCPreferences] create <SCPreferences 0x143a14d60 [0x1ba9afc60]> {name = SCDynamicStoreCopyProxiesWithOptions, id = /Library/Managed Preferences/mobile/com.apple.SystemConfiguration.plist, path = /Library/Managed Preferences/mobile/com.apple.SystemConfiguration.plist}
2023-02-02 12:34:22.313 Db SwiperFlatListExample[39825:275574] [com.apple.SystemConfiguration:SCPreferences] SCPreferences() access: /Library/Managed Preferences/mobile/com.apple.SystemConfiguration.plist, size=0
2023-02-02 12:34:22.313 Db SwiperFlatListExample[39825:275574] [com.apple.SystemConfiguration:SCPreferences] release <SCPreferences 0x143a14d60 [0x1ba9afc60]> {name = SCDynamicStoreCopyProxiesWithOptions, id = /Library/Managed Preferences/mobile/com.apple.SystemConfiguration.plist, path = /Library/Managed Preferences/mobile/com.apple.SystemConfiguration.plist, accessed}
2023-02-02 12:34:22.313 Db SwiperFlatListExample[39825:2756ae] [com.apple.CoreAnalytics.event:send] com.apple.ImageIO.CGCopyImageBlockSetWithOptions {"bundleID":"org.reactjs.native.example.SwiperFlatListExample","eventName":"com.apple.ImageIO.CGCopyImageBlockSetWithOptions","fileFormat":"public.jpeg"}
2023-02-02 12:34:22.313 Db SwiperFlatListExample[39825:275574] [com.apple.network:connection] nw_endpoint_flow_attach_protocols [C80 localhost:8081 in_progress parent-flow (satisfied (Path is satisfied), viable, interface: en0[802.11])]
2023-02-02 12:34:22.313 Db SwiperFlatListExample[39825:2756ae] (AppleJPEG) [0x144429800] Created session
2023-02-02 12:34:22.313 Db SwiperFlatListExample[39825:275574] [com.apple.network:connection] nw_endpoint_flow_attach_protocols [C80 localhost:8081 in_progress parent-flow (satisfied (Path is satisfied), viable, interface: en0[802.11])] stopping after adding persistent application protocols
2023-02-02 12:34:22.313 Db SwiperFlatListExample[39825:2756ae] (AppleJPEG) [0x0] Releasing session
2023-02-02 12:34:22.314 Db SwiperFlatListExample[39825:2756ae] (AppleJPEG) [0x144429800] Decoding: C0 0x026C026C 0x00003048 0x22111100 0x00000000 69604
2023-02-02 12:34:22.313 Df SwiperFlatListExample[39825:275574] [com.apple.network:connection] [C80 localhost:8081 in_progress parent-flow (satisfied (Path is satisfied), viable, interface: en0[802.11])] event: flow:start_child @0.000s
2023-02-02 12:34:22.314 Db SwiperFlatListExample[39825:2756ae] (AppleJPEG) [0x144429800] Options: 1x-1 [FFFFFFFF,FFFFFFFF] 00054060
2023-02-02 12:34:22.314 Df SwiperFlatListExample[39825:275574] [com.apple.network:connection] nw_connection_report_state_with_handler_on_nw_queue [C80] reporting state preparing
2023-02-02 12:34:22.314 I  SwiperFlatListExample[39825:275574] [com.apple.network:connection] nw_endpoint_handler_start [C80.1 localhost:8081 initial path ((null))]
2023-02-02 12:34:22.314 Db SwiperFlatListExample[39825:275574] [com.apple.network:connection] nw_endpoint_flow_receive_report [C80 localhost:8081 in_progress parent-flow (satisfied (Path is satisfied), viable, interface: en0[802.11])] received child report: [C80.1 localhost:8081 initial path ((null))]
2023-02-02 12:34:22.314 Df SwiperFlatListExample[39825:275574] [com.apple.network:connection] [C80.1 localhost:8081 initial path ((null))] event: path:start @0.001s
2023-02-02 12:34:22.314 Db SwiperFlatListExample[39825:275574] [com.apple.network:connection] nw_endpoint_handler_path_change [C80.1 localhost:8081 waiting path (satisfied (Path is satisfied), viable, interface: en0[802.11])]
2023-02-02 12:34:22.314 Db SwiperFlatListExample[39825:275574] [com.apple.network:connection] nw_endpoint_flow_receive_report [C80 localhost:8081 in_progress parent-flow (satisfied (Path is satisfied), viable, interface: en0[802.11])] received child report: [C80.1 localhost:8081 waiting path (satisfied (Path is satisfied), viable, interface: en0[802.11])]
2023-02-02 12:34:22.314 Df SwiperFlatListExample[39825:275574] [com.apple.network:connection] [C80.1 localhost:8081 waiting path (satisfied (Path is satisfied), viable, interface: en0[802.11])] event: path:satisfied @0.001s, uuid: 41F1E600-2404-4708-B61B-DCFD85B10F79
2023-02-02 12:34:22.314 Db SwiperFlatListExample[39825:275574] [com.apple.network:] nw_endpoint_proxy_handler_should_use_proxy Looking up proxy for hostname: localhost, ifindex: 0
2023-02-02 12:34:22.314 Db SwiperFlatListExample[39825:275574] [com.apple.SystemConfiguration:SCPreferences] create <SCPreferences 0x142ddd290 [0x1ba9afc60]> {name = SCDynamicStoreCopyProxiesWithOptions, id = /Library/Managed Preferences/mobile/com.apple.SystemConfiguration.plist, path = /Library/Managed Preferences/mobile/com.apple.SystemConfiguration.plist}
2023-02-02 12:34:22.314 Db SwiperFlatListExample[39825:275574] [com.apple.SystemConfiguration:SCPreferences] SCPreferences() access: /Library/Managed Preferences/mobile/com.apple.SystemConfiguration.plist, size=0
2023-02-02 12:34:22.314 Db SwiperFlatListExample[39825:275574] [com.apple.SystemConfiguration:SCPreferences] release <SCPreferences 0x142ddd290 [0x1ba9afc60]> {name = SCDynamicStoreCopyProxiesWithOptions, id = /Library/Managed Preferences/mobile/com.apple.SystemConfiguration.plist, path = /Library/Managed Preferences/mobile/com.apple.SystemConfiguration.plist, accessed}
2023-02-02 12:34:22.314 Db SwiperFlatListExample[39825:275574] [com.apple.network:connection] -[NWConcrete_nw_endpoint_resolver startWithHandler:] [C80.1 localhost:8081 waiting resolver (satisfied (Path is satisfied), viable, interface: en0[802.11])]
2023-02-02 12:34:22.314 Db SwiperFlatListExample[39825:275574] [com.apple.network:connection] nw_endpoint_flow_receive_report [C80 localhost:8081 in_progress parent-flow (satisfied (Path is satisfied), viable, interface: en0[802.11])] received child report: [C80.1 localhost:8081 in_progress resolver (satisfied (Path is satisfied), viable, interface: en0[802.11])]
2023-02-02 12:34:22.314 Df SwiperFlatListExample[39825:275574] [com.apple.network:connection] [C80.1 localhost:8081 in_progress resolver (satisfied (Path is satisfied), viable, interface: en0[802.11])] event: resolver:start_dns @0.001s
2023-02-02 12:34:22.315 Db SwiperFlatListExample[39825:2756ae] (AppleJPEG) [0x144429800] Decoding completed without errors
2023-02-02 12:34:22.315 I  SwiperFlatListExample[39825:275574] [com.apple.network:connection] nw_resolver_create_dns_service_locked [C80.1] Starting host resolution localhost:8081, flags 0xc000d000 proto 0
2023-02-02 12:34:22.315 Df SwiperFlatListExample[39825:275574] (CFNetwork) Task <0B6AE1F3-927D-49F6-99C5-9D0F4A821A74>.<4> setting up Connection 80
2023-02-02 12:34:22.315 Db SwiperFlatListExample[39825:275574] [com.apple.network:activity] Returning should log: 0 for activity cfnetwork:foreground_task
2023-02-02 12:34:22.315 Db SwiperFlatListExample[39825:2756ae] (AppleJPEG) [0x144429800] Releasing session
2023-02-02 12:34:22.315 I  SwiperFlatListExample[39825:275574] [com.apple.network:connection] nw_connection_create_with_id [C81] create connection to Hostname#99141057:8081
2023-02-02 12:34:22.315 Db SwiperFlatListExample[39825:2756ae] (AppleJPEG) [0x1442c5200] Decoding: C0 0x026C026C 0x0000304A 0x22111100 0x00000000 69604
2023-02-02 12:34:22.315 Df SwiperFlatListExample[39825:275574] (CFNetwork) Connection 81: starting, TC(0x0)
2023-02-02 12:34:22.315 Db SwiperFlatListExample[39825:2756ae] (AppleJPEG) [0x1442c5200] Options: 620x620 [FFFFFFFF,FFFFFFFF] 0001D060
2023-02-02 12:34:22.315 Df SwiperFlatListExample[39825:275574] [com.apple.network:connection] [C81 27A31A49-4698-4F30-AC4B-F3B173137D7F localhost:8081 tcp, url hash: 0dd62887, definite, attribution: developer, context: com.apple.CFNetwork.NSURLSession.{4D74E705-7E6C-4090-9217-897FEA033CD2}{(null)}{Y}{2} (private), proc: 4B2D3039-C28E-3D3C-81E9-082DF9778677] start
2023-02-02 12:34:22.315 I  SwiperFlatListExample[39825:275574] [com.apple.network:connection] nw_endpoint_handler_start [C81 localhost:8081 initial parent-flow ((null))]
2023-02-02 12:34:22.315 Df SwiperFlatListExample[39825:275574] [com.apple.network:connection] [C81 localhost:8081 initial parent-flow ((null))] event: path:start @0.000s
2023-02-02 12:34:22.315 Db SwiperFlatListExample[39825:275574] [com.apple.network:connection] nw_endpoint_handler_path_change [C81 localhost:8081 waiting parent-flow (satisfied (Path is satisfied), viable, interface: en0[802.11])]
2023-02-02 12:34:22.315 Df SwiperFlatListExample[39825:275574] [com.apple.network:connection] [C81 localhost:8081 waiting parent-flow (satisfied (Path is satisfied), viable, interface: en0[802.11])] event: path:satisfied @0.000s, uuid: 41F1E600-2404-4708-B61B-DCFD85B10F79
2023-02-02 12:34:22.315 I  SwiperFlatListExample[39825:275574] [com.apple.network:connection] nw_connection_endpoint_report_on_nw_queue_block_invoke [C81 localhost:8081 waiting parent-flow (satisfied (Path is satisfied), viable, interface: en0[802.11])] skipping state update
2023-02-02 12:34:22.315 Db SwiperFlatListExample[39825:275574] [com.apple.network:] nw_endpoint_proxy_handler_should_use_proxy Looking up proxy for hostname: localhost, ifindex: 0
2023-02-02 12:34:22.315 Db SwiperFlatListExample[39825:275574] [com.apple.SystemConfiguration:SCPreferences] create <SCPreferences 0x142d4a9d0 [0x1ba9afc60]> {name = SCDynamicStoreCopyProxiesWithOptions, id = /Library/Managed Preferences/mobile/com.apple.SystemConfiguration.plist, path = /Library/Managed Preferences/mobile/com.apple.SystemConfiguration.plist}
2023-02-02 12:34:22.315 Db SwiperFlatListExample[39825:275574] [com.apple.SystemConfiguration:SCPreferences] SCPreferences() access: /Library/Managed Preferences/mobile/com.apple.SystemConfiguration.plist, size=0
2023-02-02 12:34:22.315 Db SwiperFlatListExample[39825:275574] [com.apple.SystemConfiguration:SCPreferences] release <SCPreferences 0x142d4a9d0 [0x1ba9afc60]> {name = SCDynamicStoreCopyProxiesWithOptions, id = /Library/Managed Preferences/mobile/com.apple.SystemConfiguration.plist, path = /Library/Managed Preferences/mobile/com.apple.SystemConfiguration.plist, accessed}
2023-02-02 12:34:22.315 Db SwiperFlatListExample[39825:275574] [com.apple.network:connection] nw_endpoint_flow_attach_protocols [C81 localhost:8081 in_progress parent-flow (satisfied (Path is satisfied), viable, interface: en0[802.11])]
2023-02-02 12:34:22.315 Db SwiperFlatListExample[39825:275574] [com.apple.network:connection] nw_endpoint_flow_attach_protocols [C81 localhost:8081 in_progress parent-flow (satisfied (Path is satisfied), viable, interface: en0[802.11])] stopping after adding persistent application protocols
2023-02-02 12:34:22.315 Df SwiperFlatListExample[39825:275574] [com.apple.network:connection] [C81 localhost:8081 in_progress parent-flow (satisfied (Path is satisfied), viable, interface: en0[802.11])] event: flow:start_child @0.000s
2023-02-02 12:34:22.315 Df SwiperFlatListExample[39825:275574] [com.apple.network:connection] nw_connection_report_state_with_handler_on_nw_queue [C81] reporting state preparing
2023-02-02 12:34:22.315 I  SwiperFlatListExample[39825:275574] [com.apple.network:connection] nw_endpoint_handler_start [C81.1 localhost:8081 initial path ((null))]
2023-02-02 12:34:22.315 Db SwiperFlatListExample[39825:275574] [com.apple.network:connection] nw_endpoint_flow_receive_report [C81 localhost:8081 in_progress parent-flow (satisfied (Path is satisfied), viable, interface: en0[802.11])] received child report: [C81.1 localhost:8081 initial path ((null))]
2023-02-02 12:34:22.316 Df SwiperFlatListExample[39825:275574] [com.apple.network:connection] [C81.1 localhost:8081 initial path ((null))] event: path:start @0.000s
2023-02-02 12:34:22.316 Db SwiperFlatListExample[39825:275574] [com.apple.network:connection] nw_endpoint_handler_path_change [C81.1 localhost:8081 waiting path (satisfied (Path is satisfied), viable, interface: en0[802.11])]
2023-02-02 12:34:22.316 Db SwiperFlatListExample[39825:275574] [com.apple.network:connection] nw_endpoint_flow_receive_report [C81 localhost:8081 in_progress parent-flow (satisfied (Path is satisfied), viable, interface: en0[802.11])] received child report: [C81.1 localhost:8081 waiting path (satisfied (Path is satisfied), viable, interface: en0[802.11])]
2023-02-02 12:34:22.316 Df SwiperFlatListExample[39825:275574] [com.apple.network:connection] [C81.1 localhost:8081 waiting path (satisfied (Path is satisfied), viable, interface: en0[802.11])] event: path:satisfied @0.000s, uuid: 41F1E600-2404-4708-B61B-DCFD85B10F79
2023-02-02 12:34:22.316 Db SwiperFlatListExample[39825:275574] [com.apple.network:] nw_endpoint_proxy_handler_should_use_proxy Looking up proxy for hostname: localhost, ifindex: 0
2023-02-02 12:34:22.316 Db SwiperFlatListExample[39825:275574] [com.apple.SystemConfiguration:SCPreferences] create <SCPreferences 0x142d2c9c0 [0x1ba9afc60]> {name = SCDynamicStoreCopyProxiesWithOptions, id = /Library/Managed Preferences/mobile/com.apple.SystemConfiguration.plist, path = /Library/Managed Preferences/mobile/com.apple.SystemConfiguration.plist}
2023-02-02 12:34:22.316 Db SwiperFlatListExample[39825:275574] [com.apple.SystemConfiguration:SCPreferences] SCPreferences() access: /Library/Managed Preferences/mobile/com.apple.SystemConfiguration.plist, size=0
2023-02-02 12:34:22.316 Db SwiperFlatListExample[39825:275574] [com.apple.SystemConfiguration:SCPreferences] release <SCPreferences 0x142d2c9c0 [0x1ba9afc60]> {name = SCDynamicStoreCopyProxiesWithOptions, id = /Library/Managed Preferences/mobile/com.apple.SystemConfiguration.plist, path = /Library/Managed Preferences/mobile/com.apple.SystemConfiguration.plist, accessed}
2023-02-02 12:34:22.316 Db SwiperFlatListExample[39825:275574] [com.apple.network:connection] -[NWConcrete_nw_endpoint_resolver startWithHandler:] [C81.1 localhost:8081 waiting resolver (satisfied (Path is satisfied), viable, interface: en0[802.11])]
2023-02-02 12:34:22.316 Db SwiperFlatListExample[39825:275574] [com.apple.network:connection] nw_endpoint_flow_receive_report [C81 localhost:8081 in_progress parent-flow (satisfied (Path is satisfied), viable, interface: en0[802.11])] received child report: [C81.1 localhost:8081 in_progress resolver (satisfied (Path is satisfied), viable, interface: en0[802.11])]
2023-02-02 12:34:22.316 Df SwiperFlatListExample[39825:275574] [com.apple.network:connection] [C81.1 localhost:8081 in_progress resolver (satisfied (Path is satisfied), viable, interface: en0[802.11])] event: resolver:start_dns @0.000s
2023-02-02 12:34:22.317 I  SwiperFlatListExample[39825:275574] [com.apple.network:connection] nw_resolver_create_dns_service_locked [C81.1] Starting host resolution localhost:8081, flags 0xc000d000 proto 0
2023-02-02 12:34:22.317 Df SwiperFlatListExample[39825:275574] (CFNetwork) Task <EF3D1CDA-4E80-4499-A358-0F02DD1A1D34>.<5> setting up Connection 81
2023-02-02 12:34:22.317 Db SwiperFlatListExample[39825:275574] [com.apple.network:activity] Returning should log: 0 for activity cfnetwork:foreground_task
2023-02-02 12:34:22.317 I  SwiperFlatListExample[39825:275574] [com.apple.network:connection] nw_endpoint_resolver_start_next_child [C79.1 localhost:8081 in_progress resolver (satisfied (Path is satisfied), viable, interface: en0[802.11])] starting child endpoint ::1.8081
2023-02-02 12:34:22.317 I  SwiperFlatListExample[39825:275574] [com.apple.network:connection] nw_endpoint_handler_start [C79.1.1 ::1.8081 initial path ((null))]
2023-02-02 12:34:22.317 Db SwiperFlatListExample[39825:275574] [com.apple.network:connection] nw_endpoint_resolver_receive_report [C79.1 localhost:8081 in_progress resolver (satisfied (Path is satisfied), viable, interface: en0[802.11])] received child report: [C79.1.1 ::1.8081 initial path ((null))]
2023-02-02 12:34:22.317 Db SwiperFlatListExample[39825:2756ae] (AppleJPEG) [0x1442c5200] Decoding completed without errors
2023-02-02 12:34:22.317 Db SwiperFlatListExample[39825:275574] [com.apple.network:connection] nw_endpoint_flow_receive_report [C79 localhost:8081 in_progress parent-flow (satisfied (Path is satisfied), viable, interface: en0[802.11])] received child report: [C79.1.1 ::1.8081 initial path ((null))]
2023-02-02 12:34:22.317 Df SwiperFlatListExample[39825:275574] [com.apple.network:connection] [C79.1.1 ::1.8081 initial path ((null))] event: path:start @0.007s
2023-02-02 12:34:22.317 Db SwiperFlatListExample[39825:275574] [com.apple.network:connection] nw_endpoint_handler_path_change [C79.1.1 ::1.8081 waiting path (satisfied (Path is satisfied), interface: lo0)]
2023-02-02 12:34:22.317 Db SwiperFlatListExample[39825:275574] [com.apple.network:connection] nw_endpoint_resolver_receive_report [C79.1 localhost:8081 in_progress resolver (satisfied (Path is satisfied), viable, interface: en0[802.11])] received child report: [C79.1.1 ::1.8081 waiting path (satisfied (Path is satisfied), interface: lo0)]
2023-02-02 12:34:22.317 Db SwiperFlatListExample[39825:275574] [com.apple.network:connection] nw_endpoint_flow_receive_report [C79 localhost:8081 in_progress parent-flow (satisfied (Path is satisfied), viable, interface: en0[802.11])] received child report: [C79.1.1 ::1.8081 waiting path (satisfied (Path is satisfied), interface: lo0)]
2023-02-02 12:34:22.317 Df SwiperFlatListExample[39825:275574] [com.apple.network:connection] [C79.1.1 ::1.8081 waiting path (satisfied (Path is satisfied), interface: lo0)] event: path:satisfied @0.007s, uuid: 8410EBF8-7977-4976-8BBC-E1D8712F5C50
2023-02-02 12:34:22.317 Db SwiperFlatListExample[39825:275574] [com.apple.network:] nw_endpoint_proxy_handler_should_use_proxy Looking up proxy for hostname: <nil>, ifindex: 0
2023-02-02 12:34:22.317 Db SwiperFlatListExample[39825:275574] [com.apple.SystemConfiguration:SCPreferences] create <SCPreferences 0x143a14d60 [0x1ba9afc60]> {name = SCDynamicStoreCopyProxiesWithOptions, id = /Library/Managed Preferences/mobile/com.apple.SystemConfiguration.plist, path = /Library/Managed Preferences/mobile/com.apple.SystemConfiguration.plist}
2023-02-02 12:34:22.317 Db SwiperFlatListExample[39825:275574] [com.apple.SystemConfiguration:SCPreferences] SCPreferences() access: /Library/Managed Preferences/mobile/com.apple.SystemConfiguration.plist, size=0
2023-02-02 12:34:22.317 Db SwiperFlatListExample[39825:275574] [com.apple.SystemConfiguration:SCPreferences] release <SCPreferences 0x143a14d60 [0x1ba9afc60]> {name = SCDynamicStoreCopyProxiesWithOptions, id = /Library/Managed Preferences/mobile/com.apple.SystemConfiguration.plist, path = /Library/Managed Preferences/mobile/com.apple.SystemConfiguration.plist, accessed}
2023-02-02 12:34:22.317 Db SwiperFlatListExample[39825:2756ae] (AppleJPEG) [0x1442c5200] Releasing session
2023-02-02 12:34:22.317 Db SwiperFlatListExample[39825:2756ae] (AppleJPEG) [0x14333d600] Releasing session
2023-02-02 12:34:22.317 I  SwiperFlatListExample[39825:275574] [com.apple.network:connection] nw_endpoint_flow_setup_protocols [C79.1.1 ::1.8081 in_progress socket-flow (satisfied (Path is satisfied), interface: lo0)] setup flow id ED6D3183-4938-4A42-BC66-67A7944C29DE
2023-02-02 12:34:22.317 Db SwiperFlatListExample[39825:275574] [com.apple.network:connection] nw_endpoint_flow_attach_protocols [C79.1.1 ::1.8081 in_progress socket-flow (satisfied (Path is satisfied), interface: lo0)]
2023-02-02 12:34:22.317 Db SwiperFlatListExample[39825:275574] [com.apple.network:connection] nw_endpoint_flow_attach_protocols_block_invoke [C79.1.1 ::1.8081 in_progress socket-flow (satisfied (Path is satisfied), interface: lo0)] Attached application protocol: CFNetworkConnection-3911579353
2023-02-02 12:34:22.318 Db SwiperFlatListExample[39825:275574] [com.apple.network:] nw_fd_wrapper_create Created <fd_wrapper 30, guarded: false>
2023-02-02 12:34:22.318 Db SwiperFlatListExample[39825:275574] [com.apple.network:connection] nw_endpoint_flow_attach_protocols [C79.1.1 ::1.8081 in_progress socket-flow (satisfied (Path is satisfied), interface: lo0)] Attached socket protocol
2023-02-02 12:34:22.318 Db SwiperFlatListExample[39825:275574] [com.apple.network:connection] nw_endpoint_flow_setup_protocols [C79.1.1 ::1.8081 in_progress socket-flow (satisfied (Path is satisfied), interface: lo0)] leaf flow starting
2023-02-02 12:34:22.318 Db SwiperFlatListExample[39825:275574] [com.apple.network:connection] nw_endpoint_resolver_receive_report [C79.1 localhost:8081 in_progress resolver (satisfied (Path is satisfied), viable, interface: en0[802.11])] received child report: [C79.1.1 ::1.8081 in_progress socket-flow (satisfied (Path is satisfied), interface: lo0)]
2023-02-02 12:34:22.318 Db SwiperFlatListExample[39825:275574] [com.apple.network:connection] nw_endpoint_flow_receive_report [C79 localhost:8081 in_progress parent-flow (satisfied (Path is satisfied), viable, interface: en0[802.11])] received child report: [C79.1.1 ::1.8081 in_progress socket-flow (satisfied (Path is satisfied), interface: lo0)]
2023-02-02 12:34:22.318 Df SwiperFlatListExample[39825:275574] [com.apple.network:connection] [C79.1.1 ::1.8081 in_progress socket-flow (satisfied (Path is satisfied), interface: lo0)] event: flow:start_connect @0.008s
2023-02-02 12:34:22.318 I  SwiperFlatListExample[39825:275574] [com.apple.network:connection] nw_endpoint_resolver_start_next_child [C79.1 localhost:8081 in_progress resolver (satisfied (Path is satisfied), viable, interface: en0[802.11])] starting next child endpoint in 2000ms
2023-02-02 12:34:22.318 Db SwiperFlatListExample[39825:275574] (CFNetwork) Connection 78: set is idle true
2023-02-02 12:34:22.318 Df SwiperFlatListExample[39825:275574] [com.apple.network:connection] [C78] event: client:connection_idle @0.035s
2023-02-02 12:34:22.318 I  SwiperFlatListExample[39825:275574] [com.apple.network:connection] nw_endpoint_handler_report_connection_idle [C78 ::1.8081 ready parent-flow (satisfied (Path is satisfied), viable, interface: en0[802.11])] Reporting connection idle to protocols
2023-02-02 12:34:22.318 I  SwiperFlatListExample[39825:275574] [com.apple.network:connection] nw_flow_passthrough_notify [C78.1.1 ::1.8081 ready socket-flow (satisfied (Path is satisfied), interface: lo0)] received notification connection_idle
2023-02-02 12:34:22.318 I  SwiperFlatListExample[39825:275574] [com.apple.network:connection] nw_resolver_host_resolve_callback [C80.1] flags=0x40000003 ifindex=4294967295 error=NoError(0) hostname=localhost. addr=::1 ttl=1
2023-02-02 12:34:22.318 I  SwiperFlatListExample[39825:275574] [com.apple.network:connection] nw_resolver_host_resolve_callback [C80.1] flags=0x40000002 ifindex=4294967295 error=NoError(0) hostname=localhost. addr=127.0.0.1 ttl=1
2023-02-02 12:34:22.318 Db SwiperFlatListExample[39825:275574] [com.apple.network:] sa_dst_compare_rfc6724 Rule 6, prefer d2, d2 precedence 50 > d1 precedence 35
2023-02-02 12:34:22.318 Db SwiperFlatListExample[39825:275574] [com.apple.network:] sa_dst_compare_internal <private>@0 < <private>@0
2023-02-02 12:34:22.318 I  SwiperFlatListExample[39825:275574] [com.apple.network:connection] nw_resolver_create_prefer_connected_variant [C80.1] Prefer Connected: ::1.8081 is already the first endpoint
2023-02-02 12:34:22.318 I  SwiperFlatListExample[39825:275574] [com.apple.network:connection] nw_resolver_host_resolve_callback [C81.1] flags=0x40000003 ifindex=4294967295 error=NoError(0) hostname=localhost. addr=::1 ttl=1
2023-02-02 12:34:22.318 I  SwiperFlatListExample[39825:275574] [com.apple.network:connection] nw_resolver_host_resolve_callback [C81.1] flags=0x40000002 ifindex=4294967295 error=NoError(0) hostname=localhost. addr=127.0.0.1 ttl=1
2023-02-02 12:34:22.318 Db SwiperFlatListExample[39825:275574] [com.apple.network:] sa_dst_compare_rfc6724 Rule 6, prefer d2, d2 precedence 50 > d1 precedence 35
2023-02-02 12:34:22.318 Db SwiperFlatListExample[39825:275574] [com.apple.network:] sa_dst_compare_internal <private>@0 < <private>@0
2023-02-02 12:34:22.318 I  SwiperFlatListExample[39825:275574] [com.apple.network:connection] nw_resolver_create_prefer_connected_variant [C81.1] Prefer Connected: ::1.8081 is already the first endpoint
2023-02-02 12:34:22.318 Db SwiperFlatListExample[39825:275574] [com.apple.network:connection] nw_endpoint_resolver_update [C80.1 localhost:8081 in_progress resolver (satisfied (Path is satisfied), viable, interface: en0[802.11])] resolver is complete
2023-02-02 12:34:22.318 Df SwiperFlatListExample[39825:275574] [com.apple.network:connection] nw_endpoint_resolver_update [C80.1 localhost:8081 in_progress resolver (satisfied (Path is satisfied), viable, interface: en0[802.11])] Adding endpoint handler for ::1.8081
2023-02-02 12:34:22.318 Df SwiperFlatListExample[39825:275574] [com.apple.network:connection] nw_endpoint_resolver_update [C80.1 localhost:8081 in_progress resolver (satisfied (Path is satisfied), viable, interface: en0[802.11])] Adding endpoint handler for 127.0.0.1:8081
2023-02-02 12:34:22.318 Db SwiperFlatListExample[39825:275574] [com.apple.network:connection] nw_endpoint_resolver_update [C80.1 localhost:8081 in_progress resolver (satisfied (Path is satisfied), viable, interface: en0[802.11])] Updated endpoint list is (::1.8081,127.0.0.1:8081)
2023-02-02 12:34:22.318 Db SwiperFlatListExample[39825:275574] [com.apple.network:connection] nw_endpoint_flow_receive_report [C80 localhost:8081 in_progress parent-flow (satisfied (Path is satisfied), viable, interface: en0[802.11])] received child report: [C80.1 localhost:8081 in_progress resolver (satisfied (Path is satisfied), viable, interface: en0[802.11])]
2023-02-02 12:34:22.318 Df SwiperFlatListExample[39825:275574] [com.apple.network:connection] [C80.1 localhost:8081 in_progress resolver (satisfied (Path is satisfied), viable, interface: en0[802.11])] event: resolver:receive_dns @0.005s
2023-02-02 12:34:22.318 Db SwiperFlatListExample[39825:275574] [com.apple.network:connection] nw_endpoint_resolver_update [C81.1 localhost:8081 in_progress resolver (satisfied (Path is satisfied), viable, interface: en0[802.11])] resolver is complete
2023-02-02 12:34:22.318 Df SwiperFlatListExample[39825:275574] [com.apple.network:connection] nw_endpoint_resolver_update [C81.1 localhost:8081 in_progress resolver (satisfied (Path is satisfied), viable, interface: en0[802.11])] Adding endpoint handler for ::1.8081
2023-02-02 12:34:22.318 Df SwiperFlatListExample[39825:275574] [com.apple.network:connection] nw_endpoint_resolver_update [C81.1 localhost:8081 in_progress resolver (satisfied (Path is satisfied), viable, interface: en0[802.11])] Adding endpoint handler for 127.0.0.1:8081
2023-02-02 12:34:22.318 Db SwiperFlatListExample[39825:275574] [com.apple.network:connection] nw_endpoint_resolver_update [C81.1 localhost:8081 in_progress resolver (satisfied (Path is satisfied), viable, interface: en0[802.11])] Updated endpoint list is (::1.8081,127.0.0.1:8081)
2023-02-02 12:34:22.319 Db SwiperFlatListExample[39825:275574] [com.apple.network:connection] nw_endpoint_flow_receive_report [C81 localhost:8081 in_progress parent-flow (satisfied (Path is satisfied), viable, interface: en0[802.11])] received child report: [C81.1 localhost:8081 in_progress resolver (satisfied (Path is satisfied), viable, interface: en0[802.11])]
2023-02-02 12:34:22.319 Df SwiperFlatListExample[39825:275574] [com.apple.network:connection] [C81.1 localhost:8081 in_progress resolver (satisfied (Path is satisfied), viable, interface: en0[802.11])] event: resolver:receive_dns @0.003s
2023-02-02 12:34:22.319 I  SwiperFlatListExample[39825:275574] [com.apple.network:connection] nw_endpoint_resolver_start_next_child [C80.1 localhost:8081 in_progress resolver (satisfied (Path is satisfied), viable, interface: en0[802.11])] starting child endpoint ::1.8081
