2023-02-02 12:34:22.333 Df SwiperFlatListExample[39825:275574] (CFNetwork) Connection 80: connected successfully
2023-02-02 12:34:22.333 Df SwiperFlatListExample[39825:275574] (CFNetwork) Connection 80: ready C(N) E(N)
2023-02-02 12:34:22.333 Db SwiperFlatListExample[39825:275574] (CFNetwork) Task <0B6AE1F3-927D-49F6-99C5-9D0F4A821A74>.<4> done setting up Connection 80
2023-02-02 12:34:22.333 Db SwiperFlatListExample[39825:275574] [com.apple.network:activity] Returning should log: 0 for activity cfnetwork:foreground_task
2023-02-02 12:34:22.333 Df SwiperFlatListExample[39825:275574] (CFNetwork) Task <0B6AE1F3-927D-49F6-99C5-9D0F4A821A74>.<4> now using Connection 80
2023-02-02 12:34:22.333 Db SwiperFlatListExample[39825:275574] [com.apple.network:activity] Returning should log: 0 for activity cfnetwork:foreground_task
2023-02-02 12:34:22.333 Df SwiperFlatListExample[39825:275574] (CFNetwork) Connection 80: received viability advisory(Y)
2023-02-02 12:34:22.333 Db SwiperFlatListExample[39825:275574] [com.apple.network:connection] nw_endpoint_handler_add_write_request [C80 ::1.8081 ready parent-flow (satisfied (Path is satisfied), viable, interface: en0[802.11])] connected_child_handles_requests 0
2023-02-02 12:34:22.333 Df SwiperFlatListExample[39825:275574] (CFNetwork) Task <0B6AE1F3-927D-49F6-99C5-9D0F4A821A74>.<4> sent request, body N 0
2023-02-02 12:34:22.333 Df SwiperFlatListExample[39825:275574] (CFNetwork) Connection 81: connected successfully
2023-02-02 12:34:22.333 Df SwiperFlatListExample[39825:275574] (CFNetwork) Connection 81: ready C(N) E(N)
2023-02-02 12:34:22.333 Db SwiperFlatListExample[39825:275574] (CFNetwork) Task <EF3D1CDA-4E80-4499-A358-0F02DD1A1D34>.<5> done setting up Connection 81
2023-02-02 12:34:22.333 Db SwiperFlatListExample[39825:275574] [com.apple.network:activity] Returning should log: 0 for activity cfnetwork:foreground_task
2023-02-02 12:34:22.333 Df SwiperFlatListExample[39825:275574] (CFNetwork) Task <EF3D1CDA-4E80-4499-A358-0F02DD1A1D34>.<5> now using Connection 81
2023-02-02 12:34:22.333 Db SwiperFlatListExample[39825:275574] [com.apple.network:activity] Returning should log: 0 for activity cfnetwork:foreground_task
2023-02-02 12:34:22.333 Df SwiperFlatListExample[39825:275574] (CFNetwork) Connection 81: received viability advisory(Y)
2023-02-02 12:34:22.334 Db SwiperFlatListExample[39825:275574] [com.apple.network:connection] nw_endpoint_handler_add_write_request [C81 ::1.8081 ready parent-flow (satisfied (Path is satisfied), viable, interface: en0[802.11])] connected_child_handles_requests 0
2023-02-02 12:34:22.334 Df SwiperFlatListExample[39825:275574] (CFNetwork) Task <EF3D1CDA-4E80-4499-A358-0F02DD1A1D34>.<5> sent request, body N 0
2023-02-02 12:34:22.335 Df SwiperFlatListExample[39825:275574] (CFNetwork) Task <C2D2AF87-7DE6-405A-B255-1ACA96881144>.<3> received response, status 200 content C
2023-02-02 12:34:22.335 Df SwiperFlatListExample[39825:275574] (CFNetwork) Task <C2D2AF87-7DE6-405A-B255-1ACA96881144>.<3> response ended
2023-02-02 12:34:22.335 Df SwiperFlatListExample[39825:275574] (CFNetwork) Task <C2D2AF87-7DE6-405A-B255-1ACA96881144>.<3> done using Connection 79
2023-02-02 12:34:22.335 Db SwiperFlatListExample[39825:275574] [com.apple.network:activity] Returning should log: 0 for activity cfnetwork:foreground_task
2023-02-02 12:34:22.335 Db SwiperFlatListExample[39825:275574] (CFNetwork) Connection 79: set is idle true
2023-02-02 12:34:22.335 Df SwiperFlatListExample[39825:275574] [com.apple.network:connection] [C79] event: client:connection_idle @0.025s
2023-02-02 12:34:22.335 Df SwiperFlatListExample[39825:2756ae] [com.apple.CFNetwork:Summary] Task <C2D2AF87-7DE6-405A-B255-1ACA96881144>.<3> summary for task success {transaction_duration_ms=26, response_status=200, connection=79, protocol="http/1.1", domain_lookup_duration_ms=1, connect_duration_ms=11, secure_connection_duration_ms=0, private_relay=false, request_start_ms=22, request_duration_ms=0, response_start_ms=26, response_duration_ms=0, request_bytes=292, response_bytes=38736, cache_hit=false}
2023-02-02 12:34:22.335 I  SwiperFlatListExample[39825:275574] [com.apple.network:connection] nw_endpoint_handler_report_connection_idle [C79 ::1.8081 ready parent-flow (satisfied (Path is satisfied), viable, interface: en0[802.11])] Reporting connection idle to protocols
2023-02-02 12:34:22.335 Df SwiperFlatListExample[39825:2756ae] (CFNetwork) Task <C2D2AF87-7DE6-405A-B255-1ACA96881144>.<3> finished successfully
2023-02-02 12:34:22.335 I  SwiperFlatListExample[39825:275574] [com.apple.network:connection] nw_flow_passthrough_notify [C79.1.1 ::1.8081 ready socket-flow (satisfied (Path is satisfied), interface: lo0)] received notification connection_idle
2023-02-02 12:34:22.335 Db SwiperFlatListExample[39825:2756ae] [com.apple.network:activity] Returning should log: 0 for activity cfnetwork:foreground_task
2023-02-02 12:34:22.335 Db SwiperFlatListExample[39825:2756ae] [com.apple.network:activity] No threshold for cfnetwork:foreground_task, returning NW_ACTIVITY_DURATION_INVALID
2023-02-02 12:34:22.335 Db SwiperFlatListExample[39825:2756ae] [com.apple.network:activity] No threshold for activity <nw_activity 12:2[68B2A9D0-43DD-4329-B526-8CE9F0CD3CBC] (reporting strategy default) complete (reason success)>
2023-02-02 12:34:22.335 Db SwiperFlatListExample[39825:275575] [com.apple.CoreAnalytics.event:send] com.apple.ImageIO.CGImageSourceCreateWithData {"bundleID":"org.reactjs.native.example.SwiperFlatListExample","eventName":"com.apple.ImageIO.CGImageSourceCreateWithData","fileFormat":"public.jpeg"}
2023-02-02 12:34:22.335 Db SwiperFlatListExample[39825:275575] [com.apple.CoreAnalytics.event:send] com.apple.ImageIO.CGImageSourceCopyPropertiesAtIndex {"bundleID":"org.reactjs.native.example.SwiperFlatListExample","eventName":"com.apple.ImageIO.CGImageSourceCopyPropertiesAtIndex","fileFormat":"public.jpeg","index":0}
2023-02-02 12:34:22.335 Db SwiperFlatListExample[39825:275575] (AppleJPEG) [0x145425c00] Created session
2023-02-02 12:34:22.336 Db SwiperFlatListExample[39825:275575] [com.apple.CoreAnalytics.event:send] com.apple.ImageIO.CGImageSourceCreateThumbnailAtIndex {"bundleID":"org.reactjs.native.example.SwiperFlatListExample","eventName":"com.apple.ImageIO.CGImageSourceCreateThumbnailAtIndex","fileFormat":"public.jpeg","index":0}
2023-02-02 12:34:22.336 Db SwiperFlatListExample[39825:275575] (AppleJPEG) [0x145429000] Created session
2023-02-02 12:34:22.336 Db SwiperFlatListExample[39825:275575] [com.apple.CoreAnalytics.event:send] com.apple.ImageIO.CGCopyImageBlockSetWithOptions {"bundleID":"org.reactjs.native.example.SwiperFlatListExample","eventName":"com.apple.ImageIO.CGCopyImageBlockSetWithOptions","fileFormat":"public.jpeg"}
2023-02-02 12:34:22.336 Df SwiperFlatListExample[39825:2756ae] (CFNetwork) Task <0B6AE1F3-927D-49F6-99C5-9D0F4A821A74>.<4> received response, status 200 content C
2023-02-02 12:34:22.336 Db SwiperFlatListExample[39825:275575] (AppleJPEG) [0x145429000] Decoding: C2 0x023001A4 0x00003842 0x22111100 0x00000000 38431
2023-02-02 12:34:22.336 Db SwiperFlatListExample[39825:275575] (AppleJPEG) [0x145429000] Options: 560x420 [FFFFFFFF,FFFFFFFF] 0001D060
2023-02-02 12:34:22.336 Df SwiperFlatListExample[39825:2756ae] (CFNetwork) Task <0B6AE1F3-927D-49F6-99C5-9D0F4A821A74>.<4> response ended
2023-02-02 12:34:22.336 Df SwiperFlatListExample[39825:2756ae] (CFNetwork) Task <0B6AE1F3-927D-49F6-99C5-9D0F4A821A74>.<4> done using Connection 80
2023-02-02 12:34:22.336 Db SwiperFlatListExample[39825:2756ae] [com.apple.network:activity] Returning should log: 0 for activity cfnetwork:foreground_task
2023-02-02 12:34:22.336 Db SwiperFlatListExample[39825:2756ae] (CFNetwork) Connection 80: set is idle true
2023-02-02 12:34:22.336 Df SwiperFlatListExample[39825:2756ae] [com.apple.network:connection] [C80] event: client:connection_idle @0.023s
2023-02-02 12:34:22.336 I  SwiperFlatListExample[39825:2756ae] [com.apple.network:connection] nw_endpoint_handler_report_connection_idle [C80 ::1.8081 ready parent-flow (satisfied (Path is satisfied), viable, interface: en0[802.11])] Reporting connection idle to protocols
2023-02-02 12:34:22.336 Df SwiperFlatListExample[39825:2756af] [com.apple.CFNetwork:Summary] Task <0B6AE1F3-927D-49F6-99C5-9D0F4A821A74>.<4> summary for task success {transaction_duration_ms=27, response_status=200, connection=80, protocol="http/1.1", domain_lookup_duration_ms=4, connect_duration_ms=9, secure_connection_duration_ms=0, private_relay=false, request_start_ms=24, request_duration_ms=0, response_start_ms=26, response_duration_ms=0, request_bytes=288, response_bytes=27944, cache_hit=false}
2023-02-02 12:34:22.336 Df SwiperFlatListExample[39825:2756af] (CFNetwork) Task <0B6AE1F3-927D-49F6-99C5-9D0F4A821A74>.<4> finished successfully
2023-02-02 12:34:22.336 Db SwiperFlatListExample[39825:2756af] [com.apple.network:activity] Returning should log: 0 for activity cfnetwork:foreground_task
2023-02-02 12:34:22.336 Db SwiperFlatListExample[39825:2756af] [com.apple.network:activity] No threshold for cfnetwork:foreground_task, returning NW_ACTIVITY_DURATION_INVALID
2023-02-02 12:34:22.336 Db SwiperFlatListExample[39825:2756af] [com.apple.network:activity] No threshold for activity <nw_activity 12:2[03864A78-7585-41EE-85E8-1F3699075C59] (reporting strategy default) complete (reason success)>
2023-02-02 12:34:22.336 I  SwiperFlatListExample[39825:2756ae] [com.apple.network:connection] nw_flow_passthrough_notify [C80.1.1 ::1.8081 ready socket-flow (satisfied (Path is satisfied), interface: lo0)] received notification connection_idle
2023-02-02 12:34:22.336 Db SwiperFlatListExample[39825:275574] [com.apple.CoreAnalytics.event:send] com.apple.ImageIO.CGImageSourceCreateWithData {"bundleID":"org.reactjs.native.example.SwiperFlatListExample","eventName":"com.apple.ImageIO.CGImageSourceCreateWithData","fileFormat":"public.jpeg"}
2023-02-02 12:34:22.336 Df SwiperFlatListExample[39825:2756ae] (CFNetwork) Task <EF3D1CDA-4E80-4499-A358-0F02DD1A1D34>.<5> received response, status 200 content C
2023-02-02 12:34:22.336 Db SwiperFlatListExample[39825:275574] [com.apple.CoreAnalytics.event:send] com.apple.ImageIO.CGImageSourceCopyPropertiesAtIndex {"bundleID":"org.reactjs.native.example.SwiperFlatListExample","eventName":"com.apple.ImageIO.CGImageSourceCopyPropertiesAtIndex","fileFormat":"public.jpeg","index":0}
2023-02-02 12:34:22.337 Db SwiperFlatListExample[39825:275574] (AppleJPEG) [0x14333d600] Created session
2023-02-02 12:34:22.337 Df SwiperFlatListExample[39825:2756ae] (CFNetwork) Task <EF3D1CDA-4E80-4499-A358-0F02DD1A1D34>.<5> response ended
2023-02-02 12:34:22.337 Df SwiperFlatListExample[39825:2756ae] (CFNetwork) Task <EF3D1CDA-4E80-4499-A358-0F02DD1A1D34>.<5> done using Connection 81
2023-02-02 12:34:22.337 Db SwiperFlatListExample[39825:2756ae] [com.apple.network:activity] Returning should log: 0 for activity cfnetwork:foreground_task
2023-02-02 12:34:22.337 Db SwiperFlatListExample[39825:2756ae] (CFNetwork) Connection 81: set is idle true
2023-02-02 12:34:22.337 Df SwiperFlatListExample[39825:2756ae] [com.apple.network:connection] [C81] event: client:connection_idle @0.021s
2023-02-02 12:34:22.337 I  SwiperFlatListExample[39825:2756ae] [com.apple.network:connection] nw_endpoint_handler_report_connection_idle [C81 ::1.8081 ready parent-flow (satisfied (Path is satisfied), viable, interface: en0[802.11])] Reporting connection idle to protocols
2023-02-02 12:34:22.337 I  SwiperFlatListExample[39825:2756ae] [com.apple.network:connection] nw_flow_passthrough_notify [C81.1.1 ::1.8081 ready socket-flow (satisfied (Path is satisfied), interface: lo0)] received notification connection_idle
2023-02-02 12:34:22.337 Df SwiperFlatListExample[39825:27556d] [com.apple.CFNetwork:Summary] Task <EF3D1CDA-4E80-4499-A358-0F02DD1A1D34>.<5> summary for task success {transaction_duration_ms=27, response_status=200, connection=81, protocol="http/1.1", domain_lookup_duration_ms=3, connect_duration_ms=8, secure_connection_duration_ms=0, private_relay=false, request_start_ms=23, request_duration_ms=0, response_start_ms=26, response_duration_ms=0, request_bytes=295, response_bytes=100941, cache_hit=false}
2023-02-02 12:34:22.337 Df SwiperFlatListExample[39825:27556d] (CFNetwork) Task <EF3D1CDA-4E80-4499-A358-0F02DD1A1D34>.<5> finished successfully
2023-02-02 12:34:22.337 Db SwiperFlatListExample[39825:27556d] [com.apple.network:activity] Returning should log: 0 for activity cfnetwork:foreground_task
2023-02-02 12:34:22.337 Db SwiperFlatListExample[39825:27556d] [com.apple.network:activity] No threshold for cfnetwork:foreground_task, returning NW_ACTIVITY_DURATION_INVALID
2023-02-02 12:34:22.337 Db SwiperFlatListExample[39825:2756ae] [com.apple.CoreAnalytics.event:send] com.apple.ImageIO.CGImageSourceCreateWithData {"bundleID":"org.reactjs.native.example.SwiperFlatListExample","eventName":"com.apple.ImageIO.CGImageSourceCreateWithData","fileFormat":"public.jpeg"}
2023-02-02 12:34:22.337 Db SwiperFlatListExample[39825:27556d] [com.apple.network:activity] No threshold for activity <nw_activity 12:2[5D0AE0EA-9E54-494D-B1D8-285F88623999] (reporting strategy default) complete (reason success)>
2023-02-02 12:34:22.337 Db SwiperFlatListExample[39825:2756ae] [com.apple.CoreAnalytics.event:send] com.apple.ImageIO.CGImageSourceCopyPropertiesAtIndex {"bundleID":"org.reactjs.native.example.SwiperFlatListExample","eventName":"com.apple.ImageIO.CGImageSourceCopyPropertiesAtIndex","fileFormat":"public.jpeg","index":0}
2023-02-02 12:34:22.338 Db SwiperFlatListExample[39825:275574] [com.apple.CoreAnalytics.event:send] com.apple.ImageIO.CGImageSourceCreateThumbnailAtIndex {"bundleID":"org.reactjs.native.example.SwiperFlatListExample","eventName":"com.apple.ImageIO.CGImageSourceCreateThumbnailAtIndex","fileFormat":"public.jpeg","index":0}
2023-02-02 12:34:22.338 Db SwiperFlatListExample[39825:2756ae] (AppleJPEG) [0x143341c00] Created session
2023-02-02 12:34:22.338 Db SwiperFlatListExample[39825:275574] (AppleJPEG) [0x145127000] Created session
2023-02-02 12:34:22.338 Db SwiperFlatListExample[39825:2756ae] [com.apple.CoreAnalytics.event:send] com.apple.ImageIO.CGImageSourceCreateThumbnailAtIndex {"bundleID":"org.reactjs.native.example.SwiperFlatListExample","eventName":"com.apple.ImageIO.CGImageSourceCreateThumbnailAtIndex","fileFormat":"public.jpeg","index":0}
2023-02-02 12:34:22.338 Db SwiperFlatListExample[39825:2756ae] (AppleJPEG) [0x143345000] Created session
2023-02-02 12:34:22.338 Db SwiperFlatListExample[39825:2756ae] [com.apple.CoreAnalytics.event:send] com.apple.ImageIO.CGCopyImageBlockSetWithOptions {"bundleID":"org.reactjs.native.example.SwiperFlatListExample","eventName":"com.apple.ImageIO.CGCopyImageBlockSetWithOptions","fileFormat":"public.jpeg"}
2023-02-02 12:34:22.338 Db SwiperFlatListExample[39825:275574] [com.apple.CoreAnalytics.event:send] com.apple.ImageIO.CGCopyImageBlockSetWithOptions {"bundleID":"org.reactjs.native.example.SwiperFlatListExample","eventName":"com.apple.ImageIO.CGCopyImageBlockSetWithOptions","fileFormat":"public.jpeg"}
2023-02-02 12:34:22.338 Db SwiperFlatListExample[39825:2756ae] (AppleJPEG) [0x14334b200] Created session
2023-02-02 12:34:22.338 Db SwiperFlatListExample[39825:2756ae] (AppleJPEG) [0x0] Releasing session
2023-02-02 12:34:22.338 Db SwiperFlatListExample[39825:275574] (AppleJPEG) [0x145afa400] Created session
2023-02-02 12:34:22.338 Db SwiperFlatListExample[39825:2756ae] (AppleJPEG) [0x14334b200] Decoding: C0 0x022D01A1 0x00003048 0x22111100 0x00000000 100635
2023-02-02 12:34:22.338 Db SwiperFlatListExample[39825:275574] (AppleJPEG) [0x0] Releasing session
2023-02-02 12:34:22.338 Db SwiperFlatListExample[39825:2756ae] (AppleJPEG) [0x14334b200] Options: 1x-1 [FFFFFFFF,FFFFFFFF] 00054060
2023-02-02 12:34:22.338 Db SwiperFlatListExample[39825:275574] (AppleJPEG) [0x145afa400] Decoding: C0 0x01C20152 0x00003048 0x22111100 0x00000000 27639
2023-02-02 12:34:22.338 Db SwiperFlatListExample[39825:275574] (AppleJPEG) [0x145afa400] Options: 1x-1 [FFFFFFFF,FFFFFFFF] 00054060
2023-02-02 12:34:22.338 Db SwiperFlatListExample[39825:275575] (AppleJPEG) [0x145429000] Decoding completed without errors
2023-02-02 12:34:22.338 Db SwiperFlatListExample[39825:275574] (AppleJPEG) [0x145afa400] Decoding completed without errors
2023-02-02 12:34:22.339 Db SwiperFlatListExample[39825:275575] (AppleJPEG) [0x145429000] Releasing session
2023-02-02 12:34:22.339 Db SwiperFlatListExample[39825:275575] (AppleJPEG) [0x145425c00] Releasing session
2023-02-02 12:34:22.339 Db SwiperFlatListExample[39825:275574] (AppleJPEG) [0x145afa400] Releasing session
2023-02-02 12:34:22.339 Db SwiperFlatListExample[39825:275574] (AppleJPEG) [0x145127000] Decoding: C0 0x01C20152 0x0000304A 0x22111100 0x00000000 27639
2023-02-02 12:34:22.339 Db SwiperFlatListExample[39825:275574] (AppleJPEG) [0x145127000] Options: 450x338 [FFFFFFFF,FFFFFFFF] 0001D060
2023-02-02 12:34:22.339 Db SwiperFlatListExample[39825:2756ae] (AppleJPEG) [0x14334b200] Decoding completed without errors
2023-02-02 12:34:22.340 Db SwiperFlatListExample[39825:275574] (AppleJPEG) [0x145127000] Decoding completed without errors
2023-02-02 12:34:22.340 Db SwiperFlatListExample[39825:2756ae] (AppleJPEG) [0x14334b200] Releasing session
2023-02-02 12:34:22.340 Db SwiperFlatListExample[39825:2756ae] (AppleJPEG) [0x143345000] Decoding: C0 0x022D01A1 0x0000304A 0x22111100 0x00000000 100635
2023-02-02 12:34:22.340 Db SwiperFlatListExample[39825:2756ae] (AppleJPEG) [0x143345000] Options: 557x417 [FFFFFFFF,FFFFFFFF] 0001D060
2023-02-02 12:34:22.340 Db SwiperFlatListExample[39825:275574] (AppleJPEG) [0x145127000] Releasing session
2023-02-02 12:34:22.340 Db SwiperFlatListExample[39825:275574] (AppleJPEG) [0x14333d600] Releasing session
2023-02-02 12:34:22.341 Db SwiperFlatListExample[39825:2756ae] (AppleJPEG) [0x143345000] Decoding completed without errors
2023-02-02 12:34:22.341 Db SwiperFlatListExample[39825:2756ae] (AppleJPEG) [0x143345000] Releasing session
2023-02-02 12:34:22.341 Db SwiperFlatListExample[39825:2756ae] (AppleJPEG) [0x143341c00] Releasing session
2023-02-02 12:34:22.379 Db SwiperFlatListExample[39825:274a36] [com.apple.defaults:User Defaults] looked up value 1 for key RCTI18nUtil_makeRTLFlipLeftAndRightStyles in CFPrefsPlistSource<0x600000eb4780> (Domain: org.reactjs.native.example.SwiperFlatListExample, User: kCFPreferencesCurrentUser, ByHost: No, Container: (null), Contents Need Refresh: No) via CFPrefsSearchListSource<0x600000eac080> (Domain: org.reactjs.native.example.SwiperFlatListExample, Container: (null))
2023-02-02 12:34:22.379 Db SwiperFlatListExample[39825:274a36] [com.apple.defaults:User Defaults] looked up value 1 for key RCTI18nUtil_makeRTLFlipLeftAndRightStyles in CFPrefsPlistSource<0x600000eb4780> (Domain: org.reactjs.native.example.SwiperFlatListExample, User: kCFPreferencesCurrentUser, ByHost: No, Container: (null), Contents Need Refresh: No) via CFPrefsSearchListSource<0x600000eac080> (Domain: org.reactjs.native.example.SwiperFlatListExample, Container: (null))
2023-02-02 12:34:22.379 Db SwiperFlatListExample[39825:274a36] [com.apple.defaults:User Defaults] looked up value 1 for key RCTI18nUtil_makeRTLFlipLeftAndRightStyles in CFPrefsPlistSource<0x600000eb4780> (Domain: org.reactjs.native.example.SwiperFlatListExample, User: kCFPreferencesCurrentUser, ByHost: No, Container: (null), Contents Need Refresh: No) via CFPrefsSearchListSource<0x600000eac080> (Domain: org.reactjs.native.example.SwiperFlatListExample, Container: (null))
2023-02-02 12:34:22.379 Db SwiperFlatListExample[39825:274a36] [com.apple.defaults:User Defaults] looked up value 1 for key RCTI18nUtil_makeRTLFlipLeftAndRightStyles in CFPrefsPlistSource<0x600000eb4780> (Domain: org.reactjs.native.example.SwiperFlatListExample, User: kCFPreferencesCurrentUser, ByHost: No, Container: (null), Contents Need Refresh: No) via CFPrefsSearchListSource<0x600000eac080> (Domain: org.reactjs.native.example.SwiperFlatListExample, Container: (null))
2023-02-02 12:34:22.379 Db SwiperFlatListExample[39825:274a36] [com.apple.defaults:User Defaults] looked up value 1 for key RCTI18nUtil_makeRTLFlipLeftAndRightStyles in CFPrefsPlistSource<0x600000eb4780> (Domain: org.reactjs.native.example.SwiperFlatListExample, User: kCFPreferencesCurrentUser, ByHost: No, Container: (null), Contents Need Refresh: No) via CFPrefsSearchListSource<0x600000eac080> (Domain: org.reactjs.native.example.SwiperFlatListExample, Container: (null))
2023-02-02 12:34:22.379 Db SwiperFlatListExample[39825:274a36] [com.apple.defaults:User Defaults] looked up value 1 for key RCTI18nUtil_makeRTLFlipLeftAndRightStyles in CFPrefsPlistSource<0x600000eb4780> (Domain: org.reactjs.native.example.SwiperFlatListExample, User: kCFPreferencesCurrentUser, ByHost: No, Container: (null), Contents Need Refresh: No) via CFPrefsSearchListSource<0x600000eac080> (Domain: org.reactjs.native.example.SwiperFlatListExample, Container: (null))
2023-02-02 12:34:22.379 Db SwiperFlatListExample[39825:274a36] [com.apple.defaults:User Defaults] looked up value 1 for key RCTI18nUtil_makeRTLFlipLeftAndRightStyles in CFPrefsPlistSource<0x600000eb4780> (Domain: org.reactjs.native.example.SwiperFlatListExample, User: kCFPreferencesCurrentUser, ByHost: No, Container: (null), Contents Need Refresh: No) via CFPrefsSearchListSource<0x600000eac080> (Domain: org.reactjs.native.example.SwiperFlatListExample, Container: (null))
2023-02-02 12:34:22.379 Db SwiperFlatListExample[39825:274a36] [com.apple.defaults:User Defaults] looked up value 1 for key RCTI18nUtil_makeRTLFlipLeftAndRightStyles in CFPrefsPlistSource<0x600000eb4780> (Domain: org.reactjs.native.example.SwiperFlatListExample, User: kCFPreferencesCurrentUser, ByHost: No, Container: (null), Contents Need Refresh: No) via CFPrefsSearchListSource<0x600000eac080> (Domain: org.reactjs.native.example.SwiperFlatListExample, Container: (null))
2023-02-02 12:34:22.379 Db SwiperFlatListExample[39825:274a36] [com.apple.defaults:User Defaults] looked up value 1 for key RCTI18nUtil_makeRTLFlipLeftAndRightStyles in CFPrefsPlistSource<0x600000eb4780> (Domain: org.reactjs.native.example.SwiperFlatListExample, User: kCFPreferencesCurrentUser, ByHost: No, Container: (null), Contents Need Refresh: No) via CFPrefsSearchListSource<0x600000eac080> (Domain: org.reactjs.native.example.SwiperFlatListExample, Container: (null))
2023-02-02 12:34:22.379 Db SwiperFlatListExample[39825:274a36] [com.apple.defaults:User Defaults] looked up value 1 for key RCTI18nUtil_makeRTLFlipLeftAndRightStyles in CFPrefsPlistSource<0x600000eb4780> (Domain: org.reactjs.native.example.SwiperFlatListExample, User: kCFPreferencesCurrentUser, ByHost: No, Container: (null), Contents Need Refresh: No) via CFPrefsSearchListSource<0x600000eac080> (Domain: org.reactjs.native.example.SwiperFlatListExample, Container: (null))
2023-02-02 12:34:22.379 Db SwiperFlatListExample[39825:274a36] [com.apple.defaults:User Defaults] looked up value 1 for key RCTI18nUtil_makeRTLFlipLeftAndRightStyles in CFPrefsPlistSource<0x600000eb4780> (Domain: org.reactjs.native.example.SwiperFlatListExample, User: kCFPreferencesCurrentUser, ByHost: No, Container: (null), Contents Need Refresh: No) via CFPrefsSearchListSource<0x600000eac080> (Domain: org.reactjs.native.example.SwiperFlatListExample, Container: (null))
2023-02-02 12:34:22.379 Db SwiperFlatListExample[39825:274a36] [com.apple.defaults:User Defaults] looked up value 1 for key RCTI18nUtil_makeRTLFlipLeftAndRightStyles in CFPrefsPlistSource<0x600000eb4780> (Domain: org.reactjs.native.example.SwiperFlatListExample, User: kCFPreferencesCurrentUser, ByHost: No, Container: (null), Contents Need Refresh: No) via CFPrefsSearchListSource<0x600000eac080> (Domain: org.reactjs.native.example.SwiperFlatListExample, Container: (null))
2023-02-02 12:34:22.379 Db SwiperFlatListExample[39825:274a36] [com.apple.defaults:User Defaults] looked up value 1 for key RCTI18nUtil_makeRTLFlipLeftAndRightStyles in CFPrefsPlistSource<0x600000eb4780> (Domain: org.reactjs.native.example.SwiperFlatListExample, User: kCFPreferencesCurrentUser, ByHost: No, Container: (null), Contents Need Refresh: No) via CFPrefsSearchListSource<0x600000eac080> (Domain: org.reactjs.native.example.SwiperFlatListExample, Container: (null))
2023-02-02 12:34:22.379 Db SwiperFlatListExample[39825:274a36] [com.apple.defaults:User Defaults] looked up value 1 for key RCTI18nUtil_makeRTLFlipLeftAndRightStyles in CFPrefsPlistSource<0x600000eb4780> (Domain: org.reactjs.native.example.SwiperFlatListExample, User: kCFPreferencesCurrentUser, ByHost: No, Container: (null), Contents Need Refresh: No) via CFPrefsSearchListSource<0x600000eac080> (Domain: org.reactjs.native.example.SwiperFlatListExample, Container: (null))
2023-02-02 12:34:22.379 Db SwiperFlatListExample[39825:274a36] [com.apple.defaults:User Defaults] looked up value 1 for key RCTI18nUtil_makeRTLFlipLeftAndRightStyles in CFPrefsPlistSource<0x600000eb4780> (Domain: org.reactjs.native.example.SwiperFlatListExample, User: kCFPreferencesCurrentUser, ByHost: No, Container: (null), Contents Need Refresh: No) via CFPrefsSearchListSource<0x600000eac080> (Domain: org.reactjs.native.example.SwiperFlatListExample, Container: (null))
2023-02-02 12:34:22.379 Db SwiperFlatListExample[39825:274a36] [com.apple.defaults:User Defaults] looked up value 1 for key RCTI18nUtil_makeRTLFlipLeftAndRightStyles in CFPrefsPlistSource<0x600000eb4780> (Domain: org.reactjs.native.example.SwiperFlatListExample, User: kCFPreferencesCurrentUser, ByHost: No, Container: (null), Contents Need Refresh: No) via CFPrefsSearchListSource<0x600000eac080> (Domain: org.reactjs.native.example.SwiperFlatListExample, Container: (null))
2023-02-02 12:34:22.379 Db SwiperFlatListExample[39825:274a36] [com.apple.defaults:User Defaults] looked up value 1 for key RCTI18nUtil_makeRTLFlipLeftAndRightStyles in CFPrefsPlistSource<0x600000eb4780> (Domain: org.reactjs.native.example.SwiperFlatListExample, User: kCFPreferencesCurrentUser, ByHost: No, Container: (null), Contents Need Refresh: No) via CFPrefsSearchListSource<0x600000eac080> (Domain: org.reactjs.native.example.SwiperFlatListExample, Container: (null))
2023-02-02 12:34:22.379 Db SwiperFlatListExample[39825:274a36] [com.apple.defaults:User Defaults] looked up value 1 for key RCTI18nUtil_makeRTLFlipLeftAndRightStyles in CFPrefsPlistSource<0x600000eb4780> (Domain: org.reactjs.native.example.SwiperFlatListExample, User: kCFPreferencesCurrentUser, ByHost: No, Container: (null), Contents Need Refresh: No) via CFPrefsSearchListSource<0x600000eac080> (Domain: org.reactjs.native.example.SwiperFlatListExample, Container: (null))
2023-02-02 12:34:22.379 Db SwiperFlatListExample[39825:274a36] [com.apple.defaults:User Defaults] looked up value 1 for key RCTI18nUtil_makeRTLFlipLeftAndRightStyles in CFPrefsPlistSource<0x600000eb4780> (Domain: org.reactjs.native.example.SwiperFlatListExample, User: kCFPreferencesCurrentUser, ByHost: No, Container: (null), Contents Need Refresh: No) via CFPrefsSearchListSource<0x600000eac080> (Domain: org.reactjs.native.example.SwiperFlatListExample, Container: (null))
2023-02-02 12:34:22.379 Db SwiperFlatListExample[39825:274a36] [com.apple.defaults:User Defaults] looked up value 1 for key RCTI18nUtil_makeRTLFlipLeftAndRightStyles in CFPrefsPlistSource<0x600000eb4780> (Domain: org.reactjs.native.example.SwiperFlatListExample, User: kCFPreferencesCurrentUser, ByHost: No, Container: (null), Contents Need Refresh: No) via CFPrefsSearchListSource<0x600000eac080> (Domain: org.reactjs.native.example.SwiperFlatListExample, Container: (null))
2023-02-02 12:34:22.379 Db SwiperFlatListExample[39825:274a36] [com.apple.defaults:User Defaults] looked up value 1 for key RCTI18nUtil_makeRTLFlipLeftAndRightStyles in CFPrefsPlistSource<0x600000eb4780> (Domain: org.reactjs.native.example.SwiperFlatListExample, User: kCFPreferencesCurrentUser, ByHost: No, Container: (null), Contents Need Refresh: No) via CFPrefsSearchListSource<0x600000eac080> (Domain: org.reactjs.native.example.SwiperFlatListExample, Container: (null))
2023-02-02 12:34:22.380 Db SwiperFlatListExample[39825:274a36] [com.apple.defaults:User Defaults] looked up value 1 for key RCTI18nUtil_makeRTLFlipLeftAndRightStyles in CFPrefsPlistSource<0x600000eb4780> (Domain: org.reactjs.native.example.SwiperFlatListExample, User: kCFPreferencesCurrentUser, ByHost: No, Container: (null), Contents Need Refresh: No) via CFPrefsSearchListSource<0x600000eac080> (Domain: org.reactjs.native.example.SwiperFlatListExample, Container: (null))
2023-02-02 12:34:22.380 Db SwiperFlatListExample[39825:274a36] [com.apple.defaults:User Defaults] looked up value 1 for key RCTI18nUtil_makeRTLFlipLeftAndRightStyles in CFPrefsPlistSource<0x600000eb4780> (Domain: org.reactjs.native.example.SwiperFlatListExample, User: kCFPreferencesCurrentUser, ByHost: No, Container: (null), Contents Need Refresh: No) via CFPrefsSearchListSource<0x600000eac080> (Domain: org.reactjs.native.example.SwiperFlatListExample, Container: (null))
2023-02-02 12:34:22.380 Db SwiperFlatListExample[39825:274a36] [com.apple.defaults:User Defaults] looked up value 1 for key RCTI18nUtil_makeRTLFlipLeftAndRightStyles in CFPrefsPlistSource<0x600000eb4780> (Domain: org.reactjs.native.example.SwiperFlatListExample, User: kCFPreferencesCurrentUser, ByHost: No, Container: (null), Contents Need Refresh: No) via CFPrefsSearchListSource<0x600000eac080> (Domain: org.reactjs.native.example.SwiperFlatListExample, Container: (null))
2023-02-02 12:34:22.380 Db SwiperFlatListExample[39825:274a36] [com.apple.defaults:User Defaults] looked up value 1 for key RCTI18nUtil_makeRTLFlipLeftAndRightStyles in CFPrefsPlistSource<0x600000eb4780> (Domain: org.reactjs.native.example.SwiperFlatListExample, User: kCFPreferencesCurrentUser, ByHost: No, Container: (null), Contents Need Refresh: No) via CFPrefsSearchListSource<0x600000eac080> (Domain: org.reactjs.native.example.SwiperFlatListExample, Container: (null))
2023-02-02 12:34:22.380 Db SwiperFlatListExample[39825:274a36] [com.apple.defaults:User Defaults] looked up value 1 for key RCTI18nUtil_makeRTLFlipLeftAndRightStyles in CFPrefsPlistSource<0x600000eb4780> (Domain: org.reactjs.native.example.SwiperFlatListExample, User: kCFPreferencesCurrentUser, ByHost: No, Container: (null), Contents Need Refresh: No) via CFPrefsSearchListSource<0x600000eac080> (Domain: org.reactjs.native.example.SwiperFlatListExample, Container: (null))
2023-02-02 12:34:22.380 Db SwiperFlatListExample[39825:274a36] [com.apple.defaults:User Defaults] looked up value 1 for key RCTI18nUtil_makeRTLFlipLeftAndRightStyles in CFPrefsPlistSource<0x600000eb4780> (Domain: org.reactjs.native.example.SwiperFlatListExample, User: kCFPreferencesCurrentUser, ByHost: No, Container: (null), Contents Need Refresh: No) via CFPrefsSearchListSource<0x600000eac080> (Domain: org.reactjs.native.example.SwiperFlatListExample, Container: (null))
2023-02-02 12:34:22.786 Db SwiperFlatListExample[39825:2756ae] [com.apple.network:connection] nw_endpoint_handler_add_write_request [C1 ::1.51128 ready parent-flow (satisfied (Path is satisfied), viable, interface: en0[802.11])] connected_child_handles_requests 0
2023-02-02 12:34:22.788 I  SwiperFlatListExample[39825:274a36] [com.wix.Detox:WebSocket] Action received: invoke
2023-02-02 12:34:22.867 Df SwiperFlatListExample[39825:274a36] [com.apple.UIKit:EventDispatch] Sending UIEvent type: 0; subtype: 0; to windows: 1
2023-02-02 12:34:22.868 Df SwiperFlatListExample[39825:274a36] [com.apple.UIKit:EventDispatch] Sending UIEvent type: 0; subtype: 0; to window: <UIWindow: 0x142f09fc0>; contextId: 0x3843356
2023-02-02 12:34:22.868 A  SwiperFlatListExample[39825:274a36] (UIKitCore) send gesture actions
2023-02-02 12:34:22.885 Df SwiperFlatListExample[39825:274a36] [com.apple.UIKit:EventDispatch] Sending UIEvent type: 0; subtype: 0; to windows: 1
2023-02-02 12:34:22.885 Df SwiperFlatListExample[39825:274a36] [com.apple.UIKit:EventDispatch] Sending UIEvent type: 0; subtype: 0; to window: <UIWindow: 0x142f09fc0>; contextId: 0x3843356
2023-02-02 12:34:22.885 A  SwiperFlatListExample[39825:274a36] (UIKitCore) send gesture actions
2023-02-02 12:34:22.900 I  SwiperFlatListExample[39825:27579e] [com.facebook.react.log:javascript] { index: 4, prevIndex: 0 }
2023-02-02 12:34:22.902 Db SwiperFlatListExample[39825:274a36] [com.apple.defaults:User Defaults] looked up value 1 for key RCTI18nUtil_makeRTLFlipLeftAndRightStyles in CFPrefsPlistSource<0x600000eb4780> (Domain: org.reactjs.native.example.SwiperFlatListExample, User: kCFPreferencesCurrentUser, ByHost: No, Container: (null), Contents Need Refresh: No) via CFPrefsSearchListSource<0x600000eac080> (Domain: org.reactjs.native.example.SwiperFlatListExample, Container: (null))
2023-02-02 12:34:22.902 Db SwiperFlatListExample[39825:274a36] [com.apple.defaults:User Defaults] looked up value 1 for key RCTI18nUtil_makeRTLFlipLeftAndRightStyles in CFPrefsPlistSource<0x600000eb4780> (Domain: org.reactjs.native.example.SwiperFlatListExample, User: kCFPreferencesCurrentUser, ByHost: No, Container: (null), Contents Need Refresh: No) via CFPrefsSearchListSource<0x600000eac080> (Domain: org.reactjs.native.example.SwiperFlatListExample, Container: (null))
2023-02-02 12:34:22.902 Db SwiperFlatListExample[39825:274a36] [com.apple.defaults:User Defaults] looked up value 1 for key RCTI18nUtil_makeRTLFlipLeftAndRightStyles in CFPrefsPlistSource<0x600000eb4780> (Domain: org.reactjs.native.example.SwiperFlatListExample, User: kCFPreferencesCurrentUser, ByHost: No, Container: (null), Contents Need Refresh: No) via CFPrefsSearchListSource<0x600000eac080> (Domain: org.reactjs.native.example.SwiperFlatListExample, Container: (null))
2023-02-02 12:34:22.902 Db SwiperFlatListExample[39825:274a36] [com.apple.defaults:User Defaults] looked up value 1 for key RCTI18nUtil_makeRTLFlipLeftAndRightStyles in CFPrefsPlistSource<0x600000eb4780> (Domain: org.reactjs.native.example.SwiperFlatListExample, User: kCFPreferencesCurrentUser, ByHost: No, Container: (null), Contents Need Refresh: No) via CFPrefsSearchListSource<0x600000eac080> (Domain: org.reactjs.native.example.SwiperFlatListExample, Container: (null))
2023-02-02 12:34:22.902 Db SwiperFlatListExample[39825:274a36] [com.apple.defaults:User Defaults] looked up value 1 for key RCTI18nUtil_makeRTLFlipLeftAndRightStyles in CFPrefsPlistSource<0x600000eb4780> (Domain: org.reactjs.native.example.SwiperFlatListExample, User: kCFPreferencesCurrentUser, ByHost: No, Container: (null), Contents Need Refresh: No) via CFPrefsSearchListSource<0x600000eac080> (Domain: org.reactjs.native.example.SwiperFlatListExample, Container: (null))
2023-02-02 12:34:22.902 Db SwiperFlatListExample[39825:274a36] [com.apple.defaults:User Defaults] looked up value 1 for key RCTI18nUtil_makeRTLFlipLeftAndRightStyles in CFPrefsPlistSource<0x600000eb4780> (Domain: org.reactjs.native.example.SwiperFlatListExample, User: kCFPreferencesCurrentUser, ByHost: No, Container: (null), Contents Need Refresh: No) via CFPrefsSearchListSource<0x600000eac080> (Domain: org.reactjs.native.example.SwiperFlatListExample, Container: (null))
2023-02-02 12:34:23.189 I  SwiperFlatListExample[39825:275161] [com.apple.network:connection] nw_association_schedule_deactivation_block_invoke <nw_association localhost:8081> becoming dormant
2023-02-02 12:34:23.189 I  SwiperFlatListExample[39825:275161] [com.apple.network:connection] nw_association_schedule_deactivation_block_invoke <nw_association ::1.8081> becoming dormant
2023-02-02 12:34:23.190 Db SwiperFlatListExample[39825:275161] [com.apple.CFNetwork:Coalescing] removing all entries config 0x60000206ae20
2023-02-02 12:34:23.190 I  SwiperFlatListExample[39825:275161] [com.apple.network:] nw_context_dealloc Deallocating context <nw_context (null) (private)>
2023-02-02 12:34:23.190 I  SwiperFlatListExample[39825:275161] [com.apple.network:] nw_context_purge_endpoints Context <nw_context com.apple.CFNetwork.NSURLSession.{BDA6013D-5581-4159-B3F8-C902CD9C7F5B}{(null)}{Y}{2} (private)> has more than 0 cache entries, purging 1 from 1 down to 0
2023-02-02 12:34:23.190 I  SwiperFlatListExample[39825:275161] [com.apple.network:] nw_context_dealloc Deallocating context <nw_context (null) (private)>
2023-02-02 12:34:23.213 Db SwiperFlatListExample[39825:274a8a] [com.apple.network:] tcp_connection_create_with_endpoint_and_parameters 82 localhost 9089
2023-02-02 12:34:23.213 Db SwiperFlatListExample[39825:274a8a] [com.apple.network:] tcp_connection_set_usage_model 82 setting usage model to 1
2023-02-02 12:34:23.213 Df SwiperFlatListExample[39825:274a8a] (CFNetwork) TCP Conn [82:0x6000011a4640] using empty proxy configuration
2023-02-02 12:34:23.213 Df SwiperFlatListExample[39825:274a8a] (CFNetwork) Stream client bypassing proxies on TCP Conn [82:0x6000011a4640]
2023-02-02 12:34:23.213 Df SwiperFlatListExample[39825:274a8a] (CFNetwork) TCP Conn 0x6000011a4640 started
2023-02-02 12:34:23.213 Db SwiperFlatListExample[39825:274a8a] [com.apple.network:] tcp_connection_start 82 starting
2023-02-02 12:34:23.214 I  SwiperFlatListExample[39825:274a8a] [com.apple.network:connection] nw_connection_create_with_id [C82] create connection to Hostname#99141057:9089
2023-02-02 12:34:23.214 Db SwiperFlatListExample[39825:274a8a] [com.apple.network:] tcp_connection_start starting tc_nwconn=0x143d0d130
2023-02-02 12:34:23.214 Df SwiperFlatListExample[39825:2756ae] [com.apple.network:connection] [C82 2BAEB105-9633-4295-A128-31137BBDCE9C localhost:9089 tcp, definite, attribution: developer, context: Default Network Context (private), proc: 4B2D3039-C28E-3D3C-81E9-082DF9778677, no proxy, prohibit fallback, allow socket access] start
2023-02-02 12:34:23.214 I  SwiperFlatListExample[39825:2756ae] [com.apple.network:connection] nw_endpoint_handler_start [C82 localhost:9089 initial parent-flow ((null))]
2023-02-02 12:34:23.214 Df SwiperFlatListExample[39825:2756ae] [com.apple.network:connection] [C82 localhost:9089 initial parent-flow ((null))] event: path:start @0.000s
2023-02-02 12:34:23.214 Db SwiperFlatListExample[39825:2756ae] [com.apple.network:connection] nw_endpoint_handler_path_change [C82 localhost:9089 waiting parent-flow (satisfied (Path is satisfied), interface: en0[802.11])]
2023-02-02 12:34:23.214 Df SwiperFlatListExample[39825:2756ae] [com.apple.network:connection] [C82 localhost:9089 waiting parent-flow (satisfied (Path is satisfied), interface: en0[802.11])] event: path:satisfied @0.000s, uuid: B7AA4205-1DD5-469B-B4CA-4094B7F5E82B
2023-02-02 12:34:23.214 I  SwiperFlatListExample[39825:2756ae] [com.apple.network:connection] nw_connection_endpoint_report_on_nw_queue_block_invoke [C82 localhost:9089 waiting parent-flow (satisfied (Path is satisfied), interface: en0[802.11])] skipping state update
2023-02-02 12:34:23.215 Db SwiperFlatListExample[39825:2756ae] [com.apple.network:connection] nw_endpoint_flow_attach_protocols [C82 localhost:9089 in_progress parent-flow (satisfied (Path is satisfied), interface: en0[802.11])]
2023-02-02 12:34:23.215 Db SwiperFlatListExample[39825:2756ae] [com.apple.network:connection] nw_endpoint_flow_attach_protocols [C82 localhost:9089 in_progress parent-flow (satisfied (Path is satisfied), interface: en0[802.11])] stopping after adding persistent application protocols
2023-02-02 12:34:23.215 Df SwiperFlatListExample[39825:2756ae] [com.apple.network:connection] [C82 localhost:9089 in_progress parent-flow (satisfied (Path is satisfied), interface: en0[802.11])] event: flow:start_child @0.000s
2023-02-02 12:34:23.215 Df SwiperFlatListExample[39825:2756ae] [com.apple.network:connection] nw_connection_report_state_with_handler_on_nw_queue [C82] reporting state preparing
2023-02-02 12:34:23.215 I  SwiperFlatListExample[39825:2756ae] [com.apple.network:connection] nw_endpoint_handler_start [C82.1 localhost:9089 initial path ((null))]
2023-02-02 12:34:23.215 Db SwiperFlatListExample[39825:2756ae] [com.apple.network:connection] nw_endpoint_flow_receive_report [C82 localhost:9089 in_progress parent-flow (satisfied (Path is satisfied), interface: en0[802.11])] received child report: [C82.1 localhost:9089 initial path ((null))]
2023-02-02 12:34:23.215 Df SwiperFlatListExample[39825:2756ae] [com.apple.network:connection] [C82.1 localhost:9089 initial path ((null))] event: path:start @0.000s
2023-02-02 12:34:23.215 Db SwiperFlatListExample[39825:2756ae] [com.apple.network:connection] nw_endpoint_handler_path_change [C82.1 localhost:9089 waiting path (satisfied (Path is satisfied), interface: en0[802.11])]
2023-02-02 12:34:23.215 Db SwiperFlatListExample[39825:2756ae] [com.apple.network:connection] nw_endpoint_flow_receive_report [C82 localhost:9089 in_progress parent-flow (satisfied (Path is satisfied), interface: en0[802.11])] received child report: [C82.1 localhost:9089 waiting path (satisfied (Path is satisfied), interface: en0[802.11])]
2023-02-02 12:34:23.215 Df SwiperFlatListExample[39825:2756ae] [com.apple.network:connection] [C82.1 localhost:9089 waiting path (satisfied (Path is satisfied), interface: en0[802.11])] event: path:satisfied @0.000s, uuid: B7AA4205-1DD5-469B-B4CA-4094B7F5E82B
2023-02-02 12:34:23.215 Db SwiperFlatListExample[39825:2756ae] [com.apple.network:connection] -[NWConcrete_nw_endpoint_resolver startWithHandler:] [C82.1 localhost:9089 waiting resolver (satisfied (Path is satisfied), interface: en0[802.11])]
2023-02-02 12:34:23.215 Db SwiperFlatListExample[39825:2756ae] [com.apple.network:connection] nw_endpoint_flow_receive_report [C82 localhost:9089 in_progress parent-flow (satisfied (Path is satisfied), interface: en0[802.11])] received child report: [C82.1 localhost:9089 in_progress resolver (satisfied (Path is satisfied), interface: en0[802.11])]
2023-02-02 12:34:23.215 Df SwiperFlatListExample[39825:2756ae] [com.apple.network:connection] [C82.1 localhost:9089 in_progress resolver (satisfied (Path is satisfied), interface: en0[802.11])] event: resolver:start_dns @0.001s
2023-02-02 12:34:23.219 I  SwiperFlatListExample[39825:2756ae] [com.apple.network:connection] nw_resolver_create_dns_service_locked [C82.1] Starting host resolution localhost:9089, flags 0xc000d000 proto 0
2023-02-02 12:34:23.219 I  SwiperFlatListExample[39825:2756ae] [com.apple.network:connection] nw_resolver_host_resolve_callback [C82.1] flags=0x40000003 ifindex=4294967295 error=NoError(0) hostname=localhost. addr=::1 ttl=1
2023-02-02 12:34:23.219 I  SwiperFlatListExample[39825:2756ae] [com.apple.network:connection] nw_resolver_host_resolve_callback [C82.1] flags=0x40000002 ifindex=4294967295 error=NoError(0) hostname=localhost. addr=127.0.0.1 ttl=1
2023-02-02 12:34:23.219 Db SwiperFlatListExample[39825:2756ae] [com.apple.network:] sa_dst_compare_rfc6724 Rule 6, prefer d2, d2 precedence 50 > d1 precedence 35
2023-02-02 12:34:23.219 Db SwiperFlatListExample[39825:2756ae] [com.apple.network:] sa_dst_compare_internal <private>@0 < <private>@0
2023-02-02 12:34:23.219 Db SwiperFlatListExample[39825:2756ae] [com.apple.network:connection] nw_endpoint_resolver_update [C82.1 localhost:9089 in_progress resolver (satisfied (Path is satisfied), interface: en0[802.11])] resolver is complete
2023-02-02 12:34:23.219 Df SwiperFlatListExample[39825:2756ae] [com.apple.network:connection] nw_endpoint_resolver_update [C82.1 localhost:9089 in_progress resolver (satisfied (Path is satisfied), interface: en0[802.11])] Adding endpoint handler for ::1.9089
2023-02-02 12:34:23.219 Df SwiperFlatListExample[39825:2756ae] [com.apple.network:connection] nw_endpoint_resolver_update [C82.1 localhost:9089 in_progress resolver (satisfied (Path is satisfied), interface: en0[802.11])] Adding endpoint handler for 127.0.0.1:9089
2023-02-02 12:34:23.219 Db SwiperFlatListExample[39825:2756ae] [com.apple.network:connection] nw_endpoint_resolver_update [C82.1 localhost:9089 in_progress resolver (satisfied (Path is satisfied), interface: en0[802.11])] Updated endpoint list is (::1.9089,127.0.0.1:9089)
2023-02-02 12:34:23.219 Db SwiperFlatListExample[39825:2756ae] [com.apple.network:connection] nw_endpoint_flow_receive_report [C82 localhost:9089 in_progress parent-flow (satisfied (Path is satisfied), interface: en0[802.11])] received child report: [C82.1 localhost:9089 in_progress resolver (satisfied (Path is satisfied), interface: en0[802.11])]
2023-02-02 12:34:23.219 Df SwiperFlatListExample[39825:2756ae] [com.apple.network:connection] [C82.1 localhost:9089 in_progress resolver (satisfied (Path is satisfied), interface: en0[802.11])] event: resolver:receive_dns @0.004s
2023-02-02 12:34:23.219 I  SwiperFlatListExample[39825:2756ae] [com.apple.network:connection] nw_endpoint_resolver_start_next_child [C82.1 localhost:9089 in_progress resolver (satisfied (Path is satisfied), interface: en0[802.11])] starting child endpoint ::1.9089
2023-02-02 12:34:23.219 I  SwiperFlatListExample[39825:2756ae] [com.apple.network:connection] nw_endpoint_handler_start [C82.1.1 ::1.9089 initial path ((null))]
2023-02-02 12:34:23.219 Db SwiperFlatListExample[39825:2756ae] [com.apple.network:connection] nw_endpoint_resolver_receive_report [C82.1 localhost:9089 in_progress resolver (satisfied (Path is satisfied), interface: en0[802.11])] received child report: [C82.1.1 ::1.9089 initial path ((null))]
2023-02-02 12:34:23.219 Db SwiperFlatListExample[39825:2756ae] [com.apple.network:connection] nw_endpoint_flow_receive_report [C82 localhost:9089 in_progress parent-flow (satisfied (Path is satisfied), interface: en0[802.11])] received child report: [C82.1.1 ::1.9089 initial path ((null))]
2023-02-02 12:34:23.219 Df SwiperFlatListExample[39825:2756ae] [com.apple.network:connection] [C82.1.1 ::1.9089 initial path ((null))] event: path:start @0.005s
2023-02-02 12:34:23.219 Db SwiperFlatListExample[39825:2756ae] [com.apple.network:connection] nw_endpoint_handler_path_change [C82.1.1 ::1.9089 waiting path (satisfied (Path is satisfied), interface: lo0)]
2023-02-02 12:34:23.219 Db SwiperFlatListExample[39825:2756ae] [com.apple.network:connection] nw_endpoint_resolver_receive_report [C82.1 localhost:9089 in_progress resolver (satisfied (Path is satisfied), interface: en0[802.11])] received child report: [C82.1.1 ::1.9089 waiting path (satisfied (Path is satisfied), interface: lo0)]
2023-02-02 12:34:23.219 Db SwiperFlatListExample[39825:2756ae] [com.apple.network:connection] nw_endpoint_flow_receive_report [C82 localhost:9089 in_progress parent-flow (satisfied (Path is satisfied), interface: en0[802.11])] received child report: [C82.1.1 ::1.9089 waiting path (satisfied (Path is satisfied), interface: lo0)]
2023-02-02 12:34:23.219 Df SwiperFlatListExample[39825:2756ae] [com.apple.network:connection] [C82.1.1 ::1.9089 waiting path (satisfied (Path is satisfied), interface: lo0)] event: path:satisfied @0.005s, uuid: F3393D78-7496-4862-94F4-2BE9E6421419
2023-02-02 12:34:23.220 I  SwiperFlatListExample[39825:2756ae] [com.apple.network:connection] nw_endpoint_flow_setup_protocols [C82.1.1 ::1.9089 in_progress socket-flow (satisfied (Path is satisfied), interface: lo0)] setup flow id F51BD288-CA35-46B4-8381-DEFF5AB43806
2023-02-02 12:34:23.220 Db SwiperFlatListExample[39825:2756ae] [com.apple.network:connection] nw_endpoint_flow_attach_protocols [C82.1.1 ::1.9089 in_progress socket-flow (satisfied (Path is satisfied), interface: lo0)]
2023-02-02 12:34:23.220 Db SwiperFlatListExample[39825:2756ae] [com.apple.network:] nw_fd_wrapper_create Created <fd_wrapper 36, guarded: false>
2023-02-02 12:34:23.220 Db SwiperFlatListExample[39825:2756ae] [com.apple.network:connection] nw_endpoint_flow_attach_protocols [C82.1.1 ::1.9089 in_progress socket-flow (satisfied (Path is satisfied), interface: lo0)] Attached socket protocol
2023-02-02 12:34:23.220 Db SwiperFlatListExample[39825:2756ae] [com.apple.network:connection] nw_endpoint_flow_setup_protocols [C82.1.1 ::1.9089 in_progress socket-flow (satisfied (Path is satisfied), interface: lo0)] leaf flow starting
2023-02-02 12:34:23.220 Db SwiperFlatListExample[39825:2756ae] [com.apple.network:connection] nw_endpoint_resolver_receive_report [C82.1 localhost:9089 in_progress resolver (satisfied (Path is satisfied), interface: en0[802.11])] received child report: [C82.1.1 ::1.9089 in_progress socket-flow (satisfied (Path is satisfied), interface: lo0)]
2023-02-02 12:34:23.220 Db SwiperFlatListExample[39825:2756ae] [com.apple.network:connection] nw_endpoint_flow_receive_report [C82 localhost:9089 in_progress parent-flow (satisfied (Path is satisfied), interface: en0[802.11])] received child report: [C82.1.1 ::1.9089 in_progress socket-flow (satisfied (Path is satisfied), interface: lo0)]
2023-02-02 12:34:23.220 Df SwiperFlatListExample[39825:2756ae] [com.apple.network:connection] [C82.1.1 ::1.9089 in_progress socket-flow (satisfied (Path is satisfied), interface: lo0)] event: flow:start_connect @0.005s
2023-02-02 12:34:23.220 I  SwiperFlatListExample[39825:2756ae] [com.apple.network:connection] nw_endpoint_resolver_start_next_child [C82.1 localhost:9089 in_progress resolver (satisfied (Path is satisfied), interface: en0[802.11])] starting next child endpoint in 2000ms
2023-02-02 12:34:23.220 Db SwiperFlatListExample[39825:2756ae] [com.apple.network:connection] nw_socket_handle_socket_event [C82.1.1:1] Event mask: 0x1007
2023-02-02 12:34:23.220 Df SwiperFlatListExample[39825:2756ae] [com.apple.network:connection] nw_socket_handle_socket_event [C82.1.1:1] Socket received CONNRESET event
2023-02-02 12:34:23.220 Df SwiperFlatListExample[39825:2756ae] [com.apple.network:connection] nw_socket_handle_socket_event [C82.1.1:1] Socket received DISCONNECTED event
2023-02-02 12:34:23.220 E  SwiperFlatListExample[39825:2756ae] [com.apple.network:connection] nw_socket_handle_socket_event [C82.1.1:1] Socket SO_ERROR [61: Connection refused]
