            values =             (
                "com.apple.siri.parsec.HashtagImagesApp"
            );
        };
    };
}
2023-02-02 12:27:34.014 Db searchd[34676:26d857] [com.apple.spotlightindex:General] fsync time 0.007941 - /Users/ggard/Library/Developer/CoreSimulator/Devices/773105ED-D5BC-4800-A2E6-239ECE9FE9FA/data/Library/Spotlight/CoreSpotlight/NSFileProtectionCompleteUntilFirstUserAuthentication/index.spotlightV2/live.0.indexPostings
2023-02-02 12:27:34.014 Df UserEventAgent[34487:26daf9] [com.apple.xpc.activity:Internal] Created XPC Activity: com.apple.locationd.TileDownloadCellReachability (0x135f06b80)
2023-02-02 12:27:34.014 Df UserEventAgent[34487:26daf9] [com.apple.xpc.activity:Activities] Registered XPC Activity: com.apple.locationd.TileDownloadCellReachability (0x135f06b80)
2023-02-02 12:27:34.014 I  UserEventAgent[34487:26daf9] [com.apple.xpc.activity:Internal] com.apple.locationd.TileDownloadCellReachability: <dictionary: 0x600002b60000> { count = 8, transaction: 0, voucher = 0x0, contents =
	"_SequenceNumber" => <uint64: 0xa03501b8c3b8873f>: 1
	"GracePeriod" => <int64: 0xa0b501b8c3b887c7>: 30
	"PreventsDeviceSleep" => <bool: 0x1b313cdf0>: true
	"NetworkTransferDirection" => <string: 0x60000014f8d0> { length = 8, contents = "Download" }
	"RequireInexpensiveNetworkConnectivity" => <bool: 0x1b313ce10>: false
	"RequiresClassC" => <bool: 0x1b313cdf0>: true
	"AllowBattery" => <bool: 0x1b313cdf0>: true
	"Priority" => <string: 0x60000014d470> { length = 7, contents = "Utility" }
}
2023-02-02 12:27:34.015 Db searchd[34676:26d857] [com.apple.spotlightindex:CI] sync pages (1, 1) took 0.000504 seconds
2023-02-02 12:27:34.015 Db searchd[34676:26d857] [com.apple.spotlightindex:General] fsync time 0.000002 - /Users/ggard/Library/Developer/CoreSimulator/Devices/773105ED-D5BC-4800-A2E6-239ECE9FE9FA/data/Library/Spotlight/CoreSpotlight/NSFileProtectionCompleteUntilFirstUserAuthentication/index.spotlightV2/live.0.indexTermIds
2023-02-02 12:27:34.015 A  brookcompaniond[34782:26de15] (libsystem_trace.dylib) Activity for state dumps
2023-02-02 12:27:34.015 F  brookcompaniond[34782:26de15] [com.apple.locationd.Core:Client] initializing CLLocationManager with a nil bundle path
2023-02-02 12:27:34.016 A  brookcompaniond[34782:26de15] (CoreLocation) CL: CLLocationManager
2023-02-02 12:27:34.016 Df brookcompaniond[34782:26de15] [com.apple.locationd.Core:Client] {"msg":"CLLocationManager", "event":activity, "_cmd":initWithEffectiveBundleIdentifier:bundlePath:websiteIdentifier:delegate:silo:, "self":"0x6000032f4300", "identifier":(null), "bundlePath":(null)}
2023-02-02 12:27:34.016 Df brookcompaniond[34782:26de15] [com.apple.locationd.Core:Core] {"msg":"state transition", "event":state_transition, "state":LocationManager, "id":"0x6000032f4300", "property":init, "new":'00 00 00 00 00 00 F0 BF 00 00 00 00 00 00 F0 BF 00 00 00 00 00 00 00 00 00 00 00 00 00 00 F0 3F 01 00 00 00 00 00 00 00 00 00 00 00 00 00 00 00 00 00 00 00 00 00 00 00 00 00 00 00 00 00 00 01 00 00 00 00 00 00 00 00 00 00 00 00 00 00 00 00'}
2023-02-02 12:27:34.016 Df brookcompaniond[34782:26de15] [com.apple.locationd.Core:Core] {"msg":"state transition", "event":state_transition, "state":LocationManager, "id":"0x6000032f4300", "property":lifecycle, "old":"0x0", "new":"0x600001bf4a80"}
2023-02-02 12:27:34.016 Df brookcompaniond[34782:26de15] [com.apple.locationd.Core:Client] {"msg":"client allocated", "client":"0x144708710"}
2023-02-02 12:27:34.017 A  brookcompaniond[34782:26de15] (CoreLocation) CL: _CLClientCreateConnection
2023-02-02 12:27:34.017 Df brookcompaniond[34782:26de15] [com.apple.locationd.Core:Client] {"msg":"_CLClientCreateConnection", "event":activity, "client":"0x144708710"}
2023-02-02 12:27:34.017 Db brookcompaniond[34782:26de15] [com.apple.LocationSupport:Connection] Setting handler for message kCLConnectionMessageHeading
2023-02-02 12:27:34.017 A  brookcompaniond[34782:26de15] (LocationSupport) CL: CLConnectionClient::sendMessage(cache)
2023-02-02 12:27:34.017 Db brookcompaniond[34782:26de15] [com.apple.LocationSupport:Connection] {"msg":"CLConnectionClient::sendMessage(cache)", "event":activity}
2023-02-02 12:27:34.017 Df brookcompaniond[34782:26de15] [com.apple.locationd.Core:Core] {"msg":"state transition", "event":state_transition, "state":LocationManager, "id":"0x6000032f4300", "property":pausesLocationUpdatesAutomatically, "old":0, "new":1}
2023-02-02 12:27:34.017 Db cfprefsd[34522:26d3b9] [com.apple.defaults:cfprefsd] Process 34818 (mapspushd) sent a request related to { com.apple.GEO, user: kCFPreferencesAnyUser, kCFPreferencesCurrentHost, /Library/Managed Preferences/com.apple.GEO.plist, managed: 1 } (0x600000f1c990)
2023-02-02 12:27:34.017 E  cfprefsd[34522:26d3b9] [com.apple.defaults:cfprefsd] Couldn't open parent path due to [2: No such file or directory]
2023-02-02 12:27:34.018 A  brookcompaniond[34782:26de15] (LocationSupport) CL: CLConnectionClient::sendMessage(cache)
2023-02-02 12:27:34.018 Db cfprefsd[34522:26d3b9] [com.apple.defaults:cfprefsd] Couldn't open /Library/Managed Preferences/com.apple.GEO.plist due to No such file or directory
2023-02-02 12:27:34.018 Db brookcompaniond[34782:26de15] [com.apple.LocationSupport:Connection] {"msg":"CLConnectionClient::sendMessage(cache)", "event":activity}
2023-02-02 12:27:34.018 I  brookcompaniond[34782:26de15] [Brook:location] -[BRKSettings _setupLocationManager]_block_invoke: successfully initialized location manager for Handwashing settings!
2023-02-02 12:27:34.018 Db brookcompaniond[34782:26de15] [com.apple.LocationSupport:Connection] Creating connection
2023-02-02 12:27:34.018 A  brookcompaniond[34782:26de15] (LocationSupport) CL: Sending cached messages to daemon
2023-02-02 12:27:34.018 Df brookcompaniond[34782:26de15] [com.apple.LocationSupport:Connection] {"msg":"Sending cached messages to daemon", "event":activity}
2023-02-02 12:27:34.018 Db pkd[34552:26d463] [com.apple.launchservices:default] No extension point parent specified, returning first extension point found id: 184
2023-02-02 12:27:34.018 Db pkd[34552:26d463] [com.apple.launchservices:default] Got plist data 0x600002754280 for unit 6fc from database 0x12a008600
2023-02-02 12:27:34.018 Db pkd[34552:26d463] [com.apple.launchservices:default] Got plist data 0x6000027543c0 for unit a04 from database 0x12a008600
2023-02-02 12:27:34.018 Db pkd[34552:26d463] [com.apple.launchservices:default] Got plist data 0x600002754320 for unit a0c from database 0x12a008600
2023-02-02 12:27:34.018 Df assistantd[34489:26d60d] (CFNetwork) Task <C1E07867-6460-4FA0-BA0F-6A73EEF84A98>.<1> resuming, timeouts(60.0, 604800.0) QOS(0x21) Voucher <OS_voucher: 0x600003e74000>
2023-02-02 12:27:34.019 Db pkd[34552:26d463] [com.apple.launchservices:default] No extension point parent specified, returning first extension point found id: 308
2023-02-02 12:27:34.019 Db pkd[34552:26d463] [com.apple.launchservices:default] Got plist data 0x6000027543c0 for unit 778 from database 0x12a008600
2023-02-02 12:27:34.019 Db pkd[34552:26d463] [com.apple.launchservices:default] Got plist data 0x600002754ba0 for unit ac0 from database 0x12a008600
2023-02-02 12:27:34.019 Db pkd[34552:26d463] [com.apple.launchservices:default] Got plist data 0x6000027544c0 for unit ac8 from database 0x12a008600
2023-02-02 12:27:34.019 Db pkd[34552:26d463] [com.apple.launchservices:default] No extension point parent specified, returning first extension point found id: 4
2023-02-02 12:27:34.019 Db pkd[34552:26d463] [com.apple.launchservices:default] Got plist data 0x600002754c00 for unit 648 from database 0x12a008600
2023-02-02 12:27:34.019 Db pkd[34552:26d463] [com.apple.launchservices:default] Got plist data 0x6000027541e0 for unit ae8 from database 0x12a008600
2023-02-02 12:27:34.019 Db pkd[34552:26d463] [com.apple.launchservices:default] Got plist data 0x600002754320 for unit af0 from database 0x12a008600
2023-02-02 12:27:34.020 Db pkd[34552:26d463] [com.apple.launchservices:default] No extension point parent specified, returning first extension point found id: 184
2023-02-02 12:27:34.020 Db pkd[34552:26d463] [com.apple.launchservices:default] Got plist data 0x6000027547e0 for unit 6fc from database 0x12a008600
2023-02-02 12:27:34.020 Db pkd[34552:26d463] [com.apple.launchservices:default] Got plist data 0x600002754500 for unit af8 from database 0x12a008600
2023-02-02 12:27:34.020 Db pkd[34552:26d463] [com.apple.launchservices:default] Got plist data 0x600002754bc0 for unit b00 from database 0x12a008600
2023-02-02 12:27:34.020 Db pkd[34552:26d463] [com.apple.launchservices:default] No extension point parent specified, returning first extension point found id: 472
2023-02-02 12:27:34.020 Db pkd[34552:26d463] [com.apple.launchservices:default] Got plist data 0x6000027542c0 for unit 81c from database 0x12a008600
2023-02-02 12:27:34.020 Db pkd[34552:26d463] [com.apple.launchservices:default] Got plist data 0x600002754220 for unit b04 from database 0x12a008600
2023-02-02 12:27:34.020 Db pkd[34552:26d463] [com.apple.launchservices:default] Got plist data 0x600002754ba0 for unit b0c from database 0x12a008600
2023-02-02 12:27:34.021 Db brookcompaniond[34782:26db62] [com.apple.Biome:BiomeSource] Event donation to DiscoverabilitySignal stream: <BMDiscoverabilitySignalEvent 0x600003ef3db0> identifier: com.apple.health.handwashing, bundleID: com.apple.brook, context: off userInfo: (null)
2023-02-02 12:27:34.021 Df locationd[34507:26d437] [com.apple.xpc.activity:Client] xpc_activity_set_criteria: com.apple.locationd.TileDownloadCellReachability (0x6000008f4140), setting state now to 1
2023-02-02 12:27:34.021 Df locationd[34507:26d437] [com.apple.xpc.activity:Client] _xpc_activity_set_state: com.apple.locationd.TileDownloadCellReachability (0x6000008f4140), 1
2023-02-02 12:27:34.021 Df apsd[34540:26d376] [com.apple.apsd:courier] <APSCourier 0x151d04480 development>: __processStoredIncomingMessageForConnection: <APSConnectionServer: 0x600002ec4210>
2023-02-02 12:27:34.024 Db Spotlight[34601:26d6bb] [com.apple.defaults:User Defaults] found no value for key UseNewAXBundleLoader in CFPrefsSearchListSource<0x60000388cb80> (Domain: com.apple.Accessibility, Container: (null))
2023-02-02 12:27:34.024 Db Spotlight[34601:26d6bb] [com.apple.defaults:User Defaults] found no value for key UseNewAXBundleLoader in CFPrefsSearchListSource<0x60000388cb80> (Domain: com.apple.Accessibility, Container: (null))
2023-02-02 12:27:34.031 Df mobileassetd[34554:26d446] [com.apple.mobileassetd:Notice] dataFillInstalledWithPurpose: Path to asset dir: /System/Library/AssetsV2/PreinstalledAssetsV2/InstallWithOs/com_apple_MobileAsset_Font7/a781f3b2a1f61507b61da10c75a4a5b9 ... 2f.asset
2023-02-02 12:27:34.031 Db mobileassetd[34554:26d446] [com.apple.mobileassetd:Debug] getPathToAssetWithPurpose: URL to asset: /System/Library/AssetsV2/PreinstalledAssetsV2/InstallWithOs/com_apple_MobileAsset_Font7/b41566ffe4ed54c94a9f6eb50514a245 ... 27.asset
2023-02-02 12:27:34.033 Db siriinferenced[34588:26d89b] [com.apple.CFBundle:strings] Bundle: CFBundle 0x132704880 </Applications/Xcode.app/Contents/Developer/Platforms/iPhoneOS.platform/Library/Developer/CoreSimulator/Profiles/Runtimes/iOS.simruntime/Contents/Resources/RuntimeRoot/System/Library/Frameworks/Foundation.framework> (not loaded), key: Err260.dfuv, value: (null), table: FoundationErrors, localizationName: (null), result: Err260.dfuv
2023-02-02 12:27:34.033 Db siriinferenced[34588:26d89b] [com.apple.CFBundle:strings] Bundle: CFBundle 0x132704880 </Applications/Xcode.app/Contents/Developer/Platforms/iPhoneOS.platform/Library/Developer/CoreSimulator/Profiles/Runtimes/iOS.simruntime/Contents/Resources/RuntimeRoot/System/Library/Frameworks/Foundation.framework> (not loaded), key: Err260.dfu, value: (null), table: FoundationErrors, localizationName: (null), result: Err260.dfu
2023-02-02 12:27:34.033 Db siriinferenced[34588:26d89b] [com.apple.CFBundle:strings] Bundle: CFBundle 0x132704880 </Applications/Xcode.app/Contents/Developer/Platforms/iPhoneOS.platform/Library/Developer/CoreSimulator/Profiles/Runtimes/iOS.simruntime/Contents/Resources/RuntimeRoot/System/Library/Frameworks/Foundation.framework> (not loaded), key: Err260.dfv, value: (null), table: FoundationErrors, localizationName: (null), result: Err260.dfv
2023-02-02 12:27:34.033 Db siriinferenced[34588:26d89b] [com.apple.CFBundle:strings] Bundle: CFBundle 0x132704880 </Applications/Xcode.app/Contents/Developer/Platforms/iPhoneOS.platform/Library/Developer/CoreSimulator/Profiles/Runtimes/iOS.simruntime/Contents/Resources/RuntimeRoot/System/Library/Frameworks/Foundation.framework> (not loaded), key: Err260.duv, value: (null), table: FoundationErrors, localizationName: (null), result: Err260.duv
2023-02-02 12:27:34.034 Db searchd[34676:26d857] [com.apple.spotlightindex:General] fsync time 0.018254 - /Users/ggard/Library/Developer/CoreSimulator/Devices/773105ED-D5BC-4800-A2E6-239ECE9FE9FA/data/Library/Spotlight/CoreSpotlight/NSFileProtectionCompleteUntilFirstUserAuthentication/index.spotlightV2/live.0.indexPositions
2023-02-02 12:27:34.034 Db siriinferenced[34588:26d89b] [com.apple.CFBundle:strings] Bundle: CFBundle 0x132704880 </Applications/Xcode.app/Contents/Developer/Platforms/iPhoneOS.platform/Library/Developer/CoreSimulator/Profiles/Runtimes/iOS.simruntime/Contents/Resources/RuntimeRoot/System/Library/Frameworks/Foundation.framework> (not loaded), key: Err260.fuv, value: (null), table: FoundationErrors, localizationName: (null), result: Err260.fuv
2023-02-02 12:27:34.034 Db searchd[34676:26d857] [com.apple.spotlightindex:CI] sync pages (1, 0) took 0.000001 seconds
2023-02-02 12:27:34.034 Db searchd[34676:26d857] [com.apple.spotlightindex:General] fsync time 0.000016 - /Users/ggard/Library/Developer/CoreSimulator/Devices/773105ED-D5BC-4800-A2E6-239ECE9FE9FA/data/Library/Spotlight/CoreSpotlight/NSFileProtectionCompleteUntilFirstUserAuthentication/index.spotlightV2/live.0.indexPositionTable
2023-02-02 12:27:34.035 Db mapspushd[34818:26dc80] [com.apple.defaults:User Defaults] CFPrefsManagedSource<0x600003d45b80> (Domain: com.apple.GEO, User: kCFPreferencesAnyUser, ByHost: Yes, Container: (null), Contents Need Refresh: No) loaded: an empty base plist and no additional changes from the base plist
2023-02-02 12:27:34.035 Db profiled[34667:26d888] [com.apple.ManagedConfiguration:MC] Looked up bundle ID com.apple.parsecd from audit token using entitlement.
2023-02-02 12:27:34.035 Db mapspushd[34818:26dc80] [com.apple.defaults:User Defaults] found no value for key MSPShareETAUserEnabledKey in CFPrefsManagedSource<0x600003d45b80> (Domain: com.apple.GEO, User: kCFPreferencesAnyUser, ByHost: Yes, Container: (null), Contents Need Refresh: No)
2023-02-02 12:27:34.035 I  profiled[34667:26d888] [com.apple.ManagedConfiguration:Assertions] Creating process assertion with reason: profiled-ApplyRestrictions
2023-02-02 12:27:34.035 I  profiled[34667:26d888] [com.apple.ManagedConfiguration:Assertions] Retaining power assertion. Count: 0 -> 1
2023-02-02 12:27:34.036 Df profiled[34667:26d888] [com.apple.ManagedConfiguration:MC] Setting client truth {
    union =     {
        blockedAppBundleIDs =         {
            values =             (
                "com.apple.siri.parsec.HashtagImagesApp"
            );
        };
    };
} for client com.apple.siri.parsec.HashtagImagesApp
2023-02-02 12:27:34.036 Db profiled[34667:26d888] [com.apple.CFBundle:strings] Bundle: CFBundle 0x127607ab0 </Applications/Xcode.app/Contents/Developer/Platforms/iPhoneOS.platform/Library/Developer/CoreSimulator/Profiles/Runtimes/iOS.simruntime/Contents/Resources/RuntimeRoot/System/Library/PrivateFrameworks/ManagedConfiguration.framework> (not loaded), key: ENCRYPTION_POLICY_CLIENT_FAILURE_TEXT_IPHONE, value: (null), table: Errors, localizationName: (null), result: The %1$@ requires encryption which is not supported on this iPhone.
2023-02-02 12:27:34.037 A  brookcompaniond[34782:26de15] (LocationSupport) CL: CLConnection::sendMessage
2023-02-02 12:27:34.037 Db brookcompaniond[34782:26de15] [com.apple.LocationSupport:Connection] {"msg":"CLConnection::sendMessage", "event":activity, "name":LocationManager/kCLConnectionMessageRegistration}
2023-02-02 12:27:34.037 A  brookcompaniond[34782:26de15] (LocationSupport) CL: CLConnection::sendMessage
2023-02-02 12:27:34.037 A  locationd[34507:26d437] CL: CLDaemonClient(ctor)
2023-02-02 12:27:34.037 Db locationd[34507:26d437] [com.apple.locationd.Core:Client] {"msg":"CLDaemonClient(ctor)", "event":activity, "this":"0x125b177b0"}
2023-02-02 12:27:34.037 Df locationd[34507:26d437] [com.apple.locationd.Core:Core] {"msg":"state transition", "event":state_transition, "state":DaemonClient, "id":"0x125b177b0", "property":lifecycle, "old":"0x0", "new":"0x125b177b0"}
2023-02-02 12:27:34.037 Db mapspushd[34818:26dc80] [com.apple.GeoServices:GEOFilePaths] geoServicesCacheDirectory: /Users/ggard/Library/Developer/CoreSimulator/Devices/773105ED-D5BC-4800-A2E6-239ECE9FE9FA/data/Library/Caches/GeoServices
2023-02-02 12:27:34.038 Db locationd[34507:26d437] [com.apple.locationd.Core:Core] {"msg":"Setting executable", "executable":/Applications/Xcode.app/Contents/Developer/Platforms/iPhoneOS.platform/Library/Developer/CoreSimulator/Profiles/Runtimes/iOS.simruntime/Contents/Resources/RuntimeRoot/usr/libexec/brookcompaniond}
2023-02-02 12:27:34.037 Db brookcompaniond[34782:26de15] [com.apple.LocationSupport:Connection] {"msg":"CLConnection::sendMessage", "event":activity, "name":kCLConnectionMessagePausesLocationUpdatesAutomatically}
2023-02-02 12:27:34.038 A  locationd[34507:26d437] (LocationSupport) CL: #MultiUser CLConnection::getUserName
2023-02-02 12:27:34.038 Db locationd[34507:26d437] [com.apple.LocationSupport:Connection] {"msg":"#MultiUser CLConnection::getUserName", "event":activity}
2023-02-02 12:27:34.038 Df locationd[34507:26d437] [com.apple.locationd.Core:Core] {"msg":"state transition", "event":state_transition, "state":DaemonClient, "id":"0x125b177b0", "property":clientName, "old":, "new":[mobile]/Applications/Xcode.app/Contents/Developer/Platforms/iPhoneOS.platform/Library/Developer/CoreSimulator/Profiles/Runtimes/iOS.simruntime/Contents/Resources/RuntimeRoot/usr/libexec/brookcompaniond}
2023-02-02 12:27:34.038 Db locationd[34507:26d437] [com.apple.defaults:User Defaults] found no value for key RttBurstSize in CFPrefsPlistSource<0x6000017e8280> (Domain: com.apple.locationd, User: kCFPreferencesCurrentUser, ByHost: No, Container: (null), Contents Need Refresh: No)
2023-02-02 12:27:34.038 Df locationd[34507:26d437] [com.apple.locationd.Core:Core] Client [mobile]/Applications/Xcode.app/Contents/Developer/Platforms/iPhoneOS.platform/Library/Developer/CoreSimulator/Profiles/Runtimes/iOS.simruntime/Contents/Resources/RuntimeRoot/usr/libexec/brookcompaniond connected with message name LocationManager/kCLConnectionMessageRegistration
2023-02-02 12:27:34.038 Df locationd[34507:26d437] [com.apple.locationd.Core:Core] {"msg":"computing freshAuthorizationContext", "ClientKey":com.apple.locationd.executable-/Applications/Xcode.app/Contents/Developer/Platforms/iPhoneOS.platform/Library/Developer/CoreSimulator/Profiles/Runtimes/iOS.simruntime/Contents/Resources/RuntimeRoot/usr/libexec/brookcompaniond, "BigSwitch":1, "InUseLevel":0}
2023-02-02 12:27:34.038 Db locationd[34507:26d437] [com.apple.locationd.Core:Core] {"msg":"computing #clldu registrationResults", "dictionary":{
    SupportedAuthorizationMask = 1;
}, "isSystemService":0, "bigSwitchEnabled":1, "overrideDeauthorization":0}
2023-02-02 12:27:34.038 Db locationd[34507:26d437] [com.apple.locationd.Core:Core] {"msg":"#clldu _staticRegistrationResult", "registration":4}
2023-02-02 12:27:34.020 Db pkd[34552:26d463] [com.apple.launchservices:default] No extension point parent specified, returning first extension point found id: 376
2023-02-02 12:27:34.038 Db locationd[34507:26d437] [com.apple.locationd.Core:Core] {"msg":"#clldu registrationResults", "static":4, "effective":4, "transient":4}
2023-02-02 12:27:34.038 Db locationd[34507:26d437] [com.apple.locationd.Core:Core] {"msg":"client RegistrationResults", "name":/Applications/Xcode.app/Contents/Developer/Platforms/iPhoneOS.platform/Library/Developer/CoreSimulator/Profiles/Runtimes/iOS.simruntime/Contents/Resources/RuntimeRoot/usr/libexec/brookcompaniond, "bigSwitchEnabled":1, "RegistrationResults":(
    4,
    4,
    4
)}
2023-02-02 12:27:34.038 Db locationd[34507:26d437] [com.apple.locationd.Core:Core] {"msg":"computing #clldu freshAuthContext", "EffectiveRegistration":4, "TransientRegistration":4, "bigSwitchState":1, "isClientZonal":0, "location":'00 00 00 00 FF FF 00 00 00 00 00 00 00 00 00 00 00 00 00 00 00 00 00 00 00 00 00 00 00 00 F0 BF 00 00 00 00 00 00 00 00 00 00 00 00 00 00 F0 BF 00 00 00 00 00 00 F0 BF 00 00 00 00 00 00 F0 BF 00 00 00 00 00 00 F0 BF 00 00 00 00 00 00 F0 BF 00 00 00 00 00 00 F0 BF 00 00 00 00 00 00 F0 BF 00 00 00 00 00 00 F0 BF 00 00 00 00 00 00 00 00 00 00 F0 BF 00 00 00 00 00 00 00 00 00 00 00 00 00 00 00 00 00 00 00 00 00 00 00 00 00 00 F0 BF FF FF FF 7F 00 00 00 00 00 00 00 00 00 00 00 00 00 00 00 00 00 00 00 00 00 00 00 00 00 00 00 00', "dictionary":{
    InUseLevel = 0;
    SupportedAuthorizationMask = 1;
}}
2023-02-02 12:27:34.038 Db locationd[34507:26d437] [com.apple.locationd.Core:Core] {"msg":"#clldu freshAuthContext", "AuthContext":AuthContext InUse:0  RegResult:4(4) EffectiveMask:0  ProvisionalMask:0}
2023-02-02 12:27:34.038 Db locationd[34507:26d437] [com.apple.locationd.Core:Core] client, '[mobile]/Applications/Xcode.app/Contents/Developer/Platforms/iPhoneOS.platform/Library/Developer/CoreSimulator/Profiles/Runtimes/iOS.simruntime/Contents/Resources/RuntimeRoot/usr/libexec/brookcompaniond', app's client cnt, 1, active, 0, spectator, 0, batchEnabled, 0, desiredAccuracy, inf, distanceFilter, inf
2023-02-02 12:27:34.038 Db locationd[34507:26d437] [com.apple.locationd.Core:Core] currently 0 non-system location clients
2023-02-02 12:27:34.039 Df locationd[34507:26d437] [com.apple.locationd.Core:Core] {"msg":"#pla mark service inactive and try stop zone-monitoring", "Client":com.apple.locationd.executable-/Applications/Xcode.app/Contents/Developer/Platforms/iPhoneOS.platform/Library/Developer/CoreSimulator/Profiles/Runtimes/iOS.simruntime/Contents/Resources/RuntimeRoot/usr/libexec/brookcompaniond, "SpecifiedService":5, "ClientEntry":{
    SupportedAuthorizationMask = 1;
}}
2023-02-02 12:27:34.039 Db pkd[34552:26d463] [com.apple.launchservices:default] Got plist data 0x600002754380 for unit 7bc from database 0x12a008600
2023-02-02 12:27:34.039 Db locationd[34507:26d437] [com.apple.locationd.Core:Core] client, '[mobile]/Applications/Xcode.app/Contents/Developer/Platforms/iPhoneOS.platform/Library/Developer/CoreSimulator/Profiles/Runtimes/iOS.simruntime/Contents/Resources/RuntimeRoot/usr/libexec/brookcompaniond', app's client cnt, 1, active, 0
2023-02-02 12:27:34.039 Df locationd[34507:26d437] [com.apple.locationd.Core:Core] {"msg":"#pla mark service inactive and try stop zone-monitoring", "Client":com.apple.locationd.executable-/Applications/Xcode.app/Contents/Developer/Platforms/iPhoneOS.platform/Library/Developer/CoreSimulator/Profiles/Runtimes/iOS.simruntime/Contents/Resources/RuntimeRoot/usr/libexec/brookcompaniond, "SpecifiedService":2, "ClientEntry":{
    SupportedAuthorizationMask = 1;
}}
2023-02-02 12:27:34.039 Df locationd[34507:26d437] [com.apple.locationd.Core:Core] #Error no bundle ID or bundle path found - enabling background indicator [mobile]/Applications/Xcode.app/Contents/Developer/Platforms/iPhoneOS.platform/Library/Developer/CoreSimulator/Profiles/Runtimes/iOS.simruntime/Contents/Resources/RuntimeRoot/usr/libexec/brookcompaniond
2023-02-02 12:27:34.039 A  locationd[34507:26d437] CL: LocationManager/kCLConnectionMessageRegistration
2023-02-02 12:27:34.039 Df locationd[34507:26d437] [com.apple.locationd.Core:Client] {"msg":"LocationManager/kCLConnectionMessageRegistration", "event":activity, "this":"0x125b177b0", "registrationRequired":0, "registrationReceived":0}
2023-02-02 12:27:34.039 Db locationd[34507:26d437] [com.apple.launchservices:binding] BindingEvaluator::CreateWithBundleInfo(ID=, name=(null), CC=????, vers=(null))
2023-02-02 12:27:34.039 Db locationd[34507:26d437] [com.apple.launchservices:binding] BindingEvaluator::~BindingEvaluator(0x16f20d278)
2023-02-02 12:27:34.039 Db locationd[34507:26d437] [com.apple.launchservices:binding] Running evaluator 0x16f20d0b8
2023-02-02 12:27:34.039 Db locationd[34507:26d437] [com.apple.launchservices:binding] Adding user preferences
2023-02-02 12:27:34.039 Db locationd[34507:26d437] [com.apple.launchservices:binding] Adding weak binding
2023-02-02 12:27:34.039 Db locationd[34507:26d437] [com.apple.launchservices:binding] 0 bindings found
2023-02-02 12:27:34.039 A  assistantd[34489:26d60d] (CoreFoundation) Loading Preferences From User Session CFPrefsD
2023-02-02 12:27:34.039 Db locationd[34507:26d437] [com.apple.launchservices:binding] Truncating a list of bindings to max 1 known-good ones.
2023-02-02 12:27:34.039 Db locationd[34507:26d437] [com.apple.launchservices:binding] Adding and sorting bundles
2023-02-02 12:27:34.039 Db locationd[34507:26d437] [com.apple.launchservices:binding] 0 bindings found
2023-02-02 12:27:34.039 Db locationd[34507:26d437] [com.apple.launchservices:binding] Truncating a list of bindings to max 1 known-good ones.
2023-02-02 12:27:34.039 Db locationd[34507:26d437] [com.apple.launchservices:error] Constructing NSError NSOSStatusErrorDomain/-10814 at runEvaluator:1538
2023-02-02 12:27:34.039 Db locationd[34507:26d437] [com.apple.launchservices:binding] BindingEvaluator::~BindingEvaluator(0x16f20d0b8)
2023-02-02 12:27:34.039 Db pkd[34552:26d463] [com.apple.launchservices:default] Got plist data 0x600002750460 for unit b74 from database 0x12a008600
2023-02-02 12:27:34.039 Db locationd[34507:26d437] [com.apple.launchservices:binding] BindingEvaluator::~BindingEvaluator(0x16f20d320)
2023-02-02 12:27:34.039 Db locationd[34507:26d437] [com.apple.launchservices:error] Launch Services generated an error at runEvaluator:1538, converting to OSStatus -10814: Error Domain=NSOSStatusErrorDomain Code=-10814 "(null)" UserInfo={_LSLine=1538, _LSFunction=runEvaluator}
2023-02-02 12:27:34.039 Db locationd[34507:26d437] [com.apple.launchservices:binding] BindingEvaluator::CreateWithBundleInfo(ID=, name=(null), CC=????, vers=(null))
2023-02-02 12:27:34.039 Db locationd[34507:26d437] [com.apple.launchservices:binding] BindingEvaluator::~BindingEvaluator(0x16f20d278)
2023-02-02 12:27:34.039 Db locationd[34507:26d437] [com.apple.launchservices:binding] Running evaluator 0x16f20d0b8
2023-02-02 12:27:34.039 Db locationd[34507:26d437] [com.apple.launchservices:binding] Adding user preferences
2023-02-02 12:27:34.039 Db locationd[34507:26d437] [com.apple.launchservices:binding] Adding weak binding
2023-02-02 12:27:34.040 Db locationd[34507:26d437] [com.apple.launchservices:binding] 0 bindings found
2023-02-02 12:27:34.040 Db locationd[34507:26d437] [com.apple.launchservices:binding] Truncating a list of bindings to max 1 known-good ones.
2023-02-02 12:27:34.040 Db locationd[34507:26d437] [com.apple.launchservices:binding] Adding and sorting bundles
2023-02-02 12:27:34.040 Db locationd[34507:26d437] [com.apple.launchservices:binding] 0 bindings found
2023-02-02 12:27:34.040 Db locationd[34507:26d437] [com.apple.launchservices:binding] Truncating a list of bindings to max 1 known-good ones.
2023-02-02 12:27:34.040 Db locationd[34507:26d437] [com.apple.launchservices:error] Constructing NSError NSOSStatusErrorDomain/-10814 at runEvaluator:1538
2023-02-02 12:27:34.040 Db locationd[34507:26d437] [com.apple.launchservices:binding] BindingEvaluator::~BindingEvaluator(0x16f20d0b8)
2023-02-02 12:27:34.040 Db locationd[34507:26d437] [com.apple.launchservices:binding] BindingEvaluator::~BindingEvaluator(0x16f20d320)
2023-02-02 12:27:34.040 Db pkd[34552:26d463] [com.apple.launchservices:default] Got plist data 0x6000027547a0 for unit b7c from database 0x12a008600
2023-02-02 12:27:34.040 Db locationd[34507:26d437] [com.apple.launchservices:error] Launch Services generated an error at runEvaluator:1538, converting to OSStatus -10814: Error Domain=NSOSStatusErrorDomain Code=-10814 "(null)" UserInfo={_LSLine=1538, _LSFunction=runEvaluator}
2023-02-02 12:27:34.040 Db locationd[34507:26d437] [com.apple.launchservices:error] Constructing NSError NSOSStatusErrorDomain/-10814 at _LSPluginFindWithPlatformInfo:694
2023-02-02 12:27:34.040 Db locationd[34507:26d437] [com.apple.launchservices:error] Constructing NSError NSOSStatusErrorDomain/-10814 at _LSPluginFindWithPlatformInfo:699
2023-02-02 12:27:34.040 Db pkd[34552:26d463] [com.apple.launchservices:default] No extension point parent specified, returning first extension point found id: 4
2023-02-02 12:27:34.040 Db pkd[34552:26d463] [com.apple.launchservices:default] Got plist data 0x600002750460 for unit 648 from database 0x12a008600
2023-02-02 12:27:34.040 Db locationd[34507:26d437] [com.apple.LocationSupport:Connection] {"msg":"CLConnection::sendMessage", "name":LocationManager/kCLConnectionMessageRegistration}
2023-02-02 12:27:34.040 Df locationd[34507:26d437] [com.apple.locationd.Core:Client] [mobile]/Applications/Xcode.app/Contents/Developer/Platforms/iPhoneOS.platform/Library/Developer/CoreSimulator/Profiles/Runtimes/iOS.simruntime/Contents/Resources/RuntimeRoot/usr/libexec/brookcompaniond is creating a CLLocationManager, but does not have any NSLocation*UsageDescription keys
2023-02-02 12:27:34.040 Db pkd[34552:26d463] [com.apple.launchservices:default] Got plist data 0x600002754ba0 for unit c48 from database 0x12a008600
2023-02-02 12:27:34.040 Db locationd[34507:26d437] [com.apple.locationd.Core:Core] {"msg":"#pla no-eligible info-plist zones for registeration", "ClientKey":com.apple.locationd.executable-/Applications/Xcode.app/Contents/Developer/Platforms/iPhoneOS.platform/Library/Developer/CoreSimulator/Profiles/Runtimes/iOS.simruntime/Contents/Resources/RuntimeRoot/usr/libexec/brookcompaniond}
2023-02-02 12:27:34.040 Db locationd[34507:26d437] [com.apple.locationd.Core:Client] {"msg":"CLDaemonClient registered", "client":[mobile]/Applications/Xcode.app/Contents/Developer/Platforms/iPhoneOS.platform/Library/Developer/CoreSimulator/Profiles/Runtimes/iOS.simruntime/Contents/Resources/RuntimeRoot/usr/libexec/brookcompaniond, "tag":"0x125b177b0"}
2023-02-02 12:27:34.040 Db locationd[34507:26d437] [com.apple.locationd.Core:Client] PID 34782 either doesn't specify UIBackgroundModes, or SB timed out fetching them
2023-02-02 12:27:34.040 Db locationd[34507:26d437] [com.apple.LocationSupport:Connection] {"msg":"CLConnection::sendMessage", "name":kCLConnectionMessageAuthorizationStatus}
2023-02-02 12:27:34.040 I  locationd[34507:26d437] [com.apple.locationd.Core:Client] {"msg":"Creating subscription due to demand", "type":19CLFenceSubscription}
2023-02-02 12:27:34.040 Db locationd[34507:26d437] [com.apple.LocationSupport:Intersilo] {"msg":"Unavailable service requested", "RequestedServiceName":CLBTLEFenceManager}
2023-02-02 12:27:34.040 Db locationd[34507:26d437] [com.apple.LocationSupport:Intersilo] {"msg":"Looking up service identified by name", "ServiceName":CLBTLEFenceManager}
2023-02-02 12:27:34.040 Db locationd[34507:26d437] [com.apple.LocationSupport:Intersilo] {"msg":"Requested service not isSupported", "RequestedServiceName":CLBTLEFenceManager, "EffectiveServiceName":CLBTLEFenceManager}
2023-02-02 12:27:34.041 A  locationd[34507:26d437] CL: Incoming message
2023-02-02 12:27:34.041 Df locationd[34507:26d437] [com.apple.locationd.Core:Client] {"msg":"Incoming message", "event":activity, "name":kCLConnectionMessagePausesLocationUpdatesAutomatically, "this":"0x125b177b0", "registrationReceived":1}
2023-02-02 12:27:34.041 I  locationd[34507:26d437] [com.apple.locationd.Core:Client] {"msg":"Creating subscription due to demand", "type":22CLLocationSubscription}
2023-02-02 12:27:34.041 Db locationd[34507:26d437] [com.apple.defaults:User Defaults] found no value for key CLLocationSubscription.AutopauseThreshold in CFPrefsPlistSource<0x6000017e8280> (Domain: com.apple.locationd, User: kCFPreferencesCurrentUser, ByHost: No, Container: (null), Contents Need Refresh: No)
2023-02-02 12:27:34.041 Db locationd[34507:26d437] [com.apple.defaults:User Defaults] found no value for key ForceMapMatching in CFPrefsPlistSource<0x6000017e8280> (Domain: com.apple.locationd, User: kCFPreferencesCurrentUser, ByHost: No, Container: (null), Contents Need Refresh: No)
2023-02-02 12:27:34.041 Db locationd[34507:26d437] [com.apple.defaults:User Defaults] found no value for key AutoPauseOverride in CFPrefsPlistSource<0x6000017e8280> (Domain: com.apple.locationd, User: kCFPreferencesCurrentUser, ByHost: No, Container: (null), Contents Need Refresh: No)
2023-02-02 12:27:34.041 Db locationd[34507:26d437] [com.apple.locationd.Core:Client] {"msg":"PAUSE: Override AutoPause to None"}
2023-02-02 12:27:34.041 Db locationd[34507:26d437] [com.apple.defaults:User Defaults] found no value for key AutoPauseLogUI in CFPrefsPlistSource<0x6000017e8280> (Domain: com.apple.locationd, User: kCFPreferencesCurrentUser, ByHost: No, Container: (null), Contents Need Refresh: No)
2023-02-02 12:27:34.041 Db locationd[34507:26d437] [com.apple.defaults:User Defaults] found no value for key AutoPauseActivityType in CFPrefsPlistSource<0x6000017e8280> (Domain: com.apple.locationd, User: kCFPreferencesCurrentUser, ByHost: No, Container: (null), Contents Need Refresh: No)
2023-02-02 12:27:34.041 Db locationd[34507:26d437] [com.apple.locationd.Core:Client] {"msg":"PAUSE: activity type defaulted", "activity":0}
2023-02-02 12:27:34.041 Db locationd[34507:26d437] [com.apple.defaults:User Defaults] found no value for key EnableProactiveCompass in CFPrefsPlistSource<0x6000017e8280> (Domain: com.apple.locationd, User: kCFPreferencesCurrentUser, ByHost: No, Container: (null), Contents Need Refresh: No)
2023-02-02 12:27:34.041 Db locationd[34507:26d437] [com.apple.defaults:User Defaults] found no value for key ProactiveCompassStartDelay in CFPrefsPlistSource<0x6000017e8280> (Domain: com.apple.locationd, User: kCFPreferencesCurrentUser, ByHost: No, Container: (null), Contents Need Refresh: No)
2023-02-02 12:27:34.041 Df locationd[34507:26d437] [com.apple.locationd.Core:Client] Background indicator enabled for com.apple.locationd.executable-/Applications/Xcode.app/Contents/Developer/Platforms/iPhoneOS.platform/Library/Developer/CoreSimulator/Profiles/Runtimes/iOS.simruntime/Contents/Resources/RuntimeRoot/usr/libexec/brookcompaniond is now 1 (was 1)
2023-02-02 12:27:34.041 Db locationd[34507:26d437] [com.apple.locationd.Core:Client] {"msg":"Client is setting AutoPause", "client":[mobile]/Applications/Xcode.app/Contents/Developer/Platforms/iPhoneOS.platform/Library/Developer/CoreSimulator/Profiles/Runtimes/iOS.simruntime/Contents/Resources/RuntimeRoot/usr/libexec/brookcompaniond, "autopause":1}
2023-02-02 12:27:34.041 Db locationd[34507:26d437] [com.apple.locationd.Core:Client] PAUSE: '[mobile]/Applications/Xcode.app/Contents/Developer/Platforms/iPhoneOS.platform/Library/Developer/CoreSimulator/Profiles/Runtimes/iOS.simruntime/Contents/Resources/RuntimeRoot/usr/libexec/brookcompaniond' not a location client (0), or not authorized (0).
2023-02-02 12:27:34.041 Db locationd[34507:26d437] [com.apple.locationd.Core:Client] PAUSE: [mobile]/Applications/Xcode.app/Contents/Developer/Platforms/iPhoneOS.platform/Library/Developer/CoreSimulator/Profiles/Runtimes/iOS.simruntime/Contents/Resources/RuntimeRoot/usr/libexec/brookcompaniond (0x125d10090) changed from 0 to 0
2023-02-02 12:27:34.043 Db pkd[34552:26d463] [com.apple.launchservices:default] Got plist data 0x600002754ba0 for unit c50 from database 0x12a008600
2023-02-02 12:27:34.044 Db pkd[34552:26d463] [com.apple.launchservices:default] No extension point parent specified, returning first extension point found id: 472
2023-02-02 12:27:34.044 Db pkd[34552:26d463] [com.apple.launchservices:default] Got plist data 0x600002750e60 for unit 81c from database 0x12a008600
2023-02-02 12:27:34.044 Db pkd[34552:26d463] [com.apple.launchservices:default] Got plist data 0x6000027542a0 for unit c54 from database 0x12a008600
2023-02-02 12:27:34.044 Db pkd[34552:26d463] [com.apple.launchservices:default] Got plist data 0x600002751180 for unit c5c from database 0x12a008600
2023-02-02 12:27:34.045 Db pkd[34552:26d463] [com.apple.launchservices:default] No extension point parent specified, returning first extension point found id: 88
2023-02-02 12:27:34.045 Db pkd[34552:26d463] [com.apple.launchservices:default] Got plist data 0x600002751180 for unit 69c from database 0x12a008600
2023-02-02 12:27:34.045 Db pkd[34552:26d463] [com.apple.launchservices:default] Got plist data 0x600002754260 for unit c60 from database 0x12a008600
2023-02-02 12:27:34.046 Db pkd[34552:26d463] [com.apple.launchservices:default] Got plist data 0x6000027505a0 for unit c68 from database 0x12a008600
2023-02-02 12:27:34.050 Db Spotlight[34601:26d5a0] [com.apple.defaults:User Defaults] found no value for key UseNewAXBundleLoader in CFPrefsSearchListSource<0x60000388cb80> (Domain: com.apple.Accessibility, Container: (null))
2023-02-02 12:27:34.050 Db Spotlight[34601:26d5a0] [com.apple.defaults:User Defaults] found no value for key UseNewAXBundleLoader in CFPrefsSearchListSource<0x60000388cb80> (Domain: com.apple.Accessibility, Container: (null))
2023-02-02 12:27:34.062 Df mobileassetd[34554:26d446] [com.apple.mobileassetd:Notice] dataFillInstalledWithPurpose: Path to asset dir: /System/Library/AssetsV2/PreinstalledAssetsV2/InstallWithOs/com_apple_MobileAsset_Font7/b41566ffe4ed54c94a9f6eb50514a245 ... 27.asset
2023-02-02 12:27:34.062 Db mobileassetd[34554:26d446] [com.apple.mobileassetd:Debug] getPathToAssetWithPurpose: URL to asset: /System/Library/AssetsV2/PreinstalledAssetsV2/InstallWithOs/com_apple_MobileAsset_Font7/1e81f5214dcbf4b03419e4d3000ef2bb ... 1e.asset
2023-02-02 12:27:34.063 Db siriinferenced[34588:26d89b] [com.apple.CFBundle:strings] Bundle: CFBundle 0x132704880 </Applications/Xcode.app/Contents/Developer/Platforms/iPhoneOS.platform/Library/Developer/CoreSimulator/Profiles/Runtimes/iOS.simruntime/Contents/Resources/RuntimeRoot/System/Library/Frameworks/Foundation.framework> (not loaded), key: Err260.df, value: (null), table: FoundationErrors, localizationName: (null), result: Err260.df
2023-02-02 12:27:34.063 Db siriinferenced[34588:26d89b] [com.apple.CFBundle:strings] Bundle: CFBundle 0x132704880 </Applications/Xcode.app/Contents/Developer/Platforms/iPhoneOS.platform/Library/Developer/CoreSimulator/Profiles/Runtimes/iOS.simruntime/Contents/Resources/RuntimeRoot/System/Library/Frameworks/Foundation.framework> (not loaded), key: Err260.du, value: (null), table: FoundationErrors, localizationName: (null), result: Err260.du
2023-02-02 12:27:34.063 Db siriinferenced[34588:26d89b] [com.apple.CFBundle:strings] Bundle: CFBundle 0x132704880 </Applications/Xcode.app/Contents/Developer/Platforms/iPhoneOS.platform/Library/Developer/CoreSimulator/Profiles/Runtimes/iOS.simruntime/Contents/Resources/RuntimeRoot/System/Library/Frameworks/Foundation.framework> (not loaded), key: Err260.fu, value: (null), table: FoundationErrors, localizationName: (null), result: Err260.fu
2023-02-02 12:27:34.063 Db siriinferenced[34588:26d89b] [com.apple.CFBundle:strings] Bundle: CFBundle 0x132704880 </Applications/Xcode.app/Contents/Developer/Platforms/iPhoneOS.platform/Library/Developer/CoreSimulator/Profiles/Runtimes/iOS.simruntime/Contents/Resources/RuntimeRoot/System/Library/Frameworks/Foundation.framework> (not loaded), key: Err260.dv, value: (null), table: FoundationErrors, localizationName: (null), result: Err260.dv
2023-02-02 12:27:34.063 Db siriinferenced[34588:26d89b] [com.apple.CFBundle:strings] Bundle: CFBundle 0x132704880 </Applications/Xcode.app/Contents/Developer/Platforms/iPhoneOS.platform/Library/Developer/CoreSimulator/Profiles/Runtimes/iOS.simruntime/Contents/Resources/RuntimeRoot/System/Library/Frameworks/Foundation.framework> (not loaded), key: Err260.fv, value: (null), table: FoundationErrors, localizationName: (null), result: Err260.fv
2023-02-02 12:27:34.064 Db siriinferenced[34588:26d89b] [com.apple.CFBundle:strings] Bundle: CFBundle 0x132704880 </Applications/Xcode.app/Contents/Developer/Platforms/iPhoneOS.platform/Library/Developer/CoreSimulator/Profiles/Runtimes/iOS.simruntime/Contents/Resources/RuntimeRoot/System/Library/Frameworks/Foundation.framework> (not loaded), key: Err260.uv, value: (null), table: FoundationErrors, localizationName: (null), result: Err260.uv
2023-02-02 12:27:34.064 Db siriinferenced[34588:26d89b] [com.apple.CFBundle:strings] Bundle: CFBundle 0x132704880 </Applications/Xcode.app/Contents/Developer/Platforms/iPhoneOS.platform/Library/Developer/CoreSimulator/Profiles/Runtimes/iOS.simruntime/Contents/Resources/RuntimeRoot/System/Library/Frameworks/Foundation.framework> (not loaded), key: Err260.d, value: (null), table: FoundationErrors, localizationName: (null), result: Err260.d
2023-02-02 12:27:34.064 Db siriinferenced[34588:26d89b] [com.apple.CFBundle:strings] Bundle: CFBundle 0x132704880 </Applications/Xcode.app/Contents/Developer/Platforms/iPhoneOS.platform/Library/Developer/CoreSimulator/Profiles/Runtimes/iOS.simruntime/Contents/Resources/RuntimeRoot/System/Library/Frameworks/Foundation.framework> (not loaded), key: Err260.f, value: (null), table: FoundationErrors, localizationName: (null), result: The file â€œ%@â€ couldnâ€™t be opened because there is no such file.
2023-02-02 12:27:34.064 Db searchd[34676:26d857] [com.apple.spotlightindex:General] fsync time 0.000019 - /Users/ggard/Library/Developer/CoreSimulator/Devices/773105ED-D5BC-4800-A2E6-239ECE9FE9FA/data/Library/Spotlight/CoreSpotlight/NSFileProtectionCompleteUntilFirstUserAuthentication/index.spotlightV2/live.0.indexDirectory
2023-02-02 12:27:34.065 E  siriinferenced[34588:26d89b] [com.apple.siri.sirisuggestions:SiriSuggestionsCore] Unable to load bundle at: file:///Applications/Xcode.app/Contents/Developer/Platforms/iPhoneOS.platform/Library/Developer/CoreSimulator/Profiles/Runtimes/iOS.simruntime/Contents/Resources/RuntimeRoot/System/Library/Siri/DM/SiriSuggestions/Generators/. Error Domain=NSCocoaErrorDomain Code=260 "The file â€œGeneratorsâ€ couldnâ€™t be opened because there is no such file." UserInfo={NSURL=file:///Applications/Xcode.app/Contents/Developer/Platforms/iPhoneOS.platform/Library/Developer/CoreSimulator/Profiles/Runtimes/iOS.simruntime/Contents/Resources/RuntimeRoot/System/Library/Siri/DM/SiriSuggestions/Generators/, NSFilePath=/Applications/Xcode.app/Contents/Developer/Platforms/iPhoneOS.platform/Library/Developer/CoreSimulator/Profiles/Runtimes/iOS.simruntime/Contents/Resources/RuntimeRoot/System/Library/Siri/DM/SiriSuggestions/Generators, NSUnderlyingError=0x600002ea9f20 {Error Domain=NSPOSIXErrorDomain Code=2 "No such file or directory"}}
2023-02-02 12:27:34.065 I  siriinferenced[34588:26d89b] [com.apple.siri.sirisuggestions:SiriSuggestionsGenerator] Loading generators from bundle at: [file:///Applications/Xcode.app/Contents/Developer/Platforms/iPhoneOS.platform/Library/Developer/CoreSimulator/Profiles/Runtimes/iOS.simruntime/Contents/Resources/RuntimeRoot/System/Library/Siri/DM/SiriSuggestions/Generators/] with classes: []
2023-02-02 12:27:34.065 Db siriinferenced[34588:26d89b] [com.apple.siri.sirisuggestions:SiriSuggestionsPool] generator repos from [] loaded
2023-02-02 12:27:34.066 Df profiled[34667:26d888] [com.apple.ManagedConfiguration:MC] Using cached passcode compliance with restrictions
2023-02-02 12:27:34.066 Df profiled[34667:26d888] [com.apple.ManagedConfiguration:MC] Current passcode complies with restrictions. Removing nag.
2023-02-02 12:27:34.066 I  profiled[34667:26d888] [com.apple.ManagedConfiguration:MC] Finished recomputing nag message. Success: 1
2023-02-02 12:27:34.067 I  profiled[34667:26d888] [com.apple.ManagedConfiguration:Assertions] Releasing power assertion. Count: 1 -> 0.
2023-02-02 12:27:34.067 I  profiled[34667:26d888] [com.apple.ManagedConfiguration:Assertions] Releasing process assertion with reason: profiled-ApplyRestrictions
2023-02-02 12:27:34.067 Db cfprefsd[34522:26d3b9] [com.apple.defaults:cfprefsd] Process 34489 (assistantd) sent a request related to { com.apple.CFNetwork, user: mobile, kCFPreferencesAnyHost, /Users/ggard/Library/Developer/CoreSimulator/Devices/773105ED-D5BC-4800-A2E6-239ECE9FE9FA/data/Library/Preferences/com.apple.CFNetwork.plist, managed: 0 } (0x600000f1c990)
2023-02-02 12:27:34.067 Db cfprefsd[34522:26d3b9] [com.apple.defaults:cfprefsd] Couldn't open /Users/ggard/Library/Developer/CoreSimulator/Devices/773105ED-D5BC-4800-A2E6-239ECE9FE9FA/data/Library/Preferences/com.apple.CFNetwork.plist due to No such file or directory
2023-02-02 12:27:34.046 Db pkd[34552:26d463] [com.apple.launchservices:default] No extension point parent specified, returning first extension point found id: 376
2023-02-02 12:27:34.106 Db pkd[34552:26d463] [com.apple.launchservices:default] Got plist data 0x6000027505a0 for unit 7bc from database 0x12a008600
2023-02-02 12:27:34.120 Db pkd[34552:26d463] [com.apple.launchservices:default] Got plist data 0x6000027547e0 for unit c6c from database 0x12a008600
2023-02-02 12:27:34.127 Db pkd[34552:26d463] [com.apple.launchservices:default] Got plist data 0x6000027547e0 for unit c74 from database 0x12a008600
2023-02-02 12:27:34.128 Db pkd[34552:26d463] [com.apple.launchservices:default] No extension point parent specified, returning first extension point found id: 520
2023-02-02 12:27:34.128 Db pkd[34552:26d463] [com.apple.launchservices:default] Got plist data 0x600002751160 for unit 84c from database 0x12a008600
2023-02-02 12:27:34.133 Db pkd[34552:26d463] [com.apple.launchservices:default] Got plist data 0x600002754360 for unit c78 from database 0x12a008600
2023-02-02 12:27:34.133 Db pkd[34552:26d463] [com.apple.launchservices:default] Got plist data 0x6000027510e0 for unit c80 from database 0x12a008600
2023-02-02 12:27:34.133 Db pkd[34552:26d463] [com.apple.launchservices:default] No extension point parent specified, returning first extension point found id: 184
2023-02-02 12:27:34.133 Db pkd[34552:26d463] [com.apple.launchservices:default] Got plist data 0x600002750fa0 for unit 6fc from database 0x12a008600
2023-02-02 12:27:34.133 Db pkd[34552:26d463] [com.apple.launchservices:default] Got plist data 0x600002750760 for unit c88 from database 0x12a008600
2023-02-02 12:27:34.134 Db pkd[34552:26d463] [com.apple.launchservices:default] Got plist data 0x600002754320 for unit c90 from database 0x12a008600
2023-02-02 12:27:34.134 Db pkd[34552:26d463] [com.apple.launchservices:default] No extension point parent specified, returning first extension point found id: 196
2023-02-02 12:27:34.134 Db pkd[34552:26d463] [com.apple.launchservices:default] Got plist data 0x600002751180 for unit 708 from database 0x12a008600
2023-02-02 12:27:34.134 Db pkd[34552:26d463] [com.apple.launchservices:default] Got plist data 0x600002750fa0 for unit c94 from database 0x12a008600
2023-02-02 12:27:34.151 Df mobileassetd[34554:26d446] [com.apple.mobileassetd:Notice] dataFillInstalledWithPurpose: Path to asset dir: /System/Library/AssetsV2/PreinstalledAssetsV2/InstallWithOs/com_apple_MobileAsset_Font7/1e81f5214dcbf4b03419e4d3000ef2bb ... 1e.asset
2023-02-02 12:27:34.151 Db mobileassetd[34554:26d446] [com.apple.mobileassetd:Debug] getPathToAssetWithPurpose: URL to asset: /System/Library/AssetsV2/PreinstalledAssetsV2/InstallWithOs/com_apple_MobileAsset_Font7/6f1ae85adaf89dbf27fc10b9ccd91490 ... aa.asset
2023-02-02 12:27:34.152 Db searchd[34676:26d857] [com.apple.spotlightindex:General] fsync time 0.000022 - /Users/ggard/Library/Developer/CoreSimulator/Devices/773105ED-D5BC-4800-A2E6-239ECE9FE9FA/data/Library/Spotlight/CoreSpotlight/NSFileProtectionCompleteUntilFirstUserAuthentication/index.spotlightV2/live.0.indexCompactDirectory
2023-02-02 12:27:34.153 Db searchd[34676:26d857] [com.apple.spotlightindex:CI] sync pages (1, 1) took 0.000143 seconds
2023-02-02 12:27:34.153 Db searchd[34676:26d857] [com.apple.spotlightindex:General] fsync time 0.000008 - /Users/ggard/Library/Developer/CoreSimulator/Devices/773105ED-D5BC-4800-A2E6-239ECE9FE9FA/data/Library/Spotlight/CoreSpotlight/NSFileProtectionCompleteUntilFirstUserAuthentication/index.spotlightV2/live.0.indexArrays
2023-02-02 12:27:34.153 Db searchd[34676:26d857] [com.apple.spotlightindex:CI] syncTrie took 0.118746 seconds
2023-02-02 12:27:34.157 Db brookcompaniond[34782:26de15] [com.apple.locationd.Core:Client] {"msg":"-onClientEvent:supportInfo:", "event":1, "data":{
}}
2023-02-02 12:27:34.158 Db brookcompaniond[34782:26de15] [com.apple.locationd.Core:Client] {"msg":"-onClientEvent:supportInfo:", "event":27, "data":{
    kCLConnectionMessageAuthorizedForWidgetUpdatesKey = 0;
    kCLConnectionMessageCompensationKey = 0;
    kCLConnectionMessageStatusKey = 0;
}}
2023-02-02 12:27:34.158 Df brookcompaniond[34782:26de15] [com.apple.locationd.Core:Core] {"msg":"state transition", "event":state_transition, "state":LocationManager, "id":"0x6000032f4300", "property":limitsPrecision, "old":0, "new":0}
2023-02-02 12:27:34.158 Db parsecd[34810:26de3e] [com.apple.parsecd:Parsec_Connection] set effective visibility restriction for com.apple.siri.parsec.HashtagImagesApp to [AnyHashable("union"): {
    blockedAppBundleIDs =     {
        values =         (
            "com.apple.siri.parsec.HashtagImagesApp"
        );
    };
}]
2023-02-02 12:27:34.159 Df brookcompaniond[34782:26de15] [com.apple.locationd.Core:Core] {"msg":"state transition", "event":state_transition, "state":LocationManager, "id":"0x6000032f4300", "property":previousAuthorizationStatus, "old":0, "new":0}
