2023-02-02 12:33:53.446 Db SwiperFlatListExample[39825:274ac7] (CFNetwork) Connection 47: set is idle true
2023-02-02 12:33:53.446 Db SwiperFlatListExample[39825:275160] (AppleJPEG) [0x14591c000] Decoding: C0 0x026C026C 0x00003048 0x22111100 0x00000000 69604
2023-02-02 12:33:53.446 Df SwiperFlatListExample[39825:274f71] [com.apple.CFNetwork:Summary] Task <A3DA6562-C53A-458A-857D-948027E685BC>.<4> summary for task success {transaction_duration_ms=30, response_status=200, connection=46, protocol="http/1.1", domain_lookup_duration_ms=3, connect_duration_ms=11, secure_connection_duration_ms=0, private_relay=false, request_start_ms=28, request_duration_ms=0, response_start_ms=30, response_duration_ms=0, request_bytes=292, response_bytes=38736, cache_hit=false}
2023-02-02 12:33:53.446 Db SwiperFlatListExample[39825:275160] (AppleJPEG) [0x14591c000] Options: 1x-1 [FFFFFFFF,FFFFFFFF] 00054060
2023-02-02 12:33:53.446 Df SwiperFlatListExample[39825:274ac7] [com.apple.network:connection] [C47] event: client:connection_idle @0.022s
2023-02-02 12:33:53.446 Df SwiperFlatListExample[39825:274f71] (CFNetwork) Task <A3DA6562-C53A-458A-857D-948027E685BC>.<4> finished successfully
2023-02-02 12:33:53.446 Db SwiperFlatListExample[39825:274f71] [com.apple.network:activity] Returning should log: 0 for activity cfnetwork:foreground_task
2023-02-02 12:33:53.446 I  SwiperFlatListExample[39825:274ac7] [com.apple.network:connection] nw_endpoint_handler_report_connection_idle [C47 ::1.8081 ready parent-flow (satisfied (Path is satisfied), viable, interface: en0[802.11])] Reporting connection idle to protocols
2023-02-02 12:33:53.446 Db SwiperFlatListExample[39825:274f71] [com.apple.network:activity] No threshold for cfnetwork:foreground_task, returning NW_ACTIVITY_DURATION_INVALID
2023-02-02 12:33:53.446 I  SwiperFlatListExample[39825:274ac7] [com.apple.network:connection] nw_flow_passthrough_notify [C47.1.1 ::1.8081 ready socket-flow (satisfied (Path is satisfied), interface: lo0)] received notification connection_idle
2023-02-02 12:33:53.446 Db SwiperFlatListExample[39825:274f72] [com.apple.CoreAnalytics.event:send] com.apple.ImageIO.CGImageSourceCreateWithData {"bundleID":"org.reactjs.native.example.SwiperFlatListExample","eventName":"com.apple.ImageIO.CGImageSourceCreateWithData","fileFormat":"public.jpeg"}
2023-02-02 12:33:53.446 Db SwiperFlatListExample[39825:274f71] [com.apple.network:activity] No threshold for activity <nw_activity 12:2[3F2D00FC-50C8-4D9D-875E-2C885C9E0E54] (reporting strategy default) complete (reason success)>
2023-02-02 12:33:53.446 Db SwiperFlatListExample[39825:274f72] [com.apple.CoreAnalytics.event:send] com.apple.ImageIO.CGImageSourceCopyPropertiesAtIndex {"bundleID":"org.reactjs.native.example.SwiperFlatListExample","eventName":"com.apple.ImageIO.CGImageSourceCopyPropertiesAtIndex","fileFormat":"public.jpeg","index":0}
2023-02-02 12:33:53.446 Df SwiperFlatListExample[39825:274f71] [com.apple.CFNetwork:Summary] Task <73CF2152-7BFE-4185-8580-5CD7563ED3BF>.<5> summary for task success {transaction_duration_ms=29, response_status=200, connection=47, protocol="http/1.1", domain_lookup_duration_ms=2, connect_duration_ms=8, secure_connection_duration_ms=0, private_relay=false, request_start_ms=27, request_duration_ms=0, response_start_ms=29, response_duration_ms=0, request_bytes=288, response_bytes=27944, cache_hit=false}
2023-02-02 12:33:53.446 Db SwiperFlatListExample[39825:274f72] (AppleJPEG) [0x1449a8a00] Created session
2023-02-02 12:33:53.446 Df SwiperFlatListExample[39825:274f71] (CFNetwork) Task <73CF2152-7BFE-4185-8580-5CD7563ED3BF>.<5> finished successfully
2023-02-02 12:33:53.446 Db SwiperFlatListExample[39825:274f71] [com.apple.network:activity] Returning should log: 0 for activity cfnetwork:foreground_task
2023-02-02 12:33:53.446 Db SwiperFlatListExample[39825:275161] [com.apple.CoreAnalytics.event:send] com.apple.ImageIO.CGImageSourceCreateWithData {"bundleID":"org.reactjs.native.example.SwiperFlatListExample","eventName":"com.apple.ImageIO.CGImageSourceCreateWithData","fileFormat":"public.jpeg"}
2023-02-02 12:33:53.446 Db SwiperFlatListExample[39825:274f71] [com.apple.network:activity] No threshold for cfnetwork:foreground_task, returning NW_ACTIVITY_DURATION_INVALID
2023-02-02 12:33:53.446 Db SwiperFlatListExample[39825:275161] [com.apple.CoreAnalytics.event:send] com.apple.ImageIO.CGImageSourceCopyPropertiesAtIndex {"bundleID":"org.reactjs.native.example.SwiperFlatListExample","eventName":"com.apple.ImageIO.CGImageSourceCopyPropertiesAtIndex","fileFormat":"public.jpeg","index":0}
2023-02-02 12:33:53.446 Db SwiperFlatListExample[39825:274f71] [com.apple.network:activity] No threshold for activity <nw_activity 12:2[6613D7D2-106E-43C6-B27C-FDBCC59D70BE] (reporting strategy default) complete (reason success)>
2023-02-02 12:33:53.446 Db SwiperFlatListExample[39825:275161] (AppleJPEG) [0x145923c00] Created session
2023-02-02 12:33:53.446 Db SwiperFlatListExample[39825:274f72] [com.apple.CoreAnalytics.event:send] com.apple.ImageIO.CGImageSourceCreateThumbnailAtIndex {"bundleID":"org.reactjs.native.example.SwiperFlatListExample","eventName":"com.apple.ImageIO.CGImageSourceCreateThumbnailAtIndex","fileFormat":"public.jpeg","index":0}
2023-02-02 12:33:53.447 Db SwiperFlatListExample[39825:275160] (AppleJPEG) [0x14591c000] Decoding completed without errors
2023-02-02 12:33:53.447 Db SwiperFlatListExample[39825:274f72] (AppleJPEG) [0x1449b1200] Created session
2023-02-02 12:33:53.447 Db SwiperFlatListExample[39825:274f72] [com.apple.CoreAnalytics.event:send] com.apple.ImageIO.CGCopyImageBlockSetWithOptions {"bundleID":"org.reactjs.native.example.SwiperFlatListExample","eventName":"com.apple.ImageIO.CGCopyImageBlockSetWithOptions","fileFormat":"public.jpeg"}
2023-02-02 12:33:53.447 Db SwiperFlatListExample[39825:275160] (AppleJPEG) [0x14591c000] Releasing session
2023-02-02 12:33:53.447 Db SwiperFlatListExample[39825:274f72] (AppleJPEG) [0x1449b1200] Decoding: C2 0x023001A4 0x00003842 0x22111100 0x00000000 38431
2023-02-02 12:33:53.447 Db SwiperFlatListExample[39825:275160] (AppleJPEG) [0x1458f2200] Decoding: C0 0x026C026C 0x0000304A 0x22111100 0x00000000 69604
2023-02-02 12:33:53.447 Db SwiperFlatListExample[39825:274f72] (AppleJPEG) [0x1449b1200] Options: 560x420 [FFFFFFFF,FFFFFFFF] 0001D060
2023-02-02 12:33:53.447 Db SwiperFlatListExample[39825:275160] (AppleJPEG) [0x1458f2200] Options: 620x620 [FFFFFFFF,FFFFFFFF] 0001D060
2023-02-02 12:33:53.448 Db SwiperFlatListExample[39825:275161] [com.apple.CoreAnalytics.event:send] com.apple.ImageIO.CGImageSourceCreateThumbnailAtIndex {"bundleID":"org.reactjs.native.example.SwiperFlatListExample","eventName":"com.apple.ImageIO.CGImageSourceCreateThumbnailAtIndex","fileFormat":"public.jpeg","index":0}
2023-02-02 12:33:53.448 Db SwiperFlatListExample[39825:275161] (AppleJPEG) [0x14493ce00] Created session
2023-02-02 12:33:53.449 Db SwiperFlatListExample[39825:275160] (AppleJPEG) [0x1458f2200] Decoding completed without errors
2023-02-02 12:33:53.449 Db SwiperFlatListExample[39825:274f72] (AppleJPEG) [0x1449b1200] Decoding completed without errors
2023-02-02 12:33:53.450 Db SwiperFlatListExample[39825:275160] (AppleJPEG) [0x1458f2200] Releasing session
2023-02-02 12:33:53.450 Db SwiperFlatListExample[39825:275160] (AppleJPEG) [0x14524d000] Releasing session
2023-02-02 12:33:53.450 Db SwiperFlatListExample[39825:275161] [com.apple.CoreAnalytics.event:send] com.apple.ImageIO.CGCopyImageBlockSetWithOptions {"bundleID":"org.reactjs.native.example.SwiperFlatListExample","eventName":"com.apple.ImageIO.CGCopyImageBlockSetWithOptions","fileFormat":"public.jpeg"}
2023-02-02 12:33:53.450 Db SwiperFlatListExample[39825:275161] (AppleJPEG) [0x1449b5600] Created session
2023-02-02 12:33:53.450 Db SwiperFlatListExample[39825:275161] (AppleJPEG) [0x0] Releasing session
2023-02-02 12:33:53.450 Db SwiperFlatListExample[39825:275161] (AppleJPEG) [0x1449b5600] Decoding: C0 0x01C20152 0x00003048 0x22111100 0x00000000 27639
2023-02-02 12:33:53.450 Db SwiperFlatListExample[39825:275161] (AppleJPEG) [0x1449b5600] Options: 1x-1 [FFFFFFFF,FFFFFFFF] 00054060
2023-02-02 12:33:53.450 Db SwiperFlatListExample[39825:274f72] (AppleJPEG) [0x1449b1200] Releasing session
2023-02-02 12:33:53.450 Db SwiperFlatListExample[39825:274f72] (AppleJPEG) [0x1449a8a00] Releasing session
2023-02-02 12:33:53.450 Db SwiperFlatListExample[39825:275161] (AppleJPEG) [0x1449b5600] Decoding completed without errors
2023-02-02 12:33:53.451 Db SwiperFlatListExample[39825:275161] (AppleJPEG) [0x1449b5600] Releasing session
2023-02-02 12:33:53.451 Db SwiperFlatListExample[39825:275161] (AppleJPEG) [0x14493ce00] Decoding: C0 0x01C20152 0x0000304A 0x22111100 0x00000000 27639
2023-02-02 12:33:53.451 Db SwiperFlatListExample[39825:275161] (AppleJPEG) [0x14493ce00] Options: 450x338 [FFFFFFFF,FFFFFFFF] 0001D060
2023-02-02 12:33:53.451 Db SwiperFlatListExample[39825:275161] (AppleJPEG) [0x14493ce00] Decoding completed without errors
2023-02-02 12:33:53.452 Db SwiperFlatListExample[39825:275161] (AppleJPEG) [0x14493ce00] Releasing session
2023-02-02 12:33:53.452 Db SwiperFlatListExample[39825:275161] (AppleJPEG) [0x145923c00] Releasing session
2023-02-02 12:33:54.031 Db SwiperFlatListExample[39825:275168] [com.apple.network:connection] nw_endpoint_handler_add_write_request [C1 ::1.51128 ready parent-flow (satisfied (Path is satisfied), viable, interface: en0[802.11])] connected_child_handles_requests 0
2023-02-02 12:33:54.043 I  SwiperFlatListExample[39825:274a36] [com.wix.Detox:WebSocket] Action received: invoke
2023-02-02 12:33:54.151 Df SwiperFlatListExample[39825:274a36] [com.apple.UIKit:EventDispatch] Sending UIEvent type: 0; subtype: 0; to windows: 1
2023-02-02 12:33:54.151 Df SwiperFlatListExample[39825:274a36] [com.apple.UIKit:EventDispatch] Sending UIEvent type: 0; subtype: 0; to window: <UIWindow: 0x142f09fc0>; contextId: 0x3843356
2023-02-02 12:33:54.152 A  SwiperFlatListExample[39825:274a36] (UIKitCore) send gesture actions
2023-02-02 12:33:54.166 Df SwiperFlatListExample[39825:274a36] [com.apple.UIKit:EventDispatch] Sending UIEvent type: 0; subtype: 0; to windows: 1
2023-02-02 12:33:54.167 Df SwiperFlatListExample[39825:274a36] [com.apple.UIKit:EventDispatch] Sending UIEvent type: 0; subtype: 0; to window: <UIWindow: 0x142f09fc0>; contextId: 0x3843356
2023-02-02 12:33:54.167 A  SwiperFlatListExample[39825:274a36] (UIKitCore) send gesture actions
2023-02-02 12:33:54.555 Db SwiperFlatListExample[39825:275161] [com.apple.network:connection] nw_endpoint_handler_add_write_request [C1 ::1.51128 ready parent-flow (satisfied (Path is satisfied), viable, interface: en0[802.11])] connected_child_handles_requests 0
2023-02-02 12:33:54.556 I  SwiperFlatListExample[39825:274a36] [com.wix.Detox:WebSocket] Action received: invoke
2023-02-02 12:33:54.617 Df SwiperFlatListExample[39825:274a36] [com.apple.UIKit:EventDispatch] Sending UIEvent type: 0; subtype: 0; to windows: 1
2023-02-02 12:33:54.618 Df SwiperFlatListExample[39825:274a36] [com.apple.UIKit:EventDispatch] Sending UIEvent type: 0; subtype: 0; to window: <UIWindow: 0x142f09fc0>; contextId: 0x3843356
2023-02-02 12:33:54.618 A  SwiperFlatListExample[39825:274a36] (UIKitCore) send gesture actions
2023-02-02 12:33:54.634 Df SwiperFlatListExample[39825:274a36] [com.apple.UIKit:EventDispatch] Sending UIEvent type: 0; subtype: 0; to windows: 1
2023-02-02 12:33:54.634 Df SwiperFlatListExample[39825:274a36] [com.apple.UIKit:EventDispatch] Sending UIEvent type: 0; subtype: 0; to window: <UIWindow: 0x142f09fc0>; contextId: 0x3843356
2023-02-02 12:33:54.634 A  SwiperFlatListExample[39825:274a36] (UIKitCore) send gesture actions
2023-02-02 12:33:54.646 I  SwiperFlatListExample[39825:275153] [com.facebook.react.log:javascript] { index: 4, prevIndex: 0 }
2023-02-02 12:33:54.652 Db SwiperFlatListExample[39825:274a36] [com.apple.defaults:User Defaults] looked up value 1 for key RCTI18nUtil_makeRTLFlipLeftAndRightStyles in CFPrefsPlistSource<0x600000eb4780> (Domain: org.reactjs.native.example.SwiperFlatListExample, User: kCFPreferencesCurrentUser, ByHost: No, Container: (null), Contents Need Refresh: No) via CFPrefsSearchListSource<0x600000eac080> (Domain: org.reactjs.native.example.SwiperFlatListExample, Container: (null))
2023-02-02 12:33:54.652 Db SwiperFlatListExample[39825:274a36] [com.apple.defaults:User Defaults] looked up value 1 for key RCTI18nUtil_makeRTLFlipLeftAndRightStyles in CFPrefsPlistSource<0x600000eb4780> (Domain: org.reactjs.native.example.SwiperFlatListExample, User: kCFPreferencesCurrentUser, ByHost: No, Container: (null), Contents Need Refresh: No) via CFPrefsSearchListSource<0x600000eac080> (Domain: org.reactjs.native.example.SwiperFlatListExample, Container: (null))
2023-02-02 12:33:54.652 Db SwiperFlatListExample[39825:274a36] [com.apple.defaults:User Defaults] looked up value 1 for key RCTI18nUtil_makeRTLFlipLeftAndRightStyles in CFPrefsPlistSource<0x600000eb4780> (Domain: org.reactjs.native.example.SwiperFlatListExample, User: kCFPreferencesCurrentUser, ByHost: No, Container: (null), Contents Need Refresh: No) via CFPrefsSearchListSource<0x600000eac080> (Domain: org.reactjs.native.example.SwiperFlatListExample, Container: (null))
2023-02-02 12:33:54.652 Db SwiperFlatListExample[39825:274a36] [com.apple.defaults:User Defaults] looked up value 1 for key RCTI18nUtil_makeRTLFlipLeftAndRightStyles in CFPrefsPlistSource<0x600000eb4780> (Domain: org.reactjs.native.example.SwiperFlatListExample, User: kCFPreferencesCurrentUser, ByHost: No, Container: (null), Contents Need Refresh: No) via CFPrefsSearchListSource<0x600000eac080> (Domain: org.reactjs.native.example.SwiperFlatListExample, Container: (null))
2023-02-02 12:33:54.652 Db SwiperFlatListExample[39825:274a36] [com.apple.defaults:User Defaults] looked up value 1 for key RCTI18nUtil_makeRTLFlipLeftAndRightStyles in CFPrefsPlistSource<0x600000eb4780> (Domain: org.reactjs.native.example.SwiperFlatListExample, User: kCFPreferencesCurrentUser, ByHost: No, Container: (null), Contents Need Refresh: No) via CFPrefsSearchListSource<0x600000eac080> (Domain: org.reactjs.native.example.SwiperFlatListExample, Container: (null))
2023-02-02 12:33:54.652 Db SwiperFlatListExample[39825:274a36] [com.apple.defaults:User Defaults] looked up value 1 for key RCTI18nUtil_makeRTLFlipLeftAndRightStyles in CFPrefsPlistSource<0x600000eb4780> (Domain: org.reactjs.native.example.SwiperFlatListExample, User: kCFPreferencesCurrentUser, ByHost: No, Container: (null), Contents Need Refresh: No) via CFPrefsSearchListSource<0x600000eac080> (Domain: org.reactjs.native.example.SwiperFlatListExample, Container: (null))
2023-02-02 12:33:55.110 Db SwiperFlatListExample[39825:274a8a] [com.apple.network.libinfo:si_destination_compare] not prefering 1, dst1 min rtt 1.000000 < dst2 min rtt 1.218750, leeway 100 small leeway 10
2023-02-02 12:33:55.110 Db SwiperFlatListExample[39825:274a8a] [com.apple.network.libinfo:si_destination_compare] Rule 6, prefer d2, d2 precedence 50 > d1 precedence 35
2023-02-02 12:33:55.110 Db SwiperFlatListExample[39825:274a8a] [com.apple.network.libinfo:si_destination_compare] 127.0.0.1:8089@0 < ::1.8089@0
2023-02-02 12:33:55.341 Db SwiperFlatListExample[39825:274a36] [com.apple.defaults:User Defaults] looked up value 1 for key RCTI18nUtil_makeRTLFlipLeftAndRightStyles in CFPrefsPlistSource<0x600000eb4780> (Domain: org.reactjs.native.example.SwiperFlatListExample, User: kCFPreferencesCurrentUser, ByHost: No, Container: (null), Contents Need Refresh: No) via CFPrefsSearchListSource<0x600000eac080> (Domain: org.reactjs.native.example.SwiperFlatListExample, Container: (null))
2023-02-02 12:33:55.341 Db SwiperFlatListExample[39825:274a36] [com.apple.defaults:User Defaults] looked up value 1 for key RCTI18nUtil_makeRTLFlipLeftAndRightStyles in CFPrefsPlistSource<0x600000eb4780> (Domain: org.reactjs.native.example.SwiperFlatListExample, User: kCFPreferencesCurrentUser, ByHost: No, Container: (null), Contents Need Refresh: No) via CFPrefsSearchListSource<0x600000eac080> (Domain: org.reactjs.native.example.SwiperFlatListExample, Container: (null))
2023-02-02 12:33:55.341 Db SwiperFlatListExample[39825:274a36] [com.apple.defaults:User Defaults] looked up value 1 for key RCTI18nUtil_makeRTLFlipLeftAndRightStyles in CFPrefsPlistSource<0x600000eb4780> (Domain: org.reactjs.native.example.SwiperFlatListExample, User: kCFPreferencesCurrentUser, ByHost: No, Container: (null), Contents Need Refresh: No) via CFPrefsSearchListSource<0x600000eac080> (Domain: org.reactjs.native.example.SwiperFlatListExample, Container: (null))
2023-02-02 12:33:55.341 Db SwiperFlatListExample[39825:274a36] [com.apple.defaults:User Defaults] looked up value 1 for key RCTI18nUtil_makeRTLFlipLeftAndRightStyles in CFPrefsPlistSource<0x600000eb4780> (Domain: org.reactjs.native.example.SwiperFlatListExample, User: kCFPreferencesCurrentUser, ByHost: No, Container: (null), Contents Need Refresh: No) via CFPrefsSearchListSource<0x600000eac080> (Domain: org.reactjs.native.example.SwiperFlatListExample, Container: (null))
2023-02-02 12:33:55.341 Db SwiperFlatListExample[39825:274a36] [com.apple.defaults:User Defaults] looked up value 1 for key RCTI18nUtil_makeRTLFlipLeftAndRightStyles in CFPrefsPlistSource<0x600000eb4780> (Domain: org.reactjs.native.example.SwiperFlatListExample, User: kCFPreferencesCurrentUser, ByHost: No, Container: (null), Contents Need Refresh: No) via CFPrefsSearchListSource<0x600000eac080> (Domain: org.reactjs.native.example.SwiperFlatListExample, Container: (null))
2023-02-02 12:33:55.341 Db SwiperFlatListExample[39825:274a36] [com.apple.defaults:User Defaults] looked up value 1 for key RCTI18nUtil_makeRTLFlipLeftAndRightStyles in CFPrefsPlistSource<0x600000eb4780> (Domain: org.reactjs.native.example.SwiperFlatListExample, User: kCFPreferencesCurrentUser, ByHost: No, Container: (null), Contents Need Refresh: No) via CFPrefsSearchListSource<0x600000eac080> (Domain: org.reactjs.native.example.SwiperFlatListExample, Container: (null))
2023-02-02 12:33:56.038 Db SwiperFlatListExample[39825:275161] [com.apple.network:connection] nw_endpoint_handler_add_write_request [C1 ::1.51128 ready parent-flow (satisfied (Path is satisfied), viable, interface: en0[802.11])] connected_child_handles_requests 0
2023-02-02 12:33:56.041 I  SwiperFlatListExample[39825:274a36] [com.wix.Detox:WebSocket] Action received: invoke
2023-02-02 12:33:56.059 Db SwiperFlatListExample[39825:275168] [com.apple.network:connection] nw_endpoint_handler_add_write_request [C1 ::1.51128 ready parent-flow (satisfied (Path is satisfied), viable, interface: en0[802.11])] connected_child_handles_requests 0

