2023-02-02 12:33:53.417 Db SwiperFlatListExample[39825:274a36] [com.apple.defaults:User Defaults] looked up value 1 for key RCTI18nUtil_makeRTLFlipLeftAndRightStyles in CFPrefsPlistSource<0x600000eb4780> (Domain: org.reactjs.native.example.SwiperFlatListExample, User: kCFPreferencesCurrentUser, ByHost: No, Container: (null), Contents Need Refresh: No) via CFPrefsSearchListSource<0x600000eac080> (Domain: org.reactjs.native.example.SwiperFlatListExample, Container: (null))
2023-02-02 12:33:53.417 Db SwiperFlatListExample[39825:275160] [com.apple.network:connection] nw_endpoint_flow_attach_protocols [C45 localhost:8081 in_progress parent-flow (satisfied (Path is satisfied), viable, interface: en0[802.11])]
2023-02-02 12:33:53.417 Db SwiperFlatListExample[39825:275160] [com.apple.network:connection] nw_endpoint_flow_attach_protocols [C45 localhost:8081 in_progress parent-flow (satisfied (Path is satisfied), viable, interface: en0[802.11])] stopping after adding persistent application protocols
2023-02-02 12:33:53.417 Df SwiperFlatListExample[39825:275160] [com.apple.network:connection] [C45 localhost:8081 in_progress parent-flow (satisfied (Path is satisfied), viable, interface: en0[802.11])] event: flow:start_child @0.001s
2023-02-02 12:33:53.417 Df SwiperFlatListExample[39825:275160] [com.apple.network:connection] nw_connection_report_state_with_handler_on_nw_queue [C45] reporting state preparing
2023-02-02 12:33:53.417 I  SwiperFlatListExample[39825:275160] [com.apple.network:connection] nw_endpoint_handler_start [C45.1 localhost:8081 initial path ((null))]
2023-02-02 12:33:53.417 Db SwiperFlatListExample[39825:275160] [com.apple.network:connection] nw_endpoint_flow_receive_report [C45 localhost:8081 in_progress parent-flow (satisfied (Path is satisfied), viable, interface: en0[802.11])] received child report: [C45.1 localhost:8081 initial path ((null))]
2023-02-02 12:33:53.417 Df SwiperFlatListExample[39825:275160] [com.apple.network:connection] [C45.1 localhost:8081 initial path ((null))] event: path:start @0.001s
2023-02-02 12:33:53.417 Db SwiperFlatListExample[39825:275160] [com.apple.network:connection] nw_endpoint_handler_path_change [C45.1 localhost:8081 waiting path (satisfied (Path is satisfied), viable, interface: en0[802.11])]
2023-02-02 12:33:53.417 Db SwiperFlatListExample[39825:275160] [com.apple.network:connection] nw_endpoint_flow_receive_report [C45 localhost:8081 in_progress parent-flow (satisfied (Path is satisfied), viable, interface: en0[802.11])] received child report: [C45.1 localhost:8081 waiting path (satisfied (Path is satisfied), viable, interface: en0[802.11])]
2023-02-02 12:33:53.417 Df SwiperFlatListExample[39825:275160] [com.apple.network:connection] [C45.1 localhost:8081 waiting path (satisfied (Path is satisfied), viable, interface: en0[802.11])] event: path:satisfied @0.001s, uuid: 33441E4C-B776-4BC4-9AB8-5C4A16900B52
2023-02-02 12:33:53.417 Db SwiperFlatListExample[39825:275160] [com.apple.network:] nw_endpoint_proxy_handler_should_use_proxy Looking up proxy for hostname: localhost, ifindex: 0
2023-02-02 12:33:53.417 Db SwiperFlatListExample[39825:275160] [com.apple.SystemConfiguration:SCPreferences] create <SCPreferences 0x143910860 [0x1ba9afc60]> {name = SCDynamicStoreCopyProxiesWithOptions, id = /Library/Managed Preferences/mobile/com.apple.SystemConfiguration.plist, path = /Library/Managed Preferences/mobile/com.apple.SystemConfiguration.plist}
2023-02-02 12:33:53.417 Db SwiperFlatListExample[39825:275160] [com.apple.SystemConfiguration:SCPreferences] SCPreferences() access: /Library/Managed Preferences/mobile/com.apple.SystemConfiguration.plist, size=0
2023-02-02 12:33:53.418 Db SwiperFlatListExample[39825:275160] [com.apple.SystemConfiguration:SCPreferences] release <SCPreferences 0x143910860 [0x1ba9afc60]> {name = SCDynamicStoreCopyProxiesWithOptions, id = /Library/Managed Preferences/mobile/com.apple.SystemConfiguration.plist, path = /Library/Managed Preferences/mobile/com.apple.SystemConfiguration.plist, accessed}
2023-02-02 12:33:53.418 Db SwiperFlatListExample[39825:275160] [com.apple.network:connection] -[NWConcrete_nw_endpoint_resolver startWithHandler:] [C45.1 localhost:8081 waiting resolver (satisfied (Path is satisfied), viable, interface: en0[802.11])]
2023-02-02 12:33:53.418 Db SwiperFlatListExample[39825:275160] [com.apple.network:connection] nw_endpoint_flow_receive_report [C45 localhost:8081 in_progress parent-flow (satisfied (Path is satisfied), viable, interface: en0[802.11])] received child report: [C45.1 localhost:8081 in_progress resolver (satisfied (Path is satisfied), viable, interface: en0[802.11])]
2023-02-02 12:33:53.418 Df SwiperFlatListExample[39825:275160] [com.apple.network:connection] [C45.1 localhost:8081 in_progress resolver (satisfied (Path is satisfied), viable, interface: en0[802.11])] event: resolver:start_dns @0.001s
2023-02-02 12:33:53.419 I  SwiperFlatListExample[39825:275160] [com.apple.network:connection] nw_resolver_create_dns_service_locked [C45.1] Starting host resolution localhost:8081, flags 0xc000d000 proto 0
2023-02-02 12:33:53.420 Df SwiperFlatListExample[39825:275160] (CFNetwork) Task <80016274-C8CE-457C-AFF9-ED6031C3ACA1>.<3> setting up Connection 45
2023-02-02 12:33:53.420 Db SwiperFlatListExample[39825:275160] [com.apple.network:activity] Returning should log: 0 for activity cfnetwork:foreground_task
2023-02-02 12:33:53.420 Db SwiperFlatListExample[39825:275160] [com.apple.CFNetwork:ATS] Uploading ATS exception ATSAllowsLocalNetworking
2023-02-02 12:33:53.420 A  SwiperFlatListExample[39825:274f74] (Security) SecTrustReportNetworkingAnalytics
2023-02-02 12:33:53.420 I  SwiperFlatListExample[39825:275160] [com.apple.network:connection] nw_resolver_host_resolve_callback [C45.1] flags=0x40000003 ifindex=4294967295 error=NoError(0) hostname=localhost. addr=::1 ttl=1
2023-02-02 12:33:53.420 I  SwiperFlatListExample[39825:275160] [com.apple.network:connection] nw_resolver_host_resolve_callback [C45.1] flags=0x40000002 ifindex=4294967295 error=NoError(0) hostname=localhost. addr=127.0.0.1 ttl=1
2023-02-02 12:33:53.420 Db SwiperFlatListExample[39825:275160] [com.apple.network:] sa_dst_compare_rfc6724 Rule 6, prefer d2, d2 precedence 50 > d1 precedence 35
2023-02-02 12:33:53.420 Db SwiperFlatListExample[39825:275160] [com.apple.network:] sa_dst_compare_internal <private>@0 < <private>@0
2023-02-02 12:33:53.420 I  SwiperFlatListExample[39825:275160] [com.apple.network:connection] nw_resolver_create_prefer_connected_variant [C45.1] Prefer Connected: ::1.8081 is already the first endpoint
2023-02-02 12:33:53.420 Df SwiperFlatListExample[39825:275160] (CFNetwork) Task <43BD7B15-B283-4F5B-A4C6-E4663D4E0A79>.<2> received response, status 200 content C
2023-02-02 12:33:53.420 Df SwiperFlatListExample[39825:274f74] [com.apple.securityd:SecError] SecTrustReportNetworkingAnalytics failed with error: -4
2023-02-02 12:33:53.420 Df SwiperFlatListExample[39825:275160] (CFNetwork) Task <43BD7B15-B283-4F5B-A4C6-E4663D4E0A79>.<2> response ended
2023-02-02 12:33:53.420 Df SwiperFlatListExample[39825:275160] (CFNetwork) Task <43BD7B15-B283-4F5B-A4C6-E4663D4E0A79>.<2> done using Connection 44
2023-02-02 12:33:53.420 Db SwiperFlatListExample[39825:275160] [com.apple.network:activity] Returning should log: 0 for activity cfnetwork:foreground_task
2023-02-02 12:33:53.420 Db SwiperFlatListExample[39825:275160] (CFNetwork) Connection 44: set is idle true
2023-02-02 12:33:53.420 Df SwiperFlatListExample[39825:275160] [com.apple.network:connection] [C44] event: client:connection_idle @0.092s
2023-02-02 12:33:53.420 I  SwiperFlatListExample[39825:275160] [com.apple.network:connection] nw_endpoint_handler_report_connection_idle [C44 ::1.8081 ready parent-flow (satisfied (Path is satisfied), viable, interface: en0[802.11])] Reporting connection idle to protocols
2023-02-02 12:33:53.420 Df SwiperFlatListExample[39825:27515f] [com.apple.CFNetwork:Summary] Task <43BD7B15-B283-4F5B-A4C6-E4663D4E0A79>.<2> summary for task success {transaction_duration_ms=7, response_status=200, connection=44, reused=1, request_start_ms=1, request_duration_ms=0, response_start_ms=6, response_duration_ms=0, request_bytes=295, response_bytes=100941, cache_hit=false}
2023-02-02 12:33:53.420 I  SwiperFlatListExample[39825:275160] [com.apple.network:connection] nw_flow_passthrough_notify [C44.1.1 ::1.8081 ready socket-flow (satisfied (Path is satisfied), interface: lo0)] received notification connection_idle
2023-02-02 12:33:53.420 Df SwiperFlatListExample[39825:27515f] (CFNetwork) Task <43BD7B15-B283-4F5B-A4C6-E4663D4E0A79>.<2> finished successfully
2023-02-02 12:33:53.420 Db SwiperFlatListExample[39825:275160] [com.apple.network:connection] nw_endpoint_resolver_update [C45.1 localhost:8081 in_progress resolver (satisfied (Path is satisfied), viable, interface: en0[802.11])] resolver is complete
2023-02-02 12:33:53.420 Db SwiperFlatListExample[39825:27515f] [com.apple.network:activity] Returning should log: 0 for activity cfnetwork:foreground_task
2023-02-02 12:33:53.420 Db SwiperFlatListExample[39825:27515f] [com.apple.network:activity] No threshold for cfnetwork:foreground_task, returning NW_ACTIVITY_DURATION_INVALID
2023-02-02 12:33:53.421 Db SwiperFlatListExample[39825:27515f] [com.apple.network:activity] No threshold for activity <nw_activity 12:2[6050AE4F-B897-46F7-ACB6-CC6B3BE44417] (reporting strategy default) complete (reason success)>
2023-02-02 12:33:53.421 Db SwiperFlatListExample[39825:274ac7] [com.apple.CoreAnalytics.event:send] com.apple.ImageIO.CGImageSourceCreateWithData {"bundleID":"org.reactjs.native.example.SwiperFlatListExample","eventName":"com.apple.ImageIO.CGImageSourceCreateWithData","fileFormat":"public.jpeg"}
2023-02-02 12:33:53.420 Df SwiperFlatListExample[39825:275160] [com.apple.network:connection] nw_endpoint_resolver_update [C45.1 localhost:8081 in_progress resolver (satisfied (Path is satisfied), viable, interface: en0[802.11])] Adding endpoint handler for ::1.8081
2023-02-02 12:33:53.421 Db SwiperFlatListExample[39825:274ac7] [com.apple.CoreAnalytics.event:send] com.apple.ImageIO.CGImageSourceCopyPropertiesAtIndex {"bundleID":"org.reactjs.native.example.SwiperFlatListExample","eventName":"com.apple.ImageIO.CGImageSourceCopyPropertiesAtIndex","fileFormat":"public.jpeg","index":0}
2023-02-02 12:33:53.421 Df SwiperFlatListExample[39825:275160] [com.apple.network:connection] nw_endpoint_resolver_update [C45.1 localhost:8081 in_progress resolver (satisfied (Path is satisfied), viable, interface: en0[802.11])] Adding endpoint handler for 127.0.0.1:8081
2023-02-02 12:33:53.421 Db SwiperFlatListExample[39825:274ac7] (AppleJPEG) [0x1449b4a00] Created session
2023-02-02 12:33:53.421 Db SwiperFlatListExample[39825:275160] [com.apple.network:connection] nw_endpoint_resolver_update [C45.1 localhost:8081 in_progress resolver (satisfied (Path is satisfied), viable, interface: en0[802.11])] Updated endpoint list is (::1.8081,127.0.0.1:8081)
2023-02-02 12:33:53.421 Db SwiperFlatListExample[39825:275160] [com.apple.network:connection] nw_endpoint_flow_receive_report [C45 localhost:8081 in_progress parent-flow (satisfied (Path is satisfied), viable, interface: en0[802.11])] received child report: [C45.1 localhost:8081 in_progress resolver (satisfied (Path is satisfied), viable, interface: en0[802.11])]
2023-02-02 12:33:53.421 Df SwiperFlatListExample[39825:275160] [com.apple.network:connection] [C45.1 localhost:8081 in_progress resolver (satisfied (Path is satisfied), viable, interface: en0[802.11])] event: resolver:receive_dns @0.004s
2023-02-02 12:33:53.421 Db SwiperFlatListExample[39825:274ac7] [com.apple.CoreAnalytics.event:send] com.apple.ImageIO.CGImageSourceCreateThumbnailAtIndex {"bundleID":"org.reactjs.native.example.SwiperFlatListExample","eventName":"com.apple.ImageIO.CGImageSourceCreateThumbnailAtIndex","fileFormat":"public.jpeg","index":0}
2023-02-02 12:33:53.421 I  SwiperFlatListExample[39825:275160] [com.apple.network:connection] nw_connection_create_with_id [C46] create connection to Hostname#99141057:8081
2023-02-02 12:33:53.421 Db SwiperFlatListExample[39825:274ac7] (AppleJPEG) [0x1441d9e00] Created session
2023-02-02 12:33:53.421 Df SwiperFlatListExample[39825:275160] (CFNetwork) Connection 46: starting, TC(0x0)
2023-02-02 12:33:53.421 Df SwiperFlatListExample[39825:275160] [com.apple.network:connection] [C46 30D8E3B2-B285-4C8D-A1AD-A7B875AAF7E6 localhost:8081 tcp, url hash: 6717c0bd, definite, attribution: developer, context: com.apple.CFNetwork.NSURLSession.{D5DF6276-6B8D-438E-85DA-7BBDA55A7D00}{(null)}{Y}{2} (private), proc: 4B2D3039-C28E-3D3C-81E9-082DF9778677] start
2023-02-02 12:33:53.421 I  SwiperFlatListExample[39825:275160] [com.apple.network:connection] nw_endpoint_handler_start [C46 localhost:8081 initial parent-flow ((null))]
2023-02-02 12:33:53.421 Df SwiperFlatListExample[39825:275160] [com.apple.network:connection] [C46 localhost:8081 initial parent-flow ((null))] event: path:start @0.000s
2023-02-02 12:33:53.421 Db SwiperFlatListExample[39825:275160] [com.apple.network:connection] nw_endpoint_handler_path_change [C46 localhost:8081 waiting parent-flow (satisfied (Path is satisfied), viable, interface: en0[802.11])]
2023-02-02 12:33:53.421 Df SwiperFlatListExample[39825:275160] [com.apple.network:connection] [C46 localhost:8081 waiting parent-flow (satisfied (Path is satisfied), viable, interface: en0[802.11])] event: path:satisfied @0.000s, uuid: 33441E4C-B776-4BC4-9AB8-5C4A16900B52
2023-02-02 12:33:53.421 I  SwiperFlatListExample[39825:275160] [com.apple.network:connection] nw_connection_endpoint_report_on_nw_queue_block_invoke [C46 localhost:8081 waiting parent-flow (satisfied (Path is satisfied), viable, interface: en0[802.11])] skipping state update
2023-02-02 12:33:53.421 Db SwiperFlatListExample[39825:275160] [com.apple.network:] nw_endpoint_proxy_handler_should_use_proxy Looking up proxy for hostname: localhost, ifindex: 0
2023-02-02 12:33:53.421 Db SwiperFlatListExample[39825:274ac7] [com.apple.CoreAnalytics.event:send] com.apple.ImageIO.CGCopyImageBlockSetWithOptions {"bundleID":"org.reactjs.native.example.SwiperFlatListExample","eventName":"com.apple.ImageIO.CGCopyImageBlockSetWithOptions","fileFormat":"public.jpeg"}
2023-02-02 12:33:53.421 Db SwiperFlatListExample[39825:274ac7] (AppleJPEG) [0x145914800] Created session
2023-02-02 12:33:53.422 Db SwiperFlatListExample[39825:274ac7] (AppleJPEG) [0x0] Releasing session
2023-02-02 12:33:53.421 Db SwiperFlatListExample[39825:275160] [com.apple.SystemConfiguration:SCPreferences] create <SCPreferences 0x142fb10f0 [0x1ba9afc60]> {name = SCDynamicStoreCopyProxiesWithOptions, id = /Library/Managed Preferences/mobile/com.apple.SystemConfiguration.plist, path = /Library/Managed Preferences/mobile/com.apple.SystemConfiguration.plist}
2023-02-02 12:33:53.422 Db SwiperFlatListExample[39825:274ac7] (AppleJPEG) [0x145914800] Decoding: C0 0x022D01A1 0x00003048 0x22111100 0x00000000 100635
2023-02-02 12:33:53.422 Db SwiperFlatListExample[39825:274ac7] (AppleJPEG) [0x145914800] Options: 1x-1 [FFFFFFFF,FFFFFFFF] 00054060
2023-02-02 12:33:53.422 Db SwiperFlatListExample[39825:275160] [com.apple.SystemConfiguration:SCPreferences] SCPreferences() access: /Library/Managed Preferences/mobile/com.apple.SystemConfiguration.plist, size=0
2023-02-02 12:33:53.422 Db SwiperFlatListExample[39825:275160] [com.apple.SystemConfiguration:SCPreferences] release <SCPreferences 0x142fb10f0 [0x1ba9afc60]> {name = SCDynamicStoreCopyProxiesWithOptions, id = /Library/Managed Preferences/mobile/com.apple.SystemConfiguration.plist, path = /Library/Managed Preferences/mobile/com.apple.SystemConfiguration.plist, accessed}
2023-02-02 12:33:53.422 Db SwiperFlatListExample[39825:275160] [com.apple.network:connection] nw_endpoint_flow_attach_protocols [C46 localhost:8081 in_progress parent-flow (satisfied (Path is satisfied), viable, interface: en0[802.11])]
2023-02-02 12:33:53.422 Db SwiperFlatListExample[39825:275160] [com.apple.network:connection] nw_endpoint_flow_attach_protocols [C46 localhost:8081 in_progress parent-flow (satisfied (Path is satisfied), viable, interface: en0[802.11])] stopping after adding persistent application protocols
2023-02-02 12:33:53.422 Df SwiperFlatListExample[39825:275160] [com.apple.network:connection] [C46 localhost:8081 in_progress parent-flow (satisfied (Path is satisfied), viable, interface: en0[802.11])] event: flow:start_child @0.000s
2023-02-02 12:33:53.422 Df SwiperFlatListExample[39825:275160] [com.apple.network:connection] nw_connection_report_state_with_handler_on_nw_queue [C46] reporting state preparing
2023-02-02 12:33:53.422 I  SwiperFlatListExample[39825:275160] [com.apple.network:connection] nw_endpoint_handler_start [C46.1 localhost:8081 initial path ((null))]
2023-02-02 12:33:53.422 Db SwiperFlatListExample[39825:275160] [com.apple.network:connection] nw_endpoint_flow_receive_report [C46 localhost:8081 in_progress parent-flow (satisfied (Path is satisfied), viable, interface: en0[802.11])] received child report: [C46.1 localhost:8081 initial path ((null))]
2023-02-02 12:33:53.422 Df SwiperFlatListExample[39825:275160] [com.apple.network:connection] [C46.1 localhost:8081 initial path ((null))] event: path:start @0.000s
2023-02-02 12:33:53.422 Db SwiperFlatListExample[39825:275160] [com.apple.network:connection] nw_endpoint_handler_path_change [C46.1 localhost:8081 waiting path (satisfied (Path is satisfied), viable, interface: en0[802.11])]
2023-02-02 12:33:53.422 Db SwiperFlatListExample[39825:275160] [com.apple.network:connection] nw_endpoint_flow_receive_report [C46 localhost:8081 in_progress parent-flow (satisfied (Path is satisfied), viable, interface: en0[802.11])] received child report: [C46.1 localhost:8081 waiting path (satisfied (Path is satisfied), viable, interface: en0[802.11])]
2023-02-02 12:33:53.422 Df SwiperFlatListExample[39825:275160] [com.apple.network:connection] [C46.1 localhost:8081 waiting path (satisfied (Path is satisfied), viable, interface: en0[802.11])] event: path:satisfied @0.001s, uuid: 33441E4C-B776-4BC4-9AB8-5C4A16900B52
2023-02-02 12:33:53.422 Db SwiperFlatListExample[39825:275160] [com.apple.network:] nw_endpoint_proxy_handler_should_use_proxy Looking up proxy for hostname: localhost, ifindex: 0
2023-02-02 12:33:53.422 Db SwiperFlatListExample[39825:275160] [com.apple.SystemConfiguration:SCPreferences] create <SCPreferences 0x143bd0f10 [0x1ba9afc60]> {name = SCDynamicStoreCopyProxiesWithOptions, id = /Library/Managed Preferences/mobile/com.apple.SystemConfiguration.plist, path = /Library/Managed Preferences/mobile/com.apple.SystemConfiguration.plist}
2023-02-02 12:33:53.422 Db SwiperFlatListExample[39825:275160] [com.apple.SystemConfiguration:SCPreferences] SCPreferences() access: /Library/Managed Preferences/mobile/com.apple.SystemConfiguration.plist, size=0
2023-02-02 12:33:53.422 Db SwiperFlatListExample[39825:275160] [com.apple.SystemConfiguration:SCPreferences] release <SCPreferences 0x143bd0f10 [0x1ba9afc60]> {name = SCDynamicStoreCopyProxiesWithOptions, id = /Library/Managed Preferences/mobile/com.apple.SystemConfiguration.plist, path = /Library/Managed Preferences/mobile/com.apple.SystemConfiguration.plist, accessed}
2023-02-02 12:33:53.423 Db SwiperFlatListExample[39825:275160] [com.apple.network:connection] -[NWConcrete_nw_endpoint_resolver startWithHandler:] [C46.1 localhost:8081 waiting resolver (satisfied (Path is satisfied), viable, interface: en0[802.11])]
2023-02-02 12:33:53.423 Db SwiperFlatListExample[39825:275160] [com.apple.network:connection] nw_endpoint_flow_receive_report [C46 localhost:8081 in_progress parent-flow (satisfied (Path is satisfied), viable, interface: en0[802.11])] received child report: [C46.1 localhost:8081 in_progress resolver (satisfied (Path is satisfied), viable, interface: en0[802.11])]
2023-02-02 12:33:53.423 Df SwiperFlatListExample[39825:275160] [com.apple.network:connection] [C46.1 localhost:8081 in_progress resolver (satisfied (Path is satisfied), viable, interface: en0[802.11])] event: resolver:start_dns @0.001s
2023-02-02 12:33:53.423 Db SwiperFlatListExample[39825:274ac7] (AppleJPEG) [0x145914800] Decoding completed without errors
2023-02-02 12:33:53.423 I  SwiperFlatListExample[39825:275160] [com.apple.network:connection] nw_resolver_create_dns_service_locked [C46.1] Starting host resolution localhost:8081, flags 0xc000d000 proto 0
2023-02-02 12:33:53.423 Df SwiperFlatListExample[39825:275160] (CFNetwork) Task <A3DA6562-C53A-458A-857D-948027E685BC>.<4> setting up Connection 46
2023-02-02 12:33:53.423 Db SwiperFlatListExample[39825:275160] [com.apple.network:activity] Returning should log: 0 for activity cfnetwork:foreground_task
2023-02-02 12:33:53.423 I  SwiperFlatListExample[39825:275160] [com.apple.network:connection] nw_connection_create_with_id [C47] create connection to Hostname#99141057:8081
2023-02-02 12:33:53.423 Df SwiperFlatListExample[39825:275160] (CFNetwork) Connection 47: starting, TC(0x0)
2023-02-02 12:33:53.423 Df SwiperFlatListExample[39825:275160] [com.apple.network:connection] [C47 027A1D3F-2975-4E97-B295-3D87914DDED7 localhost:8081 tcp, url hash: 4022712c, definite, attribution: developer, context: com.apple.CFNetwork.NSURLSession.{D5DF6276-6B8D-438E-85DA-7BBDA55A7D00}{(null)}{Y}{2} (private), proc: 4B2D3039-C28E-3D3C-81E9-082DF9778677] start
2023-02-02 12:33:53.423 I  SwiperFlatListExample[39825:275160] [com.apple.network:connection] nw_endpoint_handler_start [C47 localhost:8081 initial parent-flow ((null))]
2023-02-02 12:33:53.423 Df SwiperFlatListExample[39825:275160] [com.apple.network:connection] [C47 localhost:8081 initial parent-flow ((null))] event: path:start @0.000s
2023-02-02 12:33:53.423 Db SwiperFlatListExample[39825:275160] [com.apple.network:connection] nw_endpoint_handler_path_change [C47 localhost:8081 waiting parent-flow (satisfied (Path is satisfied), viable, interface: en0[802.11])]
2023-02-02 12:33:53.423 Df SwiperFlatListExample[39825:275160] [com.apple.network:connection] [C47 localhost:8081 waiting parent-flow (satisfied (Path is satisfied), viable, interface: en0[802.11])] event: path:satisfied @0.000s, uuid: 33441E4C-B776-4BC4-9AB8-5C4A16900B52
2023-02-02 12:33:53.423 I  SwiperFlatListExample[39825:275160] [com.apple.network:connection] nw_connection_endpoint_report_on_nw_queue_block_invoke [C47 localhost:8081 waiting parent-flow (satisfied (Path is satisfied), viable, interface: en0[802.11])] skipping state update
2023-02-02 12:33:53.423 Db SwiperFlatListExample[39825:275160] [com.apple.network:] nw_endpoint_proxy_handler_should_use_proxy Looking up proxy for hostname: localhost, ifindex: 0
2023-02-02 12:33:53.423 Db SwiperFlatListExample[39825:275160] [com.apple.SystemConfiguration:SCPreferences] create <SCPreferences 0x143bd0f10 [0x1ba9afc60]> {name = SCDynamicStoreCopyProxiesWithOptions, id = /Library/Managed Preferences/mobile/com.apple.SystemConfiguration.plist, path = /Library/Managed Preferences/mobile/com.apple.SystemConfiguration.plist}
2023-02-02 12:33:53.423 Db SwiperFlatListExample[39825:275160] [com.apple.SystemConfiguration:SCPreferences] SCPreferences() access: /Library/Managed Preferences/mobile/com.apple.SystemConfiguration.plist, size=0
2023-02-02 12:33:53.423 Db SwiperFlatListExample[39825:274ac7] (AppleJPEG) [0x145914800] Releasing session
2023-02-02 12:33:53.423 Db SwiperFlatListExample[39825:275160] [com.apple.SystemConfiguration:SCPreferences] release <SCPreferences 0x143bd0f10 [0x1ba9afc60]> {name = SCDynamicStoreCopyProxiesWithOptions, id = /Library/Managed Preferences/mobile/com.apple.SystemConfiguration.plist, path = /Library/Managed Preferences/mobile/com.apple.SystemConfiguration.plist, accessed}
2023-02-02 12:33:53.424 Db SwiperFlatListExample[39825:274ac7] (AppleJPEG) [0x1441d9e00] Decoding: C0 0x022D01A1 0x0000304A 0x22111100 0x00000000 100635
2023-02-02 12:33:53.424 Db SwiperFlatListExample[39825:274ac7] (AppleJPEG) [0x1441d9e00] Options: 557x417 [FFFFFFFF,FFFFFFFF] 0001D060
2023-02-02 12:33:53.424 Db SwiperFlatListExample[39825:275160] [com.apple.network:connection] nw_endpoint_flow_attach_protocols [C47 localhost:8081 in_progress parent-flow (satisfied (Path is satisfied), viable, interface: en0[802.11])]
2023-02-02 12:33:53.424 Db SwiperFlatListExample[39825:275160] [com.apple.network:connection] nw_endpoint_flow_attach_protocols [C47 localhost:8081 in_progress parent-flow (satisfied (Path is satisfied), viable, interface: en0[802.11])] stopping after adding persistent application protocols
2023-02-02 12:33:53.424 Df SwiperFlatListExample[39825:275160] [com.apple.network:connection] [C47 localhost:8081 in_progress parent-flow (satisfied (Path is satisfied), viable, interface: en0[802.11])] event: flow:start_child @0.000s
2023-02-02 12:33:53.424 Df SwiperFlatListExample[39825:275160] [com.apple.network:connection] nw_connection_report_state_with_handler_on_nw_queue [C47] reporting state preparing
2023-02-02 12:33:53.424 I  SwiperFlatListExample[39825:275160] [com.apple.network:connection] nw_endpoint_handler_start [C47.1 localhost:8081 initial path ((null))]
2023-02-02 12:33:53.424 Db SwiperFlatListExample[39825:275160] [com.apple.network:connection] nw_endpoint_flow_receive_report [C47 localhost:8081 in_progress parent-flow (satisfied (Path is satisfied), viable, interface: en0[802.11])] received child report: [C47.1 localhost:8081 initial path ((null))]
2023-02-02 12:33:53.424 Df SwiperFlatListExample[39825:275160] [com.apple.network:connection] [C47.1 localhost:8081 initial path ((null))] event: path:start @0.000s
2023-02-02 12:33:53.424 Db SwiperFlatListExample[39825:275160] [com.apple.network:connection] nw_endpoint_handler_path_change [C47.1 localhost:8081 waiting path (satisfied (Path is satisfied), viable, interface: en0[802.11])]
2023-02-02 12:33:53.424 Db SwiperFlatListExample[39825:275160] [com.apple.network:connection] nw_endpoint_flow_receive_report [C47 localhost:8081 in_progress parent-flow (satisfied (Path is satisfied), viable, interface: en0[802.11])] received child report: [C47.1 localhost:8081 waiting path (satisfied (Path is satisfied), viable, interface: en0[802.11])]
2023-02-02 12:33:53.424 Df SwiperFlatListExample[39825:275160] [com.apple.network:connection] [C47.1 localhost:8081 waiting path (satisfied (Path is satisfied), viable, interface: en0[802.11])] event: path:satisfied @0.000s, uuid: 33441E4C-B776-4BC4-9AB8-5C4A16900B52
2023-02-02 12:33:53.424 Db SwiperFlatListExample[39825:275160] [com.apple.network:] nw_endpoint_proxy_handler_should_use_proxy Looking up proxy for hostname: localhost, ifindex: 0
2023-02-02 12:33:53.424 Db SwiperFlatListExample[39825:275160] [com.apple.SystemConfiguration:SCPreferences] create <SCPreferences 0x142dca180 [0x1ba9afc60]> {name = SCDynamicStoreCopyProxiesWithOptions, id = /Library/Managed Preferences/mobile/com.apple.SystemConfiguration.plist, path = /Library/Managed Preferences/mobile/com.apple.SystemConfiguration.plist}
2023-02-02 12:33:53.424 Db SwiperFlatListExample[39825:275160] [com.apple.SystemConfiguration:SCPreferences] SCPreferences() access: /Library/Managed Preferences/mobile/com.apple.SystemConfiguration.plist, size=0
2023-02-02 12:33:53.424 Db SwiperFlatListExample[39825:275160] [com.apple.SystemConfiguration:SCPreferences] release <SCPreferences 0x142dca180 [0x1ba9afc60]> {name = SCDynamicStoreCopyProxiesWithOptions, id = /Library/Managed Preferences/mobile/com.apple.SystemConfiguration.plist, path = /Library/Managed Preferences/mobile/com.apple.SystemConfiguration.plist, accessed}
2023-02-02 12:33:53.424 Db SwiperFlatListExample[39825:275160] [com.apple.network:connection] -[NWConcrete_nw_endpoint_resolver startWithHandler:] [C47.1 localhost:8081 waiting resolver (satisfied (Path is satisfied), viable, interface: en0[802.11])]
2023-02-02 12:33:53.424 Db SwiperFlatListExample[39825:275160] [com.apple.network:connection] nw_endpoint_flow_receive_report [C47 localhost:8081 in_progress parent-flow (satisfied (Path is satisfied), viable, interface: en0[802.11])] received child report: [C47.1 localhost:8081 in_progress resolver (satisfied (Path is satisfied), viable, interface: en0[802.11])]
2023-02-02 12:33:53.424 Df SwiperFlatListExample[39825:275160] [com.apple.network:connection] [C47.1 localhost:8081 in_progress resolver (satisfied (Path is satisfied), viable, interface: en0[802.11])] event: resolver:start_dns @0.001s
2023-02-02 12:33:53.425 I  SwiperFlatListExample[39825:275160] [com.apple.network:connection] nw_resolver_create_dns_service_locked [C47.1] Starting host resolution localhost:8081, flags 0xc000d000 proto 0
2023-02-02 12:33:53.425 Db SwiperFlatListExample[39825:274ac7] (AppleJPEG) [0x1441d9e00] Decoding completed without errors
2023-02-02 12:33:53.425 Df SwiperFlatListExample[39825:275160] (CFNetwork) Task <73CF2152-7BFE-4185-8580-5CD7563ED3BF>.<5> setting up Connection 47
2023-02-02 12:33:53.425 Db SwiperFlatListExample[39825:275160] [com.apple.network:activity] Returning should log: 0 for activity cfnetwork:foreground_task
2023-02-02 12:33:53.425 I  SwiperFlatListExample[39825:275160] [com.apple.network:connection] nw_endpoint_resolver_start_next_child [C45.1 localhost:8081 in_progress resolver (satisfied (Path is satisfied), viable, interface: en0[802.11])] starting child endpoint ::1.8081
2023-02-02 12:33:53.425 I  SwiperFlatListExample[39825:275160] [com.apple.network:connection] nw_endpoint_handler_start [C45.1.1 ::1.8081 initial path ((null))]
2023-02-02 12:33:53.425 Db SwiperFlatListExample[39825:275160] [com.apple.network:connection] nw_endpoint_resolver_receive_report [C45.1 localhost:8081 in_progress resolver (satisfied (Path is satisfied), viable, interface: en0[802.11])] received child report: [C45.1.1 ::1.8081 initial path ((null))]
2023-02-02 12:33:53.425 Db SwiperFlatListExample[39825:275160] [com.apple.network:connection] nw_endpoint_flow_receive_report [C45 localhost:8081 in_progress parent-flow (satisfied (Path is satisfied), viable, interface: en0[802.11])] received child report: [C45.1.1 ::1.8081 initial path ((null))]
2023-02-02 12:33:53.425 Df SwiperFlatListExample[39825:275160] [com.apple.network:connection] [C45.1.1 ::1.8081 initial path ((null))] event: path:start @0.009s
2023-02-02 12:33:53.425 Db SwiperFlatListExample[39825:275160] [com.apple.network:connection] nw_endpoint_handler_path_change [C45.1.1 ::1.8081 waiting path (satisfied (Path is satisfied), interface: lo0)]
2023-02-02 12:33:53.425 Db SwiperFlatListExample[39825:275160] [com.apple.network:connection] nw_endpoint_resolver_receive_report [C45.1 localhost:8081 in_progress resolver (satisfied (Path is satisfied), viable, interface: en0[802.11])] received child report: [C45.1.1 ::1.8081 waiting path (satisfied (Path is satisfied), interface: lo0)]
2023-02-02 12:33:53.425 Db SwiperFlatListExample[39825:275160] [com.apple.network:connection] nw_endpoint_flow_receive_report [C45 localhost:8081 in_progress parent-flow (satisfied (Path is satisfied), viable, interface: en0[802.11])] received child report: [C45.1.1 ::1.8081 waiting path (satisfied (Path is satisfied), interface: lo0)]
2023-02-02 12:33:53.425 Df SwiperFlatListExample[39825:275160] [com.apple.network:connection] [C45.1.1 ::1.8081 waiting path (satisfied (Path is satisfied), interface: lo0)] event: path:satisfied @0.009s, uuid: 49FD4BC5-3473-4CF3-AA8E-69A8955D4ED3
2023-02-02 12:33:53.425 Db SwiperFlatListExample[39825:275160] [com.apple.network:] nw_endpoint_proxy_handler_should_use_proxy Looking up proxy for hostname: <nil>, ifindex: 0
2023-02-02 12:33:53.425 Db SwiperFlatListExample[39825:275160] [com.apple.SystemConfiguration:SCPreferences] create <SCPreferences 0x14ae79820 [0x1ba9afc60]> {name = SCDynamicStoreCopyProxiesWithOptions, id = /Library/Managed Preferences/mobile/com.apple.SystemConfiguration.plist, path = /Library/Managed Preferences/mobile/com.apple.SystemConfiguration.plist}
2023-02-02 12:33:53.425 Db SwiperFlatListExample[39825:275160] [com.apple.SystemConfiguration:SCPreferences] SCPreferences() access: /Library/Managed Preferences/mobile/com.apple.SystemConfiguration.plist, size=0
2023-02-02 12:33:53.425 Db SwiperFlatListExample[39825:275160] [com.apple.SystemConfiguration:SCPreferences] release <SCPreferences 0x14ae79820 [0x1ba9afc60]> {name = SCDynamicStoreCopyProxiesWithOptions, id = /Library/Managed Preferences/mobile/com.apple.SystemConfiguration.plist, path = /Library/Managed Preferences/mobile/com.apple.SystemConfiguration.plist, accessed}
2023-02-02 12:33:53.425 Db SwiperFlatListExample[39825:274ac7] (AppleJPEG) [0x1441d9e00] Releasing session
2023-02-02 12:33:53.425 Db SwiperFlatListExample[39825:274ac7] (AppleJPEG) [0x1449b4a00] Releasing session
2023-02-02 12:33:53.425 I  SwiperFlatListExample[39825:275160] [com.apple.network:connection] nw_endpoint_flow_setup_protocols [C45.1.1 ::1.8081 in_progress socket-flow (satisfied (Path is satisfied), interface: lo0)] setup flow id 167F3C39-E171-4B57-BCB4-B2236F3C71BA
2023-02-02 12:33:53.425 Db SwiperFlatListExample[39825:275160] [com.apple.network:connection] nw_endpoint_flow_attach_protocols [C45.1.1 ::1.8081 in_progress socket-flow (satisfied (Path is satisfied), interface: lo0)]
2023-02-02 12:33:53.425 Db SwiperFlatListExample[39825:275160] [com.apple.network:connection] nw_endpoint_flow_attach_protocols_block_invoke [C45.1.1 ::1.8081 in_progress socket-flow (satisfied (Path is satisfied), interface: lo0)] Attached application protocol: CFNetworkConnection-3911579353
2023-02-02 12:33:53.426 Db SwiperFlatListExample[39825:275160] [com.apple.network:] nw_fd_wrapper_create Created <fd_wrapper 30, guarded: false>
2023-02-02 12:33:53.426 Db SwiperFlatListExample[39825:275160] [com.apple.network:connection] nw_endpoint_flow_attach_protocols [C45.1.1 ::1.8081 in_progress socket-flow (satisfied (Path is satisfied), interface: lo0)] Attached socket protocol
2023-02-02 12:33:53.426 Db SwiperFlatListExample[39825:275160] [com.apple.network:connection] nw_endpoint_flow_setup_protocols [C45.1.1 ::1.8081 in_progress socket-flow (satisfied (Path is satisfied), interface: lo0)] leaf flow starting
2023-02-02 12:33:53.426 Db SwiperFlatListExample[39825:275160] [com.apple.network:connection] nw_endpoint_resolver_receive_report [C45.1 localhost:8081 in_progress resolver (satisfied (Path is satisfied), viable, interface: en0[802.11])] received child report: [C45.1.1 ::1.8081 in_progress socket-flow (satisfied (Path is satisfied), interface: lo0)]
2023-02-02 12:33:53.426 Db SwiperFlatListExample[39825:275160] [com.apple.network:connection] nw_endpoint_flow_receive_report [C45 localhost:8081 in_progress parent-flow (satisfied (Path is satisfied), viable, interface: en0[802.11])] received child report: [C45.1.1 ::1.8081 in_progress socket-flow (satisfied (Path is satisfied), interface: lo0)]
2023-02-02 12:33:53.426 Df SwiperFlatListExample[39825:275160] [com.apple.network:connection] [C45.1.1 ::1.8081 in_progress socket-flow (satisfied (Path is satisfied), interface: lo0)] event: flow:start_connect @0.009s
2023-02-02 12:33:53.426 I  SwiperFlatListExample[39825:275160] [com.apple.network:connection] nw_endpoint_resolver_start_next_child [C45.1 localhost:8081 in_progress resolver (satisfied (Path is satisfied), viable, interface: en0[802.11])] starting next child endpoint in 2000ms
2023-02-02 12:33:53.426 I  SwiperFlatListExample[39825:275160] [com.apple.network:connection] nw_resolver_host_resolve_callback [C46.1] flags=0x40000003 ifindex=4294967295 error=NoError(0) hostname=localhost. addr=::1 ttl=1
2023-02-02 12:33:53.426 I  SwiperFlatListExample[39825:275160] [com.apple.network:connection] nw_resolver_host_resolve_callback [C46.1] flags=0x40000002 ifindex=4294967295 error=NoError(0) hostname=localhost. addr=127.0.0.1 ttl=1
2023-02-02 12:33:53.426 Db SwiperFlatListExample[39825:275160] [com.apple.network:] sa_dst_compare_rfc6724 Rule 6, prefer d2, d2 precedence 50 > d1 precedence 35
2023-02-02 12:33:53.426 Db SwiperFlatListExample[39825:275160] [com.apple.network:] sa_dst_compare_internal <private>@0 < <private>@0
2023-02-02 12:33:53.426 I  SwiperFlatListExample[39825:275160] [com.apple.network:connection] nw_resolver_create_prefer_connected_variant [C46.1] Prefer Connected: ::1.8081 is already the first endpoint
2023-02-02 12:33:53.426 I  SwiperFlatListExample[39825:275160] [com.apple.network:connection] nw_resolver_host_resolve_callback [C47.1] flags=0x40000003 ifindex=4294967295 error=NoError(0) hostname=localhost. addr=::1 ttl=1
2023-02-02 12:33:53.426 I  SwiperFlatListExample[39825:275160] [com.apple.network:connection] nw_resolver_host_resolve_callback [C47.1] flags=0x40000002 ifindex=4294967295 error=NoError(0) hostname=localhost. addr=127.0.0.1 ttl=1
2023-02-02 12:33:53.426 Db SwiperFlatListExample[39825:275160] [com.apple.network:] sa_dst_compare_rfc6724 Rule 6, prefer d2, d2 precedence 50 > d1 precedence 35
2023-02-02 12:33:53.426 Db SwiperFlatListExample[39825:275160] [com.apple.network:] sa_dst_compare_internal <private>@0 < <private>@0
2023-02-02 12:33:53.426 I  SwiperFlatListExample[39825:275160] [com.apple.network:connection] nw_resolver_create_prefer_connected_variant [C47.1] Prefer Connected: ::1.8081 is already the first endpoint
2023-02-02 12:33:53.426 Db SwiperFlatListExample[39825:275160] [com.apple.network:connection] nw_endpoint_resolver_update [C46.1 localhost:8081 in_progress resolver (satisfied (Path is satisfied), viable, interface: en0[802.11])] resolver is complete
2023-02-02 12:33:53.426 Df SwiperFlatListExample[39825:275160] [com.apple.network:connection] nw_endpoint_resolver_update [C46.1 localhost:8081 in_progress resolver (satisfied (Path is satisfied), viable, interface: en0[802.11])] Adding endpoint handler for ::1.8081
2023-02-02 12:33:53.426 Df SwiperFlatListExample[39825:275160] [com.apple.network:connection] nw_endpoint_resolver_update [C46.1 localhost:8081 in_progress resolver (satisfied (Path is satisfied), viable, interface: en0[802.11])] Adding endpoint handler for 127.0.0.1:8081
2023-02-02 12:33:53.426 Db SwiperFlatListExample[39825:275160] [com.apple.network:connection] nw_endpoint_resolver_update [C46.1 localhost:8081 in_progress resolver (satisfied (Path is satisfied), viable, interface: en0[802.11])] Updated endpoint list is (::1.8081,127.0.0.1:8081)
2023-02-02 12:33:53.426 Db SwiperFlatListExample[39825:275160] [com.apple.network:connection] nw_endpoint_flow_receive_report [C46 localhost:8081 in_progress parent-flow (satisfied (Path is satisfied), viable, interface: en0[802.11])] received child report: [C46.1 localhost:8081 in_progress resolver (satisfied (Path is satisfied), viable, interface: en0[802.11])]
2023-02-02 12:33:53.426 Df SwiperFlatListExample[39825:275160] [com.apple.network:connection] [C46.1 localhost:8081 in_progress resolver (satisfied (Path is satisfied), viable, interface: en0[802.11])] event: resolver:receive_dns @0.004s
2023-02-02 12:33:53.426 Db SwiperFlatListExample[39825:275160] [com.apple.network:connection] nw_endpoint_resolver_update [C47.1 localhost:8081 in_progress resolver (satisfied (Path is satisfied), viable, interface: en0[802.11])] resolver is complete
2023-02-02 12:33:53.426 Df SwiperFlatListExample[39825:275160] [com.apple.network:connection] nw_endpoint_resolver_update [C47.1 localhost:8081 in_progress resolver (satisfied (Path is satisfied), viable, interface: en0[802.11])] Adding endpoint handler for ::1.8081
2023-02-02 12:33:53.426 Df SwiperFlatListExample[39825:275160] [com.apple.network:connection] nw_endpoint_resolver_update [C47.1 localhost:8081 in_progress resolver (satisfied (Path is satisfied), viable, interface: en0[802.11])] Adding endpoint handler for 127.0.0.1:8081
2023-02-02 12:33:53.426 Db SwiperFlatListExample[39825:275160] [com.apple.network:connection] nw_endpoint_resolver_update [C47.1 localhost:8081 in_progress resolver (satisfied (Path is satisfied), viable, interface: en0[802.11])] Updated endpoint list is (::1.8081,127.0.0.1:8081)
2023-02-02 12:33:53.426 Db SwiperFlatListExample[39825:275160] [com.apple.network:connection] nw_endpoint_flow_receive_report [C47 localhost:8081 in_progress parent-flow (satisfied (Path is satisfied), viable, interface: en0[802.11])] received child report: [C47.1 localhost:8081 in_progress resolver (satisfied (Path is satisfied), viable, interface: en0[802.11])]
2023-02-02 12:33:53.426 Df SwiperFlatListExample[39825:275160] [com.apple.network:connection] [C47.1 localhost:8081 in_progress resolver (satisfied (Path is satisfied), viable, interface: en0[802.11])] event: resolver:receive_dns @0.003s
2023-02-02 12:33:53.426 I  SwiperFlatListExample[39825:275160] [com.apple.network:connection] nw_endpoint_resolver_start_next_child [C46.1 localhost:8081 in_progress resolver (satisfied (Path is satisfied), viable, interface: en0[802.11])] starting child endpoint ::1.8081
2023-02-02 12:33:53.426 I  SwiperFlatListExample[39825:275160] [com.apple.network:connection] nw_endpoint_handler_start [C46.1.1 ::1.8081 initial path ((null))]
2023-02-02 12:33:53.426 Db SwiperFlatListExample[39825:275160] [com.apple.network:connection] nw_endpoint_resolver_receive_report [C46.1 localhost:8081 in_progress resolver (satisfied (Path is satisfied), viable, interface: en0[802.11])] received child report: [C46.1.1 ::1.8081 initial path ((null))]
2023-02-02 12:33:53.426 Db SwiperFlatListExample[39825:275160] [com.apple.network:connection] nw_endpoint_flow_receive_report [C46 localhost:8081 in_progress parent-flow (satisfied (Path is satisfied), viable, interface: en0[802.11])] received child report: [C46.1.1 ::1.8081 initial path ((null))]
2023-02-02 12:33:53.426 Df SwiperFlatListExample[39825:275160] [com.apple.network:connection] [C46.1.1 ::1.8081 initial path ((null))] event: path:start @0.005s
2023-02-02 12:33:53.426 Db SwiperFlatListExample[39825:275160] [com.apple.network:connection] nw_endpoint_handler_path_change [C46.1.1 ::1.8081 waiting path (satisfied (Path is satisfied), interface: lo0)]
2023-02-02 12:33:53.427 Db SwiperFlatListExample[39825:275160] [com.apple.network:connection] nw_endpoint_resolver_receive_report [C46.1 localhost:8081 in_progress resolver (satisfied (Path is satisfied), viable, interface: en0[802.11])] received child report: [C46.1.1 ::1.8081 waiting path (satisfied (Path is satisfied), interface: lo0)]
2023-02-02 12:33:53.427 Db SwiperFlatListExample[39825:275160] [com.apple.network:connection] nw_endpoint_flow_receive_report [C46 localhost:8081 in_progress parent-flow (satisfied (Path is satisfied), viable, interface: en0[802.11])] received child report: [C46.1.1 ::1.8081 waiting path (satisfied (Path is satisfied), interface: lo0)]
2023-02-02 12:33:53.427 Df SwiperFlatListExample[39825:275160] [com.apple.network:connection] [C46.1.1 ::1.8081 waiting path (satisfied (Path is satisfied), interface: lo0)] event: path:satisfied @0.005s, uuid: 49FD4BC5-3473-4CF3-AA8E-69A8955D4ED3
2023-02-02 12:33:53.427 Db SwiperFlatListExample[39825:275160] [com.apple.network:] nw_endpoint_proxy_handler_should_use_proxy Looking up proxy for hostname: <nil>, ifindex: 0
2023-02-02 12:33:53.427 Db SwiperFlatListExample[39825:275160] [com.apple.SystemConfiguration:SCPreferences] create <SCPreferences 0x143911ef0 [0x1ba9afc60]> {name = SCDynamicStoreCopyProxiesWithOptions, id = /Library/Managed Preferences/mobile/com.apple.SystemConfiguration.plist, path = /Library/Managed Preferences/mobile/com.apple.SystemConfiguration.plist}
2023-02-02 12:33:53.427 Db SwiperFlatListExample[39825:275160] [com.apple.SystemConfiguration:SCPreferences] SCPreferences() access: /Library/Managed Preferences/mobile/com.apple.SystemConfiguration.plist, size=0
2023-02-02 12:33:53.427 Db SwiperFlatListExample[39825:275160] [com.apple.SystemConfiguration:SCPreferences] release <SCPreferences 0x143911ef0 [0x1ba9afc60]> {name = SCDynamicStoreCopyProxiesWithOptions, id = /Library/Managed Preferences/mobile/com.apple.SystemConfiguration.plist, path = /Library/Managed Preferences/mobile/com.apple.SystemConfiguration.plist, accessed}
2023-02-02 12:33:53.427 I  SwiperFlatListExample[39825:275160] [com.apple.network:connection] nw_endpoint_flow_setup_protocols [C46.1.1 ::1.8081 in_progress socket-flow (satisfied (Path is satisfied), interface: lo0)] setup flow id D47C4B16-1398-4EBD-8EB6-D604E144C28F
2023-02-02 12:33:53.427 Db SwiperFlatListExample[39825:275160] [com.apple.network:connection] nw_endpoint_flow_attach_protocols [C46.1.1 ::1.8081 in_progress socket-flow (satisfied (Path is satisfied), interface: lo0)]
2023-02-02 12:33:53.427 Db SwiperFlatListExample[39825:275160] [com.apple.network:connection] nw_endpoint_flow_attach_protocols_block_invoke [C46.1.1 ::1.8081 in_progress socket-flow (satisfied (Path is satisfied), interface: lo0)] Attached application protocol: CFNetworkConnection-3911579353
2023-02-02 12:33:53.430 Db SwiperFlatListExample[39825:275160] [com.apple.network:] nw_fd_wrapper_create Created <fd_wrapper 31, guarded: false>
2023-02-02 12:33:53.430 Db SwiperFlatListExample[39825:275160] [com.apple.network:connection] nw_endpoint_flow_attach_protocols [C46.1.1 ::1.8081 in_progress socket-flow (satisfied (Path is satisfied), interface: lo0)] Attached socket protocol
2023-02-02 12:33:53.430 Db SwiperFlatListExample[39825:275160] [com.apple.network:connection] nw_endpoint_flow_setup_protocols [C46.1.1 ::1.8081 in_progress socket-flow (satisfied (Path is satisfied), interface: lo0)] leaf flow starting
2023-02-02 12:33:53.430 Db SwiperFlatListExample[39825:275160] [com.apple.network:connection] nw_endpoint_resolver_receive_report [C46.1 localhost:8081 in_progress resolver (satisfied (Path is satisfied), viable, interface: en0[802.11])] received child report: [C46.1.1 ::1.8081 in_progress socket-flow (satisfied (Path is satisfied), interface: lo0)]
2023-02-02 12:33:53.430 Db SwiperFlatListExample[39825:275160] [com.apple.network:connection] nw_endpoint_flow_receive_report [C46 localhost:8081 in_progress parent-flow (satisfied (Path is satisfied), viable, interface: en0[802.11])] received child report: [C46.1.1 ::1.8081 in_progress socket-flow (satisfied (Path is satisfied), interface: lo0)]
2023-02-02 12:33:53.430 Df SwiperFlatListExample[39825:275160] [com.apple.network:connection] [C46.1.1 ::1.8081 in_progress socket-flow (satisfied (Path is satisfied), interface: lo0)] event: flow:start_connect @0.008s
2023-02-02 12:33:53.430 I  SwiperFlatListExample[39825:275160] [com.apple.network:connection] nw_endpoint_resolver_start_next_child [C46.1 localhost:8081 in_progress resolver (satisfied (Path is satisfied), viable, interface: en0[802.11])] starting next child endpoint in 2000ms
2023-02-02 12:33:53.430 I  SwiperFlatListExample[39825:275160] [com.apple.network:connection] nw_endpoint_resolver_start_next_child [C47.1 localhost:8081 in_progress resolver (satisfied (Path is satisfied), viable, interface: en0[802.11])] starting child endpoint ::1.8081
2023-02-02 12:33:53.430 I  SwiperFlatListExample[39825:275160] [com.apple.network:connection] nw_endpoint_handler_start [C47.1.1 ::1.8081 initial path ((null))]
2023-02-02 12:33:53.430 Db SwiperFlatListExample[39825:275160] [com.apple.network:connection] nw_endpoint_resolver_receive_report [C47.1 localhost:8081 in_progress resolver (satisfied (Path is satisfied), viable, interface: en0[802.11])] received child report: [C47.1.1 ::1.8081 initial path ((null))]
2023-02-02 12:33:53.430 Db SwiperFlatListExample[39825:275160] [com.apple.network:connection] nw_endpoint_flow_receive_report [C47 localhost:8081 in_progress parent-flow (satisfied (Path is satisfied), viable, interface: en0[802.11])] received child report: [C47.1.1 ::1.8081 initial path ((null))]
2023-02-02 12:33:53.430 Df SwiperFlatListExample[39825:275160] [com.apple.network:connection] [C47.1.1 ::1.8081 initial path ((null))] event: path:start @0.006s
2023-02-02 12:33:53.430 Db SwiperFlatListExample[39825:275160] [com.apple.network:connection] nw_endpoint_handler_path_change [C47.1.1 ::1.8081 waiting path (satisfied (Path is satisfied), interface: lo0)]
2023-02-02 12:33:53.430 Db SwiperFlatListExample[39825:275160] [com.apple.network:connection] nw_endpoint_resolver_receive_report [C47.1 localhost:8081 in_progress resolver (satisfied (Path is satisfied), viable, interface: en0[802.11])] received child report: [C47.1.1 ::1.8081 waiting path (satisfied (Path is satisfied), interface: lo0)]
2023-02-02 12:33:53.430 Db SwiperFlatListExample[39825:275160] [com.apple.network:connection] nw_endpoint_flow_receive_report [C47 localhost:8081 in_progress parent-flow (satisfied (Path is satisfied), viable, interface: en0[802.11])] received child report: [C47.1.1 ::1.8081 waiting path (satisfied (Path is satisfied), interface: lo0)]
2023-02-02 12:33:53.430 Df SwiperFlatListExample[39825:275160] [com.apple.network:connection] [C47.1.1 ::1.8081 waiting path (satisfied (Path is satisfied), interface: lo0)] event: path:satisfied @0.006s, uuid: 49FD4BC5-3473-4CF3-AA8E-69A8955D4ED3
2023-02-02 12:33:53.430 Db SwiperFlatListExample[39825:275160] [com.apple.network:] nw_endpoint_proxy_handler_should_use_proxy Looking up proxy for hostname: <nil>, ifindex: 0
2023-02-02 12:33:53.430 Db SwiperFlatListExample[39825:275160] [com.apple.SystemConfiguration:SCPreferences] create <SCPreferences 0x14ae6d850 [0x1ba9afc60]> {name = SCDynamicStoreCopyProxiesWithOptions, id = /Library/Managed Preferences/mobile/com.apple.SystemConfiguration.plist, path = /Library/Managed Preferences/mobile/com.apple.SystemConfiguration.plist}
2023-02-02 12:33:53.430 Db SwiperFlatListExample[39825:275160] [com.apple.SystemConfiguration:SCPreferences] SCPreferences() access: /Library/Managed Preferences/mobile/com.apple.SystemConfiguration.plist, size=0
