	Result        : file:///Applications/Xcode.app/Contents/Developer/Platforms/iPhoneOS.platform/Library/Developer/CoreSimulator/Profiles/Runtimes/iOS.simruntime/Contents/Resources/RuntimeRoot/System/Library/PrivateFrameworks/MapsSync.framework/DataModel_0_0_1.momd/
2023-02-02 12:27:33.179 Db parsecd[34810:26de3c] [com.apple.CFBundle:resources] Language lookup at CFBundle 0x155605540 </Applications/Xcode.app/Contents/Developer/Platforms/iPhoneOS.platform/Library/Developer/CoreSimulator/Profiles/Runtimes/iOS.simruntime/Contents/Resources/RuntimeRoot/System/Library/Frameworks/CFNetwork.framework> (framework, loaded)
	Localizations : [de, he, en_AU, ar, el, ja, en, uk, es_419, zh_CN, es, pt_BR, da, it, bg, sk, kk, pt_PT, ms, sv, cs, ko, no, hu, zh_HK, tr, pl, zh_TW, en_GB, vi, ru, fr_CA, fr, fi, id, nl, th, ro, hr, hi, ca]
	Dev language  : en
	User prefs    : [en]
	Main bundle   : [en]
	Allow mixed   : 0
	Result        : [en]
2023-02-02 12:27:33.181 Db amsengagementd[34571:26d7a1] [com.apple.amsengagementd:app-database] SQLDatabase: [269411FD_0] Closing database : /Users/ggard/Library/Developer/CoreSimulator/Devices/773105ED-D5BC-4800-A2E6-239ECE9FE9FA/data/Library/Caches/com.apple.AppleMediaServices/Engagement/treatments
2023-02-02 12:27:33.182 Db parsecd[34810:26de3e] [com.apple.containermanager:xpc] connection <0x600001fedcb0/1/0> created; cnt = 2
2023-02-02 12:27:33.184 Df mobileassetd[34554:26d446] [com.apple.mobileassetd:Notice] dataFillInstalledWithPurpose: Path to asset dir: /System/Library/AssetsV2/PreinstalledAssetsV2/InstallWithOs/com_apple_MobileAsset_Font7/1e0acd02113aaf334ff95fa9f36eb26c ... bb.asset
2023-02-02 12:27:33.184 Db companionappd[34780:26de38] [com.apple.IDS:Registration] Daemon disconnected, we'll need to reload accounts for service: com.apple.private.alloy.sockpuppet
2023-02-02 12:27:33.184 A  companionappd[34780:26de38] (IDS) Framework init with service, commands
2023-02-02 12:27:33.185 Df companionappd[34780:26de38] [com.apple.IDS:_IDSService] _IDSService - initing {self: 0x600001bc80b0, service: com.apple.private.alloy.sockpuppet.classd, commands: (null), manualAck: NO}
2023-02-02 12:27:33.185 Db mobileassetd[34554:26d446] [com.apple.mobileassetd:Debug] getPathToAssetWithPurpose: URL to asset: /System/Library/AssetsV2/PreinstalledAssetsV2/InstallWithOs/com_apple_MobileAsset_Font7/03c38cd33392f01b8c80ac933f177117 ... dc.asset
2023-02-02 12:27:33.186 Db companionappd[34780:26de38] [com.apple.IDS:Registration] Adding listener with ID A17353A3-FC2E-49D1-BA48-780152548759 topics com.apple.private.alloy.sockpuppet.classd
2023-02-02 12:27:33.186 Df companionappd[34780:26de38] [com.apple.IDS:Registration] XPC has informed us that a fatal error has occured, we will not be attempting to reconnect any further
2023-02-02 12:27:33.187 Db companionappd[34780:26de38] [com.apple.IDS:Registration] IDSAccountController created with service com.apple.private.alloy.sockpuppet.classd serviceToken A17353A3-FC2E-49D1-BA48-780152548759
2023-02-02 12:27:33.187 I  companionappd[34780:26de38] [com.apple.IDS:Registration] Couldn't find existing IDSAccountController adding new one <IDSAccountController: 0x600002ecc0d0>
2023-02-02 12:27:33.187 I  companionappd[34780:26de38] [com.apple.IDS:IDSAccountController]     com.apple.private.alloy.sockpuppet.classd -> 0x600002ecc0d0
2023-02-02 12:27:33.188 I  companionappd[34780:26de38] [com.apple.IDS:IDSAccountController]     com.apple.private.alloy.sockpuppet -> 0x600002ecc050
2023-02-02 12:27:33.187 Df brookcompaniond[34782:26db62] [com.apple.NanoRegistry:framework] Suspending registry operation queue.
2023-02-02 12:27:33.189 Db parsecd[34810:26de40] [com.apple.defaults:User Defaults] found no value for key bag.ab_test_2_week_zone_size in CFPrefsSearchListSource<0x600003fe4100> (Domain: com.apple.parsecd, Container: (null))
2023-02-02 12:27:33.189 Db parsec-fbf[34608:26d7ef] AtomicValue<FBFAssembly, BagURLProvider>.init
2023-02-02 12:27:33.189 A  parsec-fbf[34608:26d7ef] (libsystem_containermanager.dylib) container_create_or_lookup_app_group_path_by_app_group_identifier
2023-02-02 12:27:33.189 Db parsecd[34810:26de12] [com.apple.defaults:User Defaults] found no value for key bag.__refresh_disabled in CFPrefsSearchListSource<0x600003fe4100> (Domain: com.apple.parsecd, Container: (null))
2023-02-02 12:27:33.189 Df parsec-fbf[34608:26d7ef] [com.apple.containermanager:xpc] Requesting app group container lookup; identifier = group.com.apple.PegasusConfiguration, euid = 502, uid = 502, platform = 7
2023-02-02 12:27:33.190 Db parsecd[34810:26de12] [com.apple.defaults:User Defaults] found no value for key bag.__lastFetchedTime in CFPrefsSearchListSource<0x600003fe4100> (Domain: com.apple.parsecd, Container: (null))
2023-02-02 12:27:33.190 Db parsecd[34810:26de12] [com.apple.defaults:User Defaults] found no value for key bag.__minFetchInterval in CFPrefsSearchListSource<0x600003fe4100> (Domain: com.apple.parsecd, Container: (null))
2023-02-02 12:27:33.197 Db parsecd[34810:26de12] [com.apple.defaults:User Defaults] found no value for key bag.__bagurl in CFPrefsSearchListSource<0x600003fe4100> (Domain: com.apple.parsecd, Container: (null))
2023-02-02 12:27:33.198 Db parsecd[34810:26de12] [com.apple.defaults:User Defaults] found no value for key bag.__expiration in CFPrefsSearchListSource<0x600003fe4100> (Domain: com.apple.parsecd, Container: (null))
2023-02-02 12:27:33.202 Db parsecd[34810:26de3c] [com.apple.CFBundle:resources] Resource lookup at CFBundle 0x155605540 </Applications/Xcode.app/Contents/Developer/Platforms/iPhoneOS.platform/Library/Developer/CoreSimulator/Profiles/Runtimes/iOS.simruntime/Contents/Resources/RuntimeRoot/System/Library/Frameworks/CFNetwork.framework> (framework, loaded)
	Request       : InfoPlist type: loctable
	Result        : None
2023-02-02 12:27:33.202 Db parsecd[34810:26de3e] [com.apple.containermanager:xpc] connection <0x600001fedcb0/1/0> shared; cnt = 3
2023-02-02 12:27:33.202 Df amsengagementd[34571:26d7a1] [com.apple.amsengagementd:service] TreatmentStoreService: [269411FD_0] Fetched treatments ([:])
2023-02-02 12:27:33.203 Df mobileassetd[34554:26d446] [com.apple.mobileassetd:Notice] dataFillInstalledWithPurpose: Path to asset dir: /System/Library/AssetsV2/PreinstalledAssetsV2/InstallWithOs/com_apple_MobileAsset_Font7/03c38cd33392f01b8c80ac933f177117 ... dc.asset
2023-02-02 12:27:33.203 Db mobileassetd[34554:26d446] [com.apple.mobileassetd:Debug] getPathToAssetWithPurpose: URL to asset: /System/Library/AssetsV2/PreinstalledAssetsV2/InstallWithOs/com_apple_MobileAsset_Font7/3c1499c7ac0f9d15180fe704bcb92c99 ... c9.asset
2023-02-02 12:27:33.205 Db mapspushd[34818:26de27] [com.apple.defaults:User Defaults] found no value for key AppleLanguages in CFPrefsSearchListSource<0x600003d48980> (Domain: com.apple.Maps, Container: (null))
2023-02-02 12:27:33.205 I  mapspushd[34818:26de27] [com.apple.defaults:User Defaults] using backstop value (
    en
) to avoid returning NULL for key AppleLanguages in kCFPreferencesCurrentApplication
2023-02-02 12:27:33.206 Db mapspushd[34818:26de27] [com.apple.foundation:general] Lookup of 'AppleLocale' from current preferences failed (app preferences do not contain the key; falling back to generation via preferred languages)
2023-02-02 12:27:33.206 Db mapspushd[34818:26de27] [com.apple.foundation:general] Lookup of 'AppleLanguages' from current preferences failed (app preferences do not contain the key); likely falling back to default locale identifier as current
2023-02-02 12:27:33.206 Db mapspushd[34818:26de27] [com.apple.defaults:User Defaults] setting new value (
    en
) for key NSLanguages in CFPrefsSource<0x600000648d80> (Domain: Volatile, User: , ByHost: No, Container: , Contents Need Refresh: No)
2023-02-02 12:27:33.206 I  companionappd[34780:26db67] [com.apple.IDS:DaemonController] Request to block until connected
2023-02-02 12:27:33.206 I  companionappd[34780:26db67] [com.apple.IDS:DaemonController]  => Starting connect
2023-02-02 12:27:33.207 Df companionappd[34780:26db67] [com.apple.IDS:Registration] XPC has informed us that a fatal error has occured, we will not be attempting to reconnect any further
2023-02-02 12:27:33.207 I  companionappd[34780:26db67] [com.apple.IDS:DaemonController]  => No remote object, can't block
2023-02-02 12:27:33.208 A  companionappd[34780:26de38] (IDS) Framework Set Protobuf Action
2023-02-02 12:27:33.209 A  companionappd[34780:26de38] (IDS) Framework Set Protobuf Action
2023-02-02 12:27:33.209 Db mapspushd[34818:26de27] [com.apple.defaults:User Defaults] setting new value macintosh for key NSInterfaceStyle in CFPrefsSource<0x600000648d80> (Domain: Volatile, User: , ByHost: No, Container: , Contents Need Refresh: No)
2023-02-02 12:27:33.209 Db mapspushd[34818:26de27] [com.apple.defaults:User Defaults] setting new value (
    en
) for key AppleLanguages in CFPrefsSource<0x600000648d80> (Domain: Volatile, User: , ByHost: No, Container: , Contents Need Refresh: No)
2023-02-02 12:27:33.210 Db mapspushd[34818:26de27] [com.apple.defaults:User Defaults] found no value for key com.apple.CoreData.ConcurrencyDebug in CFPrefsSearchListSource<0x600003d48980> (Domain: com.apple.Maps, Container: (null))
2023-02-02 12:27:33.237 Db parsecd[34810:26de12] [com.apple.defaults:User Defaults] found no value for key bag.__refresh_disabled in CFPrefsSearchListSource<0x600003fe4100> (Domain: com.apple.parsecd, Container: (null))
2023-02-02 12:27:33.238 Db parsecd[34810:26de12] [com.apple.defaults:User Defaults] found no value for key bag.__lastFetchedTime in CFPrefsSearchListSource<0x600003fe4100> (Domain: com.apple.parsecd, Container: (null))
2023-02-02 12:27:33.238 Db parsecd[34810:26de12] [com.apple.defaults:User Defaults] found no value for key bag.__minFetchInterval in CFPrefsSearchListSource<0x600003fe4100> (Domain: com.apple.parsecd, Container: (null))
2023-02-02 12:27:33.238 Db parsecd[34810:26de12] [com.apple.defaults:User Defaults] found no value for key bag.__bagurl in CFPrefsSearchListSource<0x600003fe4100> (Domain: com.apple.parsecd, Container: (null))
2023-02-02 12:27:33.238 Db parsecd[34810:26de12] [com.apple.defaults:User Defaults] found no value for key bag.__expiration in CFPrefsSearchListSource<0x600003fe4100> (Domain: com.apple.parsecd, Container: (null))
2023-02-02 12:27:33.238 Db parsecd[34810:26de3c] [com.apple.CFBundle:resources] Resource lookup at CFBundle 0x155605540 </Applications/Xcode.app/Contents/Developer/Platforms/iPhoneOS.platform/Library/Developer/CoreSimulator/Profiles/Runtimes/iOS.simruntime/Contents/Resources/RuntimeRoot/System/Library/Frameworks/CFNetwork.framework> (framework, loaded)
	Request       : InfoPlist type: strings
	Result        : None
2023-02-02 12:27:33.238 Db parsecd[34810:26de12] [com.apple.PegasusConfiguration:config] Configuration changed
2023-02-02 12:27:33.238 I  parsecd[34810:26de12] [com.apple.parsecd:Parsec_Bag] New bag loaded
2023-02-02 12:27:33.239 Db parsecd[34810:26de12] [com.apple.parsecd:Parsec_DownloadManager] Received bag change notification
2023-02-02 12:27:33.239 Db parsecd[34810:26de3c] [com.apple.CFBundle:resources] Resource lookup at CFBundle 0x155605540 </Applications/Xcode.app/Contents/Developer/Platforms/iPhoneOS.platform/Library/Developer/CoreSimulator/Profiles/Runtimes/iOS.simruntime/Contents/Resources/RuntimeRoot/System/Library/Frameworks/CFNetwork.framework> (framework, loaded)
	Request       : InfoPlist type: stringsdict
	Result        : None
2023-02-02 12:27:33.239 Db parsecd[34810:26de12] [com.apple.defaults:User Defaults] found no value for key bag.last_1_hr in CFPrefsSearchListSource<0x600003fe4100> (Domain: com.apple.parsecd, Container: (null))
2023-02-02 12:27:33.240 Db parsecd[34810:26de12] [com.apple.defaults:User Defaults] found no value for key bag.last_1_day in CFPrefsSearchListSource<0x600003fe4100> (Domain: com.apple.parsecd, Container: (null))
2023-02-02 12:27:33.240 Db parsecd[34810:26de12] [com.apple.defaults:User Defaults] found no value for key bag.last_1_week in CFPrefsSearchListSource<0x600003fe4100> (Domain: com.apple.parsecd, Container: (null))
2023-02-02 12:27:33.240 Db parsecd[34810:26de12] [com.apple.defaults:User Defaults] found no value for key bag.last_1_month in CFPrefsSearchListSource<0x600003fe4100> (Domain: com.apple.parsecd, Container: (null))
2023-02-02 12:27:33.186 Db mapspushd[34818:26dc80] [com.apple.CFBundle:resources] Language lookup at CFBundle 0x14f604970 </Applications/Xcode.app/Contents/Developer/Platforms/iPhoneOS.platform/Library/Developer/CoreSimulator/Profiles/Runtimes/iOS.simruntime/Contents/Resources/RuntimeRoot/System/Library/PrivateFrameworks/MapsSupport.framework> (executable, loaded)
	Localizations : [de, he, en_AU, ar, el, ja, en, uk, es_419, zh_CN, es, da, it, bg, sk, kk, pt_PT, ms, sv, cs, en_IN, ko, yue_CN, no, hu, zh_HK, tr, pl, zh_TW, en_GB, vi, ru, fr_CA, fr, fi, id, nl, th, pt, ro, hr, hi, ca]
	Dev language  : English
	User prefs    : [en]
	Main bundle   : [<null>]
	Allow mixed   : 1
	Result        : [en]
2023-02-02 12:27:33.241 Db parsecd[34810:26de12] [com.apple.defaults:User Defaults] found no value for key bag.safari_all in CFPrefsSearchListSource<0x600003fe4100> (Domain: com.apple.parsecd, Container: (null))
2023-02-02 12:27:33.241 Db parsecd[34810:26de12] [com.apple.defaults:User Defaults] found no value for key bag.safari_recent in CFPrefsSearchListSource<0x600003fe4100> (Domain: com.apple.parsecd, Container: (null))
2023-02-02 12:27:33.241 Db parsecd[34810:26de12] [com.apple.defaults:User Defaults] found no value for key bag.safari_decay in CFPrefsSearchListSource<0x600003fe4100> (Domain: com.apple.parsecd, Container: (null))
2023-02-02 12:27:33.241 Db parsecd[34810:26de12] [com.apple.defaults:User Defaults] found no value for key bag.smart_search_v2_parameters in CFPrefsSearchListSource<0x600003fe4100> (Domain: com.apple.parsecd, Container: (null))
2023-02-02 12:27:33.241 Db parsecd[34810:26de12] [com.apple.defaults:User Defaults] found no value for key bag.smart_history_max_rows in CFPrefsSearchListSource<0x600003fe4100> (Domain: com.apple.parsecd, Container: (null))
2023-02-02 12:27:33.241 Db parsecd[34810:26de12] [com.apple.defaults:User Defaults] found no value for key bag.safari_smart_history_local_timeout in CFPrefsSearchListSource<0x600003fe4100> (Domain: com.apple.parsecd, Container: (null))
2023-02-02 12:27:33.241 Db parsecd[34810:26de12] [com.apple.defaults:User Defaults] found no value for key bag.__bagurl in CFPrefsSearchListSource<0x600003fe4100> (Domain: com.apple.parsecd, Container: (null))
2023-02-02 12:27:33.241 Db mapspushd[34818:26dc80] [com.apple.CFBundle:resources] Resource lookup at CFBundle 0x14f604970 </Applications/Xcode.app/Contents/Developer/Platforms/iPhoneOS.platform/Library/Developer/CoreSimulator/Profiles/Runtimes/iOS.simruntime/Contents/Resources/RuntimeRoot/System/Library/PrivateFrameworks/MapsSupport.framework> (executable, loaded)
	Request       : InfoPlist type: loctable
	Result        : None
2023-02-02 12:27:33.242 Db parsecd[34810:26de12] [parsec:ClientName] Couldn't find a match for regex in userAgent: news/1
2023-02-02 12:27:33.242 Db parsecd[34810:26de12] [parsec:ClientName] Allows matching abbreviated user agent. ClientName: news
2023-02-02 12:27:33.242 Db parsecd[34810:26de12] [com.apple.defaults:User Defaults] found no value for key bag.enabled in CFPrefsSearchListSource<0x600003fe4100> (Domain: com.apple.parsecd, Container: (null))
2023-02-02 12:27:33.242 Db mapspushd[34818:26dc80] [com.apple.CFBundle:resources] Resource lookup at CFBundle 0x14f604970 </Applications/Xcode.app/Contents/Developer/Platforms/iPhoneOS.platform/Library/Developer/CoreSimulator/Profiles/Runtimes/iOS.simruntime/Contents/Resources/RuntimeRoot/System/Library/PrivateFrameworks/MapsSupport.framework> (executable, loaded)
	Request       : InfoPlist type: strings
	Result        : file:///Applications/Xcode.app/Contents/Developer/Platforms/iPhoneOS.platform/Library/Developer/CoreSimulator/Profiles/Runtimes/iOS.simruntime/Contents/Resources/RuntimeRoot/System/Library/PrivateFrameworks/MapsSupport.framework/en.lproj/InfoPlist.strings
2023-02-02 12:27:33.242 Db mapspushd[34818:26dc80] [com.apple.CFBundle:resources] Resource lookup at CFBundle 0x14f604970 </Applications/Xcode.app/Contents/Developer/Platforms/iPhoneOS.platform/Library/Developer/CoreSimulator/Profiles/Runtimes/iOS.simruntime/Contents/Resources/RuntimeRoot/System/Library/PrivateFrameworks/MapsSupport.framework> (executable, loaded)
	Request       : InfoPlist type: stringsdict
	Result        : None
2023-02-02 12:27:33.242 Db parsecd[34810:26de12] [com.apple.defaults:User Defaults] found no value for key bag.__refresh_disabled in CFPrefsSearchListSource<0x600003fe4100> (Domain: com.apple.parsecd, Container: (null))
2023-02-02 12:27:33.243 Db parsecd[34810:26de12] [com.apple.defaults:User Defaults] found no value for key bag.__lastFetchedTime in CFPrefsSearchListSource<0x600003fe4100> (Domain: com.apple.parsecd, Container: (null))
2023-02-02 12:27:33.243 Db parsecd[34810:26de12] [com.apple.defaults:User Defaults] found no value for key bag.__minFetchInterval in CFPrefsSearchListSource<0x600003fe4100> (Domain: com.apple.parsecd, Container: (null))
2023-02-02 12:27:33.243 A  mapspushd[34818:26dc80] (CoreLocation) CL: _CLClientCreateConnection
2023-02-02 12:27:33.243 Df mapspushd[34818:26dc80] [com.apple.locationd.Core:Client] {"msg":"_CLClientCreateConnection", "event":activity, "client":"0x14f605930"}
2023-02-02 12:27:33.244 Db mapspushd[34818:26dc80] [com.apple.LocationSupport:Connection] Setting handler for message kCLConnectionMessageHeading
2023-02-02 12:27:33.243 Db ids_simd[34496:26d880] [com.apple.defaults:User Defaults] CFPrefsPlistSource<0x600001f48380> (Domain: ids_simd, User: kCFPreferencesCurrentUser, ByHost: No, Container: (null), Contents Need Refresh: No) skipping setting already-present value for key SimulatedNetworkRestrictions-com.apple.private.alloy.sockpuppet.classd
2023-02-02 12:27:33.245 Df ids_simd[34496:26d880] message send of data {
    ControlCmd = SetNetSimulationEnabledCmd;
    Enabled = 0;
    ServiceName = "com.apple.private.alloy.sockpuppet.classd";
} failed with error Error Domain=com.apple.idssimualtorsupport.errors Code=3 "No pair is active." UserInfo={NSLocalizedDescription=No pair is active.}
2023-02-02 12:27:33.245 A  mapspushd[34818:26dc80] (LocationSupport) CL: CLConnectionClient::sendMessage(cache)
2023-02-02 12:27:33.245 Db mapspushd[34818:26dc80] [com.apple.LocationSupport:Connection] {"msg":"CLConnectionClient::sendMessage(cache)", "event":activity}
2023-02-02 12:27:33.246 Df companionappd[34780:26de38] [com.apple.IDS:_IDSService] _IDSService - added delegate {self: 0x600001bcc0b0, serviceName com.apple.private.alloy.sockpuppet, listenerCaps 000001011010, delegates: 1, wantsPseudonymUpdates: NO}
2023-02-02 12:27:33.246 Df companionappd[34780:26de38] [com.apple.IDS:_IDSService] _IDSService - added delegate {self: 0x600001bc80b0, serviceName com.apple.private.alloy.sockpuppet.classd, listenerCaps 000001011010, delegates: 1, wantsPseudonymUpdates: NO}
2023-02-02 12:27:33.246 Db companionappd[34780:26de38] [com.apple.IDS:Registration] Daemon disconnected, we'll need to reload accounts for service: com.apple.private.alloy.sockpuppet
2023-02-02 12:27:33.246 Db companionappd[34780:26de38] [com.apple.IDS:Registration] Daemon disconnected, we'll need to reload accounts for service: com.apple.private.alloy.sockpuppet
2023-02-02 12:27:33.247 Db mapspushd[34818:26de27] [com.apple.defaults:User Defaults] found no value for key com.apple.CoreData.Logging.oslog in CFPrefsSearchListSource<0x600003d48980> (Domain: com.apple.Maps, Container: (null))
2023-02-02 12:27:33.247 Df mobileassetd[34554:26d446] [com.apple.mobileassetd:Notice] dataFillInstalledWithPurpose: Path to asset dir: /System/Library/AssetsV2/PreinstalledAssetsV2/InstallWithOs/com_apple_MobileAsset_Font7/3c1499c7ac0f9d15180fe704bcb92c99 ... c9.asset
2023-02-02 12:27:33.248 Db mobileassetd[34554:26d446] [com.apple.mobileassetd:Debug] getPathToAssetWithPurpose: URL to asset: /System/Library/AssetsV2/PreinstalledAssetsV2/InstallWithOs/com_apple_MobileAsset_Font7/4fb7d5636ff16b63826e4c3bdb532ad7 ... 50.asset
2023-02-02 12:27:33.248 Db mapspushd[34818:26de27] [com.apple.defaults:User Defaults] found no value for key com.apple.CoreData.Logging.stderr in CFPrefsSearchListSource<0x600003d48980> (Domain: com.apple.Maps, Container: (null))
2023-02-02 12:27:33.248 Db mapspushd[34818:26de27] [com.apple.defaults:User Defaults] found no value for key com.apple.CoreData.Toolchain.EnableToolchainBehaviors in CFPrefsSearchListSource<0x600003d48980> (Domain: com.apple.Maps, Container: (null))
2023-02-02 12:27:33.249 Db parsec-fbf[34608:26d7ef] [com.apple.containermanager:xpc] connection <0x6000033343c0/0/0> created; cnt = 2
2023-02-02 12:27:33.243 Db parsecd[34810:26de12] [com.apple.defaults:User Defaults] found no value for key bag.__bagurl in CFPrefsSearchListSource<0x600003fe4100> (Domain: com.apple.parsecd, Container: (null))
2023-02-02 12:27:33.250 Db parsecd[34810:26de12] [com.apple.defaults:User Defaults] found no value for key bag.__expiration in CFPrefsSearchListSource<0x600003fe4100> (Domain: com.apple.parsecd, Container: (null))
2023-02-02 12:27:33.250 Db mapspushd[34818:26de27] [com.apple.CFBundle:resources] Language lookup at CFBundle 0x14f605bf0 </Applications/Xcode.app/Contents/Developer/Platforms/iPhoneOS.platform/Library/Developer/CoreSimulator/Profiles/Runtimes/iOS.simruntime/Contents/Resources/RuntimeRoot/System/Library/PrivateFrameworks/MapsSync.framework/DataModel_0_0_1.momd> (not loaded)
	Localizations : []
	Dev language  : (null)
	User prefs    : [en]
	Main bundle   : [<null>]
	Allow mixed   : 1
	Result        : []
2023-02-02 12:27:33.250 Db mapspushd[34818:26de27] [com.apple.CFBundle:resources] Language lookup at CFBundle 0x14f605bf0 </Applications/Xcode.app/Contents/Developer/Platforms/iPhoneOS.platform/Library/Developer/CoreSimulator/Profiles/Runtimes/iOS.simruntime/Contents/Resources/RuntimeRoot/System/Library/PrivateFrameworks/MapsSync.framework/DataModel_0_0_1.momd> (not loaded)
	Localizations : []
	Dev language  : en_US
	User prefs    : [en]
	Main bundle   : [<null>]
	Allow mixed   : 1
	Result        : []
2023-02-02 12:27:33.250 Db mapspushd[34818:26de27] [com.apple.CFBundle:resources] Resource lookup at CFBundle 0x14f605bf0 </Applications/Xcode.app/Contents/Developer/Platforms/iPhoneOS.platform/Library/Developer/CoreSimulator/Profiles/Runtimes/iOS.simruntime/Contents/Resources/RuntimeRoot/System/Library/PrivateFrameworks/MapsSync.framework/DataModel_0_0_1.momd> (not loaded)
	Request       : VersionInfo type: plist
	Result        : file:///Applications/Xcode.app/Contents/Developer/Platforms/iPhoneOS.platform/Library/Developer/CoreSimulator/Profiles/Runtimes/iOS.simruntime/Contents/Resources/RuntimeRoot/System/Library/PrivateFrameworks/MapsSync.framework/DataModel_0_0_1.momd/VersionInfo.plist
2023-02-02 12:27:33.250 Db parsecd[34810:26de12] [com.apple.parsecd:Parsec_Connection] Sending Bag data
2023-02-02 12:27:33.251 Df mobileassetd[34554:26d446] [com.apple.mobileassetd:Notice] dataFillInstalledWithPurpose: Path to asset dir: /System/Library/AssetsV2/PreinstalledAssetsV2/InstallWithOs/com_apple_MobileAsset_Font7/4fb7d5636ff16b63826e4c3bdb532ad7 ... 50.asset
2023-02-02 12:27:33.251 Df parsecd[34810:26de12] [com.apple.AppleMediaServices:general] AMSTreatmentStore: [FC697E23] Fetched treatments: {
}
2023-02-02 12:27:33.252 Db parsecd[34810:26de12] [com.apple.defaults:User Defaults] found no value for key bag.ab_test_2_week_zone_size in CFPrefsSearchListSource<0x600003fe4100> (Domain: com.apple.parsecd, Container: (null))
2023-02-02 12:27:33.252 Db containermanagerd[34525:26d30f] [com.apple.containermanager:cache] [perPersonaClients] Cache hit: [0] <MCMClientIdentity: 0x600001394000; identifier = com.apple.parsecd, userIdentity = <MCMUserIdentity: 0x600002880080; posixUser = (502|unknown|/Users/ggard/Library/Developer/CoreSimulator/Devices/773105ED-D5BC-4800-A2E6-239ECE9FE9FA/data), identifier = 502>, posixUser = (502|unknown|/Users/ggard/Library/Developer/CoreSimulator/Devices/773105ED-D5BC-4800-A2E6-239ECE9FE9FA/data), posixPID = 34810, isSandboxed = 0, platform = 7, isSigned = YES, isSignatureValid = YES, isPlatformBinary = YES, sandboxContainerURL = [(null)], cached>
2023-02-02 12:27:33.252 Db containermanagerd[34525:26d30f] [com.apple.containermanager:query] message userIdentity: (null)
2023-02-02 12:27:33.252 Db containermanagerd[34525:26d30f] [com.apple.containermanager:query] userIdentity: (null)
2023-02-02 12:27:33.252 Db parsecd[34810:26de40] [com.apple.defaults:User Defaults] found no value for key bag.supported_geo_sources in CFPrefsSearchListSource<0x600003fe4100> (Domain: com.apple.parsecd, Container: (null))
2023-02-02 12:27:33.252 I  containermanagerd[34525:26d30f] [com.apple.containermanager:unspecified] createOrLookup; identity: <systemgroup.com.apple.configurationprofiles(13);<502/20/502/2/502>;pf7>, createIfNecessary: 1, platform: 7, transient: 0, privileged: 0, clientBundleIdentifier: com.apple.parsecd
2023-02-02 12:27:33.253 Db mapspushd[34818:26de41] [com.apple.LocationSupport:Connection] Creating connection
2023-02-02 12:27:33.253 A  mapspushd[34818:26de41] (LocationSupport) CL: Sending cached messages to daemon
2023-02-02 12:27:33.253 Df mapspushd[34818:26de41] [com.apple.LocationSupport:Connection] {"msg":"Sending cached messages to daemon", "event":activity}
2023-02-02 12:27:33.253 I  companionappd[34780:26db67] [com.apple.IDS:DaemonController] Request to block until connected
2023-02-02 12:27:33.254 I  companionappd[34780:26db67] [com.apple.IDS:DaemonController]  => Starting connect
2023-02-02 12:27:33.254 Df companionappd[34780:26db67] [com.apple.IDS:Registration] XPC has informed us that a fatal error has occured, we will not be attempting to reconnect any further
2023-02-02 12:27:33.254 I  companionappd[34780:26db67] [com.apple.IDS:DaemonController]  => No remote object, can't block
2023-02-02 12:27:33.254 Db companionappd[34780:26db67] [com.apple.IDS:Registration] <IDSDaemonListener: 0x600001dc80a0> accountDictionariesForService com.apple.private.alloy.sockpuppet.classd
2023-02-02 12:27:33.255 Db companionappd[34780:26db67] [com.apple.IDS:Registration] All accounts after first connection to daemon: (null)
2023-02-02 12:27:33.255 I  companionappd[34780:26db67] [com.apple.IDS:Accounts] Re-loading cached accounts for service: com.apple.private.alloy.sockpuppet.classd with dictionaries (null)
2023-02-02 12:27:33.255 Df companionappd[34780:26db67] [com.apple.IDS:Registration] <IDSDaemonListener: 0x600001dc80a0> enabledAccountsForService com.apple.private.alloy.sockpuppet.classd
2023-02-02 12:27:33.255 Db companionappd[34780:26db67] [com.apple.IDS:Registration] All enabledAccounts (null)
2023-02-02 12:27:33.255 Df companionappd[34780:26db67] [com.apple.IDS:IDSAccountController] Updating delegates of account changes
2023-02-02 12:27:33.253 Db searchd[34676:26d857] [com.apple.spotlight.SpotlightLinguistics:SpotlightLanguageModel] SILanguageModelPurge (every language ID)
2023-02-02 12:27:33.255 I  companionappd[34780:26db67] [com.apple.IDS:DaemonController] Request to block until connected
2023-02-02 12:27:33.255 I  companionappd[34780:26db67] [com.apple.IDS:DaemonController]  => Starting connect
2023-02-02 12:27:33.255 Df companionappd[34780:26db67] [com.apple.IDS:Registration] XPC has informed us that a fatal error has occured, we will not be attempting to reconnect any further
2023-02-02 12:27:33.255 I  companionappd[34780:26db67] [com.apple.IDS:DaemonController]  => No remote object, can't block
2023-02-02 12:27:33.256 A  companionappd[34780:26db67] (IDS) Framework Send Protobuf
2023-02-02 12:27:33.256 Df companionappd[34780:26db67] [com.apple.Transport:_IDSService] !setState priority=200
2023-02-02 12:27:33.256 Df companionappd[34780:26db67] [com.apple.Transport:_IDSService] !setState guid=(null)
2023-02-02 12:27:33.256 Df companionappd[34780:26db67] [com.apple.Transport:_IDSService] !setState destination=__IDS_DEFAULT_PAIRED_DEVICE__
2023-02-02 12:27:33.255 Db parsec-fbf[34608:26d7ef] [com.apple.containermanager:xpc] connection <0x6000033343c0/0/0> shared; cnt = 3
2023-02-02 12:27:33.256 Db parsecd[34810:26de3c] [com.apple.defaults:User Defaults] looked up value (
    en
) for key AppleLanguages in CFPrefsSource<0x6000004e0a00> (Domain: Volatile, User: , ByHost: No, Container: , Contents Need Refresh: No) via CFPrefsSearchListSource<0x600003fe4100> (Domain: com.apple.parsecd, Container: (null))
2023-02-02 12:27:33.257 Df companionappd[34780:26db67] [com.apple.watchkit:default] -[SPTransport _sendProtobuf:sender:timeOut:securityType:retryExpiration:tryGeneration:withCompletion:]:597: sent message with identifier 7F08A2BE-B83B-4B9C-9E6E-70FCFC20826A for com.apple.companionappd on insecure service
2023-02-02 12:27:33.257 Df companionappd[34780:26db67] [com.apple.watchkit:default] -[SPCompanionAppServer sendFirstUnlockStatusToGizmo]:628: unlocked=1
2023-02-02 12:27:33.258 Db companionappd[34780:26db67] [com.apple.watchkit:default] -[SPTransport _sendProtobuf:sender:timeOut:securityType:retryExpiration:tryGeneration:withCompletion:]:577: # # # #  [125102.560118] size=39
2023-02-02 12:27:33.258 I  companionappd[34780:26db67] [com.apple.IDS:DaemonController] Request to block until connected
2023-02-02 12:27:33.258 I  companionappd[34780:26db67] [com.apple.IDS:DaemonController]  => Starting connect
2023-02-02 12:27:33.259 Df companionappd[34780:26db67] [com.apple.IDS:Registration] XPC has informed us that a fatal error has occured, we will not be attempting to reconnect any further
2023-02-02 12:27:33.259 I  companionappd[34780:26db67] [com.apple.IDS:DaemonController]  => No remote object, can't block
2023-02-02 12:27:33.259 I  companionappd[34780:26db67] [com.apple.IDS:DaemonController] Request to block until connected
2023-02-02 12:27:33.259 I  companionappd[34780:26db67] [com.apple.IDS:DaemonController]  => Starting connect
2023-02-02 12:27:33.260 Db mobileassetd[34554:26d446] [com.apple.mobileassetd:Debug] getPathToAssetWithPurpose: URL to asset: /System/Library/AssetsV2/PreinstalledAssetsV2/InstallWithOs/com_apple_MobileAsset_Font7/6df5c88449ad35fe85b1da037cc02dc3 ... 03.asset
2023-02-02 12:27:33.261 Df mobileassetd[34554:26d446] [com.apple.mobileassetd:Notice] dataFillInstalledWithPurpose: Path to asset dir: /System/Library/AssetsV2/PreinstalledAssetsV2/InstallWithOs/com_apple_MobileAsset_Font7/6df5c88449ad35fe85b1da037cc02dc3 ... 03.asset
2023-02-02 12:27:33.261 Db mapspushd[34818:26de27] [com.apple.CFBundle:resources] Resource lookup at CFBundle 0x14f605bf0 </Applications/Xcode.app/Contents/Developer/Platforms/iPhoneOS.platform/Library/Developer/CoreSimulator/Profiles/Runtimes/iOS.simruntime/Contents/Resources/RuntimeRoot/System/Library/PrivateFrameworks/MapsSync.framework/DataModel_0_0_1.momd> (not loaded)
	Request       :  type: omo
	Result        : None
2023-02-02 12:27:33.261 Db mapspushd[34818:26de27] [com.apple.CFBundle:resources] Resource lookup at CFBundle 0x14f605bf0 </Applications/Xcode.app/Contents/Developer/Platforms/iPhoneOS.platform/Library/Developer/CoreSimulator/Profiles/Runtimes/iOS.simruntime/Contents/Resources/RuntimeRoot/System/Library/PrivateFrameworks/MapsSync.framework/DataModel_0_0_1.momd> (not loaded)
	Request       :  type: mom
	Result        : DataModel_0_0_1.mom -- file:///Applications/Xcode.app/Contents/Developer/Platforms/iPhoneOS.platform/Library/Developer/CoreSimulator/Profiles/Runtimes/iOS.simruntime/Contents/Resources/RuntimeRoot/System/Library/PrivateFrameworks/MapsSync.framework/DataModel_0_0_1.momd/
2023-02-02 12:27:33.262 Db parsecd[34810:26dd8a] [com.apple.parsec:resourceAccess] Reporting to CA event: 'resourceAccess'
	with data: ["type": 100, "outcome": 0, "adopter": 7, "duration": 1.616699934005737]
2023-02-02 12:27:33.262 Db parsecd[34810:26dd8a] [com.apple.CoreAnalytics.event:send] com.apple.parsec.resourceAccess {"adopter":7,"duration":1.6166999340057373,"outcome":0,"type":100}
2023-02-02 12:27:33.263 A  mapspushd[34818:26de41] (LocationSupport) CL: CLConnection::sendMessage
2023-02-02 12:27:33.264 Db mapspushd[34818:26de41] [com.apple.LocationSupport:Connection] {"msg":"CLConnection::sendMessage", "event":activity, "name":LocationManager/kCLConnectionMessageRegistration}
2023-02-02 12:27:33.264 A  locationd[34507:26d48c] CL: CLDaemonClient(ctor)
2023-02-02 12:27:33.264 Db locationd[34507:26d48c] [com.apple.locationd.Core:Client] {"msg":"CLDaemonClient(ctor)", "event":activity, "this":"0x125807c20"}
2023-02-02 12:27:33.264 Df locationd[34507:26d48c] [com.apple.locationd.Core:Core] {"msg":"state transition", "event":state_transition, "state":DaemonClient, "id":"0x125807c20", "property":lifecycle, "old":"0x0", "new":"0x125807c20"}
2023-02-02 12:27:33.265 Db locationd[34507:26d48c] [com.apple.launchservices:error] Constructing NSError NSOSStatusErrorDomain/-10814 at _LSPluginFindWithPlatformInfo:694
2023-02-02 12:27:33.265 Db locationd[34507:26d48c] [com.apple.launchservices:error] Constructing NSError NSOSStatusErrorDomain/-10814 at _LSPluginFindWithPlatformInfo:699
2023-02-02 12:27:33.265 Db locationd[34507:26d48c] [com.apple.launchservices:binding] BindingEvaluator::CreateWithBundleInfo(ID=com.apple.MapsSupport, name=(null), CC=????, vers=(null))
2023-02-02 12:27:33.265 Db locationd[34507:26d48c] [com.apple.launchservices:binding] BindingEvaluator::~BindingEvaluator(0x16f43d148)
2023-02-02 12:27:33.266 Db locationd[34507:26d48c] [com.apple.launchservices:binding] Running evaluator 0x16f43cf88
2023-02-02 12:27:33.266 Db locationd[34507:26d48c] [com.apple.launchservices:binding] Adding user preferences
2023-02-02 12:27:33.266 Db locationd[34507:26d48c] [com.apple.launchservices:binding] Adding weak binding
2023-02-02 12:27:33.266 Db locationd[34507:26d48c] [com.apple.launchservices:binding] 0 bindings found
2023-02-02 12:27:33.266 Db locationd[34507:26d48c] [com.apple.launchservices:binding] Truncating a list of bindings to max 1 known-good ones.
2023-02-02 12:27:33.266 Db locationd[34507:26d48c] [com.apple.launchservices:binding] Adding and sorting bundles
2023-02-02 12:27:33.266 Db locationd[34507:26d48c] [com.apple.launchservices:binding] 0 bindings found
2023-02-02 12:27:33.266 Db locationd[34507:26d48c] [com.apple.launchservices:binding] Truncating a list of bindings to max 1 known-good ones.
2023-02-02 12:27:33.266 Db locationd[34507:26d48c] [com.apple.launchservices:error] Constructing NSError NSOSStatusErrorDomain/-10814 at runEvaluator:1538
2023-02-02 12:27:33.266 Db locationd[34507:26d48c] [com.apple.launchservices:binding] BindingEvaluator::~BindingEvaluator(0x16f43cf88)
2023-02-02 12:27:33.266 Db locationd[34507:26d48c] [com.apple.launchservices:binding] BindingEvaluator::~BindingEvaluator(0x16f43d1f0)
2023-02-02 12:27:33.266 I  locationd[34507:26d48c] [com.apple.locationd.Core:Core] {"msg":"The given bundleId or bundlePath is not a plugin or an app", "bundleId":com.apple.MapsSupport, "bundlePath":, "errorExtensionRecord":Error Domain=NSOSStatusErrorDomain Code=-10814 "Unable to find this application extension record in the Launch Services database." UserInfo={NSDebugDescription=Unable to find this application extension record in the Launch Services database., _LSLine=699, _LSFunction=_LSPluginFindWithPlatformInfo}, "errorApplicationRecord":Error Domain=NSOSStatusErrorDomain Code=-10814 "(null)" UserInfo={_LSLine=1538, _LSFunction=runEvaluator}}
2023-02-02 12:27:33.266 Db locationd[34507:26d48c] [com.apple.locationd.Core:Core] Setting bundle ID com.apple.MapsSupport and executable /Applications/Xcode.app/Contents/Developer/Platforms/iPhoneOS.platform/Library/Developer/CoreSimulator/Profiles/Runtimes/iOS.simruntime/Contents/Resources/RuntimeRoot/System/Library/PrivateFrameworks/MapsSupport.framework/mapspushd
2023-02-02 12:27:33.266 A  locationd[34507:26d48c] (LocationSupport) CL: #MultiUser CLConnection::getUserName
2023-02-02 12:27:33.266 Db locationd[34507:26d48c] [com.apple.LocationSupport:Connection] {"msg":"#MultiUser CLConnection::getUserName", "event":activity}
2023-02-02 12:27:33.266 Df locationd[34507:26d48c] [com.apple.locationd.Core:Core] {"msg":"state transition", "event":state_transition, "state":DaemonClient, "id":"0x125807c20", "property":clientName, "old":, "new":[mobile]com.apple.MapsSupport}
2023-02-02 12:27:33.266 I  runningboardd[34490:26d2f7] [com.apple.runningboard:message] PERF: Received request from [osservice<com.apple.locationd>:34507] (euid 502, auid 502): lookupHandleForPredicate:error:
2023-02-02 12:27:33.266 A  runningboardd[34490:26d2f7] (RunningBoard) lookupHandleForPredicate
2023-02-02 12:27:33.267 I  runningboardd[34490:26d2f7] [com.apple.runningboard:general] _multiInstance = 0
2023-02-02 12:27:33.267 I  runningboardd[34490:26d2f7] [com.apple.runningboard:general] _executablePath = /Applications/Xcode.app/Contents/Developer/Platforms/iPhoneOS.platform/Library/Developer/CoreSimulator/Profiles/Runtimes/iOS.simruntime/Contents/Resources/RuntimeRoot/System/Library/PrivateFrameworks/MapsSupport.framework/mapspushd
2023-02-02 12:27:33.267 I  runningboardd[34490:26d2f7] [com.apple.runningboard:general] no additional launch properties found for com.apple.Maps.mapspushd
2023-02-02 12:27:33.267 Df runningboardd[34490:26d2f7] [com.apple.runningboard:process] _resolveProcessWithIdentifier pid 34818 euid 502 auid 502
2023-02-02 12:27:33.267 Df runningboardd[34490:26d2f7] [com.apple.runningboard:process] Resolved pid 34818 to [osservice<com.apple.Maps.mapspushd>:34818]
2023-02-02 12:27:33.267 E  runningboardd[34490:26d2f7] [com.apple.runningboard:jetsam] memorystatus_control error: MEMORYSTATUS_CMD_CONVERT_MEMLIMIT_MB(-1) returned -1 1 (Operation not permitted)
2023-02-02 12:27:33.267 E  runningboardd[34490:26d2f7] [com.apple.runningboard:jetsam] memorystatus_control error: MEMORYSTATUS_CMD_CONVERT_MEMLIMIT_MB(0) returned -1 1 (Operation not permitted)
2023-02-02 12:27:33.267 Df runningboardd[34490:26d2f7] [com.apple.runningboard:general] _bundleMatchesProcessWithExecutablePath using realpath and comparing /Applications/Xcode.app/Contents/Developer/Platforms/iPhoneOS.platform/Library/Developer/CoreSimulator/Profiles/Runtimes/iOS.simruntime/Contents/Resources/RuntimeRoot/System/Library/PrivateFrameworks/MapsSupport.framework/mapspushd and /Applications/Xcode.app/Contents/Developer/Platforms/iPhoneOS.platform/Library/Developer/CoreSimulator/Profiles/Runtimes/iOS.simruntime/Contents/Resources/RuntimeRoot/System/Library/PrivateFrameworks/MapsSupport.framework/MapsSupport
2023-02-02 12:27:33.267 Df runningboardd[34490:26d2f7] [com.apple.runningboard:general] Full encoding handle [osservice<com.apple.Maps.mapspushd>:34818], with data 4217da1c00008802, and pid 34818
2023-02-02 12:27:33.267 Df runningboardd[34490:26d2f7] [com.apple.runningboard:process] [osservice<com.apple.Maps.mapspushd>:34818] Memory Limits: active 0 inactive 0
 <RBUnmanagedJetsamProperties| tasklimit=0
(null)>
2023-02-02 12:27:33.267 Df runningboardd[34490:26d2f7] [com.apple.runningboard:process] [osservice<com.apple.Maps.mapspushd>:34818] This process will not be managed.
2023-02-02 12:27:33.267 Db runningboardd[34490:26d2f7] [com.apple.runningboard:connection] [osservice<com.apple.locationd>:34507] query resolved to [osservice<com.apple.Maps.mapspushd>:34818]
2023-02-02 12:27:33.268 Db locationd[34507:26d48c] [com.apple.defaults:User Defaults] found no value for key RttBurstSize in CFPrefsPlistSource<0x6000017e8280> (Domain: com.apple.locationd, User: kCFPreferencesCurrentUser, ByHost: No, Container: (null), Contents Need Refresh: No)
2023-02-02 12:27:33.268 Df locationd[34507:26d48c] [com.apple.locationd.Core:Core] Client [mobile]com.apple.MapsSupport connected with message name LocationManager/kCLConnectionMessageRegistration
2023-02-02 12:27:33.268 Df locationd[34507:26d48c] [com.apple.locationd.Core:Core] {"msg":"computing freshAuthorizationContext", "ClientKey":com.apple.MapsSupport, "BigSwitch":1, "InUseLevel":0}
2023-02-02 12:27:33.268 Db locationd[34507:26d48c] [com.apple.launchservices:error] Constructing NSError NSOSStatusErrorDomain/-10814 at _LSPluginFindWithPlatformInfo:694
2023-02-02 12:27:33.268 Db locationd[34507:26d48c] [com.apple.launchservices:error] Constructing NSError NSOSStatusErrorDomain/-10814 at _LSPluginFindWithPlatformInfo:699
2023-02-02 12:27:33.268 Db locationd[34507:26d48c] [com.apple.launchservices:binding] BindingEvaluator::CreateWithBundleInfo(ID=com.apple.MapsSupport, name=(null), CC=????, vers=(null))
2023-02-02 12:27:33.268 Db locationd[34507:26d48c] [com.apple.launchservices:binding] BindingEvaluator::~BindingEvaluator(0x16f43d068)
2023-02-02 12:27:33.268 Db locationd[34507:26d48c] [com.apple.launchservices:binding] Running evaluator 0x16f43cea8
2023-02-02 12:27:33.268 Db locationd[34507:26d48c] [com.apple.launchservices:binding] Adding user preferences
2023-02-02 12:27:33.268 Db locationd[34507:26d48c] [com.apple.launchservices:binding] Adding weak binding
2023-02-02 12:27:33.268 Db locationd[34507:26d48c] [com.apple.launchservices:binding] 0 bindings found
2023-02-02 12:27:33.268 Db locationd[34507:26d48c] [com.apple.launchservices:binding] Truncating a list of bindings to max 1 known-good ones.
2023-02-02 12:27:33.268 Db locationd[34507:26d48c] [com.apple.launchservices:binding] Adding and sorting bundles
2023-02-02 12:27:33.268 Db locationd[34507:26d48c] [com.apple.launchservices:binding] 0 bindings found
2023-02-02 12:27:33.268 Db locationd[34507:26d48c] [com.apple.launchservices:binding] Truncating a list of bindings to max 1 known-good ones.
2023-02-02 12:27:33.268 Db locationd[34507:26d48c] [com.apple.launchservices:error] Constructing NSError NSOSStatusErrorDomain/-10814 at runEvaluator:1538
2023-02-02 12:27:33.268 Db locationd[34507:26d48c] [com.apple.launchservices:binding] BindingEvaluator::~BindingEvaluator(0x16f43cea8)
2023-02-02 12:27:33.268 Db locationd[34507:26d48c] [com.apple.launchservices:binding] BindingEvaluator::~BindingEvaluator(0x16f43d110)
2023-02-02 12:27:33.268 I  locationd[34507:26d48c] [com.apple.locationd.Core:Core] {"msg":"The given bundleId or bundlePath is not a plugin or an app", "bundleId":com.apple.MapsSupport, "bundlePath":, "errorExtensionRecord":Error Domain=NSOSStatusErrorDomain Code=-10814 "Unable to find this application extension record in the Launch Services database." UserInfo={NSDebugDescription=Unable to find this application extension record in the Launch Services database., _LSLine=699, _LSFunction=_LSPluginFindWithPlatformInfo}, "errorApplicationRecord":Error Domain=NSOSStatusErrorDomain Code=-10814 "(null)" UserInfo={_LSLine=1538, _LSFunction=runEvaluator}}
2023-02-02 12:27:33.268 Db locationd[34507:26d48c] [com.apple.locationd.Core:Core] {"msg":"computing #clldu registrationResults", "dictionary":{
    BundleId = "com.apple.MapsSupport";
    Executable = "/Applications/Xcode.app/Contents/Developer/Platforms/iPhoneOS.platform/Library/Developer/CoreSimulator/Profiles/Runtimes/iOS.simruntime/Contents/Resources/RuntimeRoot/System/Library/PrivateFrameworks/MapsSupport.framework/navd";
    Registered = "/Applications/Xcode.app/Contents/Developer/Platforms/iPhoneOS.platform/Library/Developer/CoreSimulator/Profiles/Runtimes/iOS.simruntime/Contents/Resources/RuntimeRoot/System/Library/PrivateFrameworks/MapsSupport.framework/navd";
    SupportedAuthorizationMask = 1;
}, "isSystemService":0, "bigSwitchEnabled":1, "overrideDeauthorization":0}
2023-02-02 12:27:33.268 Db locationd[34507:26d48c] [com.apple.locationd.Core:Core] {"msg":"#clldu _staticRegistrationResult", "registration":4}
2023-02-02 12:27:33.268 Db locationd[34507:26d48c] [com.apple.locationd.Core:Core] {"msg":"#clldu registrationResults", "static":4, "effective":4, "transient":4}
2023-02-02 12:27:33.268 Db locationd[34507:26d48c] [com.apple.locationd.Core:Core] {"msg":"client RegistrationResults", "name":com.apple.MapsSupport, "bigSwitchEnabled":1, "RegistrationResults":(
    4,
    4,
    4
)}
2023-02-02 12:27:33.268 Db locationd[34507:26d48c] [com.apple.locationd.Core:Core] {"msg":"computing #clldu freshAuthContext", "EffectiveRegistration":4, "TransientRegistration":4, "bigSwitchState":1, "isClientZonal":0, "location":'00 00 00 00 FF FF 00 00 00 00 00 00 00 00 00 00 00 00 00 00 00 00 00 00 00 00 00 00 00 00 F0 BF 00 00 00 00 00 00 00 00 00 00 00 00 00 00 F0 BF 00 00 00 00 00 00 F0 BF 00 00 00 00 00 00 F0 BF 00 00 00 00 00 00 F0 BF 00 00 00 00 00 00 F0 BF 00 00 00 00 00 00 F0 BF 00 00 00 00 00 00 F0 BF 00 00 00 00 00 00 F0 BF 00 00 00 00 00 00 00 00 00 00 F0 BF 00 00 00 00 00 00 00 00 00 00 00 00 00 00 00 00 00 00 00 00 00 00 00 00 00 00 F0 BF FF FF FF 7F 00 00 00 00 00 00 00 00 00 00 00 00 00 00 00 00 00 00 00 00 00 00 00 00 00 00 00 00', "dictionary":{
    BundleId = "com.apple.MapsSupport";
    Executable = "/Applications/Xcode.app/Contents/Developer/Platforms/iPhoneOS.platform/Library/Developer/CoreSimulator/Profiles/Runtimes/iOS.simruntime/Contents/Resources/RuntimeRoot/System/Library/PrivateFrameworks/MapsSupport.framework/navd";
    InUseLevel = 0;
    Registered = "/Applications/Xcode.app/Contents/Developer/Platforms/iPhoneOS.platform/Library/Developer/CoreSimulator/Profiles/Runtimes/iOS.simruntime/Contents/Resources/RuntimeRoot/System/Library/PrivateFrameworks/MapsSupport.framework/navd";
    SupportedAuthorizationMask = 1;
}}
2023-02-02 12:27:33.268 Db locationd[34507:26d48c] [com.apple.locationd.Core:Core] {"msg":"#clldu freshAuthContext", "AuthContext":AuthContext InUse:0  RegResult:4(4) EffectiveMask:0  ProvisionalMask:0}
2023-02-02 12:27:33.268 Db locationd[34507:26d48c] [com.apple.locationd.Core:Core] client, '[mobile]com.apple.MapsSupport', app's client cnt, 1, active, 0, spectator, 0, batchEnabled, 0, desiredAccuracy, inf, distanceFilter, inf
2023-02-02 12:27:33.268 Db locationd[34507:26d48c] [com.apple.locationd.Core:Core] currently 0 non-system location clients
2023-02-02 12:27:33.268 Df locationd[34507:26d48c] [com.apple.locationd.Core:Core] {"msg":"#pla mark service inactive and try stop zone-monitoring", "Client":com.apple.MapsSupport, "SpecifiedService":5, "ClientEntry":{
    BundleId = "com.apple.MapsSupport";
    Executable = "/Applications/Xcode.app/Contents/Developer/Platforms/iPhoneOS.platform/Library/Developer/CoreSimulator/Profiles/Runtimes/iOS.simruntime/Contents/Resources/RuntimeRoot/System/Library/PrivateFrameworks/MapsSupport.framework/navd";
    Registered = "/Applications/Xcode.app/Contents/Developer/Platforms/iPhoneOS.platform/Library/Developer/CoreSimulator/Profiles/Runtimes/iOS.simruntime/Contents/Resources/RuntimeRoot/System/Library/PrivateFrameworks/MapsSupport.framework/navd";
    SupportedAuthorizationMask = 1;
}}
2023-02-02 12:27:33.268 Db locationd[34507:26d48c] [com.apple.locationd.Core:Core] client, '[mobile]com.apple.MapsSupport', app's client cnt, 1, active, 0
2023-02-02 12:27:33.268 Df locationd[34507:26d48c] [com.apple.locationd.Core:Core] {"msg":"#pla mark service inactive and try stop zone-monitoring", "Client":com.apple.MapsSupport, "SpecifiedService":2, "ClientEntry":{
    BundleId = "com.apple.MapsSupport";
    Executable = "/Applications/Xcode.app/Contents/Developer/Platforms/iPhoneOS.platform/Library/Developer/CoreSimulator/Profiles/Runtimes/iOS.simruntime/Contents/Resources/RuntimeRoot/System/Library/PrivateFrameworks/MapsSupport.framework/navd";
    Registered = "/Applications/Xcode.app/Contents/Developer/Platforms/iPhoneOS.platform/Library/Developer/CoreSimulator/Profiles/Runtimes/iOS.simruntime/Contents/Resources/RuntimeRoot/System/Library/PrivateFrameworks/MapsSupport.framework/navd";
    SupportedAuthorizationMask = 1;
}}
2023-02-02 12:27:33.268 A  locationd[34507:26d48c] CL: LocationManager/kCLConnectionMessageRegistration
2023-02-02 12:27:33.268 Df locationd[34507:26d48c] [com.apple.locationd.Core:Client] {"msg":"LocationManager/kCLConnectionMessageRegistration", "event":activity, "this":"0x125807c20", "registrationRequired":0, "registrationReceived":0}
2023-02-02 12:27:33.268 Db locationd[34507:26d48c] [com.apple.locationd.Core:Client] com.apple.MapsSupport is entitled for com.apple.locationd.effective_bundle
2023-02-02 12:27:33.268 Db locationd[34507:26d48c] [com.apple.LocationSupport:Intersilo] {"msg":"#Cohorting Intend to sync", "FromDispatchSilo":CLClientManagerSilo, "FromCohortId":4, "ToDispatchSilo":CLAppMonitorSilo, "ToCohortId":0}
2023-02-02 12:27:33.268 Db locationd[34507:26d48c] [com.apple.launchservices:binding] BindingEvaluator::CreateWithBundleInfo(ID=com.apple.Maps, name=(null), CC=????, vers=(null))
2023-02-02 12:27:33.268 Db locationd[34507:26d48c] [com.apple.launchservices:binding] BindingEvaluator::~BindingEvaluator(0x16f43cbf8)
2023-02-02 12:27:33.268 Db locationd[34507:26d48c] [com.apple.launchservices:binding] Running evaluator 0x16f43ca38
2023-02-02 12:27:33.268 Db locationd[34507:26d48c] [com.apple.launchservices:binding] Adding user preferences
2023-02-02 12:27:33.268 Db locationd[34507:26d48c] [com.apple.launchservices:binding] Adding weak binding
2023-02-02 12:27:33.268 Db locationd[34507:26d48c] [com.apple.launchservices:binding] 0 bindings found
2023-02-02 12:27:33.268 Db locationd[34507:26d48c] [com.apple.launchservices:binding] Truncating a list of bindings to max 1 known-good ones.
2023-02-02 12:27:33.269 Db locationd[34507:26d48c] [com.apple.launchservices:binding] Adding and sorting bundles
2023-02-02 12:27:33.269 Db locationd[34507:26d48c] [com.apple.launchservices:binding] +++ maps.app (B:0x108, C:0x0) (null)
2023-02-02 12:27:33.269 Db locationd[34507:26d48c] [com.apple.launchservices:binding] 1 bindings found
2023-02-02 12:27:33.269 Db locationd[34507:26d48c] [com.apple.launchservices:binding] Truncating a list of bindings to max 1 known-good ones.
2023-02-02 12:27:33.269 Db locationd[34507:26d48c] [com.apple.launchservices:binding] +++ maps.app (B:0x108, C:0x0) (null)
