2023-02-02 12:33:33.316 I  SwiperFlatListExample[39825:274ac9] [com.apple.network:connection] nw_flow_passthrough_notify [C20.1.1 ::1.8081 ready socket-flow (satisfied (Path is satisfied), interface: lo0)] received notification connection_idle
2023-02-02 12:33:33.316 Db SwiperFlatListExample[39825:274a79] [com.apple.CoreAnalytics.event:send] com.apple.ImageIO.CGCopyImageBlockSetWithOptions {"bundleID":"org.reactjs.native.example.SwiperFlatListExample","eventName":"com.apple.ImageIO.CGCopyImageBlockSetWithOptions","fileFormat":"public.jpeg"}
2023-02-02 12:33:33.316 Db SwiperFlatListExample[39825:274a78] (AppleJPEG) [0x14330fc00] Created session
2023-02-02 12:33:33.316 Db SwiperFlatListExample[39825:274a79] (AppleJPEG) [0x145133200] Created session
2023-02-02 12:33:33.316 Db SwiperFlatListExample[39825:274a79] (AppleJPEG) [0x0] Releasing session
2023-02-02 12:33:33.316 Df SwiperFlatListExample[39825:274ac9] (CFNetwork) Task <634F3559-2EF1-4EA6-8079-84375D3EA1C6>.<4> received response, status 200 content C
2023-02-02 12:33:33.316 Db SwiperFlatListExample[39825:274a78] [com.apple.CoreAnalytics.event:send] com.apple.ImageIO.CGImageSourceCreateThumbnailAtIndex {"bundleID":"org.reactjs.native.example.SwiperFlatListExample","eventName":"com.apple.ImageIO.CGImageSourceCreateThumbnailAtIndex","fileFormat":"public.jpeg","index":0}
2023-02-02 12:33:33.316 Db SwiperFlatListExample[39825:274a79] (AppleJPEG) [0x145133200] Decoding: C0 0x01C20152 0x00003048 0x22111100 0x00000000 27639
2023-02-02 12:33:33.316 Db SwiperFlatListExample[39825:274a78] (AppleJPEG) [0x144b04000] Created session
2023-02-02 12:33:33.316 Db SwiperFlatListExample[39825:274a79] (AppleJPEG) [0x145133200] Options: 1x-1 [FFFFFFFF,FFFFFFFF] 00054060
2023-02-02 12:33:33.316 Df SwiperFlatListExample[39825:274ac9] (CFNetwork) Task <634F3559-2EF1-4EA6-8079-84375D3EA1C6>.<4> response ended
2023-02-02 12:33:33.316 Df SwiperFlatListExample[39825:274ac9] (CFNetwork) Task <634F3559-2EF1-4EA6-8079-84375D3EA1C6>.<4> done using Connection 19
2023-02-02 12:33:33.316 Db SwiperFlatListExample[39825:274ac9] [com.apple.network:activity] Returning should log: 0 for activity cfnetwork:foreground_task
2023-02-02 12:33:33.316 Db SwiperFlatListExample[39825:274a78] [com.apple.CoreAnalytics.event:send] com.apple.ImageIO.CGCopyImageBlockSetWithOptions {"bundleID":"org.reactjs.native.example.SwiperFlatListExample","eventName":"com.apple.ImageIO.CGCopyImageBlockSetWithOptions","fileFormat":"public.jpeg"}
2023-02-02 12:33:33.316 Db SwiperFlatListExample[39825:274a78] (AppleJPEG) [0x144b0c000] Created session
2023-02-02 12:33:33.316 Db SwiperFlatListExample[39825:274ac9] (CFNetwork) Connection 19: set is idle true
2023-02-02 12:33:33.316 Db SwiperFlatListExample[39825:274a78] (AppleJPEG) [0x0] Releasing session
2023-02-02 12:33:33.316 Df SwiperFlatListExample[39825:274ac9] [com.apple.network:connection] [C19] event: client:connection_idle @0.035s
2023-02-02 12:33:33.316 Db SwiperFlatListExample[39825:274a78] (AppleJPEG) [0x144b0c000] Decoding: C0 0x026C026C 0x00003048 0x22111100 0x00000000 69604
2023-02-02 12:33:33.316 Db SwiperFlatListExample[39825:274a78] (AppleJPEG) [0x144b0c000] Options: 1x-1 [FFFFFFFF,FFFFFFFF] 00054060
2023-02-02 12:33:33.316 Df SwiperFlatListExample[39825:274a66] [com.apple.CFNetwork:Summary] Task <634F3559-2EF1-4EA6-8079-84375D3EA1C6>.<4> summary for task success {transaction_duration_ms=38, response_status=200, connection=19, protocol="http/1.1", domain_lookup_duration_ms=19, connect_duration_ms=6, secure_connection_duration_ms=0, private_relay=false, request_start_ms=35, request_duration_ms=0, response_start_ms=38, response_duration_ms=0, request_bytes=295, response_bytes=100941, cache_hit=false}
2023-02-02 12:33:33.316 I  SwiperFlatListExample[39825:274ac9] [com.apple.network:connection] nw_endpoint_handler_report_connection_idle [C19 ::1.8081 ready parent-flow (satisfied (Path is satisfied), viable, interface: en0[802.11])] Reporting connection idle to protocols
2023-02-02 12:33:33.316 Df SwiperFlatListExample[39825:274a66] (CFNetwork) Task <634F3559-2EF1-4EA6-8079-84375D3EA1C6>.<4> finished successfully
2023-02-02 12:33:33.316 I  SwiperFlatListExample[39825:274ac9] [com.apple.network:connection] nw_flow_passthrough_notify [C19.1.1 ::1.8081 ready socket-flow (satisfied (Path is satisfied), interface: lo0)] received notification connection_idle
2023-02-02 12:33:33.316 Db SwiperFlatListExample[39825:274a79] (AppleJPEG) [0x145133200] Decoding completed without errors
2023-02-02 12:33:33.316 Db SwiperFlatListExample[39825:274a66] [com.apple.network:activity] Returning should log: 0 for activity cfnetwork:foreground_task
2023-02-02 12:33:33.316 Db SwiperFlatListExample[39825:274a66] [com.apple.network:activity] No threshold for cfnetwork:foreground_task, returning NW_ACTIVITY_DURATION_INVALID
2023-02-02 12:33:33.316 Db SwiperFlatListExample[39825:274ac7] [com.apple.CoreAnalytics.event:send] com.apple.ImageIO.CGImageSourceCreateWithData {"bundleID":"org.reactjs.native.example.SwiperFlatListExample","eventName":"com.apple.ImageIO.CGImageSourceCreateWithData","fileFormat":"public.jpeg"}
2023-02-02 12:33:33.317 Db SwiperFlatListExample[39825:274ac7] [com.apple.CoreAnalytics.event:send] com.apple.ImageIO.CGImageSourceCopyPropertiesAtIndex {"bundleID":"org.reactjs.native.example.SwiperFlatListExample","eventName":"com.apple.ImageIO.CGImageSourceCopyPropertiesAtIndex","fileFormat":"public.jpeg","index":0}
2023-02-02 12:33:33.316 Db SwiperFlatListExample[39825:274a66] [com.apple.network:activity] No threshold for activity <nw_activity 12:2[B7E9A48F-0EC6-4351-9730-CBA7BD674577] (reporting strategy default) complete (reason success)>
2023-02-02 12:33:33.317 Db SwiperFlatListExample[39825:274ac7] (AppleJPEG) [0x14680c600] Created session
2023-02-02 12:33:33.317 Db SwiperFlatListExample[39825:274a79] (AppleJPEG) [0x145133200] Releasing session
2023-02-02 12:33:33.317 Db SwiperFlatListExample[39825:274a79] (AppleJPEG) [0x14646ca00] Decoding: C0 0x01C20152 0x0000304A 0x22111100 0x00000000 27639
2023-02-02 12:33:33.317 Db SwiperFlatListExample[39825:274a79] (AppleJPEG) [0x14646ca00] Options: 450x338 [FFFFFFFF,FFFFFFFF] 0001D060
2023-02-02 12:33:33.317 Db SwiperFlatListExample[39825:274ac7] [com.apple.CoreAnalytics.event:send] com.apple.ImageIO.CGImageSourceCreateThumbnailAtIndex {"bundleID":"org.reactjs.native.example.SwiperFlatListExample","eventName":"com.apple.ImageIO.CGImageSourceCreateThumbnailAtIndex","fileFormat":"public.jpeg","index":0}
2023-02-02 12:33:33.317 Db SwiperFlatListExample[39825:274ac7] (AppleJPEG) [0x14680fa00] Created session
2023-02-02 12:33:33.317 Db SwiperFlatListExample[39825:274a78] (AppleJPEG) [0x144b0c000] Decoding completed without errors
2023-02-02 12:33:33.318 Db SwiperFlatListExample[39825:274ac7] [com.apple.CoreAnalytics.event:send] com.apple.ImageIO.CGCopyImageBlockSetWithOptions {"bundleID":"org.reactjs.native.example.SwiperFlatListExample","eventName":"com.apple.ImageIO.CGCopyImageBlockSetWithOptions","fileFormat":"public.jpeg"}
2023-02-02 12:33:33.318 Db SwiperFlatListExample[39825:274ac7] (AppleJPEG) [0x146471200] Created session
2023-02-02 12:33:33.318 Db SwiperFlatListExample[39825:274ac7] (AppleJPEG) [0x0] Releasing session
2023-02-02 12:33:33.318 Db SwiperFlatListExample[39825:274ac7] (AppleJPEG) [0x146471200] Decoding: C0 0x022D01A1 0x00003048 0x22111100 0x00000000 100635
2023-02-02 12:33:33.318 Db SwiperFlatListExample[39825:274ac7] (AppleJPEG) [0x146471200] Options: 1x-1 [FFFFFFFF,FFFFFFFF] 00054060
2023-02-02 12:33:33.318 Db SwiperFlatListExample[39825:274a79] (AppleJPEG) [0x14646ca00] Decoding completed without errors
2023-02-02 12:33:33.318 Db SwiperFlatListExample[39825:274a78] (AppleJPEG) [0x144b0c000] Releasing session
2023-02-02 12:33:33.318 Db SwiperFlatListExample[39825:274a78] (AppleJPEG) [0x144b04000] Decoding: C0 0x026C026C 0x0000304A 0x22111100 0x00000000 69604
2023-02-02 12:33:33.318 Db SwiperFlatListExample[39825:274a78] (AppleJPEG) [0x144b04000] Options: 620x620 [FFFFFFFF,FFFFFFFF] 0001D060
2023-02-02 12:33:33.318 Db SwiperFlatListExample[39825:274a79] (AppleJPEG) [0x14646ca00] Releasing session
2023-02-02 12:33:33.318 Db SwiperFlatListExample[39825:274a79] (AppleJPEG) [0x1463ed400] Releasing session
2023-02-02 12:33:33.319 Db SwiperFlatListExample[39825:274ac7] (AppleJPEG) [0x146471200] Decoding completed without errors
2023-02-02 12:33:33.319 Db SwiperFlatListExample[39825:274ac7] (AppleJPEG) [0x146471200] Releasing session
2023-02-02 12:33:33.319 Db SwiperFlatListExample[39825:274ac7] (AppleJPEG) [0x14680fa00] Decoding: C0 0x022D01A1 0x0000304A 0x22111100 0x00000000 100635
2023-02-02 12:33:33.319 Db SwiperFlatListExample[39825:274ac7] (AppleJPEG) [0x14680fa00] Options: 557x417 [FFFFFFFF,FFFFFFFF] 0001D060
2023-02-02 12:33:33.320 Db SwiperFlatListExample[39825:274a78] (AppleJPEG) [0x144b04000] Decoding completed without errors
2023-02-02 12:33:33.321 Db SwiperFlatListExample[39825:274a78] (AppleJPEG) [0x144b04000] Releasing session
2023-02-02 12:33:33.321 Db SwiperFlatListExample[39825:274a78] (AppleJPEG) [0x14330fc00] Releasing session
2023-02-02 12:33:33.321 Db SwiperFlatListExample[39825:274ac7] (AppleJPEG) [0x14680fa00] Decoding completed without errors
2023-02-02 12:33:33.321 Db SwiperFlatListExample[39825:274ac7] (AppleJPEG) [0x14680fa00] Releasing session
2023-02-02 12:33:33.322 Db SwiperFlatListExample[39825:274ac7] (AppleJPEG) [0x14680c600] Releasing session
2023-02-02 12:33:33.686 Db SwiperFlatListExample[39825:274aca] [com.apple.network:connection] nw_endpoint_handler_add_write_request [C1 ::1.51128 ready parent-flow (satisfied (Path is satisfied), viable, interface: en0[802.11])] connected_child_handles_requests 0
2023-02-02 12:33:33.688 I  SwiperFlatListExample[39825:274a36] [com.wix.Detox:WebSocket] Action received: invoke
2023-02-02 12:33:33.777 Db SwiperFlatListExample[39825:274a36] (IOSurface) IOSurface connected
2023-02-02 12:33:33.792 Db SwiperFlatListExample[39825:274aca] [com.apple.network:connection] nw_endpoint_handler_add_write_request [C1 ::1.51128 ready parent-flow (satisfied (Path is satisfied), viable, interface: en0[802.11])] connected_child_handles_requests 0

