2023-02-02 12:33:33.280 Db SwiperFlatListExample[39825:274a36] [com.apple.defaults:User Defaults] looked up value 1 for key RCTI18nUtil_makeRTLFlipLeftAndRightStyles in CFPrefsPlistSource<0x600000eb4780> (Domain: org.reactjs.native.example.SwiperFlatListExample, User: kCFPreferencesCurrentUser, ByHost: No, Container: (null), Contents Need Refresh: No) via CFPrefsSearchListSource<0x600000eac080> (Domain: org.reactjs.native.example.SwiperFlatListExample, Container: (null))
2023-02-02 12:33:33.280 Db SwiperFlatListExample[39825:274a36] [com.apple.defaults:User Defaults] looked up value 1 for key RCTI18nUtil_makeRTLFlipLeftAndRightStyles in CFPrefsPlistSource<0x600000eb4780> (Domain: org.reactjs.native.example.SwiperFlatListExample, User: kCFPreferencesCurrentUser, ByHost: No, Container: (null), Contents Need Refresh: No) via CFPrefsSearchListSource<0x600000eac080> (Domain: org.reactjs.native.example.SwiperFlatListExample, Container: (null))
2023-02-02 12:33:33.280 Db SwiperFlatListExample[39825:274a79] [com.apple.network:connection] -[NWConcrete_nw_endpoint_resolver startWithHandler:] [C18.1 localhost:8081 waiting resolver (satisfied (Path is satisfied), viable, interface: en0[802.11])]
2023-02-02 12:33:33.280 Db SwiperFlatListExample[39825:274a36] [com.apple.defaults:User Defaults] looked up value 1 for key RCTI18nUtil_makeRTLFlipLeftAndRightStyles in CFPrefsPlistSource<0x600000eb4780> (Domain: org.reactjs.native.example.SwiperFlatListExample, User: kCFPreferencesCurrentUser, ByHost: No, Container: (null), Contents Need Refresh: No) via CFPrefsSearchListSource<0x600000eac080> (Domain: org.reactjs.native.example.SwiperFlatListExample, Container: (null))
2023-02-02 12:33:33.280 Db SwiperFlatListExample[39825:274a36] [com.apple.defaults:User Defaults] looked up value 1 for key RCTI18nUtil_makeRTLFlipLeftAndRightStyles in CFPrefsPlistSource<0x600000eb4780> (Domain: org.reactjs.native.example.SwiperFlatListExample, User: kCFPreferencesCurrentUser, ByHost: No, Container: (null), Contents Need Refresh: No) via CFPrefsSearchListSource<0x600000eac080> (Domain: org.reactjs.native.example.SwiperFlatListExample, Container: (null))
2023-02-02 12:33:33.280 Db SwiperFlatListExample[39825:274a79] [com.apple.network:connection] nw_endpoint_flow_receive_report [C18 localhost:8081 in_progress parent-flow (satisfied (Path is satisfied), viable, interface: en0[802.11])] received child report: [C18.1 localhost:8081 in_progress resolver (satisfied (Path is satisfied), viable, interface: en0[802.11])]
2023-02-02 12:33:33.280 Db SwiperFlatListExample[39825:274a36] [com.apple.defaults:User Defaults] looked up value 1 for key RCTI18nUtil_makeRTLFlipLeftAndRightStyles in CFPrefsPlistSource<0x600000eb4780> (Domain: org.reactjs.native.example.SwiperFlatListExample, User: kCFPreferencesCurrentUser, ByHost: No, Container: (null), Contents Need Refresh: No) via CFPrefsSearchListSource<0x600000eac080> (Domain: org.reactjs.native.example.SwiperFlatListExample, Container: (null))
2023-02-02 12:33:33.280 Df SwiperFlatListExample[39825:274a79] [com.apple.network:connection] [C18.1 localhost:8081 in_progress resolver (satisfied (Path is satisfied), viable, interface: en0[802.11])] event: resolver:start_dns @0.001s
2023-02-02 12:33:33.280 Db SwiperFlatListExample[39825:274a36] [com.apple.defaults:User Defaults] looked up value 1 for key RCTI18nUtil_makeRTLFlipLeftAndRightStyles in CFPrefsPlistSource<0x600000eb4780> (Domain: org.reactjs.native.example.SwiperFlatListExample, User: kCFPreferencesCurrentUser, ByHost: No, Container: (null), Contents Need Refresh: No) via CFPrefsSearchListSource<0x600000eac080> (Domain: org.reactjs.native.example.SwiperFlatListExample, Container: (null))
2023-02-02 12:33:33.280 Db SwiperFlatListExample[39825:274a36] [com.apple.defaults:User Defaults] looked up value 1 for key RCTI18nUtil_makeRTLFlipLeftAndRightStyles in CFPrefsPlistSource<0x600000eb4780> (Domain: org.reactjs.native.example.SwiperFlatListExample, User: kCFPreferencesCurrentUser, ByHost: No, Container: (null), Contents Need Refresh: No) via CFPrefsSearchListSource<0x600000eac080> (Domain: org.reactjs.native.example.SwiperFlatListExample, Container: (null))
2023-02-02 12:33:33.280 Db SwiperFlatListExample[39825:274a36] [com.apple.defaults:User Defaults] looked up value 1 for key RCTI18nUtil_makeRTLFlipLeftAndRightStyles in CFPrefsPlistSource<0x600000eb4780> (Domain: org.reactjs.native.example.SwiperFlatListExample, User: kCFPreferencesCurrentUser, ByHost: No, Container: (null), Contents Need Refresh: No) via CFPrefsSearchListSource<0x600000eac080> (Domain: org.reactjs.native.example.SwiperFlatListExample, Container: (null))
2023-02-02 12:33:33.280 Db SwiperFlatListExample[39825:274a36] [com.apple.defaults:User Defaults] looked up value 1 for key RCTI18nUtil_makeRTLFlipLeftAndRightStyles in CFPrefsPlistSource<0x600000eb4780> (Domain: org.reactjs.native.example.SwiperFlatListExample, User: kCFPreferencesCurrentUser, ByHost: No, Container: (null), Contents Need Refresh: No) via CFPrefsSearchListSource<0x600000eac080> (Domain: org.reactjs.native.example.SwiperFlatListExample, Container: (null))
2023-02-02 12:33:33.280 I  SwiperFlatListExample[39825:274a79] [com.apple.network:connection] nw_resolver_create_dns_service_locked [C18.1] Starting host resolution localhost:8081, flags 0xc000d000 proto 0
2023-02-02 12:33:33.280 Df SwiperFlatListExample[39825:274a79] (CFNetwork) Task <D9517EF7-0CED-40A1-ABAF-022698DE4481>.<3> setting up Connection 18
2023-02-02 12:33:33.281 Db SwiperFlatListExample[39825:274a79] [com.apple.network:activity] Returning should log: 0 for activity cfnetwork:foreground_task
2023-02-02 12:33:33.281 Db SwiperFlatListExample[39825:274a79] [com.apple.CFNetwork:ATS] Uploading ATS exception ATSAllowsLocalNetworking
2023-02-02 12:33:33.281 A  SwiperFlatListExample[39825:274ac7] (Security) SecTrustReportNetworkingAnalytics
2023-02-02 12:33:33.281 I  SwiperFlatListExample[39825:274a79] [com.apple.network:connection] nw_connection_create_with_id [C19] create connection to Hostname#99141057:8081
2023-02-02 12:33:33.281 Df SwiperFlatListExample[39825:274a79] (CFNetwork) Connection 19: starting, TC(0x0)
2023-02-02 12:33:33.281 Df SwiperFlatListExample[39825:274a79] [com.apple.network:connection] [C19 945522AD-2E37-4FF7-9FFC-81348E7FC337 localhost:8081 tcp, url hash: 0dd62887, definite, attribution: developer, context: com.apple.CFNetwork.NSURLSession.{CFA87F78-3542-470C-91E2-A0FF5865EAA9}{(null)}{Y}{2} (private), proc: 4B2D3039-C28E-3D3C-81E9-082DF9778677] start
2023-02-02 12:33:33.281 I  SwiperFlatListExample[39825:274a79] [com.apple.network:connection] nw_endpoint_handler_start [C19 localhost:8081 initial parent-flow ((null))]
2023-02-02 12:33:33.281 Df SwiperFlatListExample[39825:274a79] [com.apple.network:connection] [C19 localhost:8081 initial parent-flow ((null))] event: path:start @0.000s
2023-02-02 12:33:33.281 Db SwiperFlatListExample[39825:274a79] [com.apple.network:connection] nw_endpoint_handler_path_change [C19 localhost:8081 waiting parent-flow (satisfied (Path is satisfied), viable, interface: en0[802.11])]
2023-02-02 12:33:33.281 Df SwiperFlatListExample[39825:274a79] [com.apple.network:connection] [C19 localhost:8081 waiting parent-flow (satisfied (Path is satisfied), viable, interface: en0[802.11])] event: path:satisfied @0.000s, uuid: 46B25EE6-0353-4295-BC6F-B189F849AA36
2023-02-02 12:33:33.281 I  SwiperFlatListExample[39825:274a79] [com.apple.network:connection] nw_connection_endpoint_report_on_nw_queue_block_invoke [C19 localhost:8081 waiting parent-flow (satisfied (Path is satisfied), viable, interface: en0[802.11])] skipping state update
2023-02-02 12:33:33.281 Df SwiperFlatListExample[39825:274ac7] [com.apple.securityd:SecError] SecTrustReportNetworkingAnalytics failed with error: -4
2023-02-02 12:33:33.281 Db SwiperFlatListExample[39825:274a79] [com.apple.network:] nw_endpoint_proxy_handler_should_use_proxy Looking up proxy for hostname: localhost, ifindex: 0
2023-02-02 12:33:33.281 Db SwiperFlatListExample[39825:274a79] [com.apple.SystemConfiguration:SCPreferences] create <SCPreferences 0x142f3a260 [0x1ba9afc60]> {name = SCDynamicStoreCopyProxiesWithOptions, id = /Library/Managed Preferences/mobile/com.apple.SystemConfiguration.plist, path = /Library/Managed Preferences/mobile/com.apple.SystemConfiguration.plist}
2023-02-02 12:33:33.281 Db SwiperFlatListExample[39825:274a79] [com.apple.SystemConfiguration:SCPreferences] SCPreferences() access: /Library/Managed Preferences/mobile/com.apple.SystemConfiguration.plist, size=0
2023-02-02 12:33:33.281 Db SwiperFlatListExample[39825:274a79] [com.apple.SystemConfiguration:SCPreferences] release <SCPreferences 0x142f3a260 [0x1ba9afc60]> {name = SCDynamicStoreCopyProxiesWithOptions, id = /Library/Managed Preferences/mobile/com.apple.SystemConfiguration.plist, path = /Library/Managed Preferences/mobile/com.apple.SystemConfiguration.plist, accessed}
2023-02-02 12:33:33.281 Db SwiperFlatListExample[39825:274a79] [com.apple.network:connection] nw_endpoint_flow_attach_protocols [C19 localhost:8081 in_progress parent-flow (satisfied (Path is satisfied), viable, interface: en0[802.11])]
2023-02-02 12:33:33.281 Db SwiperFlatListExample[39825:274a79] [com.apple.network:connection] nw_endpoint_flow_attach_protocols [C19 localhost:8081 in_progress parent-flow (satisfied (Path is satisfied), viable, interface: en0[802.11])] stopping after adding persistent application protocols
2023-02-02 12:33:33.281 Df SwiperFlatListExample[39825:274a79] [com.apple.network:connection] [C19 localhost:8081 in_progress parent-flow (satisfied (Path is satisfied), viable, interface: en0[802.11])] event: flow:start_child @0.000s
2023-02-02 12:33:33.282 Df SwiperFlatListExample[39825:274a79] [com.apple.network:connection] nw_connection_report_state_with_handler_on_nw_queue [C19] reporting state preparing
2023-02-02 12:33:33.282 I  SwiperFlatListExample[39825:274a79] [com.apple.network:connection] nw_endpoint_handler_start [C19.1 localhost:8081 initial path ((null))]
2023-02-02 12:33:33.282 Db SwiperFlatListExample[39825:274a79] [com.apple.network:connection] nw_endpoint_flow_receive_report [C19 localhost:8081 in_progress parent-flow (satisfied (Path is satisfied), viable, interface: en0[802.11])] received child report: [C19.1 localhost:8081 initial path ((null))]
2023-02-02 12:33:33.282 Df SwiperFlatListExample[39825:274a79] [com.apple.network:connection] [C19.1 localhost:8081 initial path ((null))] event: path:start @0.000s
2023-02-02 12:33:33.282 Db SwiperFlatListExample[39825:274a79] [com.apple.network:connection] nw_endpoint_handler_path_change [C19.1 localhost:8081 waiting path (satisfied (Path is satisfied), viable, interface: en0[802.11])]
2023-02-02 12:33:33.282 Db SwiperFlatListExample[39825:274a79] [com.apple.network:connection] nw_endpoint_flow_receive_report [C19 localhost:8081 in_progress parent-flow (satisfied (Path is satisfied), viable, interface: en0[802.11])] received child report: [C19.1 localhost:8081 waiting path (satisfied (Path is satisfied), viable, interface: en0[802.11])]
2023-02-02 12:33:33.282 Df SwiperFlatListExample[39825:274a79] [com.apple.network:connection] [C19.1 localhost:8081 waiting path (satisfied (Path is satisfied), viable, interface: en0[802.11])] event: path:satisfied @0.000s, uuid: 46B25EE6-0353-4295-BC6F-B189F849AA36
2023-02-02 12:33:33.282 Db SwiperFlatListExample[39825:274a79] [com.apple.network:] nw_endpoint_proxy_handler_should_use_proxy Looking up proxy for hostname: localhost, ifindex: 0
2023-02-02 12:33:33.282 Db SwiperFlatListExample[39825:274a79] [com.apple.SystemConfiguration:SCPreferences] create <SCPreferences 0x143ce6840 [0x1ba9afc60]> {name = SCDynamicStoreCopyProxiesWithOptions, id = /Library/Managed Preferences/mobile/com.apple.SystemConfiguration.plist, path = /Library/Managed Preferences/mobile/com.apple.SystemConfiguration.plist}
2023-02-02 12:33:33.282 Db SwiperFlatListExample[39825:274a79] [com.apple.SystemConfiguration:SCPreferences] SCPreferences() access: /Library/Managed Preferences/mobile/com.apple.SystemConfiguration.plist, size=0
2023-02-02 12:33:33.282 Db SwiperFlatListExample[39825:274a79] [com.apple.SystemConfiguration:SCPreferences] release <SCPreferences 0x143ce6840 [0x1ba9afc60]> {name = SCDynamicStoreCopyProxiesWithOptions, id = /Library/Managed Preferences/mobile/com.apple.SystemConfiguration.plist, path = /Library/Managed Preferences/mobile/com.apple.SystemConfiguration.plist, accessed}
2023-02-02 12:33:33.283 Db SwiperFlatListExample[39825:274a79] [com.apple.network:connection] -[NWConcrete_nw_endpoint_resolver startWithHandler:] [C19.1 localhost:8081 waiting resolver (satisfied (Path is satisfied), viable, interface: en0[802.11])]
2023-02-02 12:33:33.283 Db SwiperFlatListExample[39825:274a79] [com.apple.network:connection] nw_endpoint_flow_receive_report [C19 localhost:8081 in_progress parent-flow (satisfied (Path is satisfied), viable, interface: en0[802.11])] received child report: [C19.1 localhost:8081 in_progress resolver (satisfied (Path is satisfied), viable, interface: en0[802.11])]
2023-02-02 12:33:33.283 Df SwiperFlatListExample[39825:274a79] [com.apple.network:connection] [C19.1 localhost:8081 in_progress resolver (satisfied (Path is satisfied), viable, interface: en0[802.11])] event: resolver:start_dns @0.002s
2023-02-02 12:33:33.296 I  SwiperFlatListExample[39825:274a79] [com.apple.network:connection] nw_resolver_create_dns_service_locked [C19.1] Starting host resolution localhost:8081, flags 0xc000d000 proto 0
2023-02-02 12:33:33.297 Df SwiperFlatListExample[39825:274a79] (CFNetwork) Task <634F3559-2EF1-4EA6-8079-84375D3EA1C6>.<4> setting up Connection 19
2023-02-02 12:33:33.297 Db SwiperFlatListExample[39825:274a79] [com.apple.network:activity] Returning should log: 0 for activity cfnetwork:foreground_task
2023-02-02 12:33:33.297 I  SwiperFlatListExample[39825:274a79] [com.apple.network:connection] nw_resolver_host_resolve_callback [C18.1] flags=0x40000003 ifindex=4294967295 error=NoError(0) hostname=localhost. addr=::1 ttl=1
2023-02-02 12:33:33.297 I  SwiperFlatListExample[39825:274a79] [com.apple.network:connection] nw_resolver_host_resolve_callback [C18.1] flags=0x40000002 ifindex=4294967295 error=NoError(0) hostname=localhost. addr=127.0.0.1 ttl=1
2023-02-02 12:33:33.297 Db SwiperFlatListExample[39825:274a79] [com.apple.network:] sa_dst_compare_rfc6724 Rule 6, prefer d2, d2 precedence 50 > d1 precedence 35
2023-02-02 12:33:33.297 Db SwiperFlatListExample[39825:274a79] [com.apple.network:] sa_dst_compare_internal <private>@0 < <private>@0
2023-02-02 12:33:33.297 I  SwiperFlatListExample[39825:274a79] [com.apple.network:connection] nw_resolver_create_prefer_connected_variant [C18.1] Prefer Connected: ::1.8081 is already the first endpoint
2023-02-02 12:33:33.297 Df SwiperFlatListExample[39825:274a79] (CFNetwork) Task <633BB3CA-DEA1-49B7-BBF0-B1F401DA4BD0>.<2> received response, status 200 content C
2023-02-02 12:33:33.297 Df SwiperFlatListExample[39825:274a79] (CFNetwork) Task <633BB3CA-DEA1-49B7-BBF0-B1F401DA4BD0>.<2> response ended
2023-02-02 12:33:33.297 Df SwiperFlatListExample[39825:274a79] (CFNetwork) Task <633BB3CA-DEA1-49B7-BBF0-B1F401DA4BD0>.<2> done using Connection 17
2023-02-02 12:33:33.297 Db SwiperFlatListExample[39825:274a79] [com.apple.network:activity] Returning should log: 0 for activity cfnetwork:foreground_task
2023-02-02 12:33:33.297 Db SwiperFlatListExample[39825:274a79] (CFNetwork) Connection 17: set is idle true
2023-02-02 12:33:33.297 Df SwiperFlatListExample[39825:274a79] [com.apple.network:connection] [C17] event: client:connection_idle @0.108s
2023-02-02 12:33:33.297 I  SwiperFlatListExample[39825:274a79] [com.apple.network:connection] nw_endpoint_handler_report_connection_idle [C17 ::1.8081 ready parent-flow (satisfied (Path is satisfied), viable, interface: en0[802.11])] Reporting connection idle to protocols
2023-02-02 12:33:33.297 Df SwiperFlatListExample[39825:274ac7] [com.apple.CFNetwork:Summary] Task <633BB3CA-DEA1-49B7-BBF0-B1F401DA4BD0>.<2> summary for task success {transaction_duration_ms=21, response_status=200, connection=17, reused=1, request_start_ms=1, request_duration_ms=0, response_start_ms=20, response_duration_ms=0, request_bytes=292, response_bytes=38736, cache_hit=false}
2023-02-02 12:33:33.298 Df SwiperFlatListExample[39825:274ac7] (CFNetwork) Task <633BB3CA-DEA1-49B7-BBF0-B1F401DA4BD0>.<2> finished successfully
2023-02-02 12:33:33.298 Db SwiperFlatListExample[39825:274ac7] [com.apple.network:activity] Returning should log: 0 for activity cfnetwork:foreground_task
2023-02-02 12:33:33.297 I  SwiperFlatListExample[39825:274a79] [com.apple.network:connection] nw_flow_passthrough_notify [C17.1.1 ::1.8081 ready socket-flow (satisfied (Path is satisfied), interface: lo0)] received notification connection_idle
2023-02-02 12:33:33.298 Db SwiperFlatListExample[39825:274ac9] [com.apple.CoreAnalytics.event:send] com.apple.ImageIO.CGImageSourceCreateWithData {"bundleID":"org.reactjs.native.example.SwiperFlatListExample","eventName":"com.apple.ImageIO.CGImageSourceCreateWithData","fileFormat":"public.jpeg"}
2023-02-02 12:33:33.298 Db SwiperFlatListExample[39825:274ac7] [com.apple.network:activity] No threshold for cfnetwork:foreground_task, returning NW_ACTIVITY_DURATION_INVALID
2023-02-02 12:33:33.298 Db SwiperFlatListExample[39825:274ac9] [com.apple.CoreAnalytics.event:send] com.apple.ImageIO.CGImageSourceCopyPropertiesAtIndex {"bundleID":"org.reactjs.native.example.SwiperFlatListExample","eventName":"com.apple.ImageIO.CGImageSourceCopyPropertiesAtIndex","fileFormat":"public.jpeg","index":0}
2023-02-02 12:33:33.298 Db SwiperFlatListExample[39825:274ac7] [com.apple.network:activity] No threshold for activity <nw_activity 12:2[573EC2F9-7F82-4335-9A12-14106E872F7D] (reporting strategy default) complete (reason success)>
2023-02-02 12:33:33.298 Db SwiperFlatListExample[39825:274ac9] (AppleJPEG) [0x146470a00] Created session
2023-02-02 12:33:33.298 Db SwiperFlatListExample[39825:274a79] [com.apple.network:connection] nw_endpoint_resolver_update [C18.1 localhost:8081 in_progress resolver (satisfied (Path is satisfied), viable, interface: en0[802.11])] resolver is complete
2023-02-02 12:33:33.299 Db SwiperFlatListExample[39825:274ac9] [com.apple.CoreAnalytics.event:send] com.apple.ImageIO.CGImageSourceCreateThumbnailAtIndex {"bundleID":"org.reactjs.native.example.SwiperFlatListExample","eventName":"com.apple.ImageIO.CGImageSourceCreateThumbnailAtIndex","fileFormat":"public.jpeg","index":0}
2023-02-02 12:33:33.299 Df SwiperFlatListExample[39825:274a79] [com.apple.network:connection] nw_endpoint_resolver_update [C18.1 localhost:8081 in_progress resolver (satisfied (Path is satisfied), viable, interface: en0[802.11])] Adding endpoint handler for ::1.8081
2023-02-02 12:33:33.299 Db SwiperFlatListExample[39825:274ac9] (AppleJPEG) [0x1463ed400] Created session
2023-02-02 12:33:33.299 Df SwiperFlatListExample[39825:274a79] [com.apple.network:connection] nw_endpoint_resolver_update [C18.1 localhost:8081 in_progress resolver (satisfied (Path is satisfied), viable, interface: en0[802.11])] Adding endpoint handler for 127.0.0.1:8081
2023-02-02 12:33:33.299 Db SwiperFlatListExample[39825:274a79] [com.apple.network:connection] nw_endpoint_resolver_update [C18.1 localhost:8081 in_progress resolver (satisfied (Path is satisfied), viable, interface: en0[802.11])] Updated endpoint list is (::1.8081,127.0.0.1:8081)
2023-02-02 12:33:33.299 Db SwiperFlatListExample[39825:274a79] [com.apple.network:connection] nw_endpoint_flow_receive_report [C18 localhost:8081 in_progress parent-flow (satisfied (Path is satisfied), viable, interface: en0[802.11])] received child report: [C18.1 localhost:8081 in_progress resolver (satisfied (Path is satisfied), viable, interface: en0[802.11])]
2023-02-02 12:33:33.299 Df SwiperFlatListExample[39825:274a79] [com.apple.network:connection] [C18.1 localhost:8081 in_progress resolver (satisfied (Path is satisfied), viable, interface: en0[802.11])] event: resolver:receive_dns @0.020s
2023-02-02 12:33:33.299 I  SwiperFlatListExample[39825:274a79] [com.apple.network:connection] nw_connection_create_with_id [C20] create connection to Hostname#99141057:8081
2023-02-02 12:33:33.299 Df SwiperFlatListExample[39825:274a79] (CFNetwork) Connection 20: starting, TC(0x0)
2023-02-02 12:33:33.299 Df SwiperFlatListExample[39825:274a79] [com.apple.network:connection] [C20 71822A27-8F64-4A99-AFD3-36D0F7F8829E localhost:8081 tcp, url hash: 4c5cfb61, definite, attribution: developer, context: com.apple.CFNetwork.NSURLSession.{CFA87F78-3542-470C-91E2-A0FF5865EAA9}{(null)}{Y}{2} (private), proc: 4B2D3039-C28E-3D3C-81E9-082DF9778677] start
2023-02-02 12:33:33.299 I  SwiperFlatListExample[39825:274a79] [com.apple.network:connection] nw_endpoint_handler_start [C20 localhost:8081 initial parent-flow ((null))]
2023-02-02 12:33:33.299 Df SwiperFlatListExample[39825:274a79] [com.apple.network:connection] [C20 localhost:8081 initial parent-flow ((null))] event: path:start @0.000s
2023-02-02 12:33:33.299 Db SwiperFlatListExample[39825:274a79] [com.apple.network:connection] nw_endpoint_handler_path_change [C20 localhost:8081 waiting parent-flow (satisfied (Path is satisfied), viable, interface: en0[802.11])]
2023-02-02 12:33:33.299 Df SwiperFlatListExample[39825:274a79] [com.apple.network:connection] [C20 localhost:8081 waiting parent-flow (satisfied (Path is satisfied), viable, interface: en0[802.11])] event: path:satisfied @0.000s, uuid: 46B25EE6-0353-4295-BC6F-B189F849AA36
2023-02-02 12:33:33.299 I  SwiperFlatListExample[39825:274a79] [com.apple.network:connection] nw_connection_endpoint_report_on_nw_queue_block_invoke [C20 localhost:8081 waiting parent-flow (satisfied (Path is satisfied), viable, interface: en0[802.11])] skipping state update
2023-02-02 12:33:33.299 Db SwiperFlatListExample[39825:274a79] [com.apple.network:] nw_endpoint_proxy_handler_should_use_proxy Looking up proxy for hostname: localhost, ifindex: 0
2023-02-02 12:33:33.299 Db SwiperFlatListExample[39825:274a79] [com.apple.SystemConfiguration:SCPreferences] create <SCPreferences 0x143ce40f0 [0x1ba9afc60]> {name = SCDynamicStoreCopyProxiesWithOptions, id = /Library/Managed Preferences/mobile/com.apple.SystemConfiguration.plist, path = /Library/Managed Preferences/mobile/com.apple.SystemConfiguration.plist}
2023-02-02 12:33:33.299 Db SwiperFlatListExample[39825:274a79] [com.apple.SystemConfiguration:SCPreferences] SCPreferences() access: /Library/Managed Preferences/mobile/com.apple.SystemConfiguration.plist, size=0
2023-02-02 12:33:33.299 Db SwiperFlatListExample[39825:274a79] [com.apple.SystemConfiguration:SCPreferences] release <SCPreferences 0x143ce40f0 [0x1ba9afc60]> {name = SCDynamicStoreCopyProxiesWithOptions, id = /Library/Managed Preferences/mobile/com.apple.SystemConfiguration.plist, path = /Library/Managed Preferences/mobile/com.apple.SystemConfiguration.plist, accessed}
2023-02-02 12:33:33.299 Db SwiperFlatListExample[39825:274ac9] [com.apple.CoreAnalytics.event:send] com.apple.ImageIO.CGCopyImageBlockSetWithOptions {"bundleID":"org.reactjs.native.example.SwiperFlatListExample","eventName":"com.apple.ImageIO.CGCopyImageBlockSetWithOptions","fileFormat":"public.jpeg"}
2023-02-02 12:33:33.299 Db SwiperFlatListExample[39825:274ac9] (AppleJPEG) [0x1463ed400] Decoding: C2 0x023001A4 0x00003842 0x22111100 0x00000000 38431
2023-02-02 12:33:33.299 Db SwiperFlatListExample[39825:274ac9] (AppleJPEG) [0x1463ed400] Options: 560x420 [FFFFFFFF,FFFFFFFF] 0001D060
2023-02-02 12:33:33.299 Db SwiperFlatListExample[39825:274a79] [com.apple.network:connection] nw_endpoint_flow_attach_protocols [C20 localhost:8081 in_progress parent-flow (satisfied (Path is satisfied), viable, interface: en0[802.11])]
2023-02-02 12:33:33.299 Db SwiperFlatListExample[39825:274a79] [com.apple.network:connection] nw_endpoint_flow_attach_protocols [C20 localhost:8081 in_progress parent-flow (satisfied (Path is satisfied), viable, interface: en0[802.11])] stopping after adding persistent application protocols
2023-02-02 12:33:33.299 Df SwiperFlatListExample[39825:274a79] [com.apple.network:connection] [C20 localhost:8081 in_progress parent-flow (satisfied (Path is satisfied), viable, interface: en0[802.11])] event: flow:start_child @0.000s
2023-02-02 12:33:33.299 Df SwiperFlatListExample[39825:274a79] [com.apple.network:connection] nw_connection_report_state_with_handler_on_nw_queue [C20] reporting state preparing
2023-02-02 12:33:33.299 I  SwiperFlatListExample[39825:274a79] [com.apple.network:connection] nw_endpoint_handler_start [C20.1 localhost:8081 initial path ((null))]
2023-02-02 12:33:33.299 Db SwiperFlatListExample[39825:274a79] [com.apple.network:connection] nw_endpoint_flow_receive_report [C20 localhost:8081 in_progress parent-flow (satisfied (Path is satisfied), viable, interface: en0[802.11])] received child report: [C20.1 localhost:8081 initial path ((null))]
2023-02-02 12:33:33.300 Df SwiperFlatListExample[39825:274a79] [com.apple.network:connection] [C20.1 localhost:8081 initial path ((null))] event: path:start @0.000s
2023-02-02 12:33:33.300 Db SwiperFlatListExample[39825:274a79] [com.apple.network:connection] nw_endpoint_handler_path_change [C20.1 localhost:8081 waiting path (satisfied (Path is satisfied), viable, interface: en0[802.11])]
2023-02-02 12:33:33.300 Db SwiperFlatListExample[39825:274a79] [com.apple.network:connection] nw_endpoint_flow_receive_report [C20 localhost:8081 in_progress parent-flow (satisfied (Path is satisfied), viable, interface: en0[802.11])] received child report: [C20.1 localhost:8081 waiting path (satisfied (Path is satisfied), viable, interface: en0[802.11])]
2023-02-02 12:33:33.300 Df SwiperFlatListExample[39825:274a79] [com.apple.network:connection] [C20.1 localhost:8081 waiting path (satisfied (Path is satisfied), viable, interface: en0[802.11])] event: path:satisfied @0.000s, uuid: 46B25EE6-0353-4295-BC6F-B189F849AA36
2023-02-02 12:33:33.300 Db SwiperFlatListExample[39825:274a79] [com.apple.network:] nw_endpoint_proxy_handler_should_use_proxy Looking up proxy for hostname: localhost, ifindex: 0
2023-02-02 12:33:33.300 Db SwiperFlatListExample[39825:274a79] [com.apple.SystemConfiguration:SCPreferences] create <SCPreferences 0x142db65d0 [0x1ba9afc60]> {name = SCDynamicStoreCopyProxiesWithOptions, id = /Library/Managed Preferences/mobile/com.apple.SystemConfiguration.plist, path = /Library/Managed Preferences/mobile/com.apple.SystemConfiguration.plist}
2023-02-02 12:33:33.300 Db SwiperFlatListExample[39825:274a79] [com.apple.SystemConfiguration:SCPreferences] SCPreferences() access: /Library/Managed Preferences/mobile/com.apple.SystemConfiguration.plist, size=0
2023-02-02 12:33:33.300 Db SwiperFlatListExample[39825:274a79] [com.apple.SystemConfiguration:SCPreferences] release <SCPreferences 0x142db65d0 [0x1ba9afc60]> {name = SCDynamicStoreCopyProxiesWithOptions, id = /Library/Managed Preferences/mobile/com.apple.SystemConfiguration.plist, path = /Library/Managed Preferences/mobile/com.apple.SystemConfiguration.plist, accessed}
2023-02-02 12:33:33.300 Db SwiperFlatListExample[39825:274a79] [com.apple.network:connection] -[NWConcrete_nw_endpoint_resolver startWithHandler:] [C20.1 localhost:8081 waiting resolver (satisfied (Path is satisfied), viable, interface: en0[802.11])]
2023-02-02 12:33:33.300 Db SwiperFlatListExample[39825:274a79] [com.apple.network:connection] nw_endpoint_flow_receive_report [C20 localhost:8081 in_progress parent-flow (satisfied (Path is satisfied), viable, interface: en0[802.11])] received child report: [C20.1 localhost:8081 in_progress resolver (satisfied (Path is satisfied), viable, interface: en0[802.11])]
2023-02-02 12:33:33.300 Df SwiperFlatListExample[39825:274a79] [com.apple.network:connection] [C20.1 localhost:8081 in_progress resolver (satisfied (Path is satisfied), viable, interface: en0[802.11])] event: resolver:start_dns @0.001s
2023-02-02 12:33:33.300 I  SwiperFlatListExample[39825:274a79] [com.apple.network:connection] nw_resolver_create_dns_service_locked [C20.1] Starting host resolution localhost:8081, flags 0xc000d000 proto 0
2023-02-02 12:33:33.300 Df SwiperFlatListExample[39825:274a79] (CFNetwork) Task <567EDAA8-C4EE-4B3E-A1CE-250B06766CF3>.<5> setting up Connection 20
2023-02-02 12:33:33.300 Db SwiperFlatListExample[39825:274a79] [com.apple.network:activity] Returning should log: 0 for activity cfnetwork:foreground_task
2023-02-02 12:33:33.300 I  SwiperFlatListExample[39825:274a79] [com.apple.network:connection] nw_resolver_host_resolve_callback [C19.1] flags=0x40000003 ifindex=4294967295 error=NoError(0) hostname=localhost. addr=::1 ttl=1
2023-02-02 12:33:33.300 I  SwiperFlatListExample[39825:274a79] [com.apple.network:connection] nw_resolver_host_resolve_callback [C19.1] flags=0x40000002 ifindex=4294967295 error=NoError(0) hostname=localhost. addr=127.0.0.1 ttl=1
2023-02-02 12:33:33.301 Db SwiperFlatListExample[39825:274a79] [com.apple.network:] sa_dst_compare_rfc6724 Rule 6, prefer d2, d2 precedence 50 > d1 precedence 35
2023-02-02 12:33:33.301 Db SwiperFlatListExample[39825:274a79] [com.apple.network:] sa_dst_compare_internal <private>@0 < <private>@0
2023-02-02 12:33:33.301 I  SwiperFlatListExample[39825:274a79] [com.apple.network:connection] nw_resolver_create_prefer_connected_variant [C19.1] Prefer Connected: ::1.8081 is already the first endpoint
2023-02-02 12:33:33.301 I  SwiperFlatListExample[39825:274a79] [com.apple.network:connection] nw_endpoint_resolver_start_next_child [C18.1 localhost:8081 in_progress resolver (satisfied (Path is satisfied), viable, interface: en0[802.11])] starting child endpoint ::1.8081
2023-02-02 12:33:33.301 I  SwiperFlatListExample[39825:274a79] [com.apple.network:connection] nw_endpoint_handler_start [C18.1.1 ::1.8081 initial path ((null))]
2023-02-02 12:33:33.301 Db SwiperFlatListExample[39825:274a79] [com.apple.network:connection] nw_endpoint_resolver_receive_report [C18.1 localhost:8081 in_progress resolver (satisfied (Path is satisfied), viable, interface: en0[802.11])] received child report: [C18.1.1 ::1.8081 initial path ((null))]
2023-02-02 12:33:33.301 Db SwiperFlatListExample[39825:274a79] [com.apple.network:connection] nw_endpoint_flow_receive_report [C18 localhost:8081 in_progress parent-flow (satisfied (Path is satisfied), viable, interface: en0[802.11])] received child report: [C18.1.1 ::1.8081 initial path ((null))]
2023-02-02 12:33:33.301 Df SwiperFlatListExample[39825:274a79] [com.apple.network:connection] [C18.1.1 ::1.8081 initial path ((null))] event: path:start @0.022s
2023-02-02 12:33:33.301 Db SwiperFlatListExample[39825:274a79] [com.apple.network:connection] nw_endpoint_handler_path_change [C18.1.1 ::1.8081 waiting path (satisfied (Path is satisfied), interface: lo0)]
2023-02-02 12:33:33.301 Db SwiperFlatListExample[39825:274a79] [com.apple.network:connection] nw_endpoint_resolver_receive_report [C18.1 localhost:8081 in_progress resolver (satisfied (Path is satisfied), viable, interface: en0[802.11])] received child report: [C18.1.1 ::1.8081 waiting path (satisfied (Path is satisfied), interface: lo0)]
2023-02-02 12:33:33.301 Db SwiperFlatListExample[39825:274a79] [com.apple.network:connection] nw_endpoint_flow_receive_report [C18 localhost:8081 in_progress parent-flow (satisfied (Path is satisfied), viable, interface: en0[802.11])] received child report: [C18.1.1 ::1.8081 waiting path (satisfied (Path is satisfied), interface: lo0)]
2023-02-02 12:33:33.301 Df SwiperFlatListExample[39825:274a79] [com.apple.network:connection] [C18.1.1 ::1.8081 waiting path (satisfied (Path is satisfied), interface: lo0)] event: path:satisfied @0.022s, uuid: CCECBE12-9771-43A2-83DD-47976379BD29
2023-02-02 12:33:33.301 Db SwiperFlatListExample[39825:274a79] [com.apple.network:] nw_endpoint_proxy_handler_should_use_proxy Looking up proxy for hostname: <nil>, ifindex: 0
2023-02-02 12:33:33.301 Db SwiperFlatListExample[39825:274a79] [com.apple.SystemConfiguration:SCPreferences] create <SCPreferences 0x142db65d0 [0x1ba9afc60]> {name = SCDynamicStoreCopyProxiesWithOptions, id = /Library/Managed Preferences/mobile/com.apple.SystemConfiguration.plist, path = /Library/Managed Preferences/mobile/com.apple.SystemConfiguration.plist}
2023-02-02 12:33:33.301 Db SwiperFlatListExample[39825:274a79] [com.apple.SystemConfiguration:SCPreferences] SCPreferences() access: /Library/Managed Preferences/mobile/com.apple.SystemConfiguration.plist, size=0
2023-02-02 12:33:33.301 Db SwiperFlatListExample[39825:274a79] [com.apple.SystemConfiguration:SCPreferences] release <SCPreferences 0x142db65d0 [0x1ba9afc60]> {name = SCDynamicStoreCopyProxiesWithOptions, id = /Library/Managed Preferences/mobile/com.apple.SystemConfiguration.plist, path = /Library/Managed Preferences/mobile/com.apple.SystemConfiguration.plist, accessed}
2023-02-02 12:33:33.301 I  SwiperFlatListExample[39825:274a79] [com.apple.network:connection] nw_endpoint_flow_setup_protocols [C18.1.1 ::1.8081 in_progress socket-flow (satisfied (Path is satisfied), interface: lo0)] setup flow id 7126ADB5-AF5E-41A6-8DDB-97055CDA3ADB
2023-02-02 12:33:33.301 Db SwiperFlatListExample[39825:274a79] [com.apple.network:connection] nw_endpoint_flow_attach_protocols [C18.1.1 ::1.8081 in_progress socket-flow (satisfied (Path is satisfied), interface: lo0)]
2023-02-02 12:33:33.301 Db SwiperFlatListExample[39825:274a79] [com.apple.network:connection] nw_endpoint_flow_attach_protocols_block_invoke [C18.1.1 ::1.8081 in_progress socket-flow (satisfied (Path is satisfied), interface: lo0)] Attached application protocol: CFNetworkConnection-3911579353
2023-02-02 12:33:33.301 Db SwiperFlatListExample[39825:274a79] [com.apple.network:] nw_fd_wrapper_create Created <fd_wrapper 30, guarded: false>
2023-02-02 12:33:33.301 Db SwiperFlatListExample[39825:274a79] [com.apple.network:connection] nw_endpoint_flow_attach_protocols [C18.1.1 ::1.8081 in_progress socket-flow (satisfied (Path is satisfied), interface: lo0)] Attached socket protocol
2023-02-02 12:33:33.301 Db SwiperFlatListExample[39825:274a79] [com.apple.network:connection] nw_endpoint_flow_setup_protocols [C18.1.1 ::1.8081 in_progress socket-flow (satisfied (Path is satisfied), interface: lo0)] leaf flow starting
2023-02-02 12:33:33.301 Db SwiperFlatListExample[39825:274a79] [com.apple.network:connection] nw_endpoint_resolver_receive_report [C18.1 localhost:8081 in_progress resolver (satisfied (Path is satisfied), viable, interface: en0[802.11])] received child report: [C18.1.1 ::1.8081 in_progress socket-flow (satisfied (Path is satisfied), interface: lo0)]
2023-02-02 12:33:33.301 Db SwiperFlatListExample[39825:274a79] [com.apple.network:connection] nw_endpoint_flow_receive_report [C18 localhost:8081 in_progress parent-flow (satisfied (Path is satisfied), viable, interface: en0[802.11])] received child report: [C18.1.1 ::1.8081 in_progress socket-flow (satisfied (Path is satisfied), interface: lo0)]
2023-02-02 12:33:33.301 Df SwiperFlatListExample[39825:274a79] [com.apple.network:connection] [C18.1.1 ::1.8081 in_progress socket-flow (satisfied (Path is satisfied), interface: lo0)] event: flow:start_connect @0.022s
2023-02-02 12:33:33.301 I  SwiperFlatListExample[39825:274a79] [com.apple.network:connection] nw_endpoint_resolver_start_next_child [C18.1 localhost:8081 in_progress resolver (satisfied (Path is satisfied), viable, interface: en0[802.11])] starting next child endpoint in 2000ms
2023-02-02 12:33:33.301 I  SwiperFlatListExample[39825:274a79] [com.apple.network:connection] nw_resolver_host_resolve_callback [C20.1] flags=0x40000003 ifindex=4294967295 error=NoError(0) hostname=localhost. addr=::1 ttl=1
2023-02-02 12:33:33.301 Db SwiperFlatListExample[39825:274ac9] (AppleJPEG) [0x1463ed400] Decoding completed without errors
2023-02-02 12:33:33.301 I  SwiperFlatListExample[39825:274a79] [com.apple.network:connection] nw_resolver_host_resolve_callback [C20.1] flags=0x40000002 ifindex=4294967295 error=NoError(0) hostname=localhost. addr=127.0.0.1 ttl=1
2023-02-02 12:33:33.302 Db SwiperFlatListExample[39825:274a79] [com.apple.network:] sa_dst_compare_rfc6724 Rule 6, prefer d2, d2 precedence 50 > d1 precedence 35
2023-02-02 12:33:33.302 Db SwiperFlatListExample[39825:274a79] [com.apple.network:] sa_dst_compare_internal <private>@0 < <private>@0
2023-02-02 12:33:33.302 I  SwiperFlatListExample[39825:274a79] [com.apple.network:connection] nw_resolver_create_prefer_connected_variant [C20.1] Prefer Connected: ::1.8081 is already the first endpoint
2023-02-02 12:33:33.302 Db SwiperFlatListExample[39825:274a79] [com.apple.network:connection] nw_endpoint_resolver_update [C19.1 localhost:8081 in_progress resolver (satisfied (Path is satisfied), viable, interface: en0[802.11])] resolver is complete
2023-02-02 12:33:33.302 Df SwiperFlatListExample[39825:274a79] [com.apple.network:connection] nw_endpoint_resolver_update [C19.1 localhost:8081 in_progress resolver (satisfied (Path is satisfied), viable, interface: en0[802.11])] Adding endpoint handler for ::1.8081
2023-02-02 12:33:33.302 Df SwiperFlatListExample[39825:274a79] [com.apple.network:connection] nw_endpoint_resolver_update [C19.1 localhost:8081 in_progress resolver (satisfied (Path is satisfied), viable, interface: en0[802.11])] Adding endpoint handler for 127.0.0.1:8081
2023-02-02 12:33:33.302 Db SwiperFlatListExample[39825:274ac9] (AppleJPEG) [0x1463ed400] Releasing session
2023-02-02 12:33:33.302 Db SwiperFlatListExample[39825:274ac9] (AppleJPEG) [0x146470a00] Releasing session
2023-02-02 12:33:33.302 Db SwiperFlatListExample[39825:274a79] [com.apple.network:connection] nw_endpoint_resolver_update [C19.1 localhost:8081 in_progress resolver (satisfied (Path is satisfied), viable, interface: en0[802.11])] Updated endpoint list is (::1.8081,127.0.0.1:8081)
2023-02-02 12:33:33.302 Db SwiperFlatListExample[39825:274a79] [com.apple.network:connection] nw_endpoint_flow_receive_report [C19 localhost:8081 in_progress parent-flow (satisfied (Path is satisfied), viable, interface: en0[802.11])] received child report: [C19.1 localhost:8081 in_progress resolver (satisfied (Path is satisfied), viable, interface: en0[802.11])]
2023-02-02 12:33:33.302 Df SwiperFlatListExample[39825:274a79] [com.apple.network:connection] [C19.1 localhost:8081 in_progress resolver (satisfied (Path is satisfied), viable, interface: en0[802.11])] event: resolver:receive_dns @0.021s
2023-02-02 12:33:33.302 Db SwiperFlatListExample[39825:274a79] [com.apple.network:connection] nw_endpoint_resolver_update [C20.1 localhost:8081 in_progress resolver (satisfied (Path is satisfied), viable, interface: en0[802.11])] resolver is complete
2023-02-02 12:33:33.302 Df SwiperFlatListExample[39825:274a79] [com.apple.network:connection] nw_endpoint_resolver_update [C20.1 localhost:8081 in_progress resolver (satisfied (Path is satisfied), viable, interface: en0[802.11])] Adding endpoint handler for ::1.8081
2023-02-02 12:33:33.302 Df SwiperFlatListExample[39825:274a79] [com.apple.network:connection] nw_endpoint_resolver_update [C20.1 localhost:8081 in_progress resolver (satisfied (Path is satisfied), viable, interface: en0[802.11])] Adding endpoint handler for 127.0.0.1:8081
2023-02-02 12:33:33.302 Db SwiperFlatListExample[39825:274a79] [com.apple.network:connection] nw_endpoint_resolver_update [C20.1 localhost:8081 in_progress resolver (satisfied (Path is satisfied), viable, interface: en0[802.11])] Updated endpoint list is (::1.8081,127.0.0.1:8081)
2023-02-02 12:33:33.302 Db SwiperFlatListExample[39825:274a79] [com.apple.network:connection] nw_endpoint_flow_receive_report [C20 localhost:8081 in_progress parent-flow (satisfied (Path is satisfied), viable, interface: en0[802.11])] received child report: [C20.1 localhost:8081 in_progress resolver (satisfied (Path is satisfied), viable, interface: en0[802.11])]
2023-02-02 12:33:33.302 Df SwiperFlatListExample[39825:274a79] [com.apple.network:connection] [C20.1 localhost:8081 in_progress resolver (satisfied (Path is satisfied), viable, interface: en0[802.11])] event: resolver:receive_dns @0.003s
2023-02-02 12:33:33.302 I  SwiperFlatListExample[39825:274a79] [com.apple.network:connection] nw_endpoint_resolver_start_next_child [C19.1 localhost:8081 in_progress resolver (satisfied (Path is satisfied), viable, interface: en0[802.11])] starting child endpoint ::1.8081
2023-02-02 12:33:33.302 I  SwiperFlatListExample[39825:274a79] [com.apple.network:connection] nw_endpoint_handler_start [C19.1.1 ::1.8081 initial path ((null))]
2023-02-02 12:33:33.302 Db SwiperFlatListExample[39825:274a79] [com.apple.network:connection] nw_endpoint_resolver_receive_report [C19.1 localhost:8081 in_progress resolver (satisfied (Path is satisfied), viable, interface: en0[802.11])] received child report: [C19.1.1 ::1.8081 initial path ((null))]
2023-02-02 12:33:33.302 Db SwiperFlatListExample[39825:274a79] [com.apple.network:connection] nw_endpoint_flow_receive_report [C19 localhost:8081 in_progress parent-flow (satisfied (Path is satisfied), viable, interface: en0[802.11])] received child report: [C19.1.1 ::1.8081 initial path ((null))]
2023-02-02 12:33:33.302 Df SwiperFlatListExample[39825:274a79] [com.apple.network:connection] [C19.1.1 ::1.8081 initial path ((null))] event: path:start @0.021s
2023-02-02 12:33:33.303 Db SwiperFlatListExample[39825:274a79] [com.apple.network:connection] nw_endpoint_handler_path_change [C19.1.1 ::1.8081 waiting path (satisfied (Path is satisfied), interface: lo0)]
2023-02-02 12:33:33.303 Db SwiperFlatListExample[39825:274a79] [com.apple.network:connection] nw_endpoint_resolver_receive_report [C19.1 localhost:8081 in_progress resolver (satisfied (Path is satisfied), viable, interface: en0[802.11])] received child report: [C19.1.1 ::1.8081 waiting path (satisfied (Path is satisfied), interface: lo0)]
2023-02-02 12:33:33.303 Db SwiperFlatListExample[39825:274a79] [com.apple.network:connection] nw_endpoint_flow_receive_report [C19 localhost:8081 in_progress parent-flow (satisfied (Path is satisfied), viable, interface: en0[802.11])] received child report: [C19.1.1 ::1.8081 waiting path (satisfied (Path is satisfied), interface: lo0)]
2023-02-02 12:33:33.303 Df SwiperFlatListExample[39825:274a79] [com.apple.network:connection] [C19.1.1 ::1.8081 waiting path (satisfied (Path is satisfied), interface: lo0)] event: path:satisfied @0.021s, uuid: CCECBE12-9771-43A2-83DD-47976379BD29
2023-02-02 12:33:33.303 Db SwiperFlatListExample[39825:274a79] [com.apple.network:] nw_endpoint_proxy_handler_should_use_proxy Looking up proxy for hostname: <nil>, ifindex: 0
2023-02-02 12:33:33.303 Db SwiperFlatListExample[39825:274a79] [com.apple.SystemConfiguration:SCPreferences] create <SCPreferences 0x143d05f30 [0x1ba9afc60]> {name = SCDynamicStoreCopyProxiesWithOptions, id = /Library/Managed Preferences/mobile/com.apple.SystemConfiguration.plist, path = /Library/Managed Preferences/mobile/com.apple.SystemConfiguration.plist}
2023-02-02 12:33:33.303 Db SwiperFlatListExample[39825:274a79] [com.apple.SystemConfiguration:SCPreferences] SCPreferences() access: /Library/Managed Preferences/mobile/com.apple.SystemConfiguration.plist, size=0
2023-02-02 12:33:33.303 Db SwiperFlatListExample[39825:274a79] [com.apple.SystemConfiguration:SCPreferences] release <SCPreferences 0x143d05f30 [0x1ba9afc60]> {name = SCDynamicStoreCopyProxiesWithOptions, id = /Library/Managed Preferences/mobile/com.apple.SystemConfiguration.plist, path = /Library/Managed Preferences/mobile/com.apple.SystemConfiguration.plist, accessed}
2023-02-02 12:33:33.303 I  SwiperFlatListExample[39825:274a79] [com.apple.network:connection] nw_endpoint_flow_setup_protocols [C19.1.1 ::1.8081 in_progress socket-flow (satisfied (Path is satisfied), interface: lo0)] setup flow id 6DA5B0F9-40D5-4A21-B6DB-8C6FC9E87D34
2023-02-02 12:33:33.303 Db SwiperFlatListExample[39825:274a79] [com.apple.network:connection] nw_endpoint_flow_attach_protocols [C19.1.1 ::1.8081 in_progress socket-flow (satisfied (Path is satisfied), interface: lo0)]
2023-02-02 12:33:33.303 Db SwiperFlatListExample[39825:274a79] [com.apple.network:connection] nw_endpoint_flow_attach_protocols_block_invoke [C19.1.1 ::1.8081 in_progress socket-flow (satisfied (Path is satisfied), interface: lo0)] Attached application protocol: CFNetworkConnection-3911579353
2023-02-02 12:33:33.303 Db SwiperFlatListExample[39825:274a79] [com.apple.network:] nw_fd_wrapper_create Created <fd_wrapper 31, guarded: false>
2023-02-02 12:33:33.303 Db SwiperFlatListExample[39825:274a79] [com.apple.network:connection] nw_endpoint_flow_attach_protocols [C19.1.1 ::1.8081 in_progress socket-flow (satisfied (Path is satisfied), interface: lo0)] Attached socket protocol
2023-02-02 12:33:33.303 Db SwiperFlatListExample[39825:274a79] [com.apple.network:connection] nw_endpoint_flow_setup_protocols [C19.1.1 ::1.8081 in_progress socket-flow (satisfied (Path is satisfied), interface: lo0)] leaf flow starting
2023-02-02 12:33:33.303 Db SwiperFlatListExample[39825:274a79] [com.apple.network:connection] nw_endpoint_resolver_receive_report [C19.1 localhost:8081 in_progress resolver (satisfied (Path is satisfied), viable, interface: en0[802.11])] received child report: [C19.1.1 ::1.8081 in_progress socket-flow (satisfied (Path is satisfied), interface: lo0)]
2023-02-02 12:33:33.303 Db SwiperFlatListExample[39825:274a79] [com.apple.network:connection] nw_endpoint_flow_receive_report [C19 localhost:8081 in_progress parent-flow (satisfied (Path is satisfied), viable, interface: en0[802.11])] received child report: [C19.1.1 ::1.8081 in_progress socket-flow (satisfied (Path is satisfied), interface: lo0)]
2023-02-02 12:33:33.303 Df SwiperFlatListExample[39825:274a79] [com.apple.network:connection] [C19.1.1 ::1.8081 in_progress socket-flow (satisfied (Path is satisfied), interface: lo0)] event: flow:start_connect @0.022s
2023-02-02 12:33:33.304 I  SwiperFlatListExample[39825:274a79] [com.apple.network:connection] nw_endpoint_resolver_start_next_child [C19.1 localhost:8081 in_progress resolver (satisfied (Path is satisfied), viable, interface: en0[802.11])] starting next child endpoint in 2000ms
2023-02-02 12:33:33.304 I  SwiperFlatListExample[39825:274a79] [com.apple.network:connection] nw_endpoint_resolver_start_next_child [C20.1 localhost:8081 in_progress resolver (satisfied (Path is satisfied), viable, interface: en0[802.11])] starting child endpoint ::1.8081
2023-02-02 12:33:33.304 I  SwiperFlatListExample[39825:274a79] [com.apple.network:connection] nw_endpoint_handler_start [C20.1.1 ::1.8081 initial path ((null))]
2023-02-02 12:33:33.304 Db SwiperFlatListExample[39825:274a79] [com.apple.network:connection] nw_endpoint_resolver_receive_report [C20.1 localhost:8081 in_progress resolver (satisfied (Path is satisfied), viable, interface: en0[802.11])] received child report: [C20.1.1 ::1.8081 initial path ((null))]
2023-02-02 12:33:33.304 Db SwiperFlatListExample[39825:274a79] [com.apple.network:connection] nw_endpoint_flow_receive_report [C20 localhost:8081 in_progress parent-flow (satisfied (Path is satisfied), viable, interface: en0[802.11])] received child report: [C20.1.1 ::1.8081 initial path ((null))]
2023-02-02 12:33:33.304 Df SwiperFlatListExample[39825:274a79] [com.apple.network:connection] [C20.1.1 ::1.8081 initial path ((null))] event: path:start @0.004s
2023-02-02 12:33:33.304 Db SwiperFlatListExample[39825:274a79] [com.apple.network:connection] nw_endpoint_handler_path_change [C20.1.1 ::1.8081 waiting path (satisfied (Path is satisfied), interface: lo0)]
2023-02-02 12:33:33.304 Db SwiperFlatListExample[39825:274a79] [com.apple.network:connection] nw_endpoint_resolver_receive_report [C20.1 localhost:8081 in_progress resolver (satisfied (Path is satisfied), viable, interface: en0[802.11])] received child report: [C20.1.1 ::1.8081 waiting path (satisfied (Path is satisfied), interface: lo0)]
2023-02-02 12:33:33.304 Db SwiperFlatListExample[39825:274a79] [com.apple.network:connection] nw_endpoint_flow_receive_report [C20 localhost:8081 in_progress parent-flow (satisfied (Path is satisfied), viable, interface: en0[802.11])] received child report: [C20.1.1 ::1.8081 waiting path (satisfied (Path is satisfied), interface: lo0)]
2023-02-02 12:33:33.304 Df SwiperFlatListExample[39825:274a79] [com.apple.network:connection] [C20.1.1 ::1.8081 waiting path (satisfied (Path is satisfied), interface: lo0)] event: path:satisfied @0.005s, uuid: CCECBE12-9771-43A2-83DD-47976379BD29
2023-02-02 12:33:33.304 Db SwiperFlatListExample[39825:274a79] [com.apple.network:] nw_endpoint_proxy_handler_should_use_proxy Looking up proxy for hostname: <nil>, ifindex: 0
2023-02-02 12:33:33.304 Db SwiperFlatListExample[39825:274a79] [com.apple.SystemConfiguration:SCPreferences] create <SCPreferences 0x142db6c20 [0x1ba9afc60]> {name = SCDynamicStoreCopyProxiesWithOptions, id = /Library/Managed Preferences/mobile/com.apple.SystemConfiguration.plist, path = /Library/Managed Preferences/mobile/com.apple.SystemConfiguration.plist}
2023-02-02 12:33:33.304 Db SwiperFlatListExample[39825:274a79] [com.apple.SystemConfiguration:SCPreferences] SCPreferences() access: /Library/Managed Preferences/mobile/com.apple.SystemConfiguration.plist, size=0
2023-02-02 12:33:33.304 Db SwiperFlatListExample[39825:274a79] [com.apple.SystemConfiguration:SCPreferences] release <SCPreferences 0x142db6c20 [0x1ba9afc60]> {name = SCDynamicStoreCopyProxiesWithOptions, id = /Library/Managed Preferences/mobile/com.apple.SystemConfiguration.plist, path = /Library/Managed Preferences/mobile/com.apple.SystemConfiguration.plist, accessed}
2023-02-02 12:33:33.305 I  SwiperFlatListExample[39825:274a79] [com.apple.network:connection] nw_endpoint_flow_setup_protocols [C20.1.1 ::1.8081 in_progress socket-flow (satisfied (Path is satisfied), interface: lo0)] setup flow id E09C39C0-5758-4A9C-A859-65ACE62B314C
