2023-02-02 12:33:35.284 Db SwiperFlatListExample[39825:274aca] [com.apple.SystemConfiguration:SCPreferences] create <SCPreferences 0x143bbe570 [0x1ba9afc60]> {name = SCDynamicStoreCopyProxiesWithOptions, id = /Library/Managed Preferences/mobile/com.apple.SystemConfiguration.plist, path = /Library/Managed Preferences/mobile/com.apple.SystemConfiguration.plist}
2023-02-02 12:33:35.284 Db SwiperFlatListExample[39825:274aca] [com.apple.SystemConfiguration:SCPreferences] SCPreferences() access: /Library/Managed Preferences/mobile/com.apple.SystemConfiguration.plist, size=0
2023-02-02 12:33:35.284 Db SwiperFlatListExample[39825:274aca] [com.apple.SystemConfiguration:SCPreferences] release <SCPreferences 0x143bbe570 [0x1ba9afc60]> {name = SCDynamicStoreCopyProxiesWithOptions, id = /Library/Managed Preferences/mobile/com.apple.SystemConfiguration.plist, path = /Library/Managed Preferences/mobile/com.apple.SystemConfiguration.plist, accessed}
2023-02-02 12:33:35.286 Db SwiperFlatListExample[39825:274aca] [com.apple.network:connection] nw_endpoint_flow_attach_protocols [C26 localhost:8081 in_progress parent-flow (satisfied (Path is satisfied), viable, interface: en0[802.11])]
2023-02-02 12:33:35.286 Db SwiperFlatListExample[39825:274aca] [com.apple.network:connection] nw_endpoint_flow_attach_protocols [C26 localhost:8081 in_progress parent-flow (satisfied (Path is satisfied), viable, interface: en0[802.11])] stopping after adding persistent application protocols
2023-02-02 12:33:35.286 Df SwiperFlatListExample[39825:274aca] [com.apple.network:connection] [C26 localhost:8081 in_progress parent-flow (satisfied (Path is satisfied), viable, interface: en0[802.11])] event: flow:start_child @0.002s
2023-02-02 12:33:35.286 Df SwiperFlatListExample[39825:274aca] [com.apple.network:connection] nw_connection_report_state_with_handler_on_nw_queue [C26] reporting state preparing
2023-02-02 12:33:35.286 I  SwiperFlatListExample[39825:274aca] [com.apple.network:connection] nw_endpoint_handler_start [C26.1 localhost:8081 initial path ((null))]
2023-02-02 12:33:35.286 Db SwiperFlatListExample[39825:274aca] [com.apple.network:connection] nw_endpoint_flow_receive_report [C26 localhost:8081 in_progress parent-flow (satisfied (Path is satisfied), viable, interface: en0[802.11])] received child report: [C26.1 localhost:8081 initial path ((null))]
2023-02-02 12:33:35.286 Df SwiperFlatListExample[39825:274aca] [com.apple.network:connection] [C26.1 localhost:8081 initial path ((null))] event: path:start @0.002s
2023-02-02 12:33:35.287 Db SwiperFlatListExample[39825:274aca] [com.apple.network:connection] nw_endpoint_handler_path_change [C26.1 localhost:8081 waiting path (satisfied (Path is satisfied), viable, interface: en0[802.11])]
2023-02-02 12:33:35.287 Db SwiperFlatListExample[39825:274aca] [com.apple.network:connection] nw_endpoint_flow_receive_report [C26 localhost:8081 in_progress parent-flow (satisfied (Path is satisfied), viable, interface: en0[802.11])] received child report: [C26.1 localhost:8081 waiting path (satisfied (Path is satisfied), viable, interface: en0[802.11])]
2023-02-02 12:33:35.287 Df SwiperFlatListExample[39825:274aca] [com.apple.network:connection] [C26.1 localhost:8081 waiting path (satisfied (Path is satisfied), viable, interface: en0[802.11])] event: path:satisfied @0.002s, uuid: 277C7B00-CA57-4FB5-A051-6AD6B1549A10
2023-02-02 12:33:35.287 Db SwiperFlatListExample[39825:274aca] [com.apple.network:] nw_endpoint_proxy_handler_should_use_proxy Looking up proxy for hostname: localhost, ifindex: 0
2023-02-02 12:33:35.287 Db SwiperFlatListExample[39825:274aca] [com.apple.SystemConfiguration:SCPreferences] create <SCPreferences 0x14396c460 [0x1ba9afc60]> {name = SCDynamicStoreCopyProxiesWithOptions, id = /Library/Managed Preferences/mobile/com.apple.SystemConfiguration.plist, path = /Library/Managed Preferences/mobile/com.apple.SystemConfiguration.plist}
2023-02-02 12:33:35.287 Db SwiperFlatListExample[39825:274aca] [com.apple.SystemConfiguration:SCPreferences] SCPreferences() access: /Library/Managed Preferences/mobile/com.apple.SystemConfiguration.plist, size=0
2023-02-02 12:33:35.287 Db SwiperFlatListExample[39825:274aca] [com.apple.SystemConfiguration:SCPreferences] release <SCPreferences 0x14396c460 [0x1ba9afc60]> {name = SCDynamicStoreCopyProxiesWithOptions, id = /Library/Managed Preferences/mobile/com.apple.SystemConfiguration.plist, path = /Library/Managed Preferences/mobile/com.apple.SystemConfiguration.plist, accessed}
2023-02-02 12:33:35.291 Db SwiperFlatListExample[39825:274aca] [com.apple.network:connection] -[NWConcrete_nw_endpoint_resolver startWithHandler:] [C26.1 localhost:8081 waiting resolver (satisfied (Path is satisfied), viable, interface: en0[802.11])]
2023-02-02 12:33:35.291 Db SwiperFlatListExample[39825:274aca] [com.apple.network:connection] nw_endpoint_flow_receive_report [C26 localhost:8081 in_progress parent-flow (satisfied (Path is satisfied), viable, interface: en0[802.11])] received child report: [C26.1 localhost:8081 in_progress resolver (satisfied (Path is satisfied), viable, interface: en0[802.11])]
2023-02-02 12:33:35.291 Df SwiperFlatListExample[39825:274aca] [com.apple.network:connection] [C26.1 localhost:8081 in_progress resolver (satisfied (Path is satisfied), viable, interface: en0[802.11])] event: resolver:start_dns @0.006s
2023-02-02 12:33:35.308 I  SwiperFlatListExample[39825:274aca] [com.apple.network:connection] nw_resolver_create_dns_service_locked [C26.1] Starting host resolution localhost:8081, flags 0xc000d000 proto 0
2023-02-02 12:33:35.308 Df SwiperFlatListExample[39825:274aca] (CFNetwork) Task <332E9B54-26E8-4467-827C-43A7E53235ED>.<3> setting up Connection 26
2023-02-02 12:33:35.308 Db SwiperFlatListExample[39825:274aca] [com.apple.network:activity] Returning should log: 0 for activity cfnetwork:foreground_task
2023-02-02 12:33:35.308 I  SwiperFlatListExample[39825:274aca] [com.apple.network:connection] nw_connection_create_with_id [C27] create connection to Hostname#99141057:8081
2023-02-02 12:33:35.308 Df SwiperFlatListExample[39825:274aca] (CFNetwork) Connection 27: starting, TC(0x0)
2023-02-02 12:33:35.308 Df SwiperFlatListExample[39825:274aca] [com.apple.network:connection] [C27 DABD40E8-B5AA-4A11-BF38-9D4C1FBEC70C localhost:8081 tcp, url hash: 6717c0bd, definite, attribution: developer, context: com.apple.CFNetwork.NSURLSession.{31A06EC5-CD30-45FC-9463-56F0B0B85FAD}{(null)}{Y}{2} (private), proc: 4B2D3039-C28E-3D3C-81E9-082DF9778677] start
2023-02-02 12:33:35.308 I  SwiperFlatListExample[39825:274aca] [com.apple.network:connection] nw_endpoint_handler_start [C27 localhost:8081 initial parent-flow ((null))]
2023-02-02 12:33:35.308 Df SwiperFlatListExample[39825:274aca] [com.apple.network:connection] [C27 localhost:8081 initial parent-flow ((null))] event: path:start @0.000s
2023-02-02 12:33:35.308 Db SwiperFlatListExample[39825:274aca] [com.apple.network:connection] nw_endpoint_handler_path_change [C27 localhost:8081 waiting parent-flow (satisfied (Path is satisfied), viable, interface: en0[802.11])]
2023-02-02 12:33:35.308 Df SwiperFlatListExample[39825:274aca] [com.apple.network:connection] [C27 localhost:8081 waiting parent-flow (satisfied (Path is satisfied), viable, interface: en0[802.11])] event: path:satisfied @0.000s, uuid: 277C7B00-CA57-4FB5-A051-6AD6B1549A10
2023-02-02 12:33:35.309 I  SwiperFlatListExample[39825:274aca] [com.apple.network:connection] nw_connection_endpoint_report_on_nw_queue_block_invoke [C27 localhost:8081 waiting parent-flow (satisfied (Path is satisfied), viable, interface: en0[802.11])] skipping state update
2023-02-02 12:33:35.309 Db SwiperFlatListExample[39825:274aca] [com.apple.network:] nw_endpoint_proxy_handler_should_use_proxy Looking up proxy for hostname: localhost, ifindex: 0
2023-02-02 12:33:35.309 Db SwiperFlatListExample[39825:274aca] [com.apple.SystemConfiguration:SCPreferences] create <SCPreferences 0x143aca7d0 [0x1ba9afc60]> {name = SCDynamicStoreCopyProxiesWithOptions, id = /Library/Managed Preferences/mobile/com.apple.SystemConfiguration.plist, path = /Library/Managed Preferences/mobile/com.apple.SystemConfiguration.plist}
2023-02-02 12:33:35.309 Db SwiperFlatListExample[39825:274aca] [com.apple.SystemConfiguration:SCPreferences] SCPreferences() access: /Library/Managed Preferences/mobile/com.apple.SystemConfiguration.plist, size=0
2023-02-02 12:33:35.309 Db SwiperFlatListExample[39825:274aca] [com.apple.SystemConfiguration:SCPreferences] release <SCPreferences 0x143aca7d0 [0x1ba9afc60]> {name = SCDynamicStoreCopyProxiesWithOptions, id = /Library/Managed Preferences/mobile/com.apple.SystemConfiguration.plist, path = /Library/Managed Preferences/mobile/com.apple.SystemConfiguration.plist, accessed}
2023-02-02 12:33:35.309 Db SwiperFlatListExample[39825:274aca] [com.apple.network:connection] nw_endpoint_flow_attach_protocols [C27 localhost:8081 in_progress parent-flow (satisfied (Path is satisfied), viable, interface: en0[802.11])]
2023-02-02 12:33:35.309 Db SwiperFlatListExample[39825:274aca] [com.apple.network:connection] nw_endpoint_flow_attach_protocols [C27 localhost:8081 in_progress parent-flow (satisfied (Path is satisfied), viable, interface: en0[802.11])] stopping after adding persistent application protocols
2023-02-02 12:33:35.309 Df SwiperFlatListExample[39825:274aca] [com.apple.network:connection] [C27 localhost:8081 in_progress parent-flow (satisfied (Path is satisfied), viable, interface: en0[802.11])] event: flow:start_child @0.001s
2023-02-02 12:33:35.310 Df SwiperFlatListExample[39825:274aca] [com.apple.network:connection] nw_connection_report_state_with_handler_on_nw_queue [C27] reporting state preparing
2023-02-02 12:33:35.310 I  SwiperFlatListExample[39825:274aca] [com.apple.network:connection] nw_endpoint_handler_start [C27.1 localhost:8081 initial path ((null))]
2023-02-02 12:33:35.310 Db SwiperFlatListExample[39825:274aca] [com.apple.network:connection] nw_endpoint_flow_receive_report [C27 localhost:8081 in_progress parent-flow (satisfied (Path is satisfied), viable, interface: en0[802.11])] received child report: [C27.1 localhost:8081 initial path ((null))]
2023-02-02 12:33:35.310 Df SwiperFlatListExample[39825:274aca] [com.apple.network:connection] [C27.1 localhost:8081 initial path ((null))] event: path:start @0.001s
2023-02-02 12:33:35.310 Db SwiperFlatListExample[39825:274aca] [com.apple.network:connection] nw_endpoint_handler_path_change [C27.1 localhost:8081 waiting path (satisfied (Path is satisfied), viable, interface: en0[802.11])]
2023-02-02 12:33:35.310 Db SwiperFlatListExample[39825:274aca] [com.apple.network:connection] nw_endpoint_flow_receive_report [C27 localhost:8081 in_progress parent-flow (satisfied (Path is satisfied), viable, interface: en0[802.11])] received child report: [C27.1 localhost:8081 waiting path (satisfied (Path is satisfied), viable, interface: en0[802.11])]
2023-02-02 12:33:35.310 Df SwiperFlatListExample[39825:274aca] [com.apple.network:connection] [C27.1 localhost:8081 waiting path (satisfied (Path is satisfied), viable, interface: en0[802.11])] event: path:satisfied @0.001s, uuid: 277C7B00-CA57-4FB5-A051-6AD6B1549A10
2023-02-02 12:33:35.310 Db SwiperFlatListExample[39825:274aca] [com.apple.network:] nw_endpoint_proxy_handler_should_use_proxy Looking up proxy for hostname: localhost, ifindex: 0
2023-02-02 12:33:35.310 Db SwiperFlatListExample[39825:274aca] [com.apple.SystemConfiguration:SCPreferences] create <SCPreferences 0x143d04de0 [0x1ba9afc60]> {name = SCDynamicStoreCopyProxiesWithOptions, id = /Library/Managed Preferences/mobile/com.apple.SystemConfiguration.plist, path = /Library/Managed Preferences/mobile/com.apple.SystemConfiguration.plist}
2023-02-02 12:33:35.310 Db SwiperFlatListExample[39825:274aca] [com.apple.SystemConfiguration:SCPreferences] SCPreferences() access: /Library/Managed Preferences/mobile/com.apple.SystemConfiguration.plist, size=0
2023-02-02 12:33:35.310 Db SwiperFlatListExample[39825:274aca] [com.apple.SystemConfiguration:SCPreferences] release <SCPreferences 0x143d04de0 [0x1ba9afc60]> {name = SCDynamicStoreCopyProxiesWithOptions, id = /Library/Managed Preferences/mobile/com.apple.SystemConfiguration.plist, path = /Library/Managed Preferences/mobile/com.apple.SystemConfiguration.plist, accessed}
2023-02-02 12:33:35.310 Db SwiperFlatListExample[39825:274aca] [com.apple.network:connection] -[NWConcrete_nw_endpoint_resolver startWithHandler:] [C27.1 localhost:8081 waiting resolver (satisfied (Path is satisfied), viable, interface: en0[802.11])]
2023-02-02 12:33:35.310 Db SwiperFlatListExample[39825:274aca] [com.apple.network:connection] nw_endpoint_flow_receive_report [C27 localhost:8081 in_progress parent-flow (satisfied (Path is satisfied), viable, interface: en0[802.11])] received child report: [C27.1 localhost:8081 in_progress resolver (satisfied (Path is satisfied), viable, interface: en0[802.11])]
2023-02-02 12:33:35.310 Df SwiperFlatListExample[39825:274aca] [com.apple.network:connection] [C27.1 localhost:8081 in_progress resolver (satisfied (Path is satisfied), viable, interface: en0[802.11])] event: resolver:start_dns @0.002s
2023-02-02 12:33:35.311 I  SwiperFlatListExample[39825:274aca] [com.apple.network:connection] nw_resolver_create_dns_service_locked [C27.1] Starting host resolution localhost:8081, flags 0xc000d000 proto 0
2023-02-02 12:33:35.311 Df SwiperFlatListExample[39825:274aca] (CFNetwork) Task <0E1EADA0-C3E1-414C-B28D-912876844F70>.<4> setting up Connection 27
2023-02-02 12:33:35.311 Db SwiperFlatListExample[39825:274aca] [com.apple.network:activity] Returning should log: 0 for activity cfnetwork:foreground_task
2023-02-02 12:33:35.311 I  SwiperFlatListExample[39825:274aca] [com.apple.network:connection] nw_resolver_host_resolve_callback [C26.1] flags=0x40000003 ifindex=4294967295 error=NoError(0) hostname=localhost. addr=::1 ttl=1
2023-02-02 12:33:35.311 I  SwiperFlatListExample[39825:274aca] [com.apple.network:connection] nw_resolver_host_resolve_callback [C26.1] flags=0x40000002 ifindex=4294967295 error=NoError(0) hostname=localhost. addr=127.0.0.1 ttl=1
2023-02-02 12:33:35.311 Db SwiperFlatListExample[39825:274aca] [com.apple.network:] sa_dst_compare_rfc6724 Rule 6, prefer d2, d2 precedence 50 > d1 precedence 35
2023-02-02 12:33:35.311 Db SwiperFlatListExample[39825:274aca] [com.apple.network:] sa_dst_compare_internal <private>@0 < <private>@0
2023-02-02 12:33:35.311 I  SwiperFlatListExample[39825:274aca] [com.apple.network:connection] nw_resolver_create_prefer_connected_variant [C26.1] Prefer Connected: ::1.8081 is already the first endpoint
2023-02-02 12:33:35.311 I  SwiperFlatListExample[39825:274aca] [com.apple.network:connection] nw_resolver_host_resolve_callback [C27.1] flags=0x40000003 ifindex=4294967295 error=NoError(0) hostname=localhost. addr=::1 ttl=1
2023-02-02 12:33:35.311 I  SwiperFlatListExample[39825:274aca] [com.apple.network:connection] nw_resolver_host_resolve_callback [C27.1] flags=0x40000002 ifindex=4294967295 error=NoError(0) hostname=localhost. addr=127.0.0.1 ttl=1
2023-02-02 12:33:35.311 Db SwiperFlatListExample[39825:274aca] [com.apple.network:] sa_dst_compare_rfc6724 Rule 6, prefer d2, d2 precedence 50 > d1 precedence 35
2023-02-02 12:33:35.311 Db SwiperFlatListExample[39825:274aca] [com.apple.network:] sa_dst_compare_internal <private>@0 < <private>@0
2023-02-02 12:33:35.311 I  SwiperFlatListExample[39825:274aca] [com.apple.network:connection] nw_resolver_create_prefer_connected_variant [C27.1] Prefer Connected: ::1.8081 is already the first endpoint
2023-02-02 12:33:35.311 I  SwiperFlatListExample[39825:274aca] [com.apple.network:connection] nw_connection_create_with_id [C28] create connection to Hostname#99141057:8081
2023-02-02 12:33:35.311 Df SwiperFlatListExample[39825:274aca] (CFNetwork) Connection 28: starting, TC(0x0)
2023-02-02 12:33:35.311 Df SwiperFlatListExample[39825:274aca] [com.apple.network:connection] [C28 6415A40E-8730-414A-A20B-66C240C146FB localhost:8081 tcp, url hash: 0dd62887, definite, attribution: developer, context: com.apple.CFNetwork.NSURLSession.{31A06EC5-CD30-45FC-9463-56F0B0B85FAD}{(null)}{Y}{2} (private), proc: 4B2D3039-C28E-3D3C-81E9-082DF9778677] start
2023-02-02 12:33:35.311 I  SwiperFlatListExample[39825:274aca] [com.apple.network:connection] nw_endpoint_handler_start [C28 localhost:8081 initial parent-flow ((null))]
2023-02-02 12:33:35.311 Df SwiperFlatListExample[39825:274aca] [com.apple.network:connection] [C28 localhost:8081 initial parent-flow ((null))] event: path:start @0.000s
2023-02-02 12:33:35.311 Db SwiperFlatListExample[39825:274aca] [com.apple.network:connection] nw_endpoint_handler_path_change [C28 localhost:8081 waiting parent-flow (satisfied (Path is satisfied), viable, interface: en0[802.11])]
2023-02-02 12:33:35.311 Df SwiperFlatListExample[39825:274aca] [com.apple.network:connection] [C28 localhost:8081 waiting parent-flow (satisfied (Path is satisfied), viable, interface: en0[802.11])] event: path:satisfied @0.000s, uuid: 277C7B00-CA57-4FB5-A051-6AD6B1549A10
2023-02-02 12:33:35.311 I  SwiperFlatListExample[39825:274aca] [com.apple.network:connection] nw_connection_endpoint_report_on_nw_queue_block_invoke [C28 localhost:8081 waiting parent-flow (satisfied (Path is satisfied), viable, interface: en0[802.11])] skipping state update
2023-02-02 12:33:35.311 Db SwiperFlatListExample[39825:274aca] [com.apple.network:] nw_endpoint_proxy_handler_should_use_proxy Looking up proxy for hostname: localhost, ifindex: 0
2023-02-02 12:33:35.311 Db SwiperFlatListExample[39825:274aca] [com.apple.SystemConfiguration:SCPreferences] create <SCPreferences 0x143be6ee0 [0x1ba9afc60]> {name = SCDynamicStoreCopyProxiesWithOptions, id = /Library/Managed Preferences/mobile/com.apple.SystemConfiguration.plist, path = /Library/Managed Preferences/mobile/com.apple.SystemConfiguration.plist}
2023-02-02 12:33:35.311 Db SwiperFlatListExample[39825:274aca] [com.apple.SystemConfiguration:SCPreferences] SCPreferences() access: /Library/Managed Preferences/mobile/com.apple.SystemConfiguration.plist, size=0
2023-02-02 12:33:35.311 Db SwiperFlatListExample[39825:274aca] [com.apple.SystemConfiguration:SCPreferences] release <SCPreferences 0x143be6ee0 [0x1ba9afc60]> {name = SCDynamicStoreCopyProxiesWithOptions, id = /Library/Managed Preferences/mobile/com.apple.SystemConfiguration.plist, path = /Library/Managed Preferences/mobile/com.apple.SystemConfiguration.plist, accessed}
2023-02-02 12:33:35.312 Db SwiperFlatListExample[39825:274aca] [com.apple.network:connection] nw_endpoint_flow_attach_protocols [C28 localhost:8081 in_progress parent-flow (satisfied (Path is satisfied), viable, interface: en0[802.11])]
2023-02-02 12:33:35.312 Db SwiperFlatListExample[39825:274aca] [com.apple.network:connection] nw_endpoint_flow_attach_protocols [C28 localhost:8081 in_progress parent-flow (satisfied (Path is satisfied), viable, interface: en0[802.11])] stopping after adding persistent application protocols
2023-02-02 12:33:35.312 Df SwiperFlatListExample[39825:274aca] [com.apple.network:connection] [C28 localhost:8081 in_progress parent-flow (satisfied (Path is satisfied), viable, interface: en0[802.11])] event: flow:start_child @0.000s
2023-02-02 12:33:35.312 Df SwiperFlatListExample[39825:274aca] [com.apple.network:connection] nw_connection_report_state_with_handler_on_nw_queue [C28] reporting state preparing
2023-02-02 12:33:35.312 I  SwiperFlatListExample[39825:274aca] [com.apple.network:connection] nw_endpoint_handler_start [C28.1 localhost:8081 initial path ((null))]
2023-02-02 12:33:35.312 Db SwiperFlatListExample[39825:274aca] [com.apple.network:connection] nw_endpoint_flow_receive_report [C28 localhost:8081 in_progress parent-flow (satisfied (Path is satisfied), viable, interface: en0[802.11])] received child report: [C28.1 localhost:8081 initial path ((null))]
2023-02-02 12:33:35.312 Df SwiperFlatListExample[39825:274aca] [com.apple.network:connection] [C28.1 localhost:8081 initial path ((null))] event: path:start @0.000s
2023-02-02 12:33:35.312 Db SwiperFlatListExample[39825:274aca] [com.apple.network:connection] nw_endpoint_handler_path_change [C28.1 localhost:8081 waiting path (satisfied (Path is satisfied), viable, interface: en0[802.11])]
2023-02-02 12:33:35.312 Db SwiperFlatListExample[39825:274aca] [com.apple.network:connection] nw_endpoint_flow_receive_report [C28 localhost:8081 in_progress parent-flow (satisfied (Path is satisfied), viable, interface: en0[802.11])] received child report: [C28.1 localhost:8081 waiting path (satisfied (Path is satisfied), viable, interface: en0[802.11])]
2023-02-02 12:33:35.312 Df SwiperFlatListExample[39825:274aca] [com.apple.network:connection] [C28.1 localhost:8081 waiting path (satisfied (Path is satisfied), viable, interface: en0[802.11])] event: path:satisfied @0.000s, uuid: 277C7B00-CA57-4FB5-A051-6AD6B1549A10
2023-02-02 12:33:35.312 Db SwiperFlatListExample[39825:274aca] [com.apple.network:] nw_endpoint_proxy_handler_should_use_proxy Looking up proxy for hostname: localhost, ifindex: 0
2023-02-02 12:33:35.312 Db SwiperFlatListExample[39825:274aca] [com.apple.SystemConfiguration:SCPreferences] create <SCPreferences 0x14aebd0b0 [0x1ba9afc60]> {name = SCDynamicStoreCopyProxiesWithOptions, id = /Library/Managed Preferences/mobile/com.apple.SystemConfiguration.plist, path = /Library/Managed Preferences/mobile/com.apple.SystemConfiguration.plist}
2023-02-02 12:33:35.312 Db SwiperFlatListExample[39825:274aca] [com.apple.SystemConfiguration:SCPreferences] SCPreferences() access: /Library/Managed Preferences/mobile/com.apple.SystemConfiguration.plist, size=0
2023-02-02 12:33:35.312 Db SwiperFlatListExample[39825:274aca] [com.apple.SystemConfiguration:SCPreferences] release <SCPreferences 0x14aebd0b0 [0x1ba9afc60]> {name = SCDynamicStoreCopyProxiesWithOptions, id = /Library/Managed Preferences/mobile/com.apple.SystemConfiguration.plist, path = /Library/Managed Preferences/mobile/com.apple.SystemConfiguration.plist, accessed}
2023-02-02 12:33:35.312 Db SwiperFlatListExample[39825:274aca] [com.apple.network:connection] -[NWConcrete_nw_endpoint_resolver startWithHandler:] [C28.1 localhost:8081 waiting resolver (satisfied (Path is satisfied), viable, interface: en0[802.11])]
2023-02-02 12:33:35.312 Db SwiperFlatListExample[39825:274aca] [com.apple.network:connection] nw_endpoint_flow_receive_report [C28 localhost:8081 in_progress parent-flow (satisfied (Path is satisfied), viable, interface: en0[802.11])] received child report: [C28.1 localhost:8081 in_progress resolver (satisfied (Path is satisfied), viable, interface: en0[802.11])]
2023-02-02 12:33:35.312 Df SwiperFlatListExample[39825:274aca] [com.apple.network:connection] [C28.1 localhost:8081 in_progress resolver (satisfied (Path is satisfied), viable, interface: en0[802.11])] event: resolver:start_dns @0.000s
2023-02-02 12:33:35.312 I  SwiperFlatListExample[39825:274aca] [com.apple.network:connection] nw_resolver_create_dns_service_locked [C28.1] Starting host resolution localhost:8081, flags 0xc000d000 proto 0
2023-02-02 12:33:35.312 Df SwiperFlatListExample[39825:274aca] (CFNetwork) Task <A7FA2B07-23EE-4373-A72C-8F6DB2A11092>.<5> setting up Connection 28
2023-02-02 12:33:35.312 Db SwiperFlatListExample[39825:274aca] [com.apple.network:activity] Returning should log: 0 for activity cfnetwork:foreground_task
2023-02-02 12:33:35.313 Df SwiperFlatListExample[39825:274aca] (CFNetwork) Task <48A832B7-C636-4482-A568-0E502B62B0E4>.<2> received response, status 200 content C
2023-02-02 12:33:35.313 Df SwiperFlatListExample[39825:274aca] (CFNetwork) Task <48A832B7-C636-4482-A568-0E502B62B0E4>.<2> response ended
2023-02-02 12:33:35.313 Df SwiperFlatListExample[39825:274aca] (CFNetwork) Task <48A832B7-C636-4482-A568-0E502B62B0E4>.<2> done using Connection 25
2023-02-02 12:33:35.313 Db SwiperFlatListExample[39825:274aca] [com.apple.network:activity] Returning should log: 0 for activity cfnetwork:foreground_task
2023-02-02 12:33:35.313 Df SwiperFlatListExample[39825:274a7a] [com.apple.CFNetwork:Summary] Task <48A832B7-C636-4482-A568-0E502B62B0E4>.<2> summary for task success {transaction_duration_ms=34, response_status=200, connection=25, reused=1, request_start_ms=1, request_duration_ms=1, response_start_ms=34, response_duration_ms=0, request_bytes=288, response_bytes=27944, cache_hit=false}
2023-02-02 12:33:35.313 Df SwiperFlatListExample[39825:274a7a] (CFNetwork) Task <48A832B7-C636-4482-A568-0E502B62B0E4>.<2> finished successfully
2023-02-02 12:33:35.313 Db SwiperFlatListExample[39825:274aca] [com.apple.network:connection] nw_endpoint_resolver_update [C26.1 localhost:8081 in_progress resolver (satisfied (Path is satisfied), viable, interface: en0[802.11])] resolver is complete
2023-02-02 12:33:35.313 Db SwiperFlatListExample[39825:274a7a] [com.apple.network:activity] Returning should log: 0 for activity cfnetwork:foreground_task
2023-02-02 12:33:35.313 Db SwiperFlatListExample[39825:274a7a] [com.apple.network:activity] No threshold for cfnetwork:foreground_task, returning NW_ACTIVITY_DURATION_INVALID
2023-02-02 12:33:35.313 Db SwiperFlatListExample[39825:274a79] [com.apple.CoreAnalytics.event:send] com.apple.ImageIO.CGImageSourceCreateWithData {"bundleID":"org.reactjs.native.example.SwiperFlatListExample","eventName":"com.apple.ImageIO.CGImageSourceCreateWithData","fileFormat":"public.jpeg"}
2023-02-02 12:33:35.313 Db SwiperFlatListExample[39825:274a7a] [com.apple.network:activity] No threshold for activity <nw_activity 12:2[4B2CB1BF-D559-455D-A434-2C5F2EA07242] (reporting strategy default) complete (reason success)>
2023-02-02 12:33:35.313 Df SwiperFlatListExample[39825:274aca] [com.apple.network:connection] nw_endpoint_resolver_update [C26.1 localhost:8081 in_progress resolver (satisfied (Path is satisfied), viable, interface: en0[802.11])] Adding endpoint handler for ::1.8081
2023-02-02 12:33:35.313 Db SwiperFlatListExample[39825:274a79] [com.apple.CoreAnalytics.event:send] com.apple.ImageIO.CGImageSourceCopyPropertiesAtIndex {"bundleID":"org.reactjs.native.example.SwiperFlatListExample","eventName":"com.apple.ImageIO.CGImageSourceCopyPropertiesAtIndex","fileFormat":"public.jpeg","index":0}
2023-02-02 12:33:35.313 Df SwiperFlatListExample[39825:274aca] [com.apple.network:connection] nw_endpoint_resolver_update [C26.1 localhost:8081 in_progress resolver (satisfied (Path is satisfied), viable, interface: en0[802.11])] Adding endpoint handler for 127.0.0.1:8081
2023-02-02 12:33:35.313 Db SwiperFlatListExample[39825:274a79] (AppleJPEG) [0x145b32a00] Created session
2023-02-02 12:33:35.313 Db SwiperFlatListExample[39825:274aca] [com.apple.network:connection] nw_endpoint_resolver_update [C26.1 localhost:8081 in_progress resolver (satisfied (Path is satisfied), viable, interface: en0[802.11])] Updated endpoint list is (::1.8081,127.0.0.1:8081)
2023-02-02 12:33:35.313 Db SwiperFlatListExample[39825:274aca] [com.apple.network:connection] nw_endpoint_flow_receive_report [C26 localhost:8081 in_progress parent-flow (satisfied (Path is satisfied), viable, interface: en0[802.11])] received child report: [C26.1 localhost:8081 in_progress resolver (satisfied (Path is satisfied), viable, interface: en0[802.11])]
2023-02-02 12:33:35.313 Df SwiperFlatListExample[39825:274aca] [com.apple.network:connection] [C26.1 localhost:8081 in_progress resolver (satisfied (Path is satisfied), viable, interface: en0[802.11])] event: resolver:receive_dns @0.029s
2023-02-02 12:33:35.313 Db SwiperFlatListExample[39825:274aca] [com.apple.network:connection] nw_endpoint_resolver_update [C27.1 localhost:8081 in_progress resolver (satisfied (Path is satisfied), viable, interface: en0[802.11])] resolver is complete
2023-02-02 12:33:35.314 Df SwiperFlatListExample[39825:274aca] [com.apple.network:connection] nw_endpoint_resolver_update [C27.1 localhost:8081 in_progress resolver (satisfied (Path is satisfied), viable, interface: en0[802.11])] Adding endpoint handler for ::1.8081
2023-02-02 12:33:35.314 Df SwiperFlatListExample[39825:274aca] [com.apple.network:connection] nw_endpoint_resolver_update [C27.1 localhost:8081 in_progress resolver (satisfied (Path is satisfied), viable, interface: en0[802.11])] Adding endpoint handler for 127.0.0.1:8081
2023-02-02 12:33:35.314 Db SwiperFlatListExample[39825:274aca] [com.apple.network:connection] nw_endpoint_resolver_update [C27.1 localhost:8081 in_progress resolver (satisfied (Path is satisfied), viable, interface: en0[802.11])] Updated endpoint list is (::1.8081,127.0.0.1:8081)
2023-02-02 12:33:35.314 Db SwiperFlatListExample[39825:274aca] [com.apple.network:connection] nw_endpoint_flow_receive_report [C27 localhost:8081 in_progress parent-flow (satisfied (Path is satisfied), viable, interface: en0[802.11])] received child report: [C27.1 localhost:8081 in_progress resolver (satisfied (Path is satisfied), viable, interface: en0[802.11])]
2023-02-02 12:33:35.314 Df SwiperFlatListExample[39825:274aca] [com.apple.network:connection] [C27.1 localhost:8081 in_progress resolver (satisfied (Path is satisfied), viable, interface: en0[802.11])] event: resolver:receive_dns @0.005s
2023-02-02 12:33:35.314 I  SwiperFlatListExample[39825:274aca] [com.apple.network:connection] nw_resolver_host_resolve_callback [C28.1] flags=0x40000003 ifindex=4294967295 error=NoError(0) hostname=localhost. addr=::1 ttl=1
2023-02-02 12:33:35.314 I  SwiperFlatListExample[39825:274aca] [com.apple.network:connection] nw_resolver_host_resolve_callback [C28.1] flags=0x40000002 ifindex=4294967295 error=NoError(0) hostname=localhost. addr=127.0.0.1 ttl=1
2023-02-02 12:33:35.314 Db SwiperFlatListExample[39825:274aca] [com.apple.network:] sa_dst_compare_rfc6724 Rule 6, prefer d2, d2 precedence 50 > d1 precedence 35
2023-02-02 12:33:35.314 Db SwiperFlatListExample[39825:274aca] [com.apple.network:] sa_dst_compare_internal <private>@0 < <private>@0
2023-02-02 12:33:35.314 I  SwiperFlatListExample[39825:274aca] [com.apple.network:connection] nw_resolver_create_prefer_connected_variant [C28.1] Prefer Connected: ::1.8081 is already the first endpoint
2023-02-02 12:33:35.314 Db SwiperFlatListExample[39825:274aca] (CFNetwork) Connection 25: set is idle true
2023-02-02 12:33:35.314 Df SwiperFlatListExample[39825:274aca] [com.apple.network:connection] [C25] event: client:connection_idle @0.121s
2023-02-02 12:33:35.314 I  SwiperFlatListExample[39825:274aca] [com.apple.network:connection] nw_endpoint_handler_report_connection_idle [C25 ::1.8081 ready parent-flow (satisfied (Path is satisfied), viable, interface: en0[802.11])] Reporting connection idle to protocols
2023-02-02 12:33:35.314 I  SwiperFlatListExample[39825:274aca] [com.apple.network:connection] nw_flow_passthrough_notify [C25.1.1 ::1.8081 ready socket-flow (satisfied (Path is satisfied), interface: lo0)] received notification connection_idle
2023-02-02 12:33:35.314 Db SwiperFlatListExample[39825:274a79] [com.apple.CoreAnalytics.event:send] com.apple.ImageIO.CGImageSourceCreateThumbnailAtIndex {"bundleID":"org.reactjs.native.example.SwiperFlatListExample","eventName":"com.apple.ImageIO.CGImageSourceCreateThumbnailAtIndex","fileFormat":"public.jpeg","index":0}
2023-02-02 12:33:35.314 I  SwiperFlatListExample[39825:274aca] [com.apple.network:connection] nw_endpoint_resolver_start_next_child [C26.1 localhost:8081 in_progress resolver (satisfied (Path is satisfied), viable, interface: en0[802.11])] starting child endpoint ::1.8081
2023-02-02 12:33:35.315 Db SwiperFlatListExample[39825:274a79] (AppleJPEG) [0x144337000] Created session
2023-02-02 12:33:35.315 I  SwiperFlatListExample[39825:274aca] [com.apple.network:connection] nw_endpoint_handler_start [C26.1.1 ::1.8081 initial path ((null))]
2023-02-02 12:33:35.315 Db SwiperFlatListExample[39825:274aca] [com.apple.network:connection] nw_endpoint_resolver_receive_report [C26.1 localhost:8081 in_progress resolver (satisfied (Path is satisfied), viable, interface: en0[802.11])] received child report: [C26.1.1 ::1.8081 initial path ((null))]
2023-02-02 12:33:35.315 Db SwiperFlatListExample[39825:274aca] [com.apple.network:connection] nw_endpoint_flow_receive_report [C26 localhost:8081 in_progress parent-flow (satisfied (Path is satisfied), viable, interface: en0[802.11])] received child report: [C26.1.1 ::1.8081 initial path ((null))]
2023-02-02 12:33:35.315 Df SwiperFlatListExample[39825:274aca] [com.apple.network:connection] [C26.1.1 ::1.8081 initial path ((null))] event: path:start @0.030s
2023-02-02 12:33:35.315 Db SwiperFlatListExample[39825:274aca] [com.apple.network:connection] nw_endpoint_handler_path_change [C26.1.1 ::1.8081 waiting path (satisfied (Path is satisfied), interface: lo0)]
2023-02-02 12:33:35.315 Db SwiperFlatListExample[39825:274aca] [com.apple.network:connection] nw_endpoint_resolver_receive_report [C26.1 localhost:8081 in_progress resolver (satisfied (Path is satisfied), viable, interface: en0[802.11])] received child report: [C26.1.1 ::1.8081 waiting path (satisfied (Path is satisfied), interface: lo0)]
2023-02-02 12:33:35.315 Db SwiperFlatListExample[39825:274aca] [com.apple.network:connection] nw_endpoint_flow_receive_report [C26 localhost:8081 in_progress parent-flow (satisfied (Path is satisfied), viable, interface: en0[802.11])] received child report: [C26.1.1 ::1.8081 waiting path (satisfied (Path is satisfied), interface: lo0)]
2023-02-02 12:33:35.315 Db SwiperFlatListExample[39825:274a79] [com.apple.CoreAnalytics.event:send] com.apple.ImageIO.CGCopyImageBlockSetWithOptions {"bundleID":"org.reactjs.native.example.SwiperFlatListExample","eventName":"com.apple.ImageIO.CGCopyImageBlockSetWithOptions","fileFormat":"public.jpeg"}
2023-02-02 12:33:35.315 Df SwiperFlatListExample[39825:274aca] [com.apple.network:connection] [C26.1.1 ::1.8081 waiting path (satisfied (Path is satisfied), interface: lo0)] event: path:satisfied @0.030s, uuid: 48401821-21FD-43D0-9672-0DC7B95A5510
2023-02-02 12:33:35.315 Db SwiperFlatListExample[39825:274a79] (AppleJPEG) [0x145b35e00] Created session
2023-02-02 12:33:35.315 Db SwiperFlatListExample[39825:274aca] [com.apple.network:] nw_endpoint_proxy_handler_should_use_proxy Looking up proxy for hostname: <nil>, ifindex: 0
2023-02-02 12:33:35.315 Db SwiperFlatListExample[39825:274a79] (AppleJPEG) [0x0] Releasing session
2023-02-02 12:33:35.315 Db SwiperFlatListExample[39825:274a79] (AppleJPEG) [0x145b35e00] Decoding: C0 0x01C20152 0x00003048 0x22111100 0x00000000 27639
2023-02-02 12:33:35.315 Db SwiperFlatListExample[39825:274aca] [com.apple.SystemConfiguration:SCPreferences] create <SCPreferences 0x143d04de0 [0x1ba9afc60]> {name = SCDynamicStoreCopyProxiesWithOptions, id = /Library/Managed Preferences/mobile/com.apple.SystemConfiguration.plist, path = /Library/Managed Preferences/mobile/com.apple.SystemConfiguration.plist}
2023-02-02 12:33:35.315 Db SwiperFlatListExample[39825:274a79] (AppleJPEG) [0x145b35e00] Options: 1x-1 [FFFFFFFF,FFFFFFFF] 00054060
2023-02-02 12:33:35.315 Db SwiperFlatListExample[39825:274aca] [com.apple.SystemConfiguration:SCPreferences] SCPreferences() access: /Library/Managed Preferences/mobile/com.apple.SystemConfiguration.plist, size=0
2023-02-02 12:33:35.315 Db SwiperFlatListExample[39825:274aca] [com.apple.SystemConfiguration:SCPreferences] release <SCPreferences 0x143d04de0 [0x1ba9afc60]> {name = SCDynamicStoreCopyProxiesWithOptions, id = /Library/Managed Preferences/mobile/com.apple.SystemConfiguration.plist, path = /Library/Managed Preferences/mobile/com.apple.SystemConfiguration.plist, accessed}
2023-02-02 12:33:35.315 I  SwiperFlatListExample[39825:274aca] [com.apple.network:connection] nw_endpoint_flow_setup_protocols [C26.1.1 ::1.8081 in_progress socket-flow (satisfied (Path is satisfied), interface: lo0)] setup flow id 7BF3B08E-D25D-4ADC-BB59-C79CEE8CD1A9
2023-02-02 12:33:35.316 Db SwiperFlatListExample[39825:274aca] [com.apple.network:connection] nw_endpoint_flow_attach_protocols [C26.1.1 ::1.8081 in_progress socket-flow (satisfied (Path is satisfied), interface: lo0)]
2023-02-02 12:33:35.316 Db SwiperFlatListExample[39825:274aca] [com.apple.network:connection] nw_endpoint_flow_attach_protocols_block_invoke [C26.1.1 ::1.8081 in_progress socket-flow (satisfied (Path is satisfied), interface: lo0)] Attached application protocol: CFNetworkConnection-3911579353
2023-02-02 12:33:35.316 Db SwiperFlatListExample[39825:274aca] [com.apple.network:] nw_fd_wrapper_create Created <fd_wrapper 30, guarded: false>
2023-02-02 12:33:35.316 Db SwiperFlatListExample[39825:274aca] [com.apple.network:connection] nw_endpoint_flow_attach_protocols [C26.1.1 ::1.8081 in_progress socket-flow (satisfied (Path is satisfied), interface: lo0)] Attached socket protocol
2023-02-02 12:33:35.316 Db SwiperFlatListExample[39825:274aca] [com.apple.network:connection] nw_endpoint_flow_setup_protocols [C26.1.1 ::1.8081 in_progress socket-flow (satisfied (Path is satisfied), interface: lo0)] leaf flow starting
2023-02-02 12:33:35.316 Db SwiperFlatListExample[39825:274aca] [com.apple.network:connection] nw_endpoint_resolver_receive_report [C26.1 localhost:8081 in_progress resolver (satisfied (Path is satisfied), viable, interface: en0[802.11])] received child report: [C26.1.1 ::1.8081 in_progress socket-flow (satisfied (Path is satisfied), interface: lo0)]
2023-02-02 12:33:35.316 Db SwiperFlatListExample[39825:274aca] [com.apple.network:connection] nw_endpoint_flow_receive_report [C26 localhost:8081 in_progress parent-flow (satisfied (Path is satisfied), viable, interface: en0[802.11])] received child report: [C26.1.1 ::1.8081 in_progress socket-flow (satisfied (Path is satisfied), interface: lo0)]
2023-02-02 12:33:35.316 Df SwiperFlatListExample[39825:274aca] [com.apple.network:connection] [C26.1.1 ::1.8081 in_progress socket-flow (satisfied (Path is satisfied), interface: lo0)] event: flow:start_connect @0.031s
2023-02-02 12:33:35.316 I  SwiperFlatListExample[39825:274aca] [com.apple.network:connection] nw_endpoint_resolver_start_next_child [C26.1 localhost:8081 in_progress resolver (satisfied (Path is satisfied), viable, interface: en0[802.11])] starting next child endpoint in 2000ms
2023-02-02 12:33:35.316 Db SwiperFlatListExample[39825:274a79] (AppleJPEG) [0x145b35e00] Decoding completed without errors
2023-02-02 12:33:35.316 Db SwiperFlatListExample[39825:274a79] (AppleJPEG) [0x145b35e00] Releasing session
2023-02-02 12:33:35.316 I  SwiperFlatListExample[39825:274aca] [com.apple.network:connection] nw_endpoint_resolver_start_next_child [C27.1 localhost:8081 in_progress resolver (satisfied (Path is satisfied), viable, interface: en0[802.11])] starting child endpoint ::1.8081
2023-02-02 12:33:35.317 Db SwiperFlatListExample[39825:274a79] (AppleJPEG) [0x144337000] Decoding: C0 0x01C20152 0x0000304A 0x22111100 0x00000000 27639
2023-02-02 12:33:35.317 Db SwiperFlatListExample[39825:274a79] (AppleJPEG) [0x144337000] Options: 450x338 [FFFFFFFF,FFFFFFFF] 0001D060
2023-02-02 12:33:35.317 I  SwiperFlatListExample[39825:274aca] [com.apple.network:connection] nw_endpoint_handler_start [C27.1.1 ::1.8081 initial path ((null))]
2023-02-02 12:33:35.317 Db SwiperFlatListExample[39825:274aca] [com.apple.network:connection] nw_endpoint_resolver_receive_report [C27.1 localhost:8081 in_progress resolver (satisfied (Path is satisfied), viable, interface: en0[802.11])] received child report: [C27.1.1 ::1.8081 initial path ((null))]
2023-02-02 12:33:35.317 Db SwiperFlatListExample[39825:274aca] [com.apple.network:connection] nw_endpoint_flow_receive_report [C27 localhost:8081 in_progress parent-flow (satisfied (Path is satisfied), viable, interface: en0[802.11])] received child report: [C27.1.1 ::1.8081 initial path ((null))]
2023-02-02 12:33:35.317 Df SwiperFlatListExample[39825:274aca] [com.apple.network:connection] [C27.1.1 ::1.8081 initial path ((null))] event: path:start @0.009s
2023-02-02 12:33:35.317 Db SwiperFlatListExample[39825:274aca] [com.apple.network:connection] nw_endpoint_handler_path_change [C27.1.1 ::1.8081 waiting path (satisfied (Path is satisfied), interface: lo0)]
2023-02-02 12:33:35.317 Db SwiperFlatListExample[39825:274aca] [com.apple.network:connection] nw_endpoint_resolver_receive_report [C27.1 localhost:8081 in_progress resolver (satisfied (Path is satisfied), viable, interface: en0[802.11])] received child report: [C27.1.1 ::1.8081 waiting path (satisfied (Path is satisfied), interface: lo0)]
2023-02-02 12:33:35.317 Db SwiperFlatListExample[39825:274aca] [com.apple.network:connection] nw_endpoint_flow_receive_report [C27 localhost:8081 in_progress parent-flow (satisfied (Path is satisfied), viable, interface: en0[802.11])] received child report: [C27.1.1 ::1.8081 waiting path (satisfied (Path is satisfied), interface: lo0)]
2023-02-02 12:33:35.318 Df SwiperFlatListExample[39825:274aca] [com.apple.network:connection] [C27.1.1 ::1.8081 waiting path (satisfied (Path is satisfied), interface: lo0)] event: path:satisfied @0.009s, uuid: 48401821-21FD-43D0-9672-0DC7B95A5510
2023-02-02 12:33:35.318 Db SwiperFlatListExample[39825:274aca] [com.apple.network:] nw_endpoint_proxy_handler_should_use_proxy Looking up proxy for hostname: <nil>, ifindex: 0
2023-02-02 12:33:35.318 Db SwiperFlatListExample[39825:274a79] (AppleJPEG) [0x144337000] Decoding completed without errors
2023-02-02 12:33:35.318 Db SwiperFlatListExample[39825:274aca] [com.apple.SystemConfiguration:SCPreferences] create <SCPreferences 0x143977700 [0x1ba9afc60]> {name = SCDynamicStoreCopyProxiesWithOptions, id = /Library/Managed Preferences/mobile/com.apple.SystemConfiguration.plist, path = /Library/Managed Preferences/mobile/com.apple.SystemConfiguration.plist}
2023-02-02 12:33:35.318 Db SwiperFlatListExample[39825:274aca] [com.apple.SystemConfiguration:SCPreferences] SCPreferences() access: /Library/Managed Preferences/mobile/com.apple.SystemConfiguration.plist, size=0
2023-02-02 12:33:35.318 Db SwiperFlatListExample[39825:274aca] [com.apple.SystemConfiguration:SCPreferences] release <SCPreferences 0x143977700 [0x1ba9afc60]> {name = SCDynamicStoreCopyProxiesWithOptions, id = /Library/Managed Preferences/mobile/com.apple.SystemConfiguration.plist, path = /Library/Managed Preferences/mobile/com.apple.SystemConfiguration.plist, accessed}
2023-02-02 12:33:35.318 Db SwiperFlatListExample[39825:274a79] (AppleJPEG) [0x144337000] Releasing session
2023-02-02 12:33:35.318 Db SwiperFlatListExample[39825:274a79] (AppleJPEG) [0x145b32a00] Releasing session
2023-02-02 12:33:35.318 I  SwiperFlatListExample[39825:274aca] [com.apple.network:connection] nw_endpoint_flow_setup_protocols [C27.1.1 ::1.8081 in_progress socket-flow (satisfied (Path is satisfied), interface: lo0)] setup flow id 8DA9C964-69D4-4D78-9022-DC3E6304C81F
2023-02-02 12:33:35.318 Db SwiperFlatListExample[39825:274aca] [com.apple.network:connection] nw_endpoint_flow_attach_protocols [C27.1.1 ::1.8081 in_progress socket-flow (satisfied (Path is satisfied), interface: lo0)]
2023-02-02 12:33:35.318 Db SwiperFlatListExample[39825:274aca] [com.apple.network:connection] nw_endpoint_flow_attach_protocols_block_invoke [C27.1.1 ::1.8081 in_progress socket-flow (satisfied (Path is satisfied), interface: lo0)] Attached application protocol: CFNetworkConnection-3911579353
2023-02-02 12:33:35.318 Db SwiperFlatListExample[39825:274aca] [com.apple.network:] nw_fd_wrapper_create Created <fd_wrapper 31, guarded: false>
2023-02-02 12:33:35.318 Db SwiperFlatListExample[39825:274aca] [com.apple.network:connection] nw_endpoint_flow_attach_protocols [C27.1.1 ::1.8081 in_progress socket-flow (satisfied (Path is satisfied), interface: lo0)] Attached socket protocol
2023-02-02 12:33:35.319 Db SwiperFlatListExample[39825:274aca] [com.apple.network:connection] nw_endpoint_flow_setup_protocols [C27.1.1 ::1.8081 in_progress socket-flow (satisfied (Path is satisfied), interface: lo0)] leaf flow starting
2023-02-02 12:33:35.319 Db SwiperFlatListExample[39825:274aca] [com.apple.network:connection] nw_endpoint_resolver_receive_report [C27.1 localhost:8081 in_progress resolver (satisfied (Path is satisfied), viable, interface: en0[802.11])] received child report: [C27.1.1 ::1.8081 in_progress socket-flow (satisfied (Path is satisfied), interface: lo0)]
2023-02-02 12:33:35.319 Db SwiperFlatListExample[39825:274aca] [com.apple.network:connection] nw_endpoint_flow_receive_report [C27 localhost:8081 in_progress parent-flow (satisfied (Path is satisfied), viable, interface: en0[802.11])] received child report: [C27.1.1 ::1.8081 in_progress socket-flow (satisfied (Path is satisfied), interface: lo0)]
2023-02-02 12:33:35.319 Df SwiperFlatListExample[39825:274aca] [com.apple.network:connection] [C27.1.1 ::1.8081 in_progress socket-flow (satisfied (Path is satisfied), interface: lo0)] event: flow:start_connect @0.010s
2023-02-02 12:33:35.319 I  SwiperFlatListExample[39825:274aca] [com.apple.network:connection] nw_endpoint_resolver_start_next_child [C27.1 localhost:8081 in_progress resolver (satisfied (Path is satisfied), viable, interface: en0[802.11])] starting next child endpoint in 2000ms
2023-02-02 12:33:35.319 Db SwiperFlatListExample[39825:274aca] [com.apple.network:connection] nw_endpoint_resolver_update [C28.1 localhost:8081 in_progress resolver (satisfied (Path is satisfied), viable, interface: en0[802.11])] resolver is complete
2023-02-02 12:33:35.319 Df SwiperFlatListExample[39825:274aca] [com.apple.network:connection] nw_endpoint_resolver_update [C28.1 localhost:8081 in_progress resolver (satisfied (Path is satisfied), viable, interface: en0[802.11])] Adding endpoint handler for ::1.8081
2023-02-02 12:33:35.319 Df SwiperFlatListExample[39825:274aca] [com.apple.network:connection] nw_endpoint_resolver_update [C28.1 localhost:8081 in_progress resolver (satisfied (Path is satisfied), viable, interface: en0[802.11])] Adding endpoint handler for 127.0.0.1:8081
2023-02-02 12:33:35.319 Db SwiperFlatListExample[39825:274aca] [com.apple.network:connection] nw_endpoint_resolver_update [C28.1 localhost:8081 in_progress resolver (satisfied (Path is satisfied), viable, interface: en0[802.11])] Updated endpoint list is (::1.8081,127.0.0.1:8081)
2023-02-02 12:33:35.319 Db SwiperFlatListExample[39825:274aca] [com.apple.network:connection] nw_endpoint_flow_receive_report [C28 localhost:8081 in_progress parent-flow (satisfied (Path is satisfied), viable, interface: en0[802.11])] received child report: [C28.1 localhost:8081 in_progress resolver (satisfied (Path is satisfied), viable, interface: en0[802.11])]
2023-02-02 12:33:35.319 Df SwiperFlatListExample[39825:274aca] [com.apple.network:connection] [C28.1 localhost:8081 in_progress resolver (satisfied (Path is satisfied), viable, interface: en0[802.11])] event: resolver:receive_dns @0.007s
2023-02-02 12:33:35.319 Db SwiperFlatListExample[39825:274aca] [com.apple.network:connection] nw_socket_handle_socket_event [C26.1.1:2] Event mask: 0x800
2023-02-02 12:33:35.319 Df SwiperFlatListExample[39825:274aca] [com.apple.network:connection] nw_socket_handle_socket_event [C26.1.1:2] Socket received CONNECTED event
2023-02-02 12:33:35.319 Db SwiperFlatListExample[39825:274aca] [com.apple.network:connection] nw_socket_setup_notsent_lowat [C26.1.1:2] Set TCP_NOTSENT_LOWAT(16384)
2023-02-02 12:33:35.320 Df SwiperFlatListExample[39825:274aca] [com.apple.network:connection] nw_flow_connected [C26.1.1 ::1.8081 in_progress socket-flow (satisfied (Path is satisfied), interface: lo0)] Transport protocol connected (socket)
2023-02-02 12:33:35.320 Db SwiperFlatListExample[39825:274aca] [com.apple.network:connection] nw_endpoint_resolver_receive_report [C26.1 localhost:8081 in_progress resolver (satisfied (Path is satisfied), viable, interface: en0[802.11])] received child report: [C26.1.1 ::1.8081 in_progress socket-flow (satisfied (Path is satisfied), interface: lo0)]
2023-02-02 12:33:35.321 Db SwiperFlatListExample[39825:274aca] [com.apple.network:connection] nw_endpoint_flow_receive_report [C26 localhost:8081 in_progress parent-flow (satisfied (Path is satisfied), viable, interface: en0[802.11])] received child report: [C26.1.1 ::1.8081 in_progress socket-flow (satisfied (Path is satisfied), interface: lo0)]
2023-02-02 12:33:35.321 Df SwiperFlatListExample[39825:274aca] [com.apple.network:connection] [C26.1.1 ::1.8081 in_progress socket-flow (satisfied (Path is satisfied), interface: lo0)] event: flow:finish_transport @0.036s
2023-02-02 12:33:35.321 I  SwiperFlatListExample[39825:274aca] [com.apple.network:connection] nw_endpoint_resolver_receive_report [C26.1 localhost:8081 in_progress resolver (satisfied (Path is satisfied), viable, interface: en0[802.11])] pushing out endpoint race by 2000ms
2023-02-02 12:33:35.321 Df SwiperFlatListExample[39825:274aca] [com.apple.network:connection] nw_flow_connected [C26.1.1 ::1.8081 in_progress socket-flow (satisfied (Path is satisfied), interface: lo0)] Output protocol connected (CFNetworkConnection-3911579353)
2023-02-02 12:33:35.321 Db SwiperFlatListExample[39825:274aca] [com.apple.network:connection] nw_endpoint_flow_connected_path_change [C26.1.1 ::1.8081 ready socket-flow (satisfied (Path is satisfied), interface: lo0)]
2023-02-02 12:33:35.321 I  SwiperFlatListExample[39825:274aca] [com.apple.network:connection] nw_endpoint_flow_connected_path_change [C26.1.1 ::1.8081 ready socket-flow (satisfied (Path is satisfied), interface: lo0)] Connected path is satisfied, viable
2023-02-02 12:33:35.321 Db SwiperFlatListExample[39825:274aca] [com.apple.network:connection] nw_endpoint_resolver_receive_report [C26.1 localhost:8081 in_progress resolver (satisfied (Path is satisfied), viable, interface: en0[802.11])] received child report: [C26.1.1 ::1.8081 ready socket-flow (satisfied (Path is satisfied), interface: lo0)]
