2023-02-02 12:33:05.191 Db SwiperFlatListExample[39425:273e69] [com.apple.CoreAnalytics.event:send] com.apple.ImageIO.CGCopyImageBlockSetWithOptions {"bundleID":"org.reactjs.native.example.SwiperFlatListExample","eventName":"com.apple.ImageIO.CGCopyImageBlockSetWithOptions","fileFormat":"public.jpeg"}
2023-02-02 12:33:05.191 Db SwiperFlatListExample[39425:273e6e] (AppleJPEG) [0x143af4600] Created session
2023-02-02 12:33:05.191 Db SwiperFlatListExample[39425:273e69] (AppleJPEG) [0x1449be600] Created session
2023-02-02 12:33:05.191 Df SwiperFlatListExample[39425:273e93] (CFNetwork) Task <E61000D7-9894-42DB-90DE-066B5F72A39C>.<5> received response, status 200 content C
2023-02-02 12:33:05.191 Db SwiperFlatListExample[39425:273e69] (AppleJPEG) [0x0] Releasing session
2023-02-02 12:33:05.191 Db SwiperFlatListExample[39425:273e69] (AppleJPEG) [0x1449be600] Decoding: C0 0x022D01A1 0x00003048 0x22111100 0x00000000 100635
2023-02-02 12:33:05.191 Df SwiperFlatListExample[39425:273e93] (CFNetwork) Task <E61000D7-9894-42DB-90DE-066B5F72A39C>.<5> response ended
2023-02-02 12:33:05.191 Db SwiperFlatListExample[39425:273e69] (AppleJPEG) [0x1449be600] Options: 1x-1 [FFFFFFFF,FFFFFFFF] 00054060
2023-02-02 12:33:05.191 Df SwiperFlatListExample[39425:273e93] (CFNetwork) Task <E61000D7-9894-42DB-90DE-066B5F72A39C>.<5> done using Connection 20
2023-02-02 12:33:05.191 Db SwiperFlatListExample[39425:273e93] [com.apple.network:activity] Returning should log: 0 for activity cfnetwork:foreground_task
2023-02-02 12:33:05.191 Db SwiperFlatListExample[39425:273e93] (CFNetwork) Connection 20: set is idle true
2023-02-02 12:33:05.191 Df SwiperFlatListExample[39425:273e93] [com.apple.network:connection] [C20] event: client:connection_idle @0.020s
2023-02-02 12:33:05.191 I  SwiperFlatListExample[39425:273e93] [com.apple.network:connection] nw_endpoint_handler_report_connection_idle [C20 ::1.8081 ready parent-flow (satisfied (Path is satisfied), viable, interface: en0[802.11])] Reporting connection idle to protocols
2023-02-02 12:33:05.191 I  SwiperFlatListExample[39425:273e93] [com.apple.network:connection] nw_flow_passthrough_notify [C20.1.1 ::1.8081 ready socket-flow (satisfied (Path is satisfied), interface: lo0)] received notification connection_idle
2023-02-02 12:33:05.191 Df SwiperFlatListExample[39425:273e6a] [com.apple.CFNetwork:Summary] Task <E61000D7-9894-42DB-90DE-066B5F72A39C>.<5> summary for task success {transaction_duration_ms=24, response_status=200, connection=20, protocol="http/1.1", domain_lookup_duration_ms=7, connect_duration_ms=6, secure_connection_duration_ms=0, private_relay=false, request_start_ms=22, request_duration_ms=0, response_start_ms=24, response_duration_ms=0, request_bytes=289, response_bytes=69910, cache_hit=false}
2023-02-02 12:33:05.191 Df SwiperFlatListExample[39425:273e6a] (CFNetwork) Task <E61000D7-9894-42DB-90DE-066B5F72A39C>.<5> finished successfully
2023-02-02 12:33:05.191 Db SwiperFlatListExample[39425:273e6a] [com.apple.network:activity] Returning should log: 0 for activity cfnetwork:foreground_task
2023-02-02 12:33:05.192 Db SwiperFlatListExample[39425:273e6a] [com.apple.network:activity] No threshold for cfnetwork:foreground_task, returning NW_ACTIVITY_DURATION_INVALID
2023-02-02 12:33:05.192 Db SwiperFlatListExample[39425:273e93] [com.apple.CoreAnalytics.event:send] com.apple.ImageIO.CGImageSourceCreateWithData {"bundleID":"org.reactjs.native.example.SwiperFlatListExample","eventName":"com.apple.ImageIO.CGImageSourceCreateWithData","fileFormat":"public.jpeg"}
2023-02-02 12:33:05.192 Db SwiperFlatListExample[39425:273e6a] [com.apple.network:activity] No threshold for activity <nw_activity 12:2[46DEFAF2-C891-4B2D-8010-C2C79C826A20] (reporting strategy default) complete (reason success)>
2023-02-02 12:33:05.192 Db SwiperFlatListExample[39425:273e93] [com.apple.CoreAnalytics.event:send] com.apple.ImageIO.CGImageSourceCopyPropertiesAtIndex {"bundleID":"org.reactjs.native.example.SwiperFlatListExample","eventName":"com.apple.ImageIO.CGImageSourceCopyPropertiesAtIndex","fileFormat":"public.jpeg","index":0}
2023-02-02 12:33:05.192 Db SwiperFlatListExample[39425:273e93] (AppleJPEG) [0x144a2ac00] Created session
2023-02-02 12:33:05.192 Db SwiperFlatListExample[39425:273e93] [com.apple.CoreAnalytics.event:send] com.apple.ImageIO.CGImageSourceCreateThumbnailAtIndex {"bundleID":"org.reactjs.native.example.SwiperFlatListExample","eventName":"com.apple.ImageIO.CGImageSourceCreateThumbnailAtIndex","fileFormat":"public.jpeg","index":0}
2023-02-02 12:33:05.192 Db SwiperFlatListExample[39425:273e93] (AppleJPEG) [0x141e76800] Created session
2023-02-02 12:33:05.192 Db SwiperFlatListExample[39425:273e6e] [com.apple.CoreAnalytics.event:send] com.apple.ImageIO.CGImageSourceCreateThumbnailAtIndex {"bundleID":"org.reactjs.native.example.SwiperFlatListExample","eventName":"com.apple.ImageIO.CGImageSourceCreateThumbnailAtIndex","fileFormat":"public.jpeg","index":0}
2023-02-02 12:33:05.192 Db SwiperFlatListExample[39425:273e6e] (AppleJPEG) [0x144a2e000] Created session
2023-02-02 12:33:05.192 Db SwiperFlatListExample[39425:273e93] [com.apple.CoreAnalytics.event:send] com.apple.ImageIO.CGCopyImageBlockSetWithOptions {"bundleID":"org.reactjs.native.example.SwiperFlatListExample","eventName":"com.apple.ImageIO.CGCopyImageBlockSetWithOptions","fileFormat":"public.jpeg"}
2023-02-02 12:33:05.192 Db SwiperFlatListExample[39425:273e93] (AppleJPEG) [0x141e5fc00] Created session
2023-02-02 12:33:05.192 Db SwiperFlatListExample[39425:273e93] (AppleJPEG) [0x0] Releasing session
2023-02-02 12:33:05.192 Db SwiperFlatListExample[39425:273e69] (AppleJPEG) [0x1449be600] Decoding completed without errors
2023-02-02 12:33:05.192 Db SwiperFlatListExample[39425:273e93] (AppleJPEG) [0x141e5fc00] Decoding: C0 0x026C026C 0x00003048 0x22111100 0x00000000 69604
2023-02-02 12:33:05.192 Db SwiperFlatListExample[39425:273e93] (AppleJPEG) [0x141e5fc00] Options: 1x-1 [FFFFFFFF,FFFFFFFF] 00054060
2023-02-02 12:33:05.192 Db SwiperFlatListExample[39425:273e6e] [com.apple.CoreAnalytics.event:send] com.apple.ImageIO.CGCopyImageBlockSetWithOptions {"bundleID":"org.reactjs.native.example.SwiperFlatListExample","eventName":"com.apple.ImageIO.CGCopyImageBlockSetWithOptions","fileFormat":"public.jpeg"}
2023-02-02 12:33:05.192 Db SwiperFlatListExample[39425:273e6e] (AppleJPEG) [0x143ad9600] Created session
2023-02-02 12:33:05.192 Db SwiperFlatListExample[39425:273e6e] (AppleJPEG) [0x0] Releasing session
2023-02-02 12:33:05.192 Db SwiperFlatListExample[39425:273e6e] (AppleJPEG) [0x143ad9600] Decoding: C0 0x01C20152 0x00003048 0x22111100 0x00000000 27639
2023-02-02 12:33:05.192 Db SwiperFlatListExample[39425:273e6e] (AppleJPEG) [0x143ad9600] Options: 1x-1 [FFFFFFFF,FFFFFFFF] 00054060
2023-02-02 12:33:05.193 Db SwiperFlatListExample[39425:273e69] (AppleJPEG) [0x1449be600] Releasing session
2023-02-02 12:33:05.193 Db SwiperFlatListExample[39425:273e69] (AppleJPEG) [0x14494dc00] Decoding: C0 0x022D01A1 0x0000304A 0x22111100 0x00000000 100635
2023-02-02 12:33:05.193 Db SwiperFlatListExample[39425:273e69] (AppleJPEG) [0x14494dc00] Options: 557x417 [FFFFFFFF,FFFFFFFF] 0001D060
2023-02-02 12:33:05.193 Db SwiperFlatListExample[39425:273e6e] (AppleJPEG) [0x143ad9600] Decoding completed without errors
2023-02-02 12:33:05.193 Db SwiperFlatListExample[39425:273e6e] (AppleJPEG) [0x143ad9600] Releasing session
2023-02-02 12:33:05.193 Db SwiperFlatListExample[39425:273e6e] (AppleJPEG) [0x144a2e000] Decoding: C0 0x01C20152 0x0000304A 0x22111100 0x00000000 27639
2023-02-02 12:33:05.193 Db SwiperFlatListExample[39425:273e6e] (AppleJPEG) [0x144a2e000] Options: 450x338 [FFFFFFFF,FFFFFFFF] 0001D060
2023-02-02 12:33:05.193 Db SwiperFlatListExample[39425:273e93] (AppleJPEG) [0x141e5fc00] Decoding completed without errors
2023-02-02 12:33:05.194 Db SwiperFlatListExample[39425:273e93] (AppleJPEG) [0x141e5fc00] Releasing session
2023-02-02 12:33:05.194 Db SwiperFlatListExample[39425:273e93] (AppleJPEG) [0x141e76800] Decoding: C0 0x026C026C 0x0000304A 0x22111100 0x00000000 69604
2023-02-02 12:33:05.194 Db SwiperFlatListExample[39425:273e93] (AppleJPEG) [0x141e76800] Options: 620x620 [FFFFFFFF,FFFFFFFF] 0001D060
2023-02-02 12:33:05.194 Db SwiperFlatListExample[39425:273e69] (AppleJPEG) [0x14494dc00] Decoding completed without errors
2023-02-02 12:33:05.194 Db SwiperFlatListExample[39425:273e6e] (AppleJPEG) [0x144a2e000] Decoding completed without errors
2023-02-02 12:33:05.194 Db SwiperFlatListExample[39425:273e6e] (AppleJPEG) [0x144a2e000] Releasing session
2023-02-02 12:33:05.194 Db SwiperFlatListExample[39425:273e69] (AppleJPEG) [0x14494dc00] Releasing session
2023-02-02 12:33:05.194 Db SwiperFlatListExample[39425:273e6e] (AppleJPEG) [0x143af4600] Releasing session
2023-02-02 12:33:05.194 Db SwiperFlatListExample[39425:273e69] (AppleJPEG) [0x149f2d200] Releasing session
2023-02-02 12:33:05.195 Db SwiperFlatListExample[39425:273e93] (AppleJPEG) [0x141e76800] Decoding completed without errors
2023-02-02 12:33:05.196 Db SwiperFlatListExample[39425:273e93] (AppleJPEG) [0x141e76800] Releasing session
2023-02-02 12:33:05.196 Db SwiperFlatListExample[39425:273e93] (AppleJPEG) [0x144a2ac00] Releasing session
2023-02-02 12:33:05.791 Db SwiperFlatListExample[39425:273e93] [com.apple.network:connection] nw_endpoint_handler_add_write_request [C1 ::1.51128 ready parent-flow (satisfied (Path is satisfied), viable, interface: en0[802.11])] connected_child_handles_requests 0
2023-02-02 12:33:05.802 I  SwiperFlatListExample[39425:273df5] [com.wix.Detox:WebSocket] Action received: invoke
2023-02-02 12:33:05.906 Db SwiperFlatListExample[39425:273df5] (IOSurface) IOSurface connected
2023-02-02 12:33:05.915 Db SwiperFlatListExample[39425:273e93] [com.apple.network:connection] nw_endpoint_handler_add_write_request [C1 ::1.51128 ready parent-flow (satisfied (Path is satisfied), viable, interface: en0[802.11])] connected_child_handles_requests 0

