2023-02-02 12:33:07.045 Db SwiperFlatListExample[39425:273e93] [com.apple.defaults:User Defaults] looked up value 1 for key RCTI18nUtil_makeRTLFlipLeftAndRightStyles in CFPrefsPlistSource<0x600002140100> (Domain: org.reactjs.native.example.SwiperFlatListExample, User: kCFPreferencesCurrentUser, ByHost: No, Container: (null), Contents Need Refresh: No) via CFPrefsSearchListSource<0x600002144600> (Domain: org.reactjs.native.example.SwiperFlatListExample, Container: (null))
2023-02-02 12:33:07.045 Db SwiperFlatListExample[39425:273e93] [com.apple.defaults:User Defaults] looked up value 1 for key RCTI18nUtil_makeRTLFlipLeftAndRightStyles in CFPrefsPlistSource<0x600002140100> (Domain: org.reactjs.native.example.SwiperFlatListExample, User: kCFPreferencesCurrentUser, ByHost: No, Container: (null), Contents Need Refresh: No) via CFPrefsSearchListSource<0x600002144600> (Domain: org.reactjs.native.example.SwiperFlatListExample, Container: (null))
2023-02-02 12:33:07.046 Db SwiperFlatListExample[39425:273e93] [com.apple.defaults:User Defaults] looked up value 1 for key RCTI18nUtil_makeRTLFlipLeftAndRightStyles in CFPrefsPlistSource<0x600002140100> (Domain: org.reactjs.native.example.SwiperFlatListExample, User: kCFPreferencesCurrentUser, ByHost: No, Container: (null), Contents Need Refresh: No) via CFPrefsSearchListSource<0x600002144600> (Domain: org.reactjs.native.example.SwiperFlatListExample, Container: (null))
2023-02-02 12:33:07.046 Db SwiperFlatListExample[39425:273e93] [com.apple.defaults:User Defaults] looked up value 1 for key RCTI18nUtil_makeRTLFlipLeftAndRightStyles in CFPrefsPlistSource<0x600002140100> (Domain: org.reactjs.native.example.SwiperFlatListExample, User: kCFPreferencesCurrentUser, ByHost: No, Container: (null), Contents Need Refresh: No) via CFPrefsSearchListSource<0x600002144600> (Domain: org.reactjs.native.example.SwiperFlatListExample, Container: (null))
2023-02-02 12:33:07.046 Db SwiperFlatListExample[39425:273e93] [com.apple.defaults:User Defaults] looked up value 1 for key RCTI18nUtil_makeRTLFlipLeftAndRightStyles in CFPrefsPlistSource<0x600002140100> (Domain: org.reactjs.native.example.SwiperFlatListExample, User: kCFPreferencesCurrentUser, ByHost: No, Container: (null), Contents Need Refresh: No) via CFPrefsSearchListSource<0x600002144600> (Domain: org.reactjs.native.example.SwiperFlatListExample, Container: (null))
2023-02-02 12:33:07.046 Db SwiperFlatListExample[39425:273e93] [com.apple.defaults:User Defaults] looked up value 1 for key RCTI18nUtil_makeRTLFlipLeftAndRightStyles in CFPrefsPlistSource<0x600002140100> (Domain: org.reactjs.native.example.SwiperFlatListExample, User: kCFPreferencesCurrentUser, ByHost: No, Container: (null), Contents Need Refresh: No) via CFPrefsSearchListSource<0x600002144600> (Domain: org.reactjs.native.example.SwiperFlatListExample, Container: (null))
2023-02-02 12:33:07.051 Df SwiperFlatListExample[39425:273e6e] (CFNetwork) Task <B8C33B37-12FF-4557-B93F-DAABD2D593A1>.<2> resuming, timeouts(60.0, 604800.0) QOS(0x19) Voucher (null)
2023-02-02 12:33:07.051 Db SwiperFlatListExample[39425:273e6e] [com.apple.network:activity] Returning should log: 0 for activity cfnetwork:foreground_task
2023-02-02 12:33:07.051 Db SwiperFlatListExample[39425:273e6e] [com.apple.network:activity] Domain cfnetwork rate configured in registry as 1 / 20000
2023-02-02 12:33:07.051 Db SwiperFlatListExample[39425:273e6e] [com.apple.network:activity] Domain cfnetwork rate configured after remote default override as 1 / 20000
2023-02-02 12:33:07.051 Db SwiperFlatListExample[39425:273e6e] [com.apple.network:activity] After reading settings plist, domain cfnetwork rate configured as 1 / 2000000
2023-02-02 12:33:07.051 Db SwiperFlatListExample[39425:273e6e] [com.apple.network:activity] After settings override, domain cfnetwork rate configured as 1 / 2000000
2023-02-02 12:33:07.051 Db SwiperFlatListExample[39425:273e6e] [com.apple.network:activity] Final domain cfnetwork rate configured as 1 / 2000000
2023-02-02 12:33:07.052 Db SwiperFlatListExample[39425:273e6e] [com.apple.network:activity] <nw_activity 12:2[No UUID] (reporting strategy default)> sampled at 1 / 2000000
2023-02-02 12:33:07.052 Db SwiperFlatListExample[39425:273e6e] [com.apple.network:activity] Returning should log: 0 for activity cfnetwork:foreground_task
2023-02-02 12:33:07.052 Df SwiperFlatListExample[39425:273e6e] (CFNetwork) [Telemetry]: Activity <nw_activity 12:2[11FE03FF-3D9F-4F3B-8248-E5D6658D9076] (reporting strategy default)> on Task <B8C33B37-12FF-4557-B93F-DAABD2D593A1>.<2> was not selected for reporting
2023-02-02 12:33:07.052 Df SwiperFlatListExample[39425:273e6e] (CFNetwork) Task <D378EB0D-34DA-4A5A-B188-4F11F5E1F52A>.<3> resuming, timeouts(60.0, 604800.0) QOS(0x19) Voucher (null)
2023-02-02 12:33:07.052 Db SwiperFlatListExample[39425:273e6e] [com.apple.network:activity] Returning should log: 0 for activity cfnetwork:foreground_task
2023-02-02 12:33:07.052 Db SwiperFlatListExample[39425:273e6e] [com.apple.network:activity] Domain cfnetwork rate configured in registry as 1 / 20000
2023-02-02 12:33:07.052 Db SwiperFlatListExample[39425:273df5] [com.apple.defaults:User Defaults] looked up value 1 for key RCTI18nUtil_makeRTLFlipLeftAndRightStyles in CFPrefsPlistSource<0x600002140100> (Domain: org.reactjs.native.example.SwiperFlatListExample, User: kCFPreferencesCurrentUser, ByHost: No, Container: (null), Contents Need Refresh: No) via CFPrefsSearchListSource<0x600002144600> (Domain: org.reactjs.native.example.SwiperFlatListExample, Container: (null))
2023-02-02 12:33:07.052 Db SwiperFlatListExample[39425:273e6e] [com.apple.network:activity] Domain cfnetwork rate configured after remote default override as 1 / 20000
2023-02-02 12:33:07.052 Db SwiperFlatListExample[39425:273e6e] [com.apple.network:activity] After reading settings plist, domain cfnetwork rate configured as 1 / 2000000
2023-02-02 12:33:07.052 Db SwiperFlatListExample[39425:273df5] [com.apple.defaults:User Defaults] looked up value 1 for key RCTI18nUtil_makeRTLFlipLeftAndRightStyles in CFPrefsPlistSource<0x600002140100> (Domain: org.reactjs.native.example.SwiperFlatListExample, User: kCFPreferencesCurrentUser, ByHost: No, Container: (null), Contents Need Refresh: No) via CFPrefsSearchListSource<0x600002144600> (Domain: org.reactjs.native.example.SwiperFlatListExample, Container: (null))
2023-02-02 12:33:07.052 Db SwiperFlatListExample[39425:273df5] [com.apple.defaults:User Defaults] looked up value 1 for key RCTI18nUtil_makeRTLFlipLeftAndRightStyles in CFPrefsPlistSource<0x600002140100> (Domain: org.reactjs.native.example.SwiperFlatListExample, User: kCFPreferencesCurrentUser, ByHost: No, Container: (null), Contents Need Refresh: No) via CFPrefsSearchListSource<0x600002144600> (Domain: org.reactjs.native.example.SwiperFlatListExample, Container: (null))
2023-02-02 12:33:07.052 Db SwiperFlatListExample[39425:273e94] [com.apple.CFNetwork:ATS] Uploading ATS exception ATSAllowsLocalNetworking
2023-02-02 12:33:07.052 Db SwiperFlatListExample[39425:273df5] [com.apple.defaults:User Defaults] looked up value 1 for key RCTI18nUtil_makeRTLFlipLeftAndRightStyles in CFPrefsPlistSource<0x600002140100> (Domain: org.reactjs.native.example.SwiperFlatListExample, User: kCFPreferencesCurrentUser, ByHost: No, Container: (null), Contents Need Refresh: No) via CFPrefsSearchListSource<0x600002144600> (Domain: org.reactjs.native.example.SwiperFlatListExample, Container: (null))
2023-02-02 12:33:07.052 Db SwiperFlatListExample[39425:273e6e] [com.apple.network:activity] After settings override, domain cfnetwork rate configured as 1 / 2000000
2023-02-02 12:33:07.052 Db SwiperFlatListExample[39425:273df5] [com.apple.defaults:User Defaults] looked up value 1 for key RCTI18nUtil_makeRTLFlipLeftAndRightStyles in CFPrefsPlistSource<0x600002140100> (Domain: org.reactjs.native.example.SwiperFlatListExample, User: kCFPreferencesCurrentUser, ByHost: No, Container: (null), Contents Need Refresh: No) via CFPrefsSearchListSource<0x600002144600> (Domain: org.reactjs.native.example.SwiperFlatListExample, Container: (null))
2023-02-02 12:33:07.052 A  SwiperFlatListExample[39425:273e93] (Security) SecTrustReportNetworkingAnalytics
2023-02-02 12:33:07.052 Db SwiperFlatListExample[39425:273df5] [com.apple.defaults:User Defaults] looked up value 1 for key RCTI18nUtil_makeRTLFlipLeftAndRightStyles in CFPrefsPlistSource<0x600002140100> (Domain: org.reactjs.native.example.SwiperFlatListExample, User: kCFPreferencesCurrentUser, ByHost: No, Container: (null), Contents Need Refresh: No) via CFPrefsSearchListSource<0x600002144600> (Domain: org.reactjs.native.example.SwiperFlatListExample, Container: (null))
2023-02-02 12:33:07.052 Db SwiperFlatListExample[39425:273e6e] [com.apple.network:activity] Final domain cfnetwork rate configured as 1 / 2000000
2023-02-02 12:33:07.052 Db SwiperFlatListExample[39425:273df5] [com.apple.defaults:User Defaults] looked up value 1 for key RCTI18nUtil_makeRTLFlipLeftAndRightStyles in CFPrefsPlistSource<0x600002140100> (Domain: org.reactjs.native.example.SwiperFlatListExample, User: kCFPreferencesCurrentUser, ByHost: No, Container: (null), Contents Need Refresh: No) via CFPrefsSearchListSource<0x600002144600> (Domain: org.reactjs.native.example.SwiperFlatListExample, Container: (null))
2023-02-02 12:33:07.052 Db SwiperFlatListExample[39425:273e6e] [com.apple.network:activity] <nw_activity 12:2[No UUID] (reporting strategy default)> sampled at 1 / 2000000
2023-02-02 12:33:07.052 Db SwiperFlatListExample[39425:273df5] [com.apple.defaults:User Defaults] looked up value 1 for key RCTI18nUtil_makeRTLFlipLeftAndRightStyles in CFPrefsPlistSource<0x600002140100> (Domain: org.reactjs.native.example.SwiperFlatListExample, User: kCFPreferencesCurrentUser, ByHost: No, Container: (null), Contents Need Refresh: No) via CFPrefsSearchListSource<0x600002144600> (Domain: org.reactjs.native.example.SwiperFlatListExample, Container: (null))
2023-02-02 12:33:07.052 Db SwiperFlatListExample[39425:273df5] [com.apple.defaults:User Defaults] looked up value 1 for key RCTI18nUtil_makeRTLFlipLeftAndRightStyles in CFPrefsPlistSource<0x600002140100> (Domain: org.reactjs.native.example.SwiperFlatListExample, User: kCFPreferencesCurrentUser, ByHost: No, Container: (null), Contents Need Refresh: No) via CFPrefsSearchListSource<0x600002144600> (Domain: org.reactjs.native.example.SwiperFlatListExample, Container: (null))
2023-02-02 12:33:07.052 Db SwiperFlatListExample[39425:273e6e] [com.apple.network:activity] Returning should log: 0 for activity cfnetwork:foreground_task
2023-02-02 12:33:07.052 I  SwiperFlatListExample[39425:273e94] [com.apple.network:connection] nw_connection_create_with_id [C26] create connection to Hostname#c2dd8b97:8081
2023-02-02 12:33:07.052 Db SwiperFlatListExample[39425:273df5] [com.apple.defaults:User Defaults] looked up value 1 for key RCTI18nUtil_makeRTLFlipLeftAndRightStyles in CFPrefsPlistSource<0x600002140100> (Domain: org.reactjs.native.example.SwiperFlatListExample, User: kCFPreferencesCurrentUser, ByHost: No, Container: (null), Contents Need Refresh: No) via CFPrefsSearchListSource<0x600002144600> (Domain: org.reactjs.native.example.SwiperFlatListExample, Container: (null))
2023-02-02 12:33:07.052 Db SwiperFlatListExample[39425:273df5] [com.apple.defaults:User Defaults] looked up value 1 for key RCTI18nUtil_makeRTLFlipLeftAndRightStyles in CFPrefsPlistSource<0x600002140100> (Domain: org.reactjs.native.example.SwiperFlatListExample, User: kCFPreferencesCurrentUser, ByHost: No, Container: (null), Contents Need Refresh: No) via CFPrefsSearchListSource<0x600002144600> (Domain: org.reactjs.native.example.SwiperFlatListExample, Container: (null))
2023-02-02 12:33:07.052 Df SwiperFlatListExample[39425:273e6e] (CFNetwork) [Telemetry]: Activity <nw_activity 12:2[0819AB65-29E3-4528-9842-03CE7A7C97CC] (reporting strategy default)> on Task <D378EB0D-34DA-4A5A-B188-4F11F5E1F52A>.<3> was not selected for reporting
2023-02-02 12:33:07.052 Db SwiperFlatListExample[39425:273df5] [com.apple.defaults:User Defaults] looked up value 1 for key RCTI18nUtil_makeRTLFlipLeftAndRightStyles in CFPrefsPlistSource<0x600002140100> (Domain: org.reactjs.native.example.SwiperFlatListExample, User: kCFPreferencesCurrentUser, ByHost: No, Container: (null), Contents Need Refresh: No) via CFPrefsSearchListSource<0x600002144600> (Domain: org.reactjs.native.example.SwiperFlatListExample, Container: (null))
2023-02-02 12:33:07.052 Df SwiperFlatListExample[39425:273e94] (CFNetwork) Connection 26: starting, TC(0x0)
2023-02-02 12:33:07.052 Db SwiperFlatListExample[39425:273df5] [com.apple.defaults:User Defaults] looked up value 1 for key RCTI18nUtil_makeRTLFlipLeftAndRightStyles in CFPrefsPlistSource<0x600002140100> (Domain: org.reactjs.native.example.SwiperFlatListExample, User: kCFPreferencesCurrentUser, ByHost: No, Container: (null), Contents Need Refresh: No) via CFPrefsSearchListSource<0x600002144600> (Domain: org.reactjs.native.example.SwiperFlatListExample, Container: (null))
2023-02-02 12:33:07.052 Db SwiperFlatListExample[39425:273df5] [com.apple.defaults:User Defaults] looked up value 1 for key RCTI18nUtil_makeRTLFlipLeftAndRightStyles in CFPrefsPlistSource<0x600002140100> (Domain: org.reactjs.native.example.SwiperFlatListExample, User: kCFPreferencesCurrentUser, ByHost: No, Container: (null), Contents Need Refresh: No) via CFPrefsSearchListSource<0x600002144600> (Domain: org.reactjs.native.example.SwiperFlatListExample, Container: (null))
2023-02-02 12:33:07.052 Df SwiperFlatListExample[39425:273e93] [com.apple.securityd:SecError] SecTrustReportNetworkingAnalytics failed with error: -4
2023-02-02 12:33:07.053 Db SwiperFlatListExample[39425:273df5] [com.apple.defaults:User Defaults] looked up value 1 for key RCTI18nUtil_makeRTLFlipLeftAndRightStyles in CFPrefsPlistSource<0x600002140100> (Domain: org.reactjs.native.example.SwiperFlatListExample, User: kCFPreferencesCurrentUser, ByHost: No, Container: (null), Contents Need Refresh: No) via CFPrefsSearchListSource<0x600002144600> (Domain: org.reactjs.native.example.SwiperFlatListExample, Container: (null))
2023-02-02 12:33:07.053 Db SwiperFlatListExample[39425:273df5] [com.apple.defaults:User Defaults] looked up value 1 for key RCTI18nUtil_makeRTLFlipLeftAndRightStyles in CFPrefsPlistSource<0x600002140100> (Domain: org.reactjs.native.example.SwiperFlatListExample, User: kCFPreferencesCurrentUser, ByHost: No, Container: (null), Contents Need Refresh: No) via CFPrefsSearchListSource<0x600002144600> (Domain: org.reactjs.native.example.SwiperFlatListExample, Container: (null))
2023-02-02 12:33:07.053 Db SwiperFlatListExample[39425:273df5] [com.apple.defaults:User Defaults] looked up value 1 for key RCTI18nUtil_makeRTLFlipLeftAndRightStyles in CFPrefsPlistSource<0x600002140100> (Domain: org.reactjs.native.example.SwiperFlatListExample, User: kCFPreferencesCurrentUser, ByHost: No, Container: (null), Contents Need Refresh: No) via CFPrefsSearchListSource<0x600002144600> (Domain: org.reactjs.native.example.SwiperFlatListExample, Container: (null))
2023-02-02 12:33:07.053 Db SwiperFlatListExample[39425:273df5] [com.apple.defaults:User Defaults] looked up value 1 for key RCTI18nUtil_makeRTLFlipLeftAndRightStyles in CFPrefsPlistSource<0x600002140100> (Domain: org.reactjs.native.example.SwiperFlatListExample, User: kCFPreferencesCurrentUser, ByHost: No, Container: (null), Contents Need Refresh: No) via CFPrefsSearchListSource<0x600002144600> (Domain: org.reactjs.native.example.SwiperFlatListExample, Container: (null))
2023-02-02 12:33:07.053 Df SwiperFlatListExample[39425:273e6e] (CFNetwork) Task <D215D939-D575-4546-BC59-FA18D26C7497>.<4> resuming, timeouts(60.0, 604800.0) QOS(0x19) Voucher (null)
2023-02-02 12:33:07.052 Df SwiperFlatListExample[39425:273e94] [com.apple.network:connection] [C26 B884C0A4-7F3F-4CB0-9E38-0153E0FE9E5A localhost:8081 tcp, url hash: 2081f876, definite, attribution: developer, context: com.apple.CFNetwork.NSURLSession.{79C13B6C-CE4D-4CA4-B1E2-8441C892DF87}{(null)}{Y}{2} (private), proc: 4B2D3039-C28E-3D3C-81E9-082DF9778677] start
2023-02-02 12:33:07.053 Db SwiperFlatListExample[39425:273e6e] [com.apple.network:activity] Returning should log: 0 for activity cfnetwork:foreground_task
2023-02-02 12:33:07.053 I  SwiperFlatListExample[39425:273e94] [com.apple.network:connection] nw_endpoint_handler_start [C26 localhost:8081 initial parent-flow ((null))]
2023-02-02 12:33:07.053 Db SwiperFlatListExample[39425:273e6e] [com.apple.network:activity] Domain cfnetwork rate configured in registry as 1 / 20000
2023-02-02 12:33:07.053 Db SwiperFlatListExample[39425:273df5] [com.apple.defaults:User Defaults] looked up value 1 for key RCTI18nUtil_makeRTLFlipLeftAndRightStyles in CFPrefsPlistSource<0x600002140100> (Domain: org.reactjs.native.example.SwiperFlatListExample, User: kCFPreferencesCurrentUser, ByHost: No, Container: (null), Contents Need Refresh: No) via CFPrefsSearchListSource<0x600002144600> (Domain: org.reactjs.native.example.SwiperFlatListExample, Container: (null))
2023-02-02 12:33:07.053 Df SwiperFlatListExample[39425:273e94] [com.apple.network:connection] [C26 localhost:8081 initial parent-flow ((null))] event: path:start @0.000s
2023-02-02 12:33:07.053 Db SwiperFlatListExample[39425:273df5] [com.apple.defaults:User Defaults] looked up value 1 for key RCTI18nUtil_makeRTLFlipLeftAndRightStyles in CFPrefsPlistSource<0x600002140100> (Domain: org.reactjs.native.example.SwiperFlatListExample, User: kCFPreferencesCurrentUser, ByHost: No, Container: (null), Contents Need Refresh: No) via CFPrefsSearchListSource<0x600002144600> (Domain: org.reactjs.native.example.SwiperFlatListExample, Container: (null))
2023-02-02 12:33:07.053 Db SwiperFlatListExample[39425:273df5] [com.apple.defaults:User Defaults] looked up value 1 for key RCTI18nUtil_makeRTLFlipLeftAndRightStyles in CFPrefsPlistSource<0x600002140100> (Domain: org.reactjs.native.example.SwiperFlatListExample, User: kCFPreferencesCurrentUser, ByHost: No, Container: (null), Contents Need Refresh: No) via CFPrefsSearchListSource<0x600002144600> (Domain: org.reactjs.native.example.SwiperFlatListExample, Container: (null))
2023-02-02 12:33:07.053 Db SwiperFlatListExample[39425:273e6e] [com.apple.network:activity] Domain cfnetwork rate configured after remote default override as 1 / 20000
2023-02-02 12:33:07.053 Db SwiperFlatListExample[39425:273df5] [com.apple.defaults:User Defaults] looked up value 1 for key RCTI18nUtil_makeRTLFlipLeftAndRightStyles in CFPrefsPlistSource<0x600002140100> (Domain: org.reactjs.native.example.SwiperFlatListExample, User: kCFPreferencesCurrentUser, ByHost: No, Container: (null), Contents Need Refresh: No) via CFPrefsSearchListSource<0x600002144600> (Domain: org.reactjs.native.example.SwiperFlatListExample, Container: (null))
2023-02-02 12:33:07.053 Db SwiperFlatListExample[39425:273e6e] [com.apple.network:activity] After reading settings plist, domain cfnetwork rate configured as 1 / 2000000
2023-02-02 12:33:07.053 Db SwiperFlatListExample[39425:273df5] [com.apple.defaults:User Defaults] looked up value 1 for key RCTI18nUtil_makeRTLFlipLeftAndRightStyles in CFPrefsPlistSource<0x600002140100> (Domain: org.reactjs.native.example.SwiperFlatListExample, User: kCFPreferencesCurrentUser, ByHost: No, Container: (null), Contents Need Refresh: No) via CFPrefsSearchListSource<0x600002144600> (Domain: org.reactjs.native.example.SwiperFlatListExample, Container: (null))
2023-02-02 12:33:07.053 Db SwiperFlatListExample[39425:273df5] [com.apple.defaults:User Defaults] looked up value 1 for key RCTI18nUtil_makeRTLFlipLeftAndRightStyles in CFPrefsPlistSource<0x600002140100> (Domain: org.reactjs.native.example.SwiperFlatListExample, User: kCFPreferencesCurrentUser, ByHost: No, Container: (null), Contents Need Refresh: No) via CFPrefsSearchListSource<0x600002144600> (Domain: org.reactjs.native.example.SwiperFlatListExample, Container: (null))
2023-02-02 12:33:07.053 Db SwiperFlatListExample[39425:273e94] [com.apple.network:connection] nw_endpoint_handler_path_change [C26 localhost:8081 waiting parent-flow (satisfied (Path is satisfied), viable, interface: en0[802.11])]
2023-02-02 12:33:07.053 Db SwiperFlatListExample[39425:273e6e] [com.apple.network:activity] After settings override, domain cfnetwork rate configured as 1 / 2000000
2023-02-02 12:33:07.053 Df SwiperFlatListExample[39425:273e94] [com.apple.network:connection] [C26 localhost:8081 waiting parent-flow (satisfied (Path is satisfied), viable, interface: en0[802.11])] event: path:satisfied @0.000s, uuid: BDA49627-3996-49A9-A1F8-B7E29326B127
2023-02-02 12:33:07.053 Db SwiperFlatListExample[39425:273df5] [com.apple.defaults:User Defaults] looked up value 1 for key RCTI18nUtil_makeRTLFlipLeftAndRightStyles in CFPrefsPlistSource<0x600002140100> (Domain: org.reactjs.native.example.SwiperFlatListExample, User: kCFPreferencesCurrentUser, ByHost: No, Container: (null), Contents Need Refresh: No) via CFPrefsSearchListSource<0x600002144600> (Domain: org.reactjs.native.example.SwiperFlatListExample, Container: (null))
2023-02-02 12:33:07.053 Db SwiperFlatListExample[39425:273df5] [com.apple.defaults:User Defaults] looked up value 1 for key RCTI18nUtil_makeRTLFlipLeftAndRightStyles in CFPrefsPlistSource<0x600002140100> (Domain: org.reactjs.native.example.SwiperFlatListExample, User: kCFPreferencesCurrentUser, ByHost: No, Container: (null), Contents Need Refresh: No) via CFPrefsSearchListSource<0x600002144600> (Domain: org.reactjs.native.example.SwiperFlatListExample, Container: (null))
2023-02-02 12:33:07.053 Db SwiperFlatListExample[39425:273df5] [com.apple.defaults:User Defaults] looked up value 1 for key RCTI18nUtil_makeRTLFlipLeftAndRightStyles in CFPrefsPlistSource<0x600002140100> (Domain: org.reactjs.native.example.SwiperFlatListExample, User: kCFPreferencesCurrentUser, ByHost: No, Container: (null), Contents Need Refresh: No) via CFPrefsSearchListSource<0x600002144600> (Domain: org.reactjs.native.example.SwiperFlatListExample, Container: (null))
2023-02-02 12:33:07.053 Db SwiperFlatListExample[39425:273e6e] [com.apple.network:activity] Final domain cfnetwork rate configured as 1 / 2000000
2023-02-02 12:33:07.053 I  SwiperFlatListExample[39425:273e94] [com.apple.network:connection] nw_connection_endpoint_report_on_nw_queue_block_invoke [C26 localhost:8081 waiting parent-flow (satisfied (Path is satisfied), viable, interface: en0[802.11])] skipping state update
2023-02-02 12:33:07.053 Db SwiperFlatListExample[39425:273e6e] [com.apple.network:activity] <nw_activity 12:2[No UUID] (reporting strategy default)> sampled at 1 / 2000000
2023-02-02 12:33:07.053 Db SwiperFlatListExample[39425:273df5] [com.apple.defaults:User Defaults] looked up value 1 for key RCTI18nUtil_makeRTLFlipLeftAndRightStyles in CFPrefsPlistSource<0x600002140100> (Domain: org.reactjs.native.example.SwiperFlatListExample, User: kCFPreferencesCurrentUser, ByHost: No, Container: (null), Contents Need Refresh: No) via CFPrefsSearchListSource<0x600002144600> (Domain: org.reactjs.native.example.SwiperFlatListExample, Container: (null))
2023-02-02 12:33:07.053 Db SwiperFlatListExample[39425:273e94] [com.apple.network:] nw_endpoint_proxy_handler_should_use_proxy Looking up proxy for hostname: localhost, ifindex: 0
2023-02-02 12:33:07.053 Db SwiperFlatListExample[39425:273df5] [com.apple.defaults:User Defaults] looked up value 1 for key RCTI18nUtil_makeRTLFlipLeftAndRightStyles in CFPrefsPlistSource<0x600002140100> (Domain: org.reactjs.native.example.SwiperFlatListExample, User: kCFPreferencesCurrentUser, ByHost: No, Container: (null), Contents Need Refresh: No) via CFPrefsSearchListSource<0x600002144600> (Domain: org.reactjs.native.example.SwiperFlatListExample, Container: (null))
2023-02-02 12:33:07.053 Db SwiperFlatListExample[39425:273e6e] [com.apple.network:activity] Returning should log: 0 for activity cfnetwork:foreground_task
2023-02-02 12:33:07.053 Db SwiperFlatListExample[39425:273df5] [com.apple.defaults:User Defaults] looked up value 1 for key RCTI18nUtil_makeRTLFlipLeftAndRightStyles in CFPrefsPlistSource<0x600002140100> (Domain: org.reactjs.native.example.SwiperFlatListExample, User: kCFPreferencesCurrentUser, ByHost: No, Container: (null), Contents Need Refresh: No) via CFPrefsSearchListSource<0x600002144600> (Domain: org.reactjs.native.example.SwiperFlatListExample, Container: (null))
2023-02-02 12:33:07.053 Db SwiperFlatListExample[39425:273df5] [com.apple.defaults:User Defaults] looked up value 1 for key RCTI18nUtil_makeRTLFlipLeftAndRightStyles in CFPrefsPlistSource<0x600002140100> (Domain: org.reactjs.native.example.SwiperFlatListExample, User: kCFPreferencesCurrentUser, ByHost: No, Container: (null), Contents Need Refresh: No) via CFPrefsSearchListSource<0x600002144600> (Domain: org.reactjs.native.example.SwiperFlatListExample, Container: (null))
2023-02-02 12:33:07.053 Db SwiperFlatListExample[39425:273e94] [com.apple.SystemConfiguration:SCPreferences] create <SCPreferences 0x14154d160 [0x1ba9afc60]> {name = SCDynamicStoreCopyProxiesWithOptions, id = /Library/Managed Preferences/mobile/com.apple.SystemConfiguration.plist, path = /Library/Managed Preferences/mobile/com.apple.SystemConfiguration.plist}
2023-02-02 12:33:07.054 Db SwiperFlatListExample[39425:273df5] [com.apple.defaults:User Defaults] looked up value 1 for key RCTI18nUtil_makeRTLFlipLeftAndRightStyles in CFPrefsPlistSource<0x600002140100> (Domain: org.reactjs.native.example.SwiperFlatListExample, User: kCFPreferencesCurrentUser, ByHost: No, Container: (null), Contents Need Refresh: No) via CFPrefsSearchListSource<0x600002144600> (Domain: org.reactjs.native.example.SwiperFlatListExample, Container: (null))
2023-02-02 12:33:07.053 Df SwiperFlatListExample[39425:273e6e] (CFNetwork) [Telemetry]: Activity <nw_activity 12:2[F1956A63-709C-46CB-A3FC-89F0370DFE3B] (reporting strategy default)> on Task <D215D939-D575-4546-BC59-FA18D26C7497>.<4> was not selected for reporting
2023-02-02 12:33:07.054 Db SwiperFlatListExample[39425:273df5] [com.apple.defaults:User Defaults] looked up value 1 for key RCTI18nUtil_makeRTLFlipLeftAndRightStyles in CFPrefsPlistSource<0x600002140100> (Domain: org.reactjs.native.example.SwiperFlatListExample, User: kCFPreferencesCurrentUser, ByHost: No, Container: (null), Contents Need Refresh: No) via CFPrefsSearchListSource<0x600002144600> (Domain: org.reactjs.native.example.SwiperFlatListExample, Container: (null))
2023-02-02 12:33:07.054 Db SwiperFlatListExample[39425:273df5] [com.apple.defaults:User Defaults] looked up value 1 for key RCTI18nUtil_makeRTLFlipLeftAndRightStyles in CFPrefsPlistSource<0x600002140100> (Domain: org.reactjs.native.example.SwiperFlatListExample, User: kCFPreferencesCurrentUser, ByHost: No, Container: (null), Contents Need Refresh: No) via CFPrefsSearchListSource<0x600002144600> (Domain: org.reactjs.native.example.SwiperFlatListExample, Container: (null))
2023-02-02 12:33:07.054 Db SwiperFlatListExample[39425:273e94] [com.apple.SystemConfiguration:SCPreferences] SCPreferences() access: /Library/Managed Preferences/mobile/com.apple.SystemConfiguration.plist, size=0
2023-02-02 12:33:07.054 Db SwiperFlatListExample[39425:273df5] [com.apple.defaults:User Defaults] looked up value 1 for key RCTI18nUtil_makeRTLFlipLeftAndRightStyles in CFPrefsPlistSource<0x600002140100> (Domain: org.reactjs.native.example.SwiperFlatListExample, User: kCFPreferencesCurrentUser, ByHost: No, Container: (null), Contents Need Refresh: No) via CFPrefsSearchListSource<0x600002144600> (Domain: org.reactjs.native.example.SwiperFlatListExample, Container: (null))
2023-02-02 12:33:07.054 Db SwiperFlatListExample[39425:273df5] [com.apple.defaults:User Defaults] looked up value 1 for key RCTI18nUtil_makeRTLFlipLeftAndRightStyles in CFPrefsPlistSource<0x600002140100> (Domain: org.reactjs.native.example.SwiperFlatListExample, User: kCFPreferencesCurrentUser, ByHost: No, Container: (null), Contents Need Refresh: No) via CFPrefsSearchListSource<0x600002144600> (Domain: org.reactjs.native.example.SwiperFlatListExample, Container: (null))
2023-02-02 12:33:07.054 Db SwiperFlatListExample[39425:273e94] [com.apple.SystemConfiguration:SCPreferences] release <SCPreferences 0x14154d160 [0x1ba9afc60]> {name = SCDynamicStoreCopyProxiesWithOptions, id = /Library/Managed Preferences/mobile/com.apple.SystemConfiguration.plist, path = /Library/Managed Preferences/mobile/com.apple.SystemConfiguration.plist, accessed}
2023-02-02 12:33:07.054 Db SwiperFlatListExample[39425:273df5] [com.apple.defaults:User Defaults] looked up value 1 for key RCTI18nUtil_makeRTLFlipLeftAndRightStyles in CFPrefsPlistSource<0x600002140100> (Domain: org.reactjs.native.example.SwiperFlatListExample, User: kCFPreferencesCurrentUser, ByHost: No, Container: (null), Contents Need Refresh: No) via CFPrefsSearchListSource<0x600002144600> (Domain: org.reactjs.native.example.SwiperFlatListExample, Container: (null))
2023-02-02 12:33:07.054 Db SwiperFlatListExample[39425:273df5] [com.apple.defaults:User Defaults] looked up value 1 for key RCTI18nUtil_makeRTLFlipLeftAndRightStyles in CFPrefsPlistSource<0x600002140100> (Domain: org.reactjs.native.example.SwiperFlatListExample, User: kCFPreferencesCurrentUser, ByHost: No, Container: (null), Contents Need Refresh: No) via CFPrefsSearchListSource<0x600002144600> (Domain: org.reactjs.native.example.SwiperFlatListExample, Container: (null))
2023-02-02 12:33:07.054 Db SwiperFlatListExample[39425:273df5] [com.apple.defaults:User Defaults] looked up value 1 for key RCTI18nUtil_makeRTLFlipLeftAndRightStyles in CFPrefsPlistSource<0x600002140100> (Domain: org.reactjs.native.example.SwiperFlatListExample, User: kCFPreferencesCurrentUser, ByHost: No, Container: (null), Contents Need Refresh: No) via CFPrefsSearchListSource<0x600002144600> (Domain: org.reactjs.native.example.SwiperFlatListExample, Container: (null))
2023-02-02 12:33:07.054 Db SwiperFlatListExample[39425:273e94] [com.apple.network:connection] nw_endpoint_flow_attach_protocols [C26 localhost:8081 in_progress parent-flow (satisfied (Path is satisfied), viable, interface: en0[802.11])]
2023-02-02 12:33:07.054 Db SwiperFlatListExample[39425:273e94] [com.apple.network:connection] nw_endpoint_flow_attach_protocols [C26 localhost:8081 in_progress parent-flow (satisfied (Path is satisfied), viable, interface: en0[802.11])] stopping after adding persistent application protocols
2023-02-02 12:33:07.054 Df SwiperFlatListExample[39425:273e94] [com.apple.network:connection] [C26 localhost:8081 in_progress parent-flow (satisfied (Path is satisfied), viable, interface: en0[802.11])] event: flow:start_child @0.001s
2023-02-02 12:33:07.054 Df SwiperFlatListExample[39425:273e94] [com.apple.network:connection] nw_connection_report_state_with_handler_on_nw_queue [C26] reporting state preparing
2023-02-02 12:33:07.054 I  SwiperFlatListExample[39425:273e94] [com.apple.network:connection] nw_endpoint_handler_start [C26.1 localhost:8081 initial path ((null))]
2023-02-02 12:33:07.054 Db SwiperFlatListExample[39425:273e94] [com.apple.network:connection] nw_endpoint_flow_receive_report [C26 localhost:8081 in_progress parent-flow (satisfied (Path is satisfied), viable, interface: en0[802.11])] received child report: [C26.1 localhost:8081 initial path ((null))]
2023-02-02 12:33:07.054 Df SwiperFlatListExample[39425:273e94] [com.apple.network:connection] [C26.1 localhost:8081 initial path ((null))] event: path:start @0.001s
2023-02-02 12:33:07.054 Db SwiperFlatListExample[39425:273e94] [com.apple.network:connection] nw_endpoint_handler_path_change [C26.1 localhost:8081 waiting path (satisfied (Path is satisfied), viable, interface: en0[802.11])]
2023-02-02 12:33:07.054 Db SwiperFlatListExample[39425:273e94] [com.apple.network:connection] nw_endpoint_flow_receive_report [C26 localhost:8081 in_progress parent-flow (satisfied (Path is satisfied), viable, interface: en0[802.11])] received child report: [C26.1 localhost:8081 waiting path (satisfied (Path is satisfied), viable, interface: en0[802.11])]
2023-02-02 12:33:07.054 Df SwiperFlatListExample[39425:273e94] [com.apple.network:connection] [C26.1 localhost:8081 waiting path (satisfied (Path is satisfied), viable, interface: en0[802.11])] event: path:satisfied @0.001s, uuid: BDA49627-3996-49A9-A1F8-B7E29326B127
2023-02-02 12:33:07.054 Db SwiperFlatListExample[39425:273e94] [com.apple.network:] nw_endpoint_proxy_handler_should_use_proxy Looking up proxy for hostname: localhost, ifindex: 0
2023-02-02 12:33:07.054 Db SwiperFlatListExample[39425:273e94] [com.apple.SystemConfiguration:SCPreferences] create <SCPreferences 0x1423d2bf0 [0x1ba9afc60]> {name = SCDynamicStoreCopyProxiesWithOptions, id = /Library/Managed Preferences/mobile/com.apple.SystemConfiguration.plist, path = /Library/Managed Preferences/mobile/com.apple.SystemConfiguration.plist}
2023-02-02 12:33:07.054 Db SwiperFlatListExample[39425:273e94] [com.apple.SystemConfiguration:SCPreferences] SCPreferences() access: /Library/Managed Preferences/mobile/com.apple.SystemConfiguration.plist, size=0
2023-02-02 12:33:07.054 Db SwiperFlatListExample[39425:273e94] [com.apple.SystemConfiguration:SCPreferences] release <SCPreferences 0x1423d2bf0 [0x1ba9afc60]> {name = SCDynamicStoreCopyProxiesWithOptions, id = /Library/Managed Preferences/mobile/com.apple.SystemConfiguration.plist, path = /Library/Managed Preferences/mobile/com.apple.SystemConfiguration.plist, accessed}
2023-02-02 12:33:07.054 Db SwiperFlatListExample[39425:273e94] [com.apple.network:connection] -[NWConcrete_nw_endpoint_resolver startWithHandler:] [C26.1 localhost:8081 waiting resolver (satisfied (Path is satisfied), viable, interface: en0[802.11])]
2023-02-02 12:33:07.054 Db SwiperFlatListExample[39425:273e94] [com.apple.network:connection] nw_endpoint_flow_receive_report [C26 localhost:8081 in_progress parent-flow (satisfied (Path is satisfied), viable, interface: en0[802.11])] received child report: [C26.1 localhost:8081 in_progress resolver (satisfied (Path is satisfied), viable, interface: en0[802.11])]
2023-02-02 12:33:07.054 Df SwiperFlatListExample[39425:273e94] [com.apple.network:connection] [C26.1 localhost:8081 in_progress resolver (satisfied (Path is satisfied), viable, interface: en0[802.11])] event: resolver:start_dns @0.001s
2023-02-02 12:33:07.057 I  SwiperFlatListExample[39425:273e94] [com.apple.network:connection] nw_resolver_create_dns_service_locked [C26.1] Starting host resolution localhost:8081, flags 0xc000d000 proto 0
2023-02-02 12:33:07.057 Df SwiperFlatListExample[39425:273e94] (CFNetwork) Task <B8C33B37-12FF-4557-B93F-DAABD2D593A1>.<2> setting up Connection 26
2023-02-02 12:33:07.057 Db SwiperFlatListExample[39425:273e94] [com.apple.network:activity] Returning should log: 0 for activity cfnetwork:foreground_task
2023-02-02 12:33:07.057 Db SwiperFlatListExample[39425:273e94] [com.apple.CFNetwork:ATS] Uploading ATS exception ATSAllowsLocalNetworking
2023-02-02 12:33:07.057 A  SwiperFlatListExample[39425:273e69] (Security) SecTrustReportNetworkingAnalytics
2023-02-02 12:33:07.057 Db SwiperFlatListExample[39425:273e94] [com.apple.CFNetwork:ATS] Uploading ATS exception ATSAllowsLocalNetworking
2023-02-02 12:33:07.057 I  SwiperFlatListExample[39425:273e94] [com.apple.network:connection] nw_resolver_host_resolve_callback [C26.1] flags=0x40000003 ifindex=4294967295 error=NoError(0) hostname=localhost. addr=::1 ttl=1
2023-02-02 12:33:07.057 I  SwiperFlatListExample[39425:273e94] [com.apple.network:connection] nw_resolver_host_resolve_callback [C26.1] flags=0x40000002 ifindex=4294967295 error=NoError(0) hostname=localhost. addr=127.0.0.1 ttl=1
2023-02-02 12:33:07.057 Db SwiperFlatListExample[39425:273e94] [com.apple.network:] sa_dst_compare_rfc6724 Rule 6, prefer d2, d2 precedence 50 > d1 precedence 35
2023-02-02 12:33:07.057 Db SwiperFlatListExample[39425:273e94] [com.apple.network:] sa_dst_compare_internal <private>@0 < <private>@0
2023-02-02 12:33:07.057 I  SwiperFlatListExample[39425:273e94] [com.apple.network:connection] nw_resolver_create_prefer_connected_variant [C26.1] Prefer Connected: ::1.8081 is already the first endpoint
2023-02-02 12:33:07.057 Db SwiperFlatListExample[39425:273e94] [com.apple.network:connection] nw_endpoint_resolver_update [C26.1 localhost:8081 in_progress resolver (satisfied (Path is satisfied), viable, interface: en0[802.11])] resolver is complete
2023-02-02 12:33:07.057 Df SwiperFlatListExample[39425:273e69] [com.apple.securityd:SecError] SecTrustReportNetworkingAnalytics failed with error: -4
2023-02-02 12:33:07.057 A  SwiperFlatListExample[39425:273e69] (Security) SecTrustReportNetworkingAnalytics
2023-02-02 12:33:07.057 Df SwiperFlatListExample[39425:273e94] [com.apple.network:connection] nw_endpoint_resolver_update [C26.1 localhost:8081 in_progress resolver (satisfied (Path is satisfied), viable, interface: en0[802.11])] Adding endpoint handler for ::1.8081
2023-02-02 12:33:07.057 Df SwiperFlatListExample[39425:273e94] [com.apple.network:connection] nw_endpoint_resolver_update [C26.1 localhost:8081 in_progress resolver (satisfied (Path is satisfied), viable, interface: en0[802.11])] Adding endpoint handler for 127.0.0.1:8081
2023-02-02 12:33:07.057 Db SwiperFlatListExample[39425:273e94] [com.apple.network:connection] nw_endpoint_resolver_update [C26.1 localhost:8081 in_progress resolver (satisfied (Path is satisfied), viable, interface: en0[802.11])] Updated endpoint list is (::1.8081,127.0.0.1:8081)
2023-02-02 12:33:07.057 Df SwiperFlatListExample[39425:273e69] [com.apple.securityd:SecError] SecTrustReportNetworkingAnalytics failed with error: -4
2023-02-02 12:33:07.057 Db SwiperFlatListExample[39425:273e94] [com.apple.network:connection] nw_endpoint_flow_receive_report [C26 localhost:8081 in_progress parent-flow (satisfied (Path is satisfied), viable, interface: en0[802.11])] received child report: [C26.1 localhost:8081 in_progress resolver (satisfied (Path is satisfied), viable, interface: en0[802.11])]
2023-02-02 12:33:07.057 Df SwiperFlatListExample[39425:273e94] [com.apple.network:connection] [C26.1 localhost:8081 in_progress resolver (satisfied (Path is satisfied), viable, interface: en0[802.11])] event: resolver:receive_dns @0.004s
2023-02-02 12:33:07.057 I  SwiperFlatListExample[39425:273e94] [com.apple.network:connection] nw_connection_create_with_id [C27] create connection to Hostname#c2dd8b97:8081
2023-02-02 12:33:07.058 Df SwiperFlatListExample[39425:273e94] (CFNetwork) Connection 27: starting, TC(0x0)
2023-02-02 12:33:07.058 Df SwiperFlatListExample[39425:273e94] [com.apple.network:connection] [C27 3158870A-55C6-4940-8B41-79052DBC3F89 localhost:8081 tcp, url hash: 20e6185a, definite, attribution: developer, context: com.apple.CFNetwork.NSURLSession.{79C13B6C-CE4D-4CA4-B1E2-8441C892DF87}{(null)}{Y}{2} (private), proc: 4B2D3039-C28E-3D3C-81E9-082DF9778677] start
2023-02-02 12:33:07.058 I  SwiperFlatListExample[39425:273e94] [com.apple.network:connection] nw_endpoint_handler_start [C27 localhost:8081 initial parent-flow ((null))]
2023-02-02 12:33:07.058 Df SwiperFlatListExample[39425:273e94] [com.apple.network:connection] [C27 localhost:8081 initial parent-flow ((null))] event: path:start @0.000s
2023-02-02 12:33:07.058 Db SwiperFlatListExample[39425:273e94] [com.apple.network:connection] nw_endpoint_handler_path_change [C27 localhost:8081 waiting parent-flow (satisfied (Path is satisfied), viable, interface: en0[802.11])]
2023-02-02 12:33:07.058 Df SwiperFlatListExample[39425:273e94] [com.apple.network:connection] [C27 localhost:8081 waiting parent-flow (satisfied (Path is satisfied), viable, interface: en0[802.11])] event: path:satisfied @0.000s, uuid: BDA49627-3996-49A9-A1F8-B7E29326B127
2023-02-02 12:33:07.058 I  SwiperFlatListExample[39425:273e94] [com.apple.network:connection] nw_connection_endpoint_report_on_nw_queue_block_invoke [C27 localhost:8081 waiting parent-flow (satisfied (Path is satisfied), viable, interface: en0[802.11])] skipping state update
2023-02-02 12:33:07.058 Db SwiperFlatListExample[39425:273e94] [com.apple.network:] nw_endpoint_proxy_handler_should_use_proxy Looking up proxy for hostname: localhost, ifindex: 0
2023-02-02 12:33:07.058 Db SwiperFlatListExample[39425:273e94] [com.apple.SystemConfiguration:SCPreferences] create <SCPreferences 0x14213afe0 [0x1ba9afc60]> {name = SCDynamicStoreCopyProxiesWithOptions, id = /Library/Managed Preferences/mobile/com.apple.SystemConfiguration.plist, path = /Library/Managed Preferences/mobile/com.apple.SystemConfiguration.plist}
2023-02-02 12:33:07.058 Db SwiperFlatListExample[39425:273e94] [com.apple.SystemConfiguration:SCPreferences] SCPreferences() access: /Library/Managed Preferences/mobile/com.apple.SystemConfiguration.plist, size=0
2023-02-02 12:33:07.058 Db SwiperFlatListExample[39425:273e94] [com.apple.SystemConfiguration:SCPreferences] release <SCPreferences 0x14213afe0 [0x1ba9afc60]> {name = SCDynamicStoreCopyProxiesWithOptions, id = /Library/Managed Preferences/mobile/com.apple.SystemConfiguration.plist, path = /Library/Managed Preferences/mobile/com.apple.SystemConfiguration.plist, accessed}
2023-02-02 12:33:07.058 Db SwiperFlatListExample[39425:273e94] [com.apple.network:connection] nw_endpoint_flow_attach_protocols [C27 localhost:8081 in_progress parent-flow (satisfied (Path is satisfied), viable, interface: en0[802.11])]
2023-02-02 12:33:07.058 Db SwiperFlatListExample[39425:273e94] [com.apple.network:connection] nw_endpoint_flow_attach_protocols [C27 localhost:8081 in_progress parent-flow (satisfied (Path is satisfied), viable, interface: en0[802.11])] stopping after adding persistent application protocols
2023-02-02 12:33:07.058 Df SwiperFlatListExample[39425:273e94] [com.apple.network:connection] [C27 localhost:8081 in_progress parent-flow (satisfied (Path is satisfied), viable, interface: en0[802.11])] event: flow:start_child @0.000s
2023-02-02 12:33:07.058 Df SwiperFlatListExample[39425:273e94] [com.apple.network:connection] nw_connection_report_state_with_handler_on_nw_queue [C27] reporting state preparing
2023-02-02 12:33:07.058 I  SwiperFlatListExample[39425:273e94] [com.apple.network:connection] nw_endpoint_handler_start [C27.1 localhost:8081 initial path ((null))]
2023-02-02 12:33:07.058 Db SwiperFlatListExample[39425:273e94] [com.apple.network:connection] nw_endpoint_flow_receive_report [C27 localhost:8081 in_progress parent-flow (satisfied (Path is satisfied), viable, interface: en0[802.11])] received child report: [C27.1 localhost:8081 initial path ((null))]
2023-02-02 12:33:07.058 Df SwiperFlatListExample[39425:273e94] [com.apple.network:connection] [C27.1 localhost:8081 initial path ((null))] event: path:start @0.000s
2023-02-02 12:33:07.058 Db SwiperFlatListExample[39425:273e94] [com.apple.network:connection] nw_endpoint_handler_path_change [C27.1 localhost:8081 waiting path (satisfied (Path is satisfied), viable, interface: en0[802.11])]
2023-02-02 12:33:07.058 Db SwiperFlatListExample[39425:273e94] [com.apple.network:connection] nw_endpoint_flow_receive_report [C27 localhost:8081 in_progress parent-flow (satisfied (Path is satisfied), viable, interface: en0[802.11])] received child report: [C27.1 localhost:8081 waiting path (satisfied (Path is satisfied), viable, interface: en0[802.11])]
2023-02-02 12:33:07.058 Df SwiperFlatListExample[39425:273e94] [com.apple.network:connection] [C27.1 localhost:8081 waiting path (satisfied (Path is satisfied), viable, interface: en0[802.11])] event: path:satisfied @0.000s, uuid: BDA49627-3996-49A9-A1F8-B7E29326B127
2023-02-02 12:33:07.058 Db SwiperFlatListExample[39425:273e94] [com.apple.network:] nw_endpoint_proxy_handler_should_use_proxy Looking up proxy for hostname: localhost, ifindex: 0
2023-02-02 12:33:07.058 Db SwiperFlatListExample[39425:273e94] [com.apple.SystemConfiguration:SCPreferences] create <SCPreferences 0x141797ae0 [0x1ba9afc60]> {name = SCDynamicStoreCopyProxiesWithOptions, id = /Library/Managed Preferences/mobile/com.apple.SystemConfiguration.plist, path = /Library/Managed Preferences/mobile/com.apple.SystemConfiguration.plist}
2023-02-02 12:33:07.058 Db SwiperFlatListExample[39425:273e94] [com.apple.SystemConfiguration:SCPreferences] SCPreferences() access: /Library/Managed Preferences/mobile/com.apple.SystemConfiguration.plist, size=0
2023-02-02 12:33:07.058 Db SwiperFlatListExample[39425:273e94] [com.apple.SystemConfiguration:SCPreferences] release <SCPreferences 0x141797ae0 [0x1ba9afc60]> {name = SCDynamicStoreCopyProxiesWithOptions, id = /Library/Managed Preferences/mobile/com.apple.SystemConfiguration.plist, path = /Library/Managed Preferences/mobile/com.apple.SystemConfiguration.plist, accessed}
2023-02-02 12:33:07.059 Db SwiperFlatListExample[39425:273e94] [com.apple.network:connection] -[NWConcrete_nw_endpoint_resolver startWithHandler:] [C27.1 localhost:8081 waiting resolver (satisfied (Path is satisfied), viable, interface: en0[802.11])]
2023-02-02 12:33:07.059 Db SwiperFlatListExample[39425:273e94] [com.apple.network:connection] nw_endpoint_flow_receive_report [C27 localhost:8081 in_progress parent-flow (satisfied (Path is satisfied), viable, interface: en0[802.11])] received child report: [C27.1 localhost:8081 in_progress resolver (satisfied (Path is satisfied), viable, interface: en0[802.11])]
2023-02-02 12:33:07.059 Df SwiperFlatListExample[39425:273e94] [com.apple.network:connection] [C27.1 localhost:8081 in_progress resolver (satisfied (Path is satisfied), viable, interface: en0[802.11])] event: resolver:start_dns @0.001s
2023-02-02 12:33:07.059 I  SwiperFlatListExample[39425:273e94] [com.apple.network:connection] nw_resolver_create_dns_service_locked [C27.1] Starting host resolution localhost:8081, flags 0xc000d000 proto 0
2023-02-02 12:33:07.059 Df SwiperFlatListExample[39425:273e94] (CFNetwork) Task <D378EB0D-34DA-4A5A-B188-4F11F5E1F52A>.<3> setting up Connection 27
2023-02-02 12:33:07.059 Db SwiperFlatListExample[39425:273e94] [com.apple.network:activity] Returning should log: 0 for activity cfnetwork:foreground_task
2023-02-02 12:33:07.059 I  SwiperFlatListExample[39425:273e94] [com.apple.network:connection] nw_connection_create_with_id [C28] create connection to Hostname#c2dd8b97:8081
2023-02-02 12:33:07.059 Df SwiperFlatListExample[39425:273e94] (CFNetwork) Connection 28: starting, TC(0x0)
2023-02-02 12:33:07.059 Df SwiperFlatListExample[39425:273e94] [com.apple.network:connection] [C28 EC49E2DD-F34D-4FE2-8363-0643EE4D1764 localhost:8081 tcp, url hash: a5290d80, definite, attribution: developer, context: com.apple.CFNetwork.NSURLSession.{79C13B6C-CE4D-4CA4-B1E2-8441C892DF87}{(null)}{Y}{2} (private), proc: 4B2D3039-C28E-3D3C-81E9-082DF9778677] start
2023-02-02 12:33:07.059 I  SwiperFlatListExample[39425:273e94] [com.apple.network:connection] nw_endpoint_handler_start [C28 localhost:8081 initial parent-flow ((null))]
2023-02-02 12:33:07.060 Df SwiperFlatListExample[39425:273e94] [com.apple.network:connection] [C28 localhost:8081 initial parent-flow ((null))] event: path:start @0.000s
2023-02-02 12:33:07.060 Db SwiperFlatListExample[39425:273e94] [com.apple.network:connection] nw_endpoint_handler_path_change [C28 localhost:8081 waiting parent-flow (satisfied (Path is satisfied), viable, interface: en0[802.11])]
2023-02-02 12:33:07.060 Df SwiperFlatListExample[39425:273e94] [com.apple.network:connection] [C28 localhost:8081 waiting parent-flow (satisfied (Path is satisfied), viable, interface: en0[802.11])] event: path:satisfied @0.000s, uuid: BDA49627-3996-49A9-A1F8-B7E29326B127
2023-02-02 12:33:07.060 I  SwiperFlatListExample[39425:273e94] [com.apple.network:connection] nw_connection_endpoint_report_on_nw_queue_block_invoke [C28 localhost:8081 waiting parent-flow (satisfied (Path is satisfied), viable, interface: en0[802.11])] skipping state update
2023-02-02 12:33:07.060 Db SwiperFlatListExample[39425:273e94] [com.apple.network:] nw_endpoint_proxy_handler_should_use_proxy Looking up proxy for hostname: localhost, ifindex: 0
2023-02-02 12:33:07.060 Db SwiperFlatListExample[39425:273e94] [com.apple.SystemConfiguration:SCPreferences] create <SCPreferences 0x142608950 [0x1ba9afc60]> {name = SCDynamicStoreCopyProxiesWithOptions, id = /Library/Managed Preferences/mobile/com.apple.SystemConfiguration.plist, path = /Library/Managed Preferences/mobile/com.apple.SystemConfiguration.plist}
2023-02-02 12:33:07.060 Db SwiperFlatListExample[39425:273e94] [com.apple.SystemConfiguration:SCPreferences] SCPreferences() access: /Library/Managed Preferences/mobile/com.apple.SystemConfiguration.plist, size=0
2023-02-02 12:33:07.060 Db SwiperFlatListExample[39425:273e94] [com.apple.SystemConfiguration:SCPreferences] release <SCPreferences 0x142608950 [0x1ba9afc60]> {name = SCDynamicStoreCopyProxiesWithOptions, id = /Library/Managed Preferences/mobile/com.apple.SystemConfiguration.plist, path = /Library/Managed Preferences/mobile/com.apple.SystemConfiguration.plist, accessed}
2023-02-02 12:33:07.060 Db SwiperFlatListExample[39425:273e94] [com.apple.network:connection] nw_endpoint_flow_attach_protocols [C28 localhost:8081 in_progress parent-flow (satisfied (Path is satisfied), viable, interface: en0[802.11])]
2023-02-02 12:33:07.060 Db SwiperFlatListExample[39425:273e94] [com.apple.network:connection] nw_endpoint_flow_attach_protocols [C28 localhost:8081 in_progress parent-flow (satisfied (Path is satisfied), viable, interface: en0[802.11])] stopping after adding persistent application protocols
2023-02-02 12:33:07.060 Df SwiperFlatListExample[39425:273e94] [com.apple.network:connection] [C28 localhost:8081 in_progress parent-flow (satisfied (Path is satisfied), viable, interface: en0[802.11])] event: flow:start_child @0.000s
2023-02-02 12:33:07.060 Df SwiperFlatListExample[39425:273e94] [com.apple.network:connection] nw_connection_report_state_with_handler_on_nw_queue [C28] reporting state preparing
